┏━━━━━━━━━━━━━━━━━━━━━━┳━━━━━━━━━━┳━━━━━━━━━━┳━━━━━━━━━━┳━━━━━━━━━━┳━━━━━━━━━━┳━━━━━━━━━━━┳━━━━━━━━━━┳━━━━━━━━━━━┳━━━━━━━━━━┳━━━━━━━━━━━┳━━━━━━━━━━┳━━━━━━━━━━━┓
┃                      ┃ Hold     ┃ Reg to   ┃          ┃          ┃ of which ┃ Setup     ┃ Reg to   ┃           ┃ Setup    ┃ of which  ┃          ┃           ┃
┃                      ┃ Worst    ┃ Reg      ┃          ┃ Hold Vio ┃ reg to   ┃ Worst     ┃ Reg      ┃           ┃ Vio      ┃ reg to    ┃ Max Cap  ┃ Max Slew  ┃
┃ Corner/Group         ┃ Slack    ┃ Paths    ┃ Hold TNS ┃ Count    ┃ reg      ┃ Slack     ┃ Paths    ┃ Setup TNS ┃ Count    ┃ reg       ┃ Violati… ┃ Violatio… ┃
┡━━━━━━━━━━━━━━━━━━━━━━╇━━━━━━━━━━╇━━━━━━━━━━╇━━━━━━━━━━╇━━━━━━━━━━╇━━━━━━━━━━╇━━━━━━━━━━━╇━━━━━━━━━━╇━━━━━━━━━━━╇━━━━━━━━━━╇━━━━━━━━━━━╇━━━━━━━━━━╇━━━━━━━━━━━┩
│ Overall              │ -0.7321  │ 0.1059   │ -9.5399  │ 83       │ 0        │ -23.1417  │ -23.1417 │ -3354.31… │ 5814     │ 5666      │ 88       │ 1324      │
│ nom_tt_025C_1v80     │ -0.0834  │ 0.3159   │ -0.4085  │ 10       │ 0        │ -9.4420   │ -9.4420  │ -689.0416 │ 164      │ 164       │ 43       │ 108       │
│ nom_ss_100C_1v60     │ -0.5957  │ 0.8653   │ -7.0221  │ 19       │ 0        │ -22.3766  │ -22.3766 │ -3085.18… │ 1687     │ 1637      │ 46       │ 978       │
│ nom_ff_n40C_1v95     │ 0.1092   │ 0.1092   │ 0.0000   │ 0        │ 0        │ -4.3215   │ -4.3215  │ -245.0274 │ 75       │ 75        │ 46       │ 22        │
│ min_tt_025C_1v80     │ -0.0081  │ 0.3118   │ -0.0102  │ 2        │ 0        │ -8.9782   │ -8.9782  │ -656.0502 │ 160      │ 160       │ 21       │ 40        │
│ min_ss_100C_1v60     │ -0.4490  │ 0.8559   │ -4.5917  │ 17       │ 0        │ -21.7130  │ -21.7130 │ -2836.57… │ 1457     │ 1409      │ 23       │ 694       │
│ min_ff_n40C_1v95     │ 0.1059   │ 0.1059   │ 0.0000   │ 0        │ 0        │ -4.0147   │ -4.0147  │ -227.0232 │ 71       │ 71        │ 21       │ 22        │
│ max_tt_025C_1v80     │ -0.1531  │ 0.3191   │ -1.1952  │ 13       │ 0        │ -9.8878   │ -9.8878  │ -720.7860 │ 169      │ 169       │ 87       │ 191       │
│ max_ss_100C_1v60     │ -0.7321  │ 0.8724   │ -9.5399  │ 22       │ 0        │ -23.1417  │ -23.1417 │ -3354.31… │ 1955     │ 1905      │ 88       │ 1324      │
│ max_ff_n40C_1v95     │ 0.0909   │ 0.1124   │ 0.0000   │ 0        │ 0        │ -4.6224   │ -4.6224  │ -262.6232 │ 76       │ 76        │ 88       │ 28        │
└──────────────────────┴──────────┴──────────┴──────────┴──────────┴──────────┴───────────┴──────────┴───────────┴──────────┴───────────┴──────────┴───────────┘
