Partial/Required: 44.56, Required:    400.0, Partial: 17825.27, Net: la_data_in[0], Pin: mprj/rst_n, Layer: met3
Partial/Required: 44.15, Required:    400.0, Partial: 17661.08, Net: io_in[9], Pin: mprj/rf_adc_i_in[9], Layer: met3
Partial/Required: 43.83, Required:    400.0, Partial: 17530.29, Net: io_in[10], Pin: mprj/rf_adc_i_in[10], Layer: met3
Partial/Required: 35.37, Required:    400.0, Partial: 14146.12, Net: io_in[3], Pin: mprj/rf_adc_i_in[3], Layer: met4
Partial/Required: 29.38, Required:    400.0, Partial: 11751.33, Net: io_in[6], Pin: mprj/rf_adc_i_in[6], Layer: met3
Partial/Required: 28.34, Required:    400.0, Partial: 11336.31, Net: io_in[8], Pin: mprj/rf_adc_i_in[8], Layer: met3
Partial/Required: 25.65, Required:    400.0, Partial:  10258.4, Net: io_in[11], Pin: mprj/rf_adc_i_in[11], Layer: met3
Partial/Required: 25.59, Required:    400.0, Partial: 10234.22, Net: io_in[12], Pin: mprj/rf_adc_i_in[12], Layer: met3
Partial/Required: 25.53, Required:    400.0, Partial: 10210.03, Net: io_in[13], Pin: mprj/rf_adc_i_in[13], Layer: met3
Partial/Required: 25.34, Required:    400.0, Partial: 10137.46, Net: io_in[14], Pin: mprj/rf_adc_i_in[14], Layer: met3
Partial/Required: 23.16, Required:    400.0, Partial:  9264.98, Net: io_in[15], Pin: mprj/rf_adc_i_in[15], Layer: met3
Partial/Required: 20.90, Required:    400.0, Partial:  8360.07, Net: io_in[0], Pin: mprj/rf_adc_i_in[0], Layer: met2
Partial/Required: 19.13, Required:    400.0, Partial:  7651.16, Net: io_in[1], Pin: mprj/rf_adc_i_in[1], Layer: met2
Partial/Required: 17.35, Required:    400.0, Partial:  6940.62, Net: io_in[2], Pin: mprj/rf_adc_i_in[2], Layer: met2
Partial/Required: 16.07, Required:    400.0, Partial:  6426.56, Net: la_data_in[0], Pin: mprj/rst_n, Layer: met2
Partial/Required:  9.40, Required:    400.0, Partial:   3759.2, Net: io_in[15], Pin: mprj/rf_adc_i_in[15], Layer: met2
Partial/Required:  8.17, Required:    400.0, Partial:  3269.79, Net: io_in[14], Pin: mprj/rf_adc_i_in[14], Layer: met2
Partial/Required:  5.99, Required:    400.0, Partial:   2396.0, Net: io_in[13], Pin: mprj/rf_adc_i_in[13], Layer: met2
Partial/Required:  3.81, Required:    400.0, Partial:  1522.22, Net: io_in[12], Pin: mprj/rf_adc_i_in[12], Layer: met2
Partial/Required:  3.22, Required:    400.0, Partial:  1288.88, Net: io_in[4], Pin: mprj/rf_adc_i_in[4], Layer: met3
Partial/Required:  2.95, Required:    400.0, Partial:  1180.25, Net: io_in[5], Pin: mprj/rf_adc_i_in[5], Layer: met3
Partial/Required:  2.03, Required:    400.0, Partial:   813.19, Net: io_in[3], Pin: mprj/rf_adc_i_in[3], Layer: met3
Partial/Required:  1.63, Required:    400.0, Partial:   650.67, Net: io_in[11], Pin: mprj/rf_adc_i_in[11], Layer: met2
