
===========================================================================
report_checks -unconstrained
===========================================================================
======================= nom_tt_025C_1v80 Corner ===================================

Startpoint: rst_n (input port clocked by clk_dsp)
Endpoint: _44061_ (recovery check against rising-edge clock clk_dsp)
Path Group: asynchronous
Path Type: max

Fanout         Cap        Slew       Delay        Time   Description
---------------------------------------------------------------------------------------------
                                  0.000000    0.000000   clock clk_dsp (rise edge)
                                  0.000000    0.000000   clock network delay (propagated)
                                  1.000000    1.000000 ^ input external delay
     1    0.002566    0.018735    0.009501    1.009501 ^ rst_n (in)
                                                         rst_n (net)
                      0.018735    0.000000    1.009501 ^ hold102/A (sky130_fd_sc_hd__dlygate4sd3_1)
     1    0.002588    0.051054    0.524164    1.533665 ^ hold102/X (sky130_fd_sc_hd__dlygate4sd3_1)
                                                         net3075 (net)
                      0.051054    0.000049    1.533714 ^ input17/A (sky130_fd_sc_hd__buf_4)
     1    0.066640    0.187779    0.210244    1.743958 ^ input17/X (sky130_fd_sc_hd__buf_4)
                                                         net17 (net)
                      0.190983    0.019489    1.763447 ^ fanout2882/A (sky130_fd_sc_hd__buf_12)
     1    0.036062    0.056506    0.149249    1.912696 ^ fanout2882/X (sky130_fd_sc_hd__buf_12)
                                                         net2882 (net)
                      0.057199    0.004901    1.917597 ^ hold92/A (sky130_fd_sc_hd__buf_12)
     2    0.034918    0.053622    0.113113    2.030710 ^ hold92/X (sky130_fd_sc_hd__buf_12)
                                                         net3065 (net)
                      0.053970    0.003379    2.034089 ^ hold94/A (sky130_fd_sc_hd__buf_12)
     1    0.025875    0.044159    0.104620    2.138709 ^ hold94/X (sky130_fd_sc_hd__buf_12)
                                                         net3067 (net)
                      0.044523    0.003079    2.141788 ^ hold96/A (sky130_fd_sc_hd__buf_12)
     1    0.050114    0.068573    0.118779    2.260566 ^ hold96/X (sky130_fd_sc_hd__buf_12)
                                                         net3069 (net)
                      0.071353    0.010698    2.271265 ^ hold98/A (sky130_fd_sc_hd__buf_12)
     5    0.124134    0.148028    0.186765    2.458030 ^ hold98/X (sky130_fd_sc_hd__buf_12)
                                                         net3071 (net)
                      0.148437    0.006311    2.464341 ^ fanout2830/A (sky130_fd_sc_hd__buf_6)
     6    0.133952    0.265431    0.284331    2.748672 ^ fanout2830/X (sky130_fd_sc_hd__buf_6)
                                                         net2830 (net)
                      0.266085    0.010836    2.759508 ^ hold99/A (sky130_fd_sc_hd__dlygate4sd3_1)
     2    0.034759    0.345966    0.809215    3.568723 ^ hold99/X (sky130_fd_sc_hd__dlygate4sd3_1)
                                                         net3072 (net)
                      0.345980    0.002613    3.571336 ^ fanout2790/A (sky130_fd_sc_hd__buf_2)
     5    0.050131    0.245632    0.331249    3.902586 ^ fanout2790/X (sky130_fd_sc_hd__buf_2)
                                                         net2790 (net)
                      0.245635    0.001352    3.903937 ^ fanout2789/A (sky130_fd_sc_hd__buf_2)
     7    0.046878    0.229271    0.299869    4.203807 ^ fanout2789/X (sky130_fd_sc_hd__buf_2)
                                                         net2789 (net)
                      0.229355    0.001090    4.204897 ^ fanout2780/A (sky130_fd_sc_hd__clkbuf_4)
    10    0.051215    0.158763    0.283645    4.488542 ^ fanout2780/X (sky130_fd_sc_hd__clkbuf_4)
                                                         net2780 (net)
                      0.158766    0.001065    4.489607 ^ fanout2779/A (sky130_fd_sc_hd__clkbuf_4)
    10    0.047309    0.149190    0.252815    4.742423 ^ fanout2779/X (sky130_fd_sc_hd__clkbuf_4)
                                                         net2779 (net)
                      0.149196    0.001116    4.743539 ^ _44061_/RESET_B (sky130_fd_sc_hd__dfrtp_1)
                                              4.743539   data arrival time

                                  5.000000    5.000000   clock clk_dsp (rise edge)
                                  0.000000    5.000000   clock source latency
     2    0.154204    0.698614    0.515662    5.515662 ^ clk_dsp (in)
                                                         clk_dsp (net)
                      0.717417    0.000000    5.515662 ^ clkbuf_0_clk_dsp/A (sky130_fd_sc_hd__clkbuf_16)
     4    0.127409    0.147109    0.355261    5.870924 ^ clkbuf_0_clk_dsp/X (sky130_fd_sc_hd__clkbuf_16)
                                                         clknet_0_clk_dsp (net)
                      0.147393    0.005154    5.876077 ^ clkbuf_2_2_0_clk_dsp/A (sky130_fd_sc_hd__clkbuf_8)
     4    0.075302    0.137492    0.231626    6.107703 ^ clkbuf_2_2_0_clk_dsp/X (sky130_fd_sc_hd__clkbuf_8)
                                                         clknet_2_2_0_clk_dsp (net)
                      0.137762    0.005007    6.112710 ^ clkbuf_4_9_0_clk_dsp/A (sky130_fd_sc_hd__clkbuf_8)
     2    0.037174    0.077669    0.185997    6.298707 ^ clkbuf_4_9_0_clk_dsp/X (sky130_fd_sc_hd__clkbuf_8)
                                                         clknet_4_9_0_clk_dsp (net)
                      0.077686    0.001220    6.299928 ^ clkbuf_5_18__f_clk_dsp/A (sky130_fd_sc_hd__clkbuf_16)
     7    0.063002    0.081061    0.169843    6.469771 ^ clkbuf_5_18__f_clk_dsp/X (sky130_fd_sc_hd__clkbuf_16)
                                                         clknet_5_18__leaf_clk_dsp (net)
                      0.081154    0.001446    6.471216 ^ clkbuf_leaf_57_clk_dsp/A (sky130_fd_sc_hd__clkbuf_8)
    18    0.052790    0.102257    0.185349    6.656565 ^ clkbuf_leaf_57_clk_dsp/X (sky130_fd_sc_hd__clkbuf_8)
                                                         clknet_leaf_57_clk_dsp (net)
                      0.102268    0.001138    6.657703 ^ _44061_/CLK (sky130_fd_sc_hd__dfrtp_1)
                                 -0.250000    6.407703   clock uncertainty
                                  0.000000    6.407703   clock reconvergence pessimism
                                  0.221157    6.628860   library recovery time
                                              6.628860   data required time
---------------------------------------------------------------------------------------------
                                              6.628860   data required time
                                             -4.743539   data arrival time
---------------------------------------------------------------------------------------------
                                              1.885321   slack (MET)


Startpoint: _46159_ (rising edge-triggered flip-flop clocked by clk_dsp)
Endpoint: _46279_ (rising edge-triggered flip-flop clocked by clk_dsp)
Path Group: clk_dsp
Path Type: max

Fanout         Cap        Slew       Delay        Time   Description
---------------------------------------------------------------------------------------------
                                  0.000000    0.000000   clock clk_dsp (rise edge)
                                  0.000000    0.000000   clock source latency
     2    0.154204    0.698614    0.515662    0.515662 ^ clk_dsp (in)
                                                         clk_dsp (net)
                      0.717417    0.000000    0.515662 ^ clkbuf_0_clk_dsp/A (sky130_fd_sc_hd__clkbuf_16)
     4    0.127409    0.147109    0.355261    0.870923 ^ clkbuf_0_clk_dsp/X (sky130_fd_sc_hd__clkbuf_16)
                                                         clknet_0_clk_dsp (net)
                      0.147329    0.004552    0.875475 ^ clkbuf_2_3_0_clk_dsp/A (sky130_fd_sc_hd__clkbuf_8)
     4    0.074489    0.136275    0.230559    1.106035 ^ clkbuf_2_3_0_clk_dsp/X (sky130_fd_sc_hd__clkbuf_8)
                                                         clknet_2_3_0_clk_dsp (net)
                      0.137183    0.008933    1.114967 ^ clkbuf_4_15_0_clk_dsp/A (sky130_fd_sc_hd__clkbuf_8)
     2    0.054868    0.105549    0.206951    1.321918 ^ clkbuf_4_15_0_clk_dsp/X (sky130_fd_sc_hd__clkbuf_8)
                                                         clknet_4_15_0_clk_dsp (net)
                      0.105627    0.002634    1.324553 ^ clkbuf_5_30__f_clk_dsp/A (sky130_fd_sc_hd__clkbuf_16)
     9    0.114035    0.127843    0.216186    1.540739 ^ clkbuf_5_30__f_clk_dsp/X (sky130_fd_sc_hd__clkbuf_16)
                                                         clknet_5_30__leaf_clk_dsp (net)
                      0.128050    0.004146    1.544885 ^ clkbuf_leaf_144_clk_dsp/A (sky130_fd_sc_hd__clkbuf_8)
    11    0.042380    0.085715    0.189648    1.734533 ^ clkbuf_leaf_144_clk_dsp/X (sky130_fd_sc_hd__clkbuf_8)
                                                         clknet_leaf_144_clk_dsp (net)
                      0.085716    0.000580    1.735113 ^ _46159_/CLK (sky130_fd_sc_hd__dfrtp_1)
     4    0.020523    0.117387    0.448651    2.183764 v _46159_/Q (sky130_fd_sc_hd__dfrtp_1)
                                                         u_phase_009_fft.out_cnt[3] (net)
                      0.117388    0.000475    2.184239 v fanout1762/A (sky130_fd_sc_hd__buf_4)
     5    0.023079    0.046786    0.188004    2.372243 v fanout1762/X (sky130_fd_sc_hd__buf_4)
                                                         net1762 (net)
                      0.046795    0.000669    2.372912 v fanout1761/A (sky130_fd_sc_hd__buf_4)
    10    0.042134    0.068168    0.176904    2.549816 v fanout1761/X (sky130_fd_sc_hd__buf_4)
                                                         net1761 (net)
                      0.068195    0.001266    2.551082 v _34555_/A_N (sky130_fd_sc_hd__and4bb_1)
     1    0.017532    0.186688    0.357788    2.908870 ^ _34555_/X (sky130_fd_sc_hd__and4bb_1)
                                                         _08581_ (net)
                      0.186694    0.001322    2.910191 ^ fanout1258/A (sky130_fd_sc_hd__clkbuf_8)
     6    0.127204    0.224309    0.295357    3.205548 ^ fanout1258/X (sky130_fd_sc_hd__clkbuf_8)
                                                         net1258 (net)
                      0.227652    0.021954    3.227502 ^ fanout1254/A (sky130_fd_sc_hd__clkbuf_4)
    10    0.074903    0.227205    0.328090    3.555592 ^ fanout1254/X (sky130_fd_sc_hd__clkbuf_4)
                                                         net1254 (net)
                      0.227453    0.006181    3.561773 ^ _34557_/B (sky130_fd_sc_hd__and2_4)
     4    0.068198    0.201965    0.308922    3.870695 ^ _34557_/X (sky130_fd_sc_hd__and2_4)
                                                         _08583_ (net)
                      0.202663    0.009617    3.880312 ^ clone91/A (sky130_fd_sc_hd__clkbuf_1)
    10    0.174952    1.997027    1.462220    5.342532 ^ clone91/X (sky130_fd_sc_hd__clkbuf_1)
                                                         net3064 (net)
                      1.997037    0.003957    5.346489 ^ fanout921/A (sky130_fd_sc_hd__clkbuf_8)
    10    0.115237    0.223187    0.523986    5.870474 ^ fanout921/X (sky130_fd_sc_hd__clkbuf_8)
                                                         net921 (net)
                      0.225070    0.016121    5.886595 ^ _35023_/A2 (sky130_fd_sc_hd__a22o_1)
     1    0.003065    0.049762    0.176895    6.063490 ^ _35023_/X (sky130_fd_sc_hd__a22o_1)
                                                         _09049_ (net)
                      0.049762    0.000091    6.063581 ^ _35024_/C1 (sky130_fd_sc_hd__a211o_1)
     1    0.007920    0.081063    0.117776    6.181356 ^ _35024_/X (sky130_fd_sc_hd__a211o_1)
                                                         _09050_ (net)
                      0.081063    0.000343    6.181699 ^ _35025_/C1 (sky130_fd_sc_hd__a211o_1)
     1    0.005986    0.066223    0.116099    6.297799 ^ _35025_/X (sky130_fd_sc_hd__a211o_1)
                                                         _09051_ (net)
                      0.066223    0.000260    6.298058 ^ _35034_/C (sky130_fd_sc_hd__or4_1)
     1    0.016929    0.161465    0.191974    6.490033 ^ _35034_/X (sky130_fd_sc_hd__or4_1)
                                                         _09060_ (net)
                      0.161469    0.001032    6.491065 ^ _35035_/A3 (sky130_fd_sc_hd__o32a_4)
     2    0.098796    0.280299    0.351505    6.842570 ^ _35035_/X (sky130_fd_sc_hd__o32a_4)
                                                         _09061_ (net)
                      0.280917    0.010788    6.853358 ^ fanout248/A (sky130_fd_sc_hd__buf_6)
     7    0.161035    0.317467    0.342258    7.195616 ^ fanout248/X (sky130_fd_sc_hd__buf_6)
                                                         net248 (net)
                      0.317513    0.003279    7.198895 ^ fanout246/A (sky130_fd_sc_hd__buf_4)
    11    0.103604    0.286214    0.355752    7.554647 ^ fanout246/X (sky130_fd_sc_hd__buf_4)
                                                         net246 (net)
                      0.286303    0.004258    7.558905 ^ _35036_/A (sky130_fd_sc_hd__inv_2)
     2    0.073724    0.189846    0.221949    7.780854 v _35036_/Y (sky130_fd_sc_hd__inv_2)
                                                         _09062_ (net)
                      0.189850    0.000724    7.781578 v fanout229/A (sky130_fd_sc_hd__clkbuf_8)
    12    0.129285    0.143140    0.280974    8.062551 v fanout229/X (sky130_fd_sc_hd__clkbuf_8)
                                                         net229 (net)
                      0.156020    0.033029    8.095580 v _41275_/B (sky130_fd_sc_hd__nor3_1)
     3    0.011099    0.359896    0.366607    8.462188 ^ _41275_/Y (sky130_fd_sc_hd__nor3_1)
                                                         _15269_ (net)
                      0.359896    0.000282    8.462469 ^ _41277_/A (sky130_fd_sc_hd__nor2_1)
     2    0.006051    0.090619    0.118098    8.580567 v _41277_/Y (sky130_fd_sc_hd__nor2_1)
                                                         _15271_ (net)
                      0.090619    0.000115    8.580683 v _41278_/C (sky130_fd_sc_hd__and3_1)
     3    0.008446    0.060924    0.222439    8.803122 v _41278_/X (sky130_fd_sc_hd__and3_1)
                                                         _15272_ (net)
                      0.060924    0.000181    8.803303 v _41429_/A (sky130_fd_sc_hd__or2_1)
     2    0.007412    0.069690    0.253690    9.056993 v _41429_/X (sky130_fd_sc_hd__or2_1)
                                                         _15423_ (net)
                      0.069690    0.000219    9.057213 v _41436_/B (sky130_fd_sc_hd__xnor2_1)
     2    0.006879    0.194117    0.197706    9.254919 ^ _41436_/Y (sky130_fd_sc_hd__xnor2_1)
                                                         _15430_ (net)
                      0.194117    0.000147    9.255065 ^ _41588_/B (sky130_fd_sc_hd__or2_1)
     1    0.003838    0.049797    0.134656    9.389721 ^ _41588_/X (sky130_fd_sc_hd__or2_1)
                                                         _15582_ (net)
                      0.049797    0.000125    9.389847 ^ _41589_/B (sky130_fd_sc_hd__nand2_1)
     2    0.008046    0.079846    0.076524    9.466371 v _41589_/Y (sky130_fd_sc_hd__nand2_1)
                                                         _15583_ (net)
                      0.079846    0.000218    9.466588 v _41590_/B1 (sky130_fd_sc_hd__a21o_1)
     4    0.020401    0.105086    0.232735    9.699323 v _41590_/X (sky130_fd_sc_hd__a21o_1)
                                                         _15584_ (net)
                      0.105087    0.000472    9.699794 v _41736_/A1 (sky130_fd_sc_hd__a211o_1)
     2    0.011967    0.088110    0.322692   10.022487 v _41736_/X (sky130_fd_sc_hd__a211o_1)
                                                         _15730_ (net)
                      0.088110    0.000188   10.022675 v _41769_/A2 (sky130_fd_sc_hd__a211o_1)
     2    0.013771    0.095729    0.359444   10.382118 v _41769_/X (sky130_fd_sc_hd__a211o_1)
                                                         _15763_ (net)
                      0.095730    0.000474   10.382593 v _41882_/A2 (sky130_fd_sc_hd__a21o_1)
     2    0.007802    0.054752    0.215250   10.597843 v _41882_/X (sky130_fd_sc_hd__a21o_1)
                                                         _15876_ (net)
                      0.054752    0.000180   10.598023 v _41884_/A2 (sky130_fd_sc_hd__a21o_1)
     3    0.008467    0.057695    0.202228   10.800252 v _41884_/X (sky130_fd_sc_hd__a21o_1)
                                                         _15878_ (net)
                      0.057695    0.000196   10.800448 v _41946_/A2 (sky130_fd_sc_hd__a211oi_1)
     2    0.006576    0.283121    0.308906   11.109354 ^ _41946_/Y (sky130_fd_sc_hd__a211oi_1)
                                                         _15940_ (net)
                      0.283121    0.000217   11.109571 ^ _41948_/B (sky130_fd_sc_hd__nor3_1)
     3    0.008791    0.093653    0.128889   11.238460 v _41948_/Y (sky130_fd_sc_hd__nor3_1)
                                                         _15942_ (net)
                      0.093653    0.000169   11.238628 v max_cap71/A (sky130_fd_sc_hd__clkbuf_1)
     2    0.006871    0.048367    0.127987   11.366614 v max_cap71/X (sky130_fd_sc_hd__clkbuf_1)
                                                         net71 (net)
                      0.048367    0.000206   11.366820 v _42104_/A1 (sky130_fd_sc_hd__o21a_1)
     2    0.004339    0.042047    0.188395   11.555216 v _42104_/X (sky130_fd_sc_hd__o21a_1)
                                                         _16098_ (net)
                      0.042047    0.000098   11.555313 v _42105_/C (sky130_fd_sc_hd__or3_1)
     3    0.007783    0.093421    0.340241   11.895555 v _42105_/X (sky130_fd_sc_hd__or3_1)
                                                         _16099_ (net)
                      0.093421    0.000168   11.895722 v _42114_/A (sky130_fd_sc_hd__nand2_1)
     1    0.005572    0.068248    0.092153   11.987875 ^ _42114_/Y (sky130_fd_sc_hd__nand2_1)
                                                         _16108_ (net)
                      0.068248    0.000179   11.988053 ^ _42253_/A (sky130_fd_sc_hd__xnor2_1)
     2    0.007417    0.076000    0.096368   12.084422 v _42253_/Y (sky130_fd_sc_hd__xnor2_1)
                                                         _16247_ (net)
                      0.076000    0.000171   12.084592 v _42257_/B (sky130_fd_sc_hd__xnor2_1)
     2    0.012182    0.300119    0.279870   12.364463 ^ _42257_/Y (sky130_fd_sc_hd__xnor2_1)
                                                         _16251_ (net)
                      0.300120    0.000421   12.364883 ^ _43311_/B (sky130_fd_sc_hd__xnor2_2)
     2    0.007939    0.155004    0.162909   12.527793 ^ _43311_/Y (sky130_fd_sc_hd__xnor2_2)
                                                         _17305_ (net)
                      0.155004    0.000226   12.528018 ^ _43312_/B1 (sky130_fd_sc_hd__o21ai_2)
     3    0.010350    0.068630    0.097057   12.625075 v _43312_/Y (sky130_fd_sc_hd__o21ai_2)
                                                         _17306_ (net)
                      0.068630    0.000247   12.625322 v _43313_/A1 (sky130_fd_sc_hd__a21o_1)
     3    0.013946    0.078348    0.206526   12.831849 v _43313_/X (sky130_fd_sc_hd__a21o_1)
                                                         _17307_ (net)
                      0.078349    0.000419   12.832268 v _43315_/A1 (sky130_fd_sc_hd__a21oi_4)
     3    0.017517    0.168478    0.185537   13.017805 ^ _43315_/Y (sky130_fd_sc_hd__a21oi_4)
                                                         _17309_ (net)
                      0.168479    0.000719   13.018524 ^ _43317_/A1 (sky130_fd_sc_hd__o21bai_4)
     3    0.012079    0.062395    0.100284   13.118809 v _43317_/Y (sky130_fd_sc_hd__o21bai_4)
                                                         _17311_ (net)
                      0.062396    0.000392   13.119201 v _43320_/A2 (sky130_fd_sc_hd__a21o_1)
     4    0.014784    0.081816    0.229118   13.348318 v _43320_/X (sky130_fd_sc_hd__a21o_1)
                                                         _17314_ (net)
                      0.081819    0.000624   13.348942 v _43321_/C (sky130_fd_sc_hd__and3b_1)
     3    0.008297    0.060309    0.216471   13.565413 v _43321_/X (sky130_fd_sc_hd__and3b_1)
                                                         _17315_ (net)
                      0.060309    0.000272   13.565685 v _43323_/A1 (sky130_fd_sc_hd__o31a_1)
     4    0.017034    0.108259    0.363764   13.929449 v _43323_/X (sky130_fd_sc_hd__o31a_1)
                                                         _17317_ (net)
                      0.108261    0.000649   13.930099 v _43335_/A1 (sky130_fd_sc_hd__a211oi_4)
     4    0.018909    0.289677    0.322375   14.252474 ^ _43335_/Y (sky130_fd_sc_hd__a211oi_4)
                                                         _17329_ (net)
                      0.289678    0.000607   14.253080 ^ _43344_/A3 (sky130_fd_sc_hd__o311ai_4)
     3    0.009551    0.104386    0.124457   14.377537 v _43344_/Y (sky130_fd_sc_hd__o311ai_4)
                                                         _17338_ (net)
                      0.104386    0.000284   14.377821 v _43345_/A1 (sky130_fd_sc_hd__a21o_1)
     4    0.011905    0.070057    0.214032   14.591853 v _43345_/X (sky130_fd_sc_hd__a21o_1)
                                                         _17339_ (net)
                      0.070057    0.000304   14.592157 v _43347_/A2 (sky130_fd_sc_hd__a21o_1)
     2    0.012282    0.071580    0.223121   14.815278 v _43347_/X (sky130_fd_sc_hd__a21o_1)
                                                         _17341_ (net)
                      0.071580    0.000285   14.815563 v _43382_/B (sky130_fd_sc_hd__and3_4)
     3    0.021182    0.052778    0.202966   15.018529 v _43382_/X (sky130_fd_sc_hd__and3_4)
                                                         _17376_ (net)
                      0.052778    0.000512   15.019041 v _43384_/A2 (sky130_fd_sc_hd__o31ai_4)
     3    0.033279    0.423809    0.413703   15.432743 ^ _43384_/Y (sky130_fd_sc_hd__o31ai_4)
                                                         _17378_ (net)
                      0.423849    0.003208   15.435951 ^ clone14/A (sky130_fd_sc_hd__buf_4)
     5    0.029912    0.095708    0.240995   15.676947 ^ clone14/X (sky130_fd_sc_hd__buf_4)
                                                         net2987 (net)
                      0.095722    0.001176   15.678123 ^ _43398_/B1 (sky130_fd_sc_hd__a31oi_1)
     1    0.002558    0.066796    0.047809   15.725931 v _43398_/Y (sky130_fd_sc_hd__a31oi_1)
                                                         _17389_ (net)
                      0.066796    0.000073   15.726004 v _43399_/B1 (sky130_fd_sc_hd__a21oi_1)
     1    0.002932    0.106598    0.119043   15.845047 ^ _43399_/Y (sky130_fd_sc_hd__a21oi_1)
                                                         _02774_ (net)
                      0.106598    0.000083   15.845130 ^ _46279_/D (sky130_fd_sc_hd__dfrtp_1)
                                             15.845130   data arrival time

                                  5.000000    5.000000   clock clk_dsp (rise edge)
                                  0.000000    5.000000   clock source latency
     2    0.154204    0.698614    0.515662    5.515662 ^ clk_dsp (in)
                                                         clk_dsp (net)
                      0.717417    0.000000    5.515662 ^ clkbuf_0_clk_dsp/A (sky130_fd_sc_hd__clkbuf_16)
     4    0.127409    0.147109    0.355261    5.870924 ^ clkbuf_0_clk_dsp/X (sky130_fd_sc_hd__clkbuf_16)
                                                         clknet_0_clk_dsp (net)
                      0.147329    0.004552    5.875475 ^ clkbuf_2_3_0_clk_dsp/A (sky130_fd_sc_hd__clkbuf_8)
     4    0.074489    0.136275    0.230559    6.106035 ^ clkbuf_2_3_0_clk_dsp/X (sky130_fd_sc_hd__clkbuf_8)
                                                         clknet_2_3_0_clk_dsp (net)
                      0.137183    0.008933    6.114967 ^ clkbuf_4_15_0_clk_dsp/A (sky130_fd_sc_hd__clkbuf_8)
     2    0.054868    0.105549    0.206951    6.321918 ^ clkbuf_4_15_0_clk_dsp/X (sky130_fd_sc_hd__clkbuf_8)
                                                         clknet_4_15_0_clk_dsp (net)
                      0.105641    0.002820    6.324738 ^ clkbuf_5_31__f_clk_dsp/A (sky130_fd_sc_hd__clkbuf_16)
     8    0.116719    0.130552    0.214175    6.538914 ^ clkbuf_5_31__f_clk_dsp/X (sky130_fd_sc_hd__clkbuf_16)
                                                         clknet_5_31__leaf_clk_dsp (net)
                      0.133581    0.015529    6.554442 ^ clkbuf_leaf_137_clk_dsp/A (sky130_fd_sc_hd__clkbuf_8)
     6    0.024776    0.058555    0.170224    6.724667 ^ clkbuf_leaf_137_clk_dsp/X (sky130_fd_sc_hd__clkbuf_8)
                                                         clknet_leaf_137_clk_dsp (net)
                      0.058558    0.000438    6.725105 ^ _46279_/CLK (sky130_fd_sc_hd__dfrtp_1)
                                 -0.250000    6.475105   clock uncertainty
                                  0.000000    6.475105   clock reconvergence pessimism
                                 -0.071971    6.403134   library setup time
                                              6.403134   data required time
---------------------------------------------------------------------------------------------
                                              6.403134   data required time
                                            -15.845130   data arrival time
---------------------------------------------------------------------------------------------
                                             -9.441996   slack (VIOLATED)




===========================================================================
report_checks --slack_max -0.01
============================================================================
======================= nom_tt_025C_1v80 Corner ===================================

Startpoint: _46159_ (rising edge-triggered flip-flop clocked by clk_dsp)
Endpoint: _46279_ (rising edge-triggered flip-flop clocked by clk_dsp)
Path Group: clk_dsp
Path Type: max

Fanout         Cap        Slew       Delay        Time   Description
---------------------------------------------------------------------------------------------
                                  0.000000    0.000000   clock clk_dsp (rise edge)
                                  0.000000    0.000000   clock source latency
     2    0.154204    0.698614    0.515662    0.515662 ^ clk_dsp (in)
                                                         clk_dsp (net)
                      0.717417    0.000000    0.515662 ^ clkbuf_0_clk_dsp/A (sky130_fd_sc_hd__clkbuf_16)
     4    0.127409    0.147109    0.355261    0.870923 ^ clkbuf_0_clk_dsp/X (sky130_fd_sc_hd__clkbuf_16)
                                                         clknet_0_clk_dsp (net)
                      0.147329    0.004552    0.875475 ^ clkbuf_2_3_0_clk_dsp/A (sky130_fd_sc_hd__clkbuf_8)
     4    0.074489    0.136275    0.230559    1.106035 ^ clkbuf_2_3_0_clk_dsp/X (sky130_fd_sc_hd__clkbuf_8)
                                                         clknet_2_3_0_clk_dsp (net)
                      0.137183    0.008933    1.114967 ^ clkbuf_4_15_0_clk_dsp/A (sky130_fd_sc_hd__clkbuf_8)
     2    0.054868    0.105549    0.206951    1.321918 ^ clkbuf_4_15_0_clk_dsp/X (sky130_fd_sc_hd__clkbuf_8)
                                                         clknet_4_15_0_clk_dsp (net)
                      0.105627    0.002634    1.324553 ^ clkbuf_5_30__f_clk_dsp/A (sky130_fd_sc_hd__clkbuf_16)
     9    0.114035    0.127843    0.216186    1.540739 ^ clkbuf_5_30__f_clk_dsp/X (sky130_fd_sc_hd__clkbuf_16)
                                                         clknet_5_30__leaf_clk_dsp (net)
                      0.128050    0.004146    1.544885 ^ clkbuf_leaf_144_clk_dsp/A (sky130_fd_sc_hd__clkbuf_8)
    11    0.042380    0.085715    0.189648    1.734533 ^ clkbuf_leaf_144_clk_dsp/X (sky130_fd_sc_hd__clkbuf_8)
                                                         clknet_leaf_144_clk_dsp (net)
                      0.085716    0.000580    1.735113 ^ _46159_/CLK (sky130_fd_sc_hd__dfrtp_1)
     4    0.020523    0.117387    0.448651    2.183764 v _46159_/Q (sky130_fd_sc_hd__dfrtp_1)
                                                         u_phase_009_fft.out_cnt[3] (net)
                      0.117388    0.000475    2.184239 v fanout1762/A (sky130_fd_sc_hd__buf_4)
     5    0.023079    0.046786    0.188004    2.372243 v fanout1762/X (sky130_fd_sc_hd__buf_4)
                                                         net1762 (net)
                      0.046795    0.000669    2.372912 v fanout1761/A (sky130_fd_sc_hd__buf_4)
    10    0.042134    0.068168    0.176904    2.549816 v fanout1761/X (sky130_fd_sc_hd__buf_4)
                                                         net1761 (net)
                      0.068195    0.001266    2.551082 v _34555_/A_N (sky130_fd_sc_hd__and4bb_1)
     1    0.017532    0.186688    0.357788    2.908870 ^ _34555_/X (sky130_fd_sc_hd__and4bb_1)
                                                         _08581_ (net)
                      0.186694    0.001322    2.910191 ^ fanout1258/A (sky130_fd_sc_hd__clkbuf_8)
     6    0.127204    0.224309    0.295357    3.205548 ^ fanout1258/X (sky130_fd_sc_hd__clkbuf_8)
                                                         net1258 (net)
                      0.227652    0.021954    3.227502 ^ fanout1254/A (sky130_fd_sc_hd__clkbuf_4)
    10    0.074903    0.227205    0.328090    3.555592 ^ fanout1254/X (sky130_fd_sc_hd__clkbuf_4)
                                                         net1254 (net)
                      0.227453    0.006181    3.561773 ^ _34557_/B (sky130_fd_sc_hd__and2_4)
     4    0.068198    0.201965    0.308922    3.870695 ^ _34557_/X (sky130_fd_sc_hd__and2_4)
                                                         _08583_ (net)
                      0.202663    0.009617    3.880312 ^ clone91/A (sky130_fd_sc_hd__clkbuf_1)
    10    0.174952    1.997027    1.462220    5.342532 ^ clone91/X (sky130_fd_sc_hd__clkbuf_1)
                                                         net3064 (net)
                      1.997037    0.003957    5.346489 ^ fanout921/A (sky130_fd_sc_hd__clkbuf_8)
    10    0.115237    0.223187    0.523986    5.870474 ^ fanout921/X (sky130_fd_sc_hd__clkbuf_8)
                                                         net921 (net)
                      0.225070    0.016121    5.886595 ^ _35023_/A2 (sky130_fd_sc_hd__a22o_1)
     1    0.003065    0.049762    0.176895    6.063490 ^ _35023_/X (sky130_fd_sc_hd__a22o_1)
                                                         _09049_ (net)
                      0.049762    0.000091    6.063581 ^ _35024_/C1 (sky130_fd_sc_hd__a211o_1)
     1    0.007920    0.081063    0.117776    6.181356 ^ _35024_/X (sky130_fd_sc_hd__a211o_1)
                                                         _09050_ (net)
                      0.081063    0.000343    6.181699 ^ _35025_/C1 (sky130_fd_sc_hd__a211o_1)
     1    0.005986    0.066223    0.116099    6.297799 ^ _35025_/X (sky130_fd_sc_hd__a211o_1)
                                                         _09051_ (net)
                      0.066223    0.000260    6.298058 ^ _35034_/C (sky130_fd_sc_hd__or4_1)
     1    0.016929    0.161465    0.191974    6.490033 ^ _35034_/X (sky130_fd_sc_hd__or4_1)
                                                         _09060_ (net)
                      0.161469    0.001032    6.491065 ^ _35035_/A3 (sky130_fd_sc_hd__o32a_4)
     2    0.098796    0.280299    0.351505    6.842570 ^ _35035_/X (sky130_fd_sc_hd__o32a_4)
                                                         _09061_ (net)
                      0.280917    0.010788    6.853358 ^ fanout248/A (sky130_fd_sc_hd__buf_6)
     7    0.161035    0.317467    0.342258    7.195616 ^ fanout248/X (sky130_fd_sc_hd__buf_6)
                                                         net248 (net)
                      0.317513    0.003279    7.198895 ^ fanout246/A (sky130_fd_sc_hd__buf_4)
    11    0.103604    0.286214    0.355752    7.554647 ^ fanout246/X (sky130_fd_sc_hd__buf_4)
                                                         net246 (net)
                      0.286303    0.004258    7.558905 ^ _35036_/A (sky130_fd_sc_hd__inv_2)
     2    0.073724    0.189846    0.221949    7.780854 v _35036_/Y (sky130_fd_sc_hd__inv_2)
                                                         _09062_ (net)
                      0.189850    0.000724    7.781578 v fanout229/A (sky130_fd_sc_hd__clkbuf_8)
    12    0.129285    0.143140    0.280974    8.062551 v fanout229/X (sky130_fd_sc_hd__clkbuf_8)
                                                         net229 (net)
                      0.156020    0.033029    8.095580 v _41275_/B (sky130_fd_sc_hd__nor3_1)
     3    0.011099    0.359896    0.366607    8.462188 ^ _41275_/Y (sky130_fd_sc_hd__nor3_1)
                                                         _15269_ (net)
                      0.359896    0.000282    8.462469 ^ _41277_/A (sky130_fd_sc_hd__nor2_1)
     2    0.006051    0.090619    0.118098    8.580567 v _41277_/Y (sky130_fd_sc_hd__nor2_1)
                                                         _15271_ (net)
                      0.090619    0.000115    8.580683 v _41278_/C (sky130_fd_sc_hd__and3_1)
     3    0.008446    0.060924    0.222439    8.803122 v _41278_/X (sky130_fd_sc_hd__and3_1)
                                                         _15272_ (net)
                      0.060924    0.000181    8.803303 v _41429_/A (sky130_fd_sc_hd__or2_1)
     2    0.007412    0.069690    0.253690    9.056993 v _41429_/X (sky130_fd_sc_hd__or2_1)
                                                         _15423_ (net)
                      0.069690    0.000219    9.057213 v _41436_/B (sky130_fd_sc_hd__xnor2_1)
     2    0.006879    0.194117    0.197706    9.254919 ^ _41436_/Y (sky130_fd_sc_hd__xnor2_1)
                                                         _15430_ (net)
                      0.194117    0.000147    9.255065 ^ _41588_/B (sky130_fd_sc_hd__or2_1)
     1    0.003838    0.049797    0.134656    9.389721 ^ _41588_/X (sky130_fd_sc_hd__or2_1)
                                                         _15582_ (net)
                      0.049797    0.000125    9.389847 ^ _41589_/B (sky130_fd_sc_hd__nand2_1)
     2    0.008046    0.079846    0.076524    9.466371 v _41589_/Y (sky130_fd_sc_hd__nand2_1)
                                                         _15583_ (net)
                      0.079846    0.000218    9.466588 v _41590_/B1 (sky130_fd_sc_hd__a21o_1)
     4    0.020401    0.105086    0.232735    9.699323 v _41590_/X (sky130_fd_sc_hd__a21o_1)
                                                         _15584_ (net)
                      0.105087    0.000472    9.699794 v _41736_/A1 (sky130_fd_sc_hd__a211o_1)
     2    0.011967    0.088110    0.322692   10.022487 v _41736_/X (sky130_fd_sc_hd__a211o_1)
                                                         _15730_ (net)
                      0.088110    0.000188   10.022675 v _41769_/A2 (sky130_fd_sc_hd__a211o_1)
     2    0.013771    0.095729    0.359444   10.382118 v _41769_/X (sky130_fd_sc_hd__a211o_1)
                                                         _15763_ (net)
                      0.095730    0.000474   10.382593 v _41882_/A2 (sky130_fd_sc_hd__a21o_1)
     2    0.007802    0.054752    0.215250   10.597843 v _41882_/X (sky130_fd_sc_hd__a21o_1)
                                                         _15876_ (net)
                      0.054752    0.000180   10.598023 v _41884_/A2 (sky130_fd_sc_hd__a21o_1)
     3    0.008467    0.057695    0.202228   10.800252 v _41884_/X (sky130_fd_sc_hd__a21o_1)
                                                         _15878_ (net)
                      0.057695    0.000196   10.800448 v _41946_/A2 (sky130_fd_sc_hd__a211oi_1)
     2    0.006576    0.283121    0.308906   11.109354 ^ _41946_/Y (sky130_fd_sc_hd__a211oi_1)
                                                         _15940_ (net)
                      0.283121    0.000217   11.109571 ^ _41948_/B (sky130_fd_sc_hd__nor3_1)
     3    0.008791    0.093653    0.128889   11.238460 v _41948_/Y (sky130_fd_sc_hd__nor3_1)
                                                         _15942_ (net)
                      0.093653    0.000169   11.238628 v max_cap71/A (sky130_fd_sc_hd__clkbuf_1)
     2    0.006871    0.048367    0.127987   11.366614 v max_cap71/X (sky130_fd_sc_hd__clkbuf_1)
                                                         net71 (net)
                      0.048367    0.000206   11.366820 v _42104_/A1 (sky130_fd_sc_hd__o21a_1)
     2    0.004339    0.042047    0.188395   11.555216 v _42104_/X (sky130_fd_sc_hd__o21a_1)
                                                         _16098_ (net)
                      0.042047    0.000098   11.555313 v _42105_/C (sky130_fd_sc_hd__or3_1)
     3    0.007783    0.093421    0.340241   11.895555 v _42105_/X (sky130_fd_sc_hd__or3_1)
                                                         _16099_ (net)
                      0.093421    0.000168   11.895722 v _42114_/A (sky130_fd_sc_hd__nand2_1)
     1    0.005572    0.068248    0.092153   11.987875 ^ _42114_/Y (sky130_fd_sc_hd__nand2_1)
                                                         _16108_ (net)
                      0.068248    0.000179   11.988053 ^ _42253_/A (sky130_fd_sc_hd__xnor2_1)
     2    0.007417    0.076000    0.096368   12.084422 v _42253_/Y (sky130_fd_sc_hd__xnor2_1)
                                                         _16247_ (net)
                      0.076000    0.000171   12.084592 v _42257_/B (sky130_fd_sc_hd__xnor2_1)
     2    0.012182    0.300119    0.279870   12.364463 ^ _42257_/Y (sky130_fd_sc_hd__xnor2_1)
                                                         _16251_ (net)
                      0.300120    0.000421   12.364883 ^ _43311_/B (sky130_fd_sc_hd__xnor2_2)
     2    0.007939    0.155004    0.162909   12.527793 ^ _43311_/Y (sky130_fd_sc_hd__xnor2_2)
                                                         _17305_ (net)
                      0.155004    0.000226   12.528018 ^ _43312_/B1 (sky130_fd_sc_hd__o21ai_2)
     3    0.010350    0.068630    0.097057   12.625075 v _43312_/Y (sky130_fd_sc_hd__o21ai_2)
                                                         _17306_ (net)
                      0.068630    0.000247   12.625322 v _43313_/A1 (sky130_fd_sc_hd__a21o_1)
     3    0.013946    0.078348    0.206526   12.831849 v _43313_/X (sky130_fd_sc_hd__a21o_1)
                                                         _17307_ (net)
                      0.078349    0.000419   12.832268 v _43315_/A1 (sky130_fd_sc_hd__a21oi_4)
     3    0.017517    0.168478    0.185537   13.017805 ^ _43315_/Y (sky130_fd_sc_hd__a21oi_4)
                                                         _17309_ (net)
                      0.168479    0.000719   13.018524 ^ _43317_/A1 (sky130_fd_sc_hd__o21bai_4)
     3    0.012079    0.062395    0.100284   13.118809 v _43317_/Y (sky130_fd_sc_hd__o21bai_4)
                                                         _17311_ (net)
                      0.062396    0.000392   13.119201 v _43320_/A2 (sky130_fd_sc_hd__a21o_1)
     4    0.014784    0.081816    0.229118   13.348318 v _43320_/X (sky130_fd_sc_hd__a21o_1)
                                                         _17314_ (net)
                      0.081819    0.000624   13.348942 v _43321_/C (sky130_fd_sc_hd__and3b_1)
     3    0.008297    0.060309    0.216471   13.565413 v _43321_/X (sky130_fd_sc_hd__and3b_1)
                                                         _17315_ (net)
                      0.060309    0.000272   13.565685 v _43323_/A1 (sky130_fd_sc_hd__o31a_1)
     4    0.017034    0.108259    0.363764   13.929449 v _43323_/X (sky130_fd_sc_hd__o31a_1)
                                                         _17317_ (net)
                      0.108261    0.000649   13.930099 v _43335_/A1 (sky130_fd_sc_hd__a211oi_4)
     4    0.018909    0.289677    0.322375   14.252474 ^ _43335_/Y (sky130_fd_sc_hd__a211oi_4)
                                                         _17329_ (net)
                      0.289678    0.000607   14.253080 ^ _43344_/A3 (sky130_fd_sc_hd__o311ai_4)
     3    0.009551    0.104386    0.124457   14.377537 v _43344_/Y (sky130_fd_sc_hd__o311ai_4)
                                                         _17338_ (net)
                      0.104386    0.000284   14.377821 v _43345_/A1 (sky130_fd_sc_hd__a21o_1)
     4    0.011905    0.070057    0.214032   14.591853 v _43345_/X (sky130_fd_sc_hd__a21o_1)
                                                         _17339_ (net)
                      0.070057    0.000304   14.592157 v _43347_/A2 (sky130_fd_sc_hd__a21o_1)
     2    0.012282    0.071580    0.223121   14.815278 v _43347_/X (sky130_fd_sc_hd__a21o_1)
                                                         _17341_ (net)
                      0.071580    0.000285   14.815563 v _43382_/B (sky130_fd_sc_hd__and3_4)
     3    0.021182    0.052778    0.202966   15.018529 v _43382_/X (sky130_fd_sc_hd__and3_4)
                                                         _17376_ (net)
                      0.052778    0.000512   15.019041 v _43384_/A2 (sky130_fd_sc_hd__o31ai_4)
     3    0.033279    0.423809    0.413703   15.432743 ^ _43384_/Y (sky130_fd_sc_hd__o31ai_4)
                                                         _17378_ (net)
                      0.423849    0.003208   15.435951 ^ clone14/A (sky130_fd_sc_hd__buf_4)
     5    0.029912    0.095708    0.240995   15.676947 ^ clone14/X (sky130_fd_sc_hd__buf_4)
                                                         net2987 (net)
                      0.095722    0.001176   15.678123 ^ _43398_/B1 (sky130_fd_sc_hd__a31oi_1)
     1    0.002558    0.066796    0.047809   15.725931 v _43398_/Y (sky130_fd_sc_hd__a31oi_1)
                                                         _17389_ (net)
                      0.066796    0.000073   15.726004 v _43399_/B1 (sky130_fd_sc_hd__a21oi_1)
     1    0.002932    0.106598    0.119043   15.845047 ^ _43399_/Y (sky130_fd_sc_hd__a21oi_1)
                                                         _02774_ (net)
                      0.106598    0.000083   15.845130 ^ _46279_/D (sky130_fd_sc_hd__dfrtp_1)
                                             15.845130   data arrival time

                                  5.000000    5.000000   clock clk_dsp (rise edge)
                                  0.000000    5.000000   clock source latency
     2    0.154204    0.698614    0.515662    5.515662 ^ clk_dsp (in)
                                                         clk_dsp (net)
                      0.717417    0.000000    5.515662 ^ clkbuf_0_clk_dsp/A (sky130_fd_sc_hd__clkbuf_16)
     4    0.127409    0.147109    0.355261    5.870924 ^ clkbuf_0_clk_dsp/X (sky130_fd_sc_hd__clkbuf_16)
                                                         clknet_0_clk_dsp (net)
                      0.147329    0.004552    5.875475 ^ clkbuf_2_3_0_clk_dsp/A (sky130_fd_sc_hd__clkbuf_8)
     4    0.074489    0.136275    0.230559    6.106035 ^ clkbuf_2_3_0_clk_dsp/X (sky130_fd_sc_hd__clkbuf_8)
                                                         clknet_2_3_0_clk_dsp (net)
                      0.137183    0.008933    6.114967 ^ clkbuf_4_15_0_clk_dsp/A (sky130_fd_sc_hd__clkbuf_8)
     2    0.054868    0.105549    0.206951    6.321918 ^ clkbuf_4_15_0_clk_dsp/X (sky130_fd_sc_hd__clkbuf_8)
                                                         clknet_4_15_0_clk_dsp (net)
                      0.105641    0.002820    6.324738 ^ clkbuf_5_31__f_clk_dsp/A (sky130_fd_sc_hd__clkbuf_16)
     8    0.116719    0.130552    0.214175    6.538914 ^ clkbuf_5_31__f_clk_dsp/X (sky130_fd_sc_hd__clkbuf_16)
                                                         clknet_5_31__leaf_clk_dsp (net)
                      0.133581    0.015529    6.554442 ^ clkbuf_leaf_137_clk_dsp/A (sky130_fd_sc_hd__clkbuf_8)
     6    0.024776    0.058555    0.170224    6.724667 ^ clkbuf_leaf_137_clk_dsp/X (sky130_fd_sc_hd__clkbuf_8)
                                                         clknet_leaf_137_clk_dsp (net)
                      0.058558    0.000438    6.725105 ^ _46279_/CLK (sky130_fd_sc_hd__dfrtp_1)
                                 -0.250000    6.475105   clock uncertainty
                                  0.000000    6.475105   clock reconvergence pessimism
                                 -0.071971    6.403134   library setup time
                                              6.403134   data required time
---------------------------------------------------------------------------------------------
                                              6.403134   data required time
                                            -15.845130   data arrival time
---------------------------------------------------------------------------------------------
                                             -9.441996   slack (VIOLATED)




===========================================================================
 report_check_types -max_slew -max_cap -max_fanout -violators
============================================================================
======================= nom_tt_025C_1v80 Corner ===================================

max slew

Pin                                        Limit        Slew       Slack
------------------------------------------------------------------------
ANTENNA_601/DIODE                       0.750000    1.997260   -1.247260 (VIOLATED)
_34869_/A2                              0.750000    1.997261   -1.247261 (VIOLATED)
ANTENNA_602/DIODE                       0.750000    1.997135   -1.247135 (VIOLATED)
_35709_/A2                              0.750000    1.997135   -1.247135 (VIOLATED)
ANTENNA_604/DIODE                       0.750000    1.997101   -1.247101 (VIOLATED)
_36725_/A2                              0.750000    1.997102   -1.247102 (VIOLATED)
ANTENNA_603/DIODE                       0.750000    1.997097   -1.247097 (VIOLATED)
_36368_/A2                              0.750000    1.997098   -1.247098 (VIOLATED)
ANTENNA_605/DIODE                       0.750000    1.997037   -1.247037 (VIOLATED)
fanout921/A                             0.750000    1.997037   -1.247037 (VIOLATED)
clone91/X                               0.750000    1.997027   -1.247027 (VIOLATED)
_37891_/A2                              0.750000    1.167471   -0.417471 (VIOLATED)
_35769_/A2                              0.750000    1.167465   -0.417465 (VIOLATED)
_35193_/A2                              0.750000    1.167462   -0.417462 (VIOLATED)
_38052_/A2                              0.750000    1.167440   -0.417440 (VIOLATED)
_35900_/A2                              0.750000    1.167425   -0.417425 (VIOLATED)
clone85/X                               0.750000    1.167415   -0.417415 (VIOLATED)
_22815_/A                               0.750000    1.117911   -0.367911 (VIOLATED)
_22405_/B                               0.750000    1.117889   -0.367889 (VIOLATED)
_29546_/B1                              0.750000    1.117854   -0.367854 (VIOLATED)
_29547_/A                               0.750000    1.117854   -0.367854 (VIOLATED)
clone52/X                               0.750000    1.117846   -0.367846 (VIOLATED)
ANTENNA_164/DIODE                       0.750000    0.957731   -0.207731 (VIOLATED)
_24811_/C1                              0.750000    0.957731   -0.207731 (VIOLATED)
_23763_/B1_N                            0.750000    0.957373   -0.207373 (VIOLATED)
_23753_/Y                               0.750000    0.957371   -0.207371 (VIOLATED)
_21904_/B                               0.750000    0.903829   -0.153829 (VIOLATED)
_24675_/A1                              0.750000    0.903420   -0.153420 (VIOLATED)
_24676_/A1                              0.750000    0.903416   -0.153416 (VIOLATED)
_25857_/A1                              0.750000    0.903415   -0.153415 (VIOLATED)
_24281_/A                               0.750000    0.903411   -0.153411 (VIOLATED)
clone3/X                                0.750000    0.903185   -0.153185 (VIOLATED)
_25836_/B1                              0.750000    0.846472   -0.096472 (VIOLATED)
ANTENNA_89/DIODE                        0.750000    0.846469   -0.096469 (VIOLATED)
fanout1155/A                            0.750000    0.846024   -0.096024 (VIOLATED)
fanout1158/A                            0.750000    0.845897   -0.095897 (VIOLATED)
_21984_/Y                               0.750000    0.845872   -0.095872 (VIOLATED)
_25607_/B1_N                            0.750000    0.819383   -0.069383 (VIOLATED)
ANTENNA_153/DIODE                       0.750000    0.819382   -0.069382 (VIOLATED)
_25427_/A2_N                            0.750000    0.819372   -0.069372 (VIOLATED)
ANTENNA_152/DIODE                       0.750000    0.819368   -0.069368 (VIOLATED)
_24890_/A2                              0.750000    0.819132   -0.069132 (VIOLATED)
_23154_/Y                               0.750000    0.819129   -0.069129 (VIOLATED)
_23155_/A2                              0.750000    0.819129   -0.069129 (VIOLATED)
_25540_/A2                              0.750000    0.809361   -0.059361 (VIOLATED)
_25529_/X                               0.750000    0.809313   -0.059313 (VIOLATED)
wire1265/A                              0.750000    0.806262   -0.056262 (VIOLATED)
fanout1264/A                            0.750000    0.806261   -0.056261 (VIOLATED)
_34549_/Y                               0.750000    0.806260   -0.056260 (VIOLATED)
_22390_/C1                              0.750000    0.803354   -0.053354 (VIOLATED)
_22382_/X                               0.750000    0.803308   -0.053308 (VIOLATED)
_42459_/B                               0.750000    0.777399   -0.027399 (VIOLATED)
_39148_/B                               0.750000    0.777393   -0.027393 (VIOLATED)
_39479_/B                               0.750000    0.777384   -0.027384 (VIOLATED)
_39678_/B1                              0.750000    0.777384   -0.027384 (VIOLATED)
_39666_/B                               0.750000    0.777383   -0.027383 (VIOLATED)
clone4/X                                0.750000    0.777376   -0.027376 (VIOLATED)
_25264_/B1                              0.750000    0.776052   -0.026052 (VIOLATED)
_25244_/B1                              0.750000    0.776050   -0.026050 (VIOLATED)
fanout1026/A                            0.750000    0.776024   -0.026024 (VIOLATED)
_22557_/Y                               0.750000    0.775976   -0.025976 (VIOLATED)
_24547_/B1                              0.750000    0.774807   -0.024807 (VIOLATED)
_23993_/B2                              0.750000    0.774790   -0.024790 (VIOLATED)
ANTENNA_122/DIODE                       0.750000    0.774790   -0.024790 (VIOLATED)
_22430_/C1                              0.750000    0.774779   -0.024779 (VIOLATED)
_22419_/Y                               0.750000    0.774773   -0.024773 (VIOLATED)
_35193_/B1                              0.750000    0.770322   -0.020322 (VIOLATED)
_38042_/A2                              0.750000    0.770316   -0.020316 (VIOLATED)
ANTENNA_781/DIODE                       0.750000    0.770316   -0.020316 (VIOLATED)
_34865_/A2                              0.750000    0.770307   -0.020307 (VIOLATED)
_34950_/A2                              0.750000    0.770306   -0.020306 (VIOLATED)
_36109_/A2                              0.750000    0.770306   -0.020306 (VIOLATED)
clone37/X                               0.750000    0.770269   -0.020269 (VIOLATED)
fanout1178/A                            0.750000    0.760573   -0.010573 (VIOLATED)
_34620_/Y                               0.750000    0.760571   -0.010571 (VIOLATED)
_22548_/B                               0.750000    0.760537   -0.010537 (VIOLATED)
_23656_/A2                              0.750000    0.760514   -0.010514 (VIOLATED)
_23432_/A3                              0.750000    0.760499   -0.010499 (VIOLATED)
fanout1469/A                            0.750000    0.760403   -0.010403 (VIOLATED)
_21974_/Y                               0.750000    0.760383   -0.010383 (VIOLATED)
_24638_/A1                              0.750000    0.755714   -0.005714 (VIOLATED)
ANTENNA_637/DIODE                       0.750000    0.755711   -0.005711 (VIOLATED)
_24430_/A1                              0.750000    0.755576   -0.005576 (VIOLATED)
ANTENNA_636/DIODE                       0.750000    0.755531   -0.005531 (VIOLATED)
_23797_/A2_N                            0.750000    0.755341   -0.005341 (VIOLATED)
ANTENNA_107/DIODE                       0.750000    0.755285   -0.005285 (VIOLATED)
_22206_/A1                              0.750000    0.754996   -0.004996 (VIOLATED)
ANTENNA_106/DIODE                       0.750000    0.754990   -0.004990 (VIOLATED)
_23644_/B1                              0.750000    0.754799   -0.004799 (VIOLATED)
_22976_/B1                              0.750000    0.754687   -0.004687 (VIOLATED)
_26160_/A_N                             0.750000    0.754569   -0.004569 (VIOLATED)
_22975_/Y                               0.750000    0.754566   -0.004566 (VIOLATED)
_25592_/B1                              0.750000    0.754311   -0.004311 (VIOLATED)
ANTENNA_108/DIODE                       0.750000    0.754274   -0.004274 (VIOLATED)
_23511_/B2                              0.750000    0.753966   -0.003966 (VIOLATED)
_25029_/C1                              0.750000    0.753953   -0.003953 (VIOLATED)
ANTENNA_638/DIODE                       0.750000    0.753952   -0.003952 (VIOLATED)
_23320_/A1                              0.750000    0.753246   -0.003246 (VIOLATED)
_24840_/B2                              0.750000    0.753027   -0.003027 (VIOLATED)
_22194_/Y                               0.750000    0.752948   -0.002948 (VIOLATED)
_25007_/B1                              0.750000    0.751348   -0.001348 (VIOLATED)
ANTENNA_631/DIODE                       0.750000    0.751347   -0.001347 (VIOLATED)
_24982_/A0                              0.750000    0.751310   -0.001310 (VIOLATED)
ANTENNA_87/DIODE                        0.750000    0.751307   -0.001307 (VIOLATED)
_25030_/A1                              0.750000    0.751200   -0.001200 (VIOLATED)
_26079_/A2                              0.750000    0.751164   -0.001164 (VIOLATED)
fanout1503/A                            0.750000    0.750925   -0.000925 (VIOLATED)
_21943_/Y                               0.750000    0.750900   -0.000901 (VIOLATED)

max fanout

Pin                                   Limit Fanout  Slack
---------------------------------------------------------
clkbuf_leaf_236_clk_dsp/X                10     23    -13 (VIOLATED)
clkbuf_leaf_37_clk_dsp/X                 10     23    -13 (VIOLATED)
clkbuf_leaf_11_clk_dsp/X                 10     22    -12 (VIOLATED)
clkbuf_leaf_24_clk_dsp/X                 10     22    -12 (VIOLATED)
clkbuf_leaf_255_clk_dsp/X                10     22    -12 (VIOLATED)
clkbuf_leaf_60_clk_dsp/X                 10     22    -12 (VIOLATED)
clkbuf_leaf_157_clk_dsp/X                10     21    -11 (VIOLATED)
clkbuf_leaf_160_clk_dsp/X                10     21    -11 (VIOLATED)
clkbuf_leaf_38_clk_dsp/X                 10     21    -11 (VIOLATED)
clkbuf_leaf_158_clk_dsp/X                10     20    -10 (VIOLATED)
clkbuf_leaf_167_clk_dsp/X                10     20    -10 (VIOLATED)
clkbuf_leaf_168_clk_dsp/X                10     20    -10 (VIOLATED)
clkbuf_leaf_197_clk_dsp/X                10     20    -10 (VIOLATED)
fanout1216/X                             10     20    -10 (VIOLATED)
clkbuf_leaf_152_clk_dsp/X                10     19     -9 (VIOLATED)
clkbuf_leaf_196_clk_dsp/X                10     19     -9 (VIOLATED)
clkbuf_leaf_20_clk_dsp/X                 10     19     -9 (VIOLATED)
clkbuf_leaf_237_clk_dsp/X                10     19     -9 (VIOLATED)
clkbuf_leaf_201_clk_dsp/X                10     18     -8 (VIOLATED)
clkbuf_leaf_21_clk_dsp/X                 10     18     -8 (VIOLATED)
clkbuf_leaf_220_clk_dsp/X                10     18     -8 (VIOLATED)
clkbuf_leaf_224_clk_dsp/X                10     18     -8 (VIOLATED)
clkbuf_leaf_57_clk_dsp/X                 10     18     -8 (VIOLATED)
clkbuf_leaf_129_clk_dsp/X                10     17     -7 (VIOLATED)
clkbuf_leaf_130_clk_dsp/X                10     17     -7 (VIOLATED)
clkbuf_leaf_153_clk_dsp/X                10     17     -7 (VIOLATED)
clkbuf_leaf_195_clk_dsp/X                10     17     -7 (VIOLATED)
clkbuf_leaf_219_clk_dsp/X                10     17     -7 (VIOLATED)
clkbuf_leaf_223_clk_dsp/X                10     17     -7 (VIOLATED)
clkbuf_leaf_242_clk_dsp/X                10     17     -7 (VIOLATED)
clkbuf_leaf_27_clk_dsp/X                 10     17     -7 (VIOLATED)
clkbuf_leaf_31_clk_dsp/X                 10     17     -7 (VIOLATED)
clkbuf_leaf_33_clk_dsp/X                 10     17     -7 (VIOLATED)
clkbuf_leaf_53_clk_dsp/X                 10     17     -7 (VIOLATED)
clkbuf_leaf_54_clk_dsp/X                 10     17     -7 (VIOLATED)
clkbuf_leaf_69_clk_dsp/X                 10     17     -7 (VIOLATED)
clkbuf_leaf_74_clk_dsp/X                 10     17     -7 (VIOLATED)
clkbuf_leaf_78_clk_dsp/X                 10     17     -7 (VIOLATED)
fanout1052/X                             10     17     -7 (VIOLATED)
_44165_/Q                                10     16     -6 (VIOLATED)
clkbuf_leaf_125_clk_dsp/X                10     16     -6 (VIOLATED)
clkbuf_leaf_155_clk_dsp/X                10     16     -6 (VIOLATED)
clkbuf_leaf_156_clk_dsp/X                10     16     -6 (VIOLATED)
clkbuf_leaf_163_clk_dsp/X                10     16     -6 (VIOLATED)
clkbuf_leaf_186_clk_dsp/X                10     16     -6 (VIOLATED)
clkbuf_leaf_188_clk_dsp/X                10     16     -6 (VIOLATED)
clkbuf_leaf_193_clk_dsp/X                10     16     -6 (VIOLATED)
clkbuf_leaf_202_clk_dsp/X                10     16     -6 (VIOLATED)
clkbuf_leaf_204_clk_dsp/X                10     16     -6 (VIOLATED)
clkbuf_leaf_210_clk_dsp/X                10     16     -6 (VIOLATED)
clkbuf_leaf_213_clk_dsp/X                10     16     -6 (VIOLATED)
clkbuf_leaf_232_clk_dsp/X                10     16     -6 (VIOLATED)
clkbuf_leaf_234_clk_dsp/X                10     16     -6 (VIOLATED)
clkbuf_leaf_26_clk_dsp/X                 10     16     -6 (VIOLATED)
clkbuf_leaf_39_clk_dsp/X                 10     16     -6 (VIOLATED)
clkbuf_leaf_40_clk_dsp/X                 10     16     -6 (VIOLATED)
clkbuf_leaf_48_clk_dsp/X                 10     16     -6 (VIOLATED)
clkbuf_leaf_49_clk_dsp/X                 10     16     -6 (VIOLATED)
clkbuf_leaf_70_clk_dsp/X                 10     16     -6 (VIOLATED)
clkbuf_leaf_73_clk_dsp/X                 10     16     -6 (VIOLATED)
clkbuf_leaf_79_clk_dsp/X                 10     16     -6 (VIOLATED)
fanout1240/X                             10     16     -6 (VIOLATED)
fanout980/X                              10     16     -6 (VIOLATED)
_22194_/Y                                10     15     -5 (VIOLATED)
clkbuf_leaf_120_clk_dsp/X                10     15     -5 (VIOLATED)
clkbuf_leaf_124_clk_dsp/X                10     15     -5 (VIOLATED)
clkbuf_leaf_127_clk_dsp/X                10     15     -5 (VIOLATED)
clkbuf_leaf_128_clk_dsp/X                10     15     -5 (VIOLATED)
clkbuf_leaf_159_clk_dsp/X                10     15     -5 (VIOLATED)
clkbuf_leaf_165_clk_dsp/X                10     15     -5 (VIOLATED)
clkbuf_leaf_174_clk_dsp/X                10     15     -5 (VIOLATED)
clkbuf_leaf_191_clk_dsp/X                10     15     -5 (VIOLATED)
clkbuf_leaf_203_clk_dsp/X                10     15     -5 (VIOLATED)
clkbuf_leaf_226_clk_dsp/X                10     15     -5 (VIOLATED)
clkbuf_leaf_229_clk_dsp/X                10     15     -5 (VIOLATED)
clkbuf_leaf_230_clk_dsp/X                10     15     -5 (VIOLATED)
clkbuf_leaf_238_clk_dsp/X                10     15     -5 (VIOLATED)
clkbuf_leaf_243_clk_dsp/X                10     15     -5 (VIOLATED)
clkbuf_leaf_25_clk_dsp/X                 10     15     -5 (VIOLATED)
clkbuf_leaf_36_clk_dsp/X                 10     15     -5 (VIOLATED)
clkbuf_leaf_47_clk_dsp/X                 10     15     -5 (VIOLATED)
clkbuf_leaf_58_clk_dsp/X                 10     15     -5 (VIOLATED)
clkbuf_leaf_61_clk_dsp/X                 10     15     -5 (VIOLATED)
clkbuf_leaf_9_clk_dsp/X                  10     15     -5 (VIOLATED)
fanout1041/X                             10     15     -5 (VIOLATED)
fanout1043/X                             10     15     -5 (VIOLATED)
fanout1046/X                             10     15     -5 (VIOLATED)
fanout1074/X                             10     15     -5 (VIOLATED)
fanout1197/X                             10     15     -5 (VIOLATED)
fanout1560/X                             10     15     -5 (VIOLATED)
fanout818/X                              10     15     -5 (VIOLATED)
clkbuf_leaf_171_clk_dsp/X                10     14     -4 (VIOLATED)
clkbuf_leaf_172_clk_dsp/X                10     14     -4 (VIOLATED)
clkbuf_leaf_17_clk_dsp/X                 10     14     -4 (VIOLATED)
clkbuf_leaf_184_clk_dsp/X                10     14     -4 (VIOLATED)
clkbuf_leaf_199_clk_dsp/X                10     14     -4 (VIOLATED)
clkbuf_leaf_19_clk_dsp/X                 10     14     -4 (VIOLATED)
clkbuf_leaf_209_clk_dsp/X                10     14     -4 (VIOLATED)
clkbuf_leaf_214_clk_dsp/X                10     14     -4 (VIOLATED)
clkbuf_leaf_221_clk_dsp/X                10     14     -4 (VIOLATED)
clkbuf_leaf_239_clk_dsp/X                10     14     -4 (VIOLATED)
clkbuf_leaf_248_clk_dsp/X                10     14     -4 (VIOLATED)
clkbuf_leaf_250_clk_dsp/X                10     14     -4 (VIOLATED)
clkbuf_leaf_45_clk_dsp/X                 10     14     -4 (VIOLATED)
clkbuf_leaf_46_clk_dsp/X                 10     14     -4 (VIOLATED)
clkbuf_leaf_56_clk_dsp/X                 10     14     -4 (VIOLATED)
clkbuf_leaf_62_clk_dsp/X                 10     14     -4 (VIOLATED)
fanout1026/X                             10     14     -4 (VIOLATED)
fanout1087/X                             10     14     -4 (VIOLATED)
fanout1227/X                             10     14     -4 (VIOLATED)
fanout1504/X                             10     14     -4 (VIOLATED)
fanout1723/X                             10     14     -4 (VIOLATED)
fanout732/X                              10     14     -4 (VIOLATED)
_21749_/Y                                10     13     -3 (VIOLATED)
_21934_/X                                10     13     -3 (VIOLATED)
_34599_/X                                10     13     -3 (VIOLATED)
clkbuf_5_25__f_clk_dsp/X                 10     13     -3 (VIOLATED)
clkbuf_leaf_10_clk_dsp/X                 10     13     -3 (VIOLATED)
clkbuf_leaf_111_clk_dsp/X                10     13     -3 (VIOLATED)
clkbuf_leaf_123_clk_dsp/X                10     13     -3 (VIOLATED)
clkbuf_leaf_13_clk_dsp/X                 10     13     -3 (VIOLATED)
clkbuf_leaf_150_clk_dsp/X                10     13     -3 (VIOLATED)
clkbuf_leaf_154_clk_dsp/X                10     13     -3 (VIOLATED)
clkbuf_leaf_177_clk_dsp/X                10     13     -3 (VIOLATED)
clkbuf_leaf_189_clk_dsp/X                10     13     -3 (VIOLATED)
clkbuf_leaf_18_clk_dsp/X                 10     13     -3 (VIOLATED)
clkbuf_leaf_198_clk_dsp/X                10     13     -3 (VIOLATED)
clkbuf_leaf_205_clk_dsp/X                10     13     -3 (VIOLATED)
clkbuf_leaf_206_clk_dsp/X                10     13     -3 (VIOLATED)
clkbuf_leaf_217_clk_dsp/X                10     13     -3 (VIOLATED)
clkbuf_leaf_222_clk_dsp/X                10     13     -3 (VIOLATED)
clkbuf_leaf_225_clk_dsp/X                10     13     -3 (VIOLATED)
clkbuf_leaf_22_clk_dsp/X                 10     13     -3 (VIOLATED)
clkbuf_leaf_240_clk_dsp/X                10     13     -3 (VIOLATED)
clkbuf_leaf_241_clk_dsp/X                10     13     -3 (VIOLATED)
clkbuf_leaf_247_clk_dsp/X                10     13     -3 (VIOLATED)
clkbuf_leaf_249_clk_dsp/X                10     13     -3 (VIOLATED)
clkbuf_leaf_253_clk_dsp/X                10     13     -3 (VIOLATED)
clkbuf_leaf_32_clk_dsp/X                 10     13     -3 (VIOLATED)
clkbuf_leaf_35_clk_dsp/X                 10     13     -3 (VIOLATED)
clkbuf_leaf_41_clk_dsp/X                 10     13     -3 (VIOLATED)
clkbuf_leaf_42_clk_dsp/X                 10     13     -3 (VIOLATED)
clkbuf_leaf_51_clk_dsp/X                 10     13     -3 (VIOLATED)
clkbuf_leaf_55_clk_dsp/X                 10     13     -3 (VIOLATED)
clkbuf_leaf_68_clk_dsp/X                 10     13     -3 (VIOLATED)
clkbuf_leaf_72_clk_dsp/X                 10     13     -3 (VIOLATED)
clkbuf_leaf_77_clk_dsp/X                 10     13     -3 (VIOLATED)
clkbuf_leaf_95_clk_dsp/X                 10     13     -3 (VIOLATED)
fanout1028/X                             10     13     -3 (VIOLATED)
fanout1045/X                             10     13     -3 (VIOLATED)
fanout1147/X                             10     13     -3 (VIOLATED)
fanout1155/X                             10     13     -3 (VIOLATED)
fanout1251/X                             10     13     -3 (VIOLATED)
fanout1276/X                             10     13     -3 (VIOLATED)
fanout1403/X                             10     13     -3 (VIOLATED)
fanout1413/X                             10     13     -3 (VIOLATED)
fanout2875/X                             10     13     -3 (VIOLATED)
fanout742/X                              10     13     -3 (VIOLATED)
fanout839/X                              10     13     -3 (VIOLATED)
fanout937/X                              10     13     -3 (VIOLATED)
clkbuf_leaf_119_clk_dsp/X                10     12     -2 (VIOLATED)
clkbuf_leaf_121_clk_dsp/X                10     12     -2 (VIOLATED)
clkbuf_leaf_12_clk_dsp/X                 10     12     -2 (VIOLATED)
clkbuf_leaf_145_clk_dsp/X                10     12     -2 (VIOLATED)
clkbuf_leaf_149_clk_dsp/X                10     12     -2 (VIOLATED)
clkbuf_leaf_162_clk_dsp/X                10     12     -2 (VIOLATED)
clkbuf_leaf_164_clk_dsp/X                10     12     -2 (VIOLATED)
clkbuf_leaf_170_clk_dsp/X                10     12     -2 (VIOLATED)
clkbuf_leaf_173_clk_dsp/X                10     12     -2 (VIOLATED)
clkbuf_leaf_212_clk_dsp/X                10     12     -2 (VIOLATED)
clkbuf_leaf_215_clk_dsp/X                10     12     -2 (VIOLATED)
clkbuf_leaf_218_clk_dsp/X                10     12     -2 (VIOLATED)
clkbuf_leaf_233_clk_dsp/X                10     12     -2 (VIOLATED)
clkbuf_leaf_235_clk_dsp/X                10     12     -2 (VIOLATED)
clkbuf_leaf_254_clk_dsp/X                10     12     -2 (VIOLATED)
clkbuf_leaf_30_clk_dsp/X                 10     12     -2 (VIOLATED)
clkbuf_leaf_4_clk_dsp/X                  10     12     -2 (VIOLATED)
clkbuf_leaf_52_clk_dsp/X                 10     12     -2 (VIOLATED)
clkbuf_leaf_59_clk_dsp/X                 10     12     -2 (VIOLATED)
clkbuf_leaf_71_clk_dsp/X                 10     12     -2 (VIOLATED)
clkbuf_leaf_76_clk_dsp/X                 10     12     -2 (VIOLATED)
clkbuf_leaf_7_clk_dsp/X                  10     12     -2 (VIOLATED)
clkbuf_leaf_91_clk_dsp/X                 10     12     -2 (VIOLATED)
clkbuf_leaf_94_clk_dsp/X                 10     12     -2 (VIOLATED)
clkbuf_leaf_98_clk_dsp/X                 10     12     -2 (VIOLATED)
fanout1048/X                             10     12     -2 (VIOLATED)
fanout1050/X                             10     12     -2 (VIOLATED)
fanout1161/X                             10     12     -2 (VIOLATED)
fanout1177/X                             10     12     -2 (VIOLATED)
fanout1192/X                             10     12     -2 (VIOLATED)
fanout1237/X                             10     12     -2 (VIOLATED)
fanout1248/X                             10     12     -2 (VIOLATED)
fanout1261/X                             10     12     -2 (VIOLATED)
fanout1267/X                             10     12     -2 (VIOLATED)
fanout1424/X                             10     12     -2 (VIOLATED)
fanout1459/X                             10     12     -2 (VIOLATED)
fanout1511/X                             10     12     -2 (VIOLATED)
fanout1558/X                             10     12     -2 (VIOLATED)
fanout1730/X                             10     12     -2 (VIOLATED)
fanout1739/X                             10     12     -2 (VIOLATED)
fanout1846/X                             10     12     -2 (VIOLATED)
fanout229/X                              10     12     -2 (VIOLATED)
fanout632/X                              10     12     -2 (VIOLATED)
fanout664/X                              10     12     -2 (VIOLATED)
fanout688/X                              10     12     -2 (VIOLATED)
fanout706/X                              10     12     -2 (VIOLATED)
fanout708/X                              10     12     -2 (VIOLATED)
fanout770/X                              10     12     -2 (VIOLATED)
fanout815/X                              10     12     -2 (VIOLATED)
fanout845/X                              10     12     -2 (VIOLATED)
fanout849/X                              10     12     -2 (VIOLATED)
fanout857/X                              10     12     -2 (VIOLATED)
fanout877/X                              10     12     -2 (VIOLATED)
fanout881/X                              10     12     -2 (VIOLATED)
fanout915/X                              10     12     -2 (VIOLATED)
fanout956/X                              10     12     -2 (VIOLATED)
fanout974/X                              10     12     -2 (VIOLATED)
_21772_/Y                                10     11        (VIOLATED)
_21926_/X                                10     11        (VIOLATED)
_22063_/Y                                10     11        (VIOLATED)
_22096_/Y                                10     11        (VIOLATED)
_22467_/X                                10     11        (VIOLATED)
_22758_/X                                10     11        (VIOLATED)
clkbuf_5_14__f_clk_dsp/X                 10     11        (VIOLATED)
clkbuf_5_24__f_clk_dsp/X                 10     11        (VIOLATED)
clkbuf_5_26__f_clk_dsp/X                 10     11        (VIOLATED)
clkbuf_5_8__f_clk_dsp/X                  10     11        (VIOLATED)
clkbuf_5_9__f_clk_dsp/X                  10     11        (VIOLATED)
clkbuf_leaf_0_clk_dsp/X                  10     11        (VIOLATED)
clkbuf_leaf_109_clk_dsp/X                10     11        (VIOLATED)
clkbuf_leaf_115_clk_dsp/X                10     11        (VIOLATED)
clkbuf_leaf_116_clk_dsp/X                10     11        (VIOLATED)
clkbuf_leaf_132_clk_dsp/X                10     11        (VIOLATED)
clkbuf_leaf_134_clk_dsp/X                10     11        (VIOLATED)
clkbuf_leaf_144_clk_dsp/X                10     11        (VIOLATED)
clkbuf_leaf_179_clk_dsp/X                10     11        (VIOLATED)
clkbuf_leaf_190_clk_dsp/X                10     11        (VIOLATED)
clkbuf_leaf_194_clk_dsp/X                10     11        (VIOLATED)
clkbuf_leaf_208_clk_dsp/X                10     11        (VIOLATED)
clkbuf_leaf_228_clk_dsp/X                10     11        (VIOLATED)
clkbuf_leaf_231_clk_dsp/X                10     11        (VIOLATED)
clkbuf_leaf_246_clk_dsp/X                10     11        (VIOLATED)
clkbuf_leaf_67_clk_dsp/X                 10     11        (VIOLATED)
clkbuf_leaf_75_clk_dsp/X                 10     11        (VIOLATED)
fanout1004/X                             10     11        (VIOLATED)
fanout1010/X                             10     11        (VIOLATED)
fanout1013/X                             10     11        (VIOLATED)
fanout1016/X                             10     11        (VIOLATED)
fanout1027/X                             10     11        (VIOLATED)
fanout1032/X                             10     11        (VIOLATED)
fanout1037/X                             10     11        (VIOLATED)
fanout1058/X                             10     11        (VIOLATED)
fanout1075/X                             10     11        (VIOLATED)
fanout1138/X                             10     11        (VIOLATED)
fanout1148/X                             10     11        (VIOLATED)
fanout1156/X                             10     11        (VIOLATED)
fanout1169/X                             10     11        (VIOLATED)
fanout1181/X                             10     11        (VIOLATED)
fanout1186/X                             10     11        (VIOLATED)
fanout1191/X                             10     11        (VIOLATED)
fanout1196/X                             10     11        (VIOLATED)
fanout1200/X                             10     11        (VIOLATED)
fanout1202/X                             10     11        (VIOLATED)
fanout1208/X                             10     11        (VIOLATED)
fanout1217/X                             10     11        (VIOLATED)
fanout1224/X                             10     11        (VIOLATED)
fanout1234/X                             10     11        (VIOLATED)
fanout1242/X                             10     11        (VIOLATED)
fanout1244/X                             10     11        (VIOLATED)
fanout1245/X                             10     11        (VIOLATED)
fanout1263/X                             10     11        (VIOLATED)
fanout1264/X                             10     11        (VIOLATED)
fanout1269/X                             10     11        (VIOLATED)
fanout1279/X                             10     11        (VIOLATED)
fanout1282/X                             10     11        (VIOLATED)
fanout1285/X                             10     11        (VIOLATED)
fanout1289/X                             10     11        (VIOLATED)
fanout1293/X                             10     11        (VIOLATED)
fanout1295/X                             10     11        (VIOLATED)
fanout1297/X                             10     11        (VIOLATED)
fanout1299/X                             10     11        (VIOLATED)
fanout1300/X                             10     11        (VIOLATED)
fanout1360/X                             10     11        (VIOLATED)
fanout1366/X                             10     11        (VIOLATED)
fanout1390/X                             10     11        (VIOLATED)
fanout1418/X                             10     11        (VIOLATED)
fanout1423/X                             10     11        (VIOLATED)
fanout1426/X                             10     11        (VIOLATED)
fanout1503/X                             10     11        (VIOLATED)
fanout1544/X                             10     11        (VIOLATED)
fanout1553/X                             10     11        (VIOLATED)
fanout1565/X                             10     11        (VIOLATED)
fanout1600/X                             10     11        (VIOLATED)
fanout1601/X                             10     11        (VIOLATED)
fanout1608/X                             10     11        (VIOLATED)
fanout1614/X                             10     11        (VIOLATED)
fanout1643/X                             10     11        (VIOLATED)
fanout1705/X                             10     11        (VIOLATED)
fanout1735/X                             10     11        (VIOLATED)
fanout1740/X                             10     11        (VIOLATED)
fanout220/X                              10     11        (VIOLATED)
fanout246/X                              10     11        (VIOLATED)
fanout401/X                              10     11        (VIOLATED)
fanout414/X                              10     11        (VIOLATED)
fanout488/X                              10     11        (VIOLATED)
fanout500/X                              10     11        (VIOLATED)
fanout536/X                              10     11        (VIOLATED)
fanout538/X                              10     11        (VIOLATED)
fanout581/X                              10     11        (VIOLATED)
fanout598/X                              10     11        (VIOLATED)
fanout606/X                              10     11        (VIOLATED)
fanout613/X                              10     11        (VIOLATED)
fanout620/X                              10     11        (VIOLATED)
fanout628/X                              10     11        (VIOLATED)
fanout644/X                              10     11        (VIOLATED)
fanout668/X                              10     11        (VIOLATED)
fanout689/X                              10     11        (VIOLATED)
fanout690/X                              10     11        (VIOLATED)
fanout700/X                              10     11        (VIOLATED)
fanout710/X                              10     11        (VIOLATED)
fanout714/X                              10     11        (VIOLATED)
fanout720/X                              10     11        (VIOLATED)
fanout746/X                              10     11        (VIOLATED)
fanout762/X                              10     11        (VIOLATED)
fanout778/X                              10     11        (VIOLATED)
fanout788/X                              10     11        (VIOLATED)
fanout790/X                              10     11        (VIOLATED)
fanout796/X                              10     11        (VIOLATED)
fanout808/X                              10     11        (VIOLATED)
fanout809/X                              10     11        (VIOLATED)
fanout811/X                              10     11        (VIOLATED)
fanout828/X                              10     11        (VIOLATED)
fanout832/X                              10     11        (VIOLATED)
fanout834/X                              10     11        (VIOLATED)
fanout836/X                              10     11        (VIOLATED)
fanout846/X                              10     11        (VIOLATED)
fanout854/X                              10     11        (VIOLATED)
fanout874/X                              10     11        (VIOLATED)
fanout876/X                              10     11        (VIOLATED)
fanout878/X                              10     11        (VIOLATED)
fanout884/X                              10     11        (VIOLATED)
fanout904/X                              10     11        (VIOLATED)
fanout920/X                              10     11        (VIOLATED)
fanout923/X                              10     11        (VIOLATED)
fanout939/X                              10     11        (VIOLATED)
fanout944/X                              10     11        (VIOLATED)
fanout948/X                              10     11        (VIOLATED)
fanout964/X                              10     11        (VIOLATED)
fanout988/X                              10     11        (VIOLATED)

max capacitance

Pin                                        Limit         Cap       Slack
------------------------------------------------------------------------
fanout1074/X                            0.200000    0.300688   -0.100688 (VIOLATED)
fanout1403/X                            0.200000    0.298656   -0.098656 (VIOLATED)
fanout1041/X                            0.200000    0.293855   -0.093855 (VIOLATED)
fanout995/X                             0.200000    0.293484   -0.093484 (VIOLATED)
fanout1037/X                            0.200000    0.272218   -0.072218 (VIOLATED)
_22420_/Y                               0.200000    0.264797   -0.064797 (VIOLATED)
fanout1052/X                            0.200000    0.264590   -0.064590 (VIOLATED)
fanout1614/X                            0.200000    0.256200   -0.056200 (VIOLATED)
_21934_/X                               0.200000    0.252479   -0.052479 (VIOLATED)
fanout1504/X                            0.200000    0.249181   -0.049181 (VIOLATED)
fanout811/X                             0.200000    0.245829   -0.045829 (VIOLATED)
clone91/X                               0.130015    0.174952   -0.044937 (VIOLATED)
fanout808/X                             0.200000    0.242138   -0.042138 (VIOLATED)
fanout1031/X                            0.200000    0.232742   -0.032742 (VIOLATED)
fanout778/X                             0.200000    0.230613   -0.030613 (VIOLATED)
_34599_/X                               0.200000    0.228575   -0.028575 (VIOLATED)
hold100/X                               0.200000    0.226121   -0.026121 (VIOLATED)
fanout980/X                             0.200000    0.224014   -0.024014 (VIOLATED)
fanout815/X                             0.200000    0.223738   -0.023738 (VIOLATED)
fanout821/X                             0.200000    0.223532   -0.023532 (VIOLATED)
fanout1045/X                            0.200000    0.223129   -0.023129 (VIOLATED)
fanout1566/X                            0.200000    0.219579   -0.019579 (VIOLATED)
_21811_/Y                               0.200000    0.218325   -0.018325 (VIOLATED)
_22195_/Y                               0.200000    0.218184   -0.018184 (VIOLATED)
fanout1511/X                            0.200000    0.218132   -0.018132 (VIOLATED)
fanout1087/X                            0.200000    0.216825   -0.016825 (VIOLATED)
fanout994/X                             0.200000    0.216319   -0.016319 (VIOLATED)
fanout732/X                             0.200000    0.215539   -0.015539 (VIOLATED)
fanout750/X                             0.200000    0.215366   -0.015366 (VIOLATED)
fanout963/X                             0.200000    0.215171   -0.015171 (VIOLATED)
fanout1426/X                            0.200000    0.214922   -0.014922 (VIOLATED)
fanout668/X                             0.200000    0.214675   -0.014675 (VIOLATED)
_22194_/Y                               0.200000    0.212997   -0.012997 (VIOLATED)
_21810_/Y                               0.200000    0.211675   -0.011675 (VIOLATED)
fanout860/X                             0.200000    0.211227   -0.011227 (VIOLATED)
fanout877/X                             0.200000    0.209161   -0.009161 (VIOLATED)
fanout920/X                             0.200000    0.209089   -0.009089 (VIOLATED)
fanout879/X                             0.200000    0.208996   -0.008996 (VIOLATED)
_44165_/Q                               0.200000    0.208751   -0.008751 (VIOLATED)
fanout1123/X                            0.200000    0.208536   -0.008536 (VIOLATED)
fanout878/X                             0.200000    0.205392   -0.005392 (VIOLATED)
fanout686/X                             0.200000    0.203945   -0.003945 (VIOLATED)
fanout1723/X                            0.200000    0.203300   -0.003300 (VIOLATED)



===========================================================================
report_parasitic_annotation -report_unannotated
============================================================================
Found 340 unannotated drivers.
 clk_2p4g
 rf_adc_q_in[0]
 rf_adc_q_in[10]
 rf_adc_q_in[11]
 rf_adc_q_in[12]
 rf_adc_q_in[13]
 rf_adc_q_in[14]
 rf_adc_q_in[15]
 rf_adc_q_in[1]
 rf_adc_q_in[2]
 rf_adc_q_in[3]
 rf_adc_q_in[4]
 rf_adc_q_in[5]
 rf_adc_q_in[6]
 rf_adc_q_in[7]
 rf_adc_q_in[8]
 rf_adc_q_in[9]
 _43579__2974/LO
 clkload0/Y
 clkload1/Y
 clkload10/Y
 clkload100/Y
 clkload101/Y
 clkload102/Y
 clkload103/Y
 clkload104/X
 clkload105/Y
 clkload106/Y
 clkload107/Y
 clkload108/Y
 clkload109/X
 clkload11/Y
 clkload110/Y
 clkload111/Y
 clkload112/Y
 clkload113/Y
 clkload114/Y
 clkload115/Y
 clkload116/Y
 clkload117/Y
 clkload118/Y
 clkload119/Y
 clkload12/Y
 clkload120/Y
 clkload121/Y
 clkload122/Y
 clkload123/Y
 clkload124/Y
 clkload125/Y
 clkload126/Y
 clkload127/Y
 clkload128/Y
 clkload129/Y
 clkload13/Y
 clkload130/Y
 clkload131/Y
 clkload132/X
 clkload133/Y
 clkload134/Y
 clkload135/X
 clkload136/Y
 clkload137/Y
 clkload138/Y
 clkload139/Y
 clkload14/X
 clkload140/Y
 clkload141/Y
 clkload142/X
 clkload143/Y
 clkload144/Y
 clkload145/Y
 clkload146/Y
 clkload147/Y
 clkload148/Y
 clkload149/X
 clkload15/Y
 clkload150/Y
 clkload151/X
 clkload152/Y
 clkload153/X
 clkload154/Y
 clkload155/Y
 clkload156/Y
 clkload157/Y
 clkload158/Y
 clkload159/Y
 clkload16/Y
 clkload160/Y
 clkload161/Y
 clkload162/Y
 clkload163/Y
 clkload164/Y
 clkload165/Y
 clkload166/Y
 clkload167/X
 clkload168/Y
 clkload169/Y
 clkload17/Y
 clkload170/Y
 clkload171/Y
 clkload172/Y
 clkload173/Y
 clkload174/Y
 clkload175/Y
 clkload176/Y
 clkload177/Y
 clkload178/Y
 clkload179/Y
 clkload18/Y
 clkload180/Y
 clkload181/Y
 clkload182/Y
 clkload183/Y
 clkload184/Y
 clkload185/X
 clkload186/X
 clkload187/Y
 clkload188/Y
 clkload189/Y
 clkload19/Y
 clkload190/Y
 clkload191/X
 clkload192/X
 clkload193/Y
 clkload194/Y
 clkload195/Y
 clkload196/Y
 clkload197/Y
 clkload198/Y
 clkload199/Y
 clkload2/Y
 clkload20/Y
 clkload200/X
 clkload201/Y
 clkload202/Y
 clkload203/Y
 clkload204/Y
 clkload205/Y
 clkload206/Y
 clkload207/Y
 clkload208/Y
 clkload209/Y
 clkload21/Y
 clkload210/X
 clkload211/Y
 clkload212/Y
 clkload213/Y
 clkload214/Y
 clkload215/Y
 clkload216/Y
 clkload217/Y
 clkload218/X
 clkload219/Y
 clkload22/Y
 clkload220/Y
 clkload221/Y
 clkload222/X
 clkload223/Y
 clkload224/Y
 clkload225/X
 clkload226/Y
 clkload227/Y
 clkload228/X
 clkload229/Y
 clkload23/Y
 clkload230/X
 clkload24/Y
 clkload25/Y
 clkload26/Y
 clkload27/Y
 clkload28/X
 clkload29/X
 clkload3/Y
 clkload30/Y
 clkload31/Y
 clkload32/Y
 clkload33/Y
 clkload34/Y
 clkload35/Y
 clkload36/Y
 clkload37/Y
 clkload38/Y
 clkload39/Y
 clkload4/X
 clkload40/Y
 clkload41/Y
 clkload42/Y
 clkload43/Y
 clkload44/Y
 clkload45/Y
 clkload46/Y
 clkload47/Y
 clkload48/Y
 clkload49/Y
 clkload5/Y
 clkload50/Y
 clkload51/Y
 clkload52/Y
 clkload53/X
 clkload54/Y
 clkload55/Y
 clkload56/Y
 clkload57/X
 clkload58/Y
 clkload59/Y
 clkload6/Y
 clkload60/X
 clkload61/X
 clkload62/X
 clkload63/Y
 clkload64/Y
 clkload65/Y
 clkload66/Y
 clkload67/Y
 clkload68/Y
 clkload69/Y
 clkload7/Y
 clkload70/Y
 clkload71/Y
 clkload72/Y
 clkload73/Y
 clkload74/Y
 clkload75/Y
 clkload76/Y
 clkload77/Y
 clkload78/Y
 clkload79/Y
 clkload8/X
 clkload80/X
 clkload81/Y
 clkload82/Y
 clkload83/X
 clkload84/X
 clkload85/Y
 clkload86/X
 clkload87/Y
 clkload88/Y
 clkload89/Y
 clkload9/X
 clkload90/Y
 clkload91/Y
 clkload92/Y
 clkload93/Y
 clkload94/Y
 clkload95/Y
 clkload96/Y
 clkload97/Y
 clkload98/Y
 clkload99/Y
 phase_099_top_integration_2883/HI
 phase_099_top_integration_2884/HI
 phase_099_top_integration_2885/HI
 phase_099_top_integration_2886/HI
 phase_099_top_integration_2887/HI
 phase_099_top_integration_2888/HI
 phase_099_top_integration_2889/HI
 phase_099_top_integration_2890/HI
 phase_099_top_integration_2891/HI
 phase_099_top_integration_2892/HI
 phase_099_top_integration_2893/HI
 phase_099_top_integration_2894/HI
 phase_099_top_integration_2895/HI
 phase_099_top_integration_2896/HI
 phase_099_top_integration_2897/HI
 phase_099_top_integration_2898/HI
 phase_099_top_integration_2899/HI
 phase_099_top_integration_2900/HI
 phase_099_top_integration_2901/HI
 phase_099_top_integration_2902/HI
 phase_099_top_integration_2903/HI
 phase_099_top_integration_2904/HI
 phase_099_top_integration_2905/HI
 phase_099_top_integration_2906/HI
 phase_099_top_integration_2907/HI
 phase_099_top_integration_2908/HI
 phase_099_top_integration_2909/HI
 phase_099_top_integration_2910/HI
 phase_099_top_integration_2911/HI
 phase_099_top_integration_2912/HI
 phase_099_top_integration_2913/HI
 phase_099_top_integration_2914/HI
 phase_099_top_integration_2915/HI
 phase_099_top_integration_2916/HI
 phase_099_top_integration_2917/HI
 phase_099_top_integration_2918/HI
 phase_099_top_integration_2919/HI
 phase_099_top_integration_2920/HI
 phase_099_top_integration_2921/HI
 phase_099_top_integration_2922/HI
 phase_099_top_integration_2923/HI
 phase_099_top_integration_2924/HI
 phase_099_top_integration_2925/HI
 phase_099_top_integration_2926/HI
 phase_099_top_integration_2927/HI
 phase_099_top_integration_2928/HI
 phase_099_top_integration_2929/HI
 phase_099_top_integration_2930/HI
 phase_099_top_integration_2931/HI
 phase_099_top_integration_2932/HI
 phase_099_top_integration_2933/HI
 phase_099_top_integration_2934/HI
 phase_099_top_integration_2935/HI
 phase_099_top_integration_2936/HI
 phase_099_top_integration_2937/HI
 phase_099_top_integration_2938/HI
 phase_099_top_integration_2939/HI
 phase_099_top_integration_2940/HI
 phase_099_top_integration_2941/HI
 phase_099_top_integration_2942/HI
 phase_099_top_integration_2943/HI
 phase_099_top_integration_2944/HI
 phase_099_top_integration_2945/HI
 phase_099_top_integration_2946/HI
 phase_099_top_integration_2947/HI
 phase_099_top_integration_2948/HI
 phase_099_top_integration_2949/HI
 phase_099_top_integration_2950/HI
 phase_099_top_integration_2951/HI
 phase_099_top_integration_2952/HI
 phase_099_top_integration_2953/HI
 phase_099_top_integration_2954/HI
 phase_099_top_integration_2955/HI
 phase_099_top_integration_2956/HI
 phase_099_top_integration_2957/HI
 phase_099_top_integration_2958/HI
 phase_099_top_integration_2959/HI
 phase_099_top_integration_2960/HI
 phase_099_top_integration_2961/HI
 phase_099_top_integration_2962/HI
 phase_099_top_integration_2963/HI
 phase_099_top_integration_2964/HI
 phase_099_top_integration_2965/HI
 phase_099_top_integration_2966/HI
 phase_099_top_integration_2967/HI
 phase_099_top_integration_2968/HI
 phase_099_top_integration_2969/HI
 phase_099_top_integration_2970/HI
 phase_099_top_integration_2971/HI
 phase_099_top_integration_2972/HI
 phase_099_top_integration_2973/HI
Found 0 partially unannotated drivers.

===========================================================================
max slew violation count 108
max fanout violation count 349
max cap violation count 43
============================================================================

===========================================================================
check_setup -verbose -unconstrained_endpoints -multiple_clock -no_clock -no_input_delay -loops -generated_clocks
===========================================================================
Warning: There are 92 unconstrained endpoints.
  module_status_flags_out[10]
  module_status_flags_out[11]
  module_status_flags_out[12]
  module_status_flags_out[14]
  module_status_flags_out[15]
  module_status_flags_out[16]
  module_status_flags_out[17]
  module_status_flags_out[18]
  module_status_flags_out[19]
  module_status_flags_out[21]
  module_status_flags_out[22]
  module_status_flags_out[23]
  module_status_flags_out[24]
  module_status_flags_out[25]
  module_status_flags_out[26]
  module_status_flags_out[27]
  module_status_flags_out[28]
  module_status_flags_out[29]
  module_status_flags_out[30]
  module_status_flags_out[31]
  module_status_flags_out[32]
  module_status_flags_out[33]
  module_status_flags_out[34]
  module_status_flags_out[35]
  module_status_flags_out[36]
  module_status_flags_out[37]
  module_status_flags_out[38]
  module_status_flags_out[39]
  module_status_flags_out[3]
  module_status_flags_out[40]
  module_status_flags_out[41]
  module_status_flags_out[42]
  module_status_flags_out[43]
  module_status_flags_out[44]
  module_status_flags_out[45]
  module_status_flags_out[46]
  module_status_flags_out[47]
  module_status_flags_out[48]
  module_status_flags_out[49]
  module_status_flags_out[4]
  module_status_flags_out[50]
  module_status_flags_out[51]
  module_status_flags_out[52]
  module_status_flags_out[53]
  module_status_flags_out[54]
  module_status_flags_out[55]
  module_status_flags_out[56]
  module_status_flags_out[57]
  module_status_flags_out[58]
  module_status_flags_out[59]
  module_status_flags_out[5]
  module_status_flags_out[60]
  module_status_flags_out[61]
  module_status_flags_out[62]
  module_status_flags_out[63]
  module_status_flags_out[64]
  module_status_flags_out[65]
  module_status_flags_out[66]
  module_status_flags_out[67]
  module_status_flags_out[68]
  module_status_flags_out[69]
  module_status_flags_out[6]
  module_status_flags_out[70]
  module_status_flags_out[71]
  module_status_flags_out[72]
  module_status_flags_out[73]
  module_status_flags_out[74]
  module_status_flags_out[75]
  module_status_flags_out[76]
  module_status_flags_out[77]
  module_status_flags_out[78]
  module_status_flags_out[79]
  module_status_flags_out[7]
  module_status_flags_out[80]
  module_status_flags_out[81]
  module_status_flags_out[82]
  module_status_flags_out[83]
  module_status_flags_out[84]
  module_status_flags_out[85]
  module_status_flags_out[86]
  module_status_flags_out[87]
  module_status_flags_out[88]
  module_status_flags_out[89]
  module_status_flags_out[90]
  module_status_flags_out[91]
  module_status_flags_out[92]
  module_status_flags_out[93]
  module_status_flags_out[94]
  module_status_flags_out[95]
  module_status_flags_out[96]
  module_status_flags_out[97]
  _43579_/D
