Clock: clk_dsp
Sources: clk_dsp 
Generated: no
Virtual: yes
Propagated: no
Period: 5.000000

===========================================================================
report_clock_properties
============================================================================
Clock                   Period          Waveform
----------------------------------------------------
clk_dsp               5.000000    0.000000  2.500000

===========================================================================
report_clock_latency
============================================================================
Clock clk_dsp
rise -> rise
    min     max
0.000000 0.000000 source latency
1.495246         network latency _46248_/CLK
        1.766994 network latency _45510_/CLK
---------------
1.495246 1.766994 latency
        0.271748 skew

fall -> fall
    min     max
0.000000 0.000000 source latency
1.218610         network latency _46248_/CLK
        1.459694 network latency _44646_/CLK
---------------
1.218610 1.459694 latency
        0.241083 skew



===========================================================================
report_clock_min_period
============================================================================
clk_dsp period_min = 14.44 fmax = 69.24
