
===========================================================================
 report_power
============================================================================
======================= nom_tt_025C_1v80 Corner ===================================

Group                    Internal    Switching      Leakage        Total
                            Power        Power        Power        Power (Watts)
------------------------------------------------------------------------
Sequential           2.304471e-02 1.761359e-06 3.931958e-08 2.304651e-02  53.8%
Combinational        2.203904e-04 6.675391e-04 1.150404e-07 8.880445e-04   2.1%
Clock                8.555145e-03 1.031075e-02 9.353653e-08 1.886599e-02  44.1%
Macro                0.000000e+00 0.000000e+00 0.000000e+00 0.000000e+00   0.0%
Pad                  0.000000e+00 0.000000e+00 0.000000e+00 0.000000e+00   0.0%
------------------------------------------------------------------------
Total                3.182023e-02 1.098006e-02 2.479265e-07 4.280054e-02 100.0%
                            74.3%        25.7%         0.0%

