
===========================================================================
Violator List
============================================================================
[hold in-reg] rf_adc_i_in[12] -> _43788_/D : -0.083396
[hold in-reg] rf_adc_i_in[11] -> _43787_/D : -0.076269
[hold in-reg] rf_adc_i_in[6] -> _43781_/D : -0.066369
[hold in-reg] rf_adc_i_in[7] -> _43782_/D : -0.039795
[hold in-reg] rf_adc_i_in[8] -> _43783_/D : -0.039732
[hold in-reg] rf_adc_i_in[1] -> _43777_/D : -0.037226
[hold in-reg] rf_adc_i_in[3] -> _43778_/D : -0.032521
[hold in-reg] rf_adc_i_in[4] -> _43779_/D : -0.015342
[hold in-reg] rf_adc_i_in[1] -> _43776_/D : -0.013144
[hold in-reg] rf_adc_i_in[5] -> _43780_/D : -0.004723
[setup reg-reg] _46159_/Q -> _46279_/D : -9.441996
[setup reg-reg] _46159_/Q -> _46276_/D : -9.440381
[setup reg-reg] _46159_/Q -> _46277_/D : -9.431355
[setup reg-reg] _46159_/Q -> _46283_/D : -9.426121
[setup reg-reg] _46159_/Q -> _46282_/D : -9.423506
[setup reg-reg] _46159_/Q -> _46278_/D : -9.421049
[setup reg-reg] _46159_/Q -> _46290_/D : -9.410094
[setup reg-reg] _46159_/Q -> _46288_/D : -9.398672
[setup reg-reg] _46159_/Q -> _46286_/D : -9.398598
[setup reg-reg] _46159_/Q -> _46280_/D : -9.395859
[setup reg-reg] _46159_/Q -> _46285_/D : -9.394777
[setup reg-reg] _46159_/Q -> _46281_/D : -9.394490
[setup reg-reg] _46159_/Q -> _46284_/D : -9.391268
[setup reg-reg] _46159_/Q -> _46287_/D : -9.383502
[setup reg-reg] _46159_/Q -> _46289_/D : -9.318787
[setup reg-reg] _46159_/Q -> _46248_/D : -9.253304
[setup reg-reg] _46159_/Q -> _46249_/D : -9.231039
[setup reg-reg] _46159_/Q -> _46243_/D : -9.230971
[setup reg-reg] _46159_/Q -> _46247_/D : -9.225899
[setup reg-reg] _46159_/Q -> _46244_/D : -9.223019
[setup reg-reg] _46159_/Q -> _46245_/D : -9.220623
[setup reg-reg] _46159_/Q -> _46256_/D : -9.203977
[setup reg-reg] _46159_/Q -> _46246_/D : -9.193357
[setup reg-reg] _43517_/Q -> _43578_/D : -9.151434
[setup reg-reg] _46159_/Q -> _46254_/D : -9.146950
[setup reg-reg] _46159_/Q -> _46255_/D : -9.134192
[setup reg-reg] _43517_/Q -> _43595_/D : -9.129892
[setup reg-reg] _46159_/Q -> _46257_/D : -9.120479
[setup reg-reg] _46159_/Q -> _46251_/D : -9.118760
[setup reg-reg] _46159_/Q -> _46253_/D : -9.117258
[setup reg-reg] _46159_/Q -> _46252_/D : -9.112517
[setup reg-reg] _43517_/Q -> _43577_/D : -9.107766
[setup reg-reg] _46159_/Q -> _46250_/D : -9.103373
[setup reg-reg] _43517_/Q -> _43576_/D : -9.085324
[setup reg-reg] _43517_/Q -> _43594_/D : -9.060099
[setup reg-reg] _46159_/Q -> _46258_/D : -9.010078
[setup reg-reg] _43517_/Q -> _43575_/D : -8.946913
[setup reg-reg] _46159_/Q -> _46291_/D : -8.919635
[setup reg-reg] _43517_/Q -> _43591_/D : -8.899635
[setup reg-reg] _43517_/Q -> _43593_/D : -8.845115
[setup reg-reg] _43517_/Q -> _43574_/D : -8.788822
[setup reg-reg] _43517_/Q -> _43572_/D : -8.773522
[setup reg-reg] _43517_/Q -> _43592_/D : -8.758173
[setup reg-reg] _43517_/Q -> _43590_/D : -8.649920
[setup reg-reg] _43517_/Q -> _43588_/D : -8.648771
[setup reg-reg] _43517_/Q -> _43573_/D : -8.612221
[setup reg-reg] _43517_/Q -> _43589_/D : -8.599775
[setup reg-reg] _43517_/Q -> _43587_/D : -8.546076
[setup reg-reg] _43517_/Q -> _43571_/D : -8.440166
[setup reg-reg] _43517_/Q -> _43586_/D : -8.429253
[setup reg-reg] _43517_/Q -> _43570_/D : -8.214818
[setup reg-reg] _43517_/Q -> _43569_/D : -8.206217
[setup reg-reg] _43517_/Q -> _43568_/D : -8.163557
[setup reg-reg] _43517_/Q -> _43585_/D : -8.155015
[setup reg-reg] _43517_/Q -> _43567_/D : -8.018452
[setup reg-reg] _43517_/Q -> _43584_/D : -7.854455
[setup reg-reg] _43517_/Q -> _43566_/D : -7.760862
[setup reg-reg] _43517_/Q -> _43583_/D : -7.671229
[setup reg-reg] _43517_/Q -> _43565_/D : -7.635013
[setup reg-reg] _43517_/Q -> _43581_/D : -7.521630
[setup reg-reg] _43517_/Q -> _43582_/D : -7.512872
[setup reg-reg] _43517_/Q -> _43564_/D : -7.309743
[setup reg-reg] _43517_/Q -> _43563_/D : -6.880084
[setup reg-reg] _43517_/Q -> _43580_/D : -6.838478
[setup reg-reg] _44012_/Q -> _44006_/D : -3.421557
[setup reg-reg] _44012_/Q -> _44005_/D : -3.260364
[setup reg-reg] _44012_/Q -> _44004_/D : -3.105185
[setup reg-reg] _43580_/Q -> _43802_/D : -2.982926
[setup reg-reg] _44012_/Q -> _44003_/D : -2.944860
[setup reg-reg] _44091_/Q -> _44128_/D : -2.943802
[setup reg-reg] _44091_/Q -> _44129_/D : -2.920575
[setup reg-reg] _44091_/Q -> _44126_/D : -2.790075
[setup reg-reg] _44091_/Q -> _44127_/D : -2.789020
[setup reg-reg] _44012_/Q -> _44002_/D : -2.765673
[setup reg-reg] _43580_/Q -> _43801_/D : -2.734801
[setup reg-reg] _44091_/Q -> _44125_/D : -2.679145
[setup reg-reg] _44012_/Q -> _44001_/D : -2.593435
[setup reg-reg] _43580_/Q -> _43800_/D : -2.560475
[setup reg-reg] _44091_/Q -> _44124_/D : -2.526137
[setup reg-reg] _44012_/Q -> _44000_/D : -2.383251
[setup reg-reg] _44091_/Q -> _44123_/D : -2.248948
[setup reg-reg] _43580_/Q -> _43798_/D : -2.207186
[setup reg-reg] _44012_/Q -> _43999_/D : -2.193823
[setup reg-reg] _43580_/Q -> _43799_/D : -2.140685
[setup reg-reg] _44012_/Q -> _43998_/D : -2.034523
[setup reg-reg] _44091_/Q -> _44122_/D : -1.998323
[setup reg-reg] _43580_/Q -> _43797_/D : -1.998175
[setup reg-reg] _44091_/Q -> _44121_/D : -1.907948
[setup reg-reg] _44012_/Q -> _43997_/D : -1.888021
[setup reg-reg] _43580_/Q -> _43796_/D : -1.764977
[setup reg-reg] _44091_/Q -> _44120_/D : -1.754930
[setup reg-reg] _44012_/Q -> _43996_/D : -1.753992
[setup reg-reg] _44179_/Q -> _43751_/D : -1.736875
[setup reg-reg] _44091_/Q -> _44119_/D : -1.635887
[setup reg-reg] _43725_/Q -> _43723_/D : -1.606103
[setup reg-reg] _43580_/Q -> _43795_/D : -1.568681
[setup reg-reg] _44179_/Q -> _43750_/D : -1.557414
[setup reg-reg] _44012_/Q -> _43994_/D : -1.540128
[setup reg-reg] _44012_/Q -> _43995_/D : -1.513154
[setup reg-reg] _43725_/Q -> _43722_/D : -1.474329
[setup reg-reg] _44091_/Q -> _44118_/D : -1.461126
[setup reg-reg] _44179_/Q -> _43749_/D : -1.359478
[setup reg-reg] _43580_/Q -> _43794_/D : -1.350065
[setup reg-reg] _44091_/Q -> _44117_/D : -1.328606
[setup reg-reg] _43725_/Q -> _43721_/D : -1.276304
[setup reg-reg] _44179_/Q -> _44205_/D : -1.266457
[setup reg-reg] _44091_/Q -> _44116_/D : -1.206294
[setup reg-reg] _43805_/Q -> _43831_/D : -1.196851
[setup reg-reg] _43580_/Q -> _43793_/D : -1.153925
[setup reg-reg] _44179_/Q -> _43748_/D : -1.126797
[setup reg-reg] _44179_/Q -> _44204_/D : -1.126376
[setup reg-reg] _44010_/Q -> _43993_/D : -1.102963
[setup reg-reg] _43805_/Q -> _43830_/D : -1.102165
[setup reg-reg] _43697_/Q -> _43695_/D : -1.090767
[setup reg-reg] _44010_/Q -> _43992_/D : -1.045544
[setup reg-reg] _43725_/Q -> _43720_/D : -1.045156
[setup reg-reg] _44179_/Q -> _44203_/D : -1.003334
[setup reg-reg] _44091_/Q -> _44114_/D : -0.997392
[setup reg-reg] _44179_/Q -> _43747_/D : -0.982446
[setup reg-reg] _44091_/Q -> _44115_/D : -0.968532
[setup reg-reg] _43697_/Q -> _43694_/D : -0.951289
[setup reg-reg] _43580_/Q -> _43792_/D : -0.944178
[setup reg-reg] _43805_/Q -> _43829_/D : -0.933991
[setup reg-reg] _44012_/Q -> _43991_/D : -0.901997
[setup reg-reg] _43725_/Q -> _43719_/D : -0.879187
[setup reg-reg] _44179_/Q -> _44202_/D : -0.833641
[setup reg-reg] _43805_/Q -> _43828_/D : -0.783618
[setup reg-reg] _44179_/Q -> _43746_/D : -0.782447
[setup reg-reg] _44091_/Q -> _44113_/D : -0.781875
[setup reg-reg] _43697_/Q -> _43693_/D : -0.725481
[setup reg-reg] _43580_/Q -> _43790_/D : -0.707550
[setup reg-reg] _43725_/Q -> _43718_/D : -0.699349
[setup reg-reg] _43580_/Q -> _43791_/D : -0.685255
[setup reg-reg] _44179_/Q -> _44201_/D : -0.655164
[setup reg-reg] _44179_/Q -> _43745_/D : -0.653796
[setup reg-reg] _43580_/Q -> _43789_/D : -0.620608
[setup reg-reg] _43725_/Q -> _43717_/D : -0.592385
[setup reg-reg] _43697_/Q -> _43692_/D : -0.579401
[setup reg-reg] _43805_/Q -> _43827_/D : -0.556530
[setup reg-reg] _44091_/Q -> _44112_/D : -0.536463
[setup reg-reg] _44179_/Q -> _44200_/D : -0.530597
[setup reg-reg] _44010_/Q -> _43990_/D : -0.485546
[setup reg-reg] _43697_/Q -> _43691_/D : -0.482845
[setup reg-reg] _43805_/Q -> _43826_/D : -0.475972
[setup reg-reg] _44179_/Q -> _43744_/D : -0.459081
[setup reg-reg] _44179_/Q -> _44199_/D : -0.407657
[setup reg-reg] _44091_/Q -> _44111_/D : -0.377390
[setup reg-reg] _43725_/Q -> _43716_/D : -0.369805
[setup reg-reg] _43805_/Q -> _43825_/D : -0.334051
[setup reg-reg] _43697_/Q -> _43690_/D : -0.301677
[setup reg-reg] _44179_/Q -> _43743_/D : -0.299510
[setup reg-reg] _44010_/Q -> _43989_/D : -0.260993
[setup reg-reg] _44012_/Q -> _43988_/D : -0.257162
[setup reg-reg] _44179_/Q -> _44198_/D : -0.236683
[setup reg-reg] _43580_/Q -> _43788_/D : -0.217488
[setup reg-reg] _43725_/Q -> _43715_/D : -0.207295
[setup reg-reg] _43805_/Q -> _43824_/D : -0.160763
[setup reg-reg] _44091_/Q -> _44110_/D : -0.117305
[setup reg-reg] _44179_/Q -> _44197_/D : -0.098846
[setup reg-reg] _44179_/Q -> _43742_/D : -0.065059
[setup reg-reg] _43697_/Q -> _43689_/D : -0.059994
[setup reg-reg] _44012_/Q -> _43987_/D : -0.038942
[setup reg-reg] _43805_/Q -> _43823_/D : -0.025440
[setup reg-reg] _43725_/Q -> _43714_/D : -0.000019
