
===========================================================================
report_checks -unconstrained
===========================================================================
======================= nom_ff_n40C_1v95 Corner ===================================

Startpoint: rst_n (input port clocked by clk_dsp)
Endpoint: _44061_ (recovery check against rising-edge clock clk_dsp)
Path Group: asynchronous
Path Type: max

Fanout         Cap        Slew       Delay        Time   Description
---------------------------------------------------------------------------------------------
                                  0.000000    0.000000   clock clk_dsp (rise edge)
                                  0.000000    0.000000   clock network delay (propagated)
                                  1.000000    1.000000 ^ input external delay
     1    0.002680    0.013489    0.006927    1.006927 ^ rst_n (in)
                                                         rst_n (net)
                      0.013489    0.000000    1.006927 ^ hold102/A (sky130_fd_sc_hd__dlygate4sd3_1)
     1    0.002626    0.036217    0.365606    1.372533 ^ hold102/X (sky130_fd_sc_hd__dlygate4sd3_1)
                                                         net3075 (net)
                      0.036217    0.000050    1.372582 ^ input17/A (sky130_fd_sc_hd__buf_4)
     1    0.066688    0.140885    0.143992    1.516575 ^ input17/X (sky130_fd_sc_hd__buf_4)
                                                         net17 (net)
                      0.145207    0.019369    1.535943 ^ fanout2882/A (sky130_fd_sc_hd__buf_12)
     1    0.036110    0.042683    0.089008    1.624951 ^ fanout2882/X (sky130_fd_sc_hd__buf_12)
                                                         net2882 (net)
                      0.043603    0.004890    1.629841 ^ hold92/A (sky130_fd_sc_hd__buf_12)
     2    0.035003    0.040410    0.076348    1.706188 ^ hold92/X (sky130_fd_sc_hd__buf_12)
                                                         net3065 (net)
                      0.040880    0.003379    1.709568 ^ hold94/A (sky130_fd_sc_hd__buf_12)
     1    0.025923    0.033165    0.070391    1.779959 ^ hold94/X (sky130_fd_sc_hd__buf_12)
                                                         net3067 (net)
                      0.033652    0.003078    1.783036 ^ hold96/A (sky130_fd_sc_hd__buf_12)
     1    0.050162    0.051514    0.080949    1.863985 ^ hold96/X (sky130_fd_sc_hd__buf_12)
                                                         net3069 (net)
                      0.055188    0.010584    1.874570 ^ hold98/A (sky130_fd_sc_hd__buf_12)
     5    0.124105    0.112071    0.129817    2.004387 ^ hold98/X (sky130_fd_sc_hd__buf_12)
                                                         net3071 (net)
                      0.112616    0.006302    2.010689 ^ fanout2830/A (sky130_fd_sc_hd__buf_6)
     6    0.134274    0.200779    0.193978    2.204667 ^ fanout2830/X (sky130_fd_sc_hd__buf_6)
                                                         net2830 (net)
                      0.201661    0.010852    2.215519 ^ hold99/A (sky130_fd_sc_hd__dlygate4sd3_1)
     2    0.034819    0.265124    0.557060    2.772579 ^ hold99/X (sky130_fd_sc_hd__dlygate4sd3_1)
                                                         net3072 (net)
                      0.265147    0.002622    2.775201 ^ fanout2790/A (sky130_fd_sc_hd__buf_2)
     5    0.050290    0.185069    0.212853    2.988054 ^ fanout2790/X (sky130_fd_sc_hd__buf_2)
                                                         net2790 (net)
                      0.185084    0.001359    2.989413 ^ fanout2789/A (sky130_fd_sc_hd__buf_2)
     7    0.047057    0.173662    0.195948    3.185362 ^ fanout2789/X (sky130_fd_sc_hd__buf_2)
                                                         net2789 (net)
                      0.173672    0.001095    3.186456 ^ fanout2780/A (sky130_fd_sc_hd__clkbuf_4)
    10    0.051147    0.120873    0.184805    3.371262 ^ fanout2780/X (sky130_fd_sc_hd__clkbuf_4)
                                                         net2780 (net)
                      0.120936    0.001064    3.372326 ^ fanout2779/A (sky130_fd_sc_hd__clkbuf_4)
    10    0.047199    0.112236    0.170791    3.543116 ^ fanout2779/X (sky130_fd_sc_hd__clkbuf_4)
                                                         net2779 (net)
                      0.112246    0.001113    3.544230 ^ _44061_/RESET_B (sky130_fd_sc_hd__dfrtp_1)
                                              3.544230   data arrival time

                                  5.000000    5.000000   clock clk_dsp (rise edge)
                                  0.000000    5.000000   clock source latency
     2    0.154178    0.526656    0.392702    5.392703 ^ clk_dsp (in)
                                                         clk_dsp (net)
                      0.551627    0.000000    5.392703 ^ clkbuf_0_clk_dsp/A (sky130_fd_sc_hd__clkbuf_16)
     4    0.127541    0.113339    0.200282    5.592985 ^ clkbuf_0_clk_dsp/X (sky130_fd_sc_hd__clkbuf_16)
                                                         clknet_0_clk_dsp (net)
                      0.113714    0.005155    5.598140 ^ clkbuf_2_2_0_clk_dsp/A (sky130_fd_sc_hd__clkbuf_8)
     4    0.075434    0.105247    0.156576    5.754716 ^ clkbuf_2_2_0_clk_dsp/X (sky130_fd_sc_hd__clkbuf_8)
                                                         clknet_2_2_0_clk_dsp (net)
                      0.105598    0.005008    5.759725 ^ clkbuf_4_9_0_clk_dsp/A (sky130_fd_sc_hd__clkbuf_8)
     2    0.037312    0.058586    0.123995    5.883720 ^ clkbuf_4_9_0_clk_dsp/X (sky130_fd_sc_hd__clkbuf_8)
                                                         clknet_4_9_0_clk_dsp (net)
                      0.058673    0.001225    5.884945 ^ clkbuf_5_18__f_clk_dsp/A (sky130_fd_sc_hd__clkbuf_16)
     7    0.063233    0.061953    0.116571    6.001516 ^ clkbuf_5_18__f_clk_dsp/X (sky130_fd_sc_hd__clkbuf_16)
                                                         clknet_5_18__leaf_clk_dsp (net)
                      0.062006    0.001450    6.002966 ^ clkbuf_leaf_57_clk_dsp/A (sky130_fd_sc_hd__clkbuf_8)
    18    0.054230    0.078649    0.127806    6.130772 ^ clkbuf_leaf_57_clk_dsp/X (sky130_fd_sc_hd__clkbuf_8)
                                                         clknet_leaf_57_clk_dsp (net)
                      0.078667    0.001167    6.131938 ^ _44061_/CLK (sky130_fd_sc_hd__dfrtp_1)
                                 -0.250000    5.881938   clock uncertainty
                                  0.000000    5.881938   clock reconvergence pessimism
                                  0.135753    6.017692   library recovery time
                                              6.017692   data required time
---------------------------------------------------------------------------------------------
                                              6.017692   data required time
                                             -3.544230   data arrival time
---------------------------------------------------------------------------------------------
                                              2.473462   slack (MET)


Startpoint: _46159_ (rising edge-triggered flip-flop clocked by clk_dsp)
Endpoint: _46276_ (rising edge-triggered flip-flop clocked by clk_dsp)
Path Group: clk_dsp
Path Type: max

Fanout         Cap        Slew       Delay        Time   Description
---------------------------------------------------------------------------------------------
                                  0.000000    0.000000   clock clk_dsp (rise edge)
                                  0.000000    0.000000   clock source latency
     2    0.154178    0.526656    0.392702    0.392702 ^ clk_dsp (in)
                                                         clk_dsp (net)
                      0.551627    0.000000    0.392702 ^ clkbuf_0_clk_dsp/A (sky130_fd_sc_hd__clkbuf_16)
     4    0.127541    0.113339    0.200282    0.592984 ^ clkbuf_0_clk_dsp/X (sky130_fd_sc_hd__clkbuf_16)
                                                         clknet_0_clk_dsp (net)
                      0.113629    0.004553    0.597538 ^ clkbuf_2_3_0_clk_dsp/A (sky130_fd_sc_hd__clkbuf_8)
     4    0.074621    0.104987    0.155678    0.753215 ^ clkbuf_2_3_0_clk_dsp/X (sky130_fd_sc_hd__clkbuf_8)
                                                         clknet_2_3_0_clk_dsp (net)
                      0.106168    0.008921    0.762136 ^ clkbuf_4_15_0_clk_dsp/A (sky130_fd_sc_hd__clkbuf_8)
     2    0.055006    0.080209    0.139616    0.901752 ^ clkbuf_4_15_0_clk_dsp/X (sky130_fd_sc_hd__clkbuf_8)
                                                         clknet_4_15_0_clk_dsp (net)
                      0.080343    0.002640    0.904392 ^ clkbuf_5_30__f_clk_dsp/A (sky130_fd_sc_hd__clkbuf_16)
     9    0.114379    0.099919    0.148999    1.053392 ^ clkbuf_5_30__f_clk_dsp/X (sky130_fd_sc_hd__clkbuf_16)
                                                         clknet_5_30__leaf_clk_dsp (net)
                      0.100178    0.004149    1.057541 ^ clkbuf_leaf_144_clk_dsp/A (sky130_fd_sc_hd__clkbuf_8)
    11    0.043132    0.065421    0.128091    1.185632 ^ clkbuf_leaf_144_clk_dsp/X (sky130_fd_sc_hd__clkbuf_8)
                                                         clknet_leaf_144_clk_dsp (net)
                      0.065425    0.000591    1.186223 ^ _46159_/CLK (sky130_fd_sc_hd__dfrtp_1)
     4    0.020623    0.081890    0.286590    1.472814 v _46159_/Q (sky130_fd_sc_hd__dfrtp_1)
                                                         u_phase_009_fft.out_cnt[3] (net)
                      0.081891    0.000478    1.473291 v fanout1762/A (sky130_fd_sc_hd__buf_4)
     5    0.023378    0.034864    0.124266    1.597557 v fanout1762/X (sky130_fd_sc_hd__buf_4)
                                                         net1762 (net)
                      0.034879    0.000676    1.598233 v fanout1761/A (sky130_fd_sc_hd__buf_4)
    10    0.042384    0.049223    0.118398    1.716631 v fanout1761/X (sky130_fd_sc_hd__buf_4)
                                                         net1761 (net)
                      0.049263    0.001274    1.717906 v _34555_/A_N (sky130_fd_sc_hd__and4bb_1)
     1    0.017565    0.138943    0.232215    1.950121 ^ _34555_/X (sky130_fd_sc_hd__and4bb_1)
                                                         _08581_ (net)
                      0.138953    0.001325    1.951445 ^ fanout1258/A (sky130_fd_sc_hd__clkbuf_8)
     6    0.127403    0.171020    0.198400    2.149845 ^ fanout1258/X (sky130_fd_sc_hd__clkbuf_8)
                                                         net1258 (net)
                      0.175462    0.021843    2.171689 ^ fanout1254/A (sky130_fd_sc_hd__clkbuf_4)
    10    0.075872    0.174936    0.220251    2.391940 ^ fanout1254/X (sky130_fd_sc_hd__clkbuf_4)
                                                         net1254 (net)
                      0.175267    0.006249    2.398188 ^ _34557_/B (sky130_fd_sc_hd__and2_4)
     4    0.068340    0.151269    0.196251    2.594440 ^ _34557_/X (sky130_fd_sc_hd__and2_4)
                                                         _08583_ (net)
                      0.152212    0.009625    2.604064 ^ clone91/A (sky130_fd_sc_hd__clkbuf_1)
    10    0.174565    1.493945    1.060076    3.664140 ^ clone91/X (sky130_fd_sc_hd__clkbuf_1)
                                                         net3064 (net)
                      1.493959    0.003950    3.668090 ^ fanout921/A (sky130_fd_sc_hd__clkbuf_8)
    10    0.115574    0.169083    0.216853    3.884942 ^ fanout921/X (sky130_fd_sc_hd__clkbuf_8)
                                                         net921 (net)
                      0.171649    0.016104    3.901046 ^ _35023_/A2 (sky130_fd_sc_hd__a22o_1)
     1    0.003106    0.034107    0.095005    3.996051 ^ _35023_/X (sky130_fd_sc_hd__a22o_1)
                                                         _09049_ (net)
                      0.034107    0.000092    3.996143 ^ _35024_/C1 (sky130_fd_sc_hd__a211o_1)
     1    0.007961    0.060267    0.076629    4.072772 ^ _35024_/X (sky130_fd_sc_hd__a211o_1)
                                                         _09050_ (net)
                      0.060267    0.000345    4.073117 ^ _35025_/C1 (sky130_fd_sc_hd__a211o_1)
     1    0.006079    0.049379    0.073265    4.146382 ^ _35025_/X (sky130_fd_sc_hd__a211o_1)
                                                         _09051_ (net)
                      0.049379    0.000265    4.146646 ^ _35034_/C (sky130_fd_sc_hd__or4_1)
     1    0.016960    0.121199    0.135248    4.281895 ^ _35034_/X (sky130_fd_sc_hd__or4_1)
                                                         _09060_ (net)
                      0.121212    0.001034    4.282929 ^ _35035_/A3 (sky130_fd_sc_hd__o32a_4)
     2    0.098755    0.210347    0.228161    4.511090 ^ _35035_/X (sky130_fd_sc_hd__o32a_4)
                                                         _09061_ (net)
                      0.211178    0.010762    4.521852 ^ fanout248/A (sky130_fd_sc_hd__buf_6)
     7    0.161153    0.240395    0.219229    4.741081 ^ fanout248/X (sky130_fd_sc_hd__buf_6)
                                                         net248 (net)
                      0.240455    0.003280    4.744360 ^ fanout246/A (sky130_fd_sc_hd__buf_4)
    11    0.103608    0.215849    0.226827    4.971187 ^ fanout246/X (sky130_fd_sc_hd__buf_4)
                                                         net246 (net)
                      0.215967    0.004255    4.975442 ^ _35036_/A (sky130_fd_sc_hd__inv_2)
     2    0.073843    0.142169    0.133452    5.108894 v _35036_/Y (sky130_fd_sc_hd__inv_2)
                                                         _09062_ (net)
                      0.142174    0.000726    5.109620 v fanout229/A (sky130_fd_sc_hd__clkbuf_8)
    12    0.129530    0.101381    0.188806    5.298425 v fanout229/X (sky130_fd_sc_hd__clkbuf_8)
                                                         net229 (net)
                      0.119102    0.032292    5.330718 v _41275_/B (sky130_fd_sc_hd__nor3_1)
     3    0.011113    0.250309    0.250745    5.581463 ^ _41275_/Y (sky130_fd_sc_hd__nor3_1)
                                                         _15269_ (net)
                      0.250310    0.000282    5.581745 ^ _41277_/A (sky130_fd_sc_hd__nor2_1)
     2    0.006208    0.065726    0.050868    5.632613 v _41277_/Y (sky130_fd_sc_hd__nor2_1)
                                                         _15271_ (net)
                      0.065726    0.000119    5.632732 v _41278_/C (sky130_fd_sc_hd__and3_1)
     3    0.008554    0.044445    0.144162    5.776895 v _41278_/X (sky130_fd_sc_hd__and3_1)
                                                         _15272_ (net)
                      0.044445    0.000185    5.777080 v _41429_/A (sky130_fd_sc_hd__or2_1)
     2    0.007472    0.047562    0.153643    5.930723 v _41429_/X (sky130_fd_sc_hd__or2_1)
                                                         _15423_ (net)
                      0.047562    0.000220    5.930943 v _41436_/B (sky130_fd_sc_hd__xnor2_1)
     2    0.006967    0.139197    0.135040    6.065983 ^ _41436_/Y (sky130_fd_sc_hd__xnor2_1)
                                                         _15430_ (net)
                      0.139197    0.000173    6.066157 ^ _41437_/B (sky130_fd_sc_hd__nand2_1)
     3    0.014653    0.077678    0.088505    6.154661 v _41437_/Y (sky130_fd_sc_hd__nand2_1)
                                                         _15431_ (net)
                      0.077679    0.000246    6.154907 v _41589_/A (sky130_fd_sc_hd__nand2_1)
     2    0.008907    0.071014    0.084725    6.239632 ^ _41589_/Y (sky130_fd_sc_hd__nand2_1)
                                                         _15583_ (net)
                      0.071015    0.000250    6.239881 ^ _41609_/C (sky130_fd_sc_hd__nand3_2)
     2    0.012757    0.066807    0.065651    6.305532 v _41609_/Y (sky130_fd_sc_hd__nand3_2)
                                                         _15603_ (net)
                      0.066810    0.000373    6.305905 v _41736_/A2 (sky130_fd_sc_hd__a211o_1)
     2    0.012024    0.062363    0.225485    6.531390 v _41736_/X (sky130_fd_sc_hd__a211o_1)
                                                         _15730_ (net)
                      0.062363    0.000190    6.531579 v _41769_/A2 (sky130_fd_sc_hd__a211o_1)
     2    0.013782    0.067333    0.229030    6.760609 v _41769_/X (sky130_fd_sc_hd__a211o_1)
                                                         _15763_ (net)
                      0.067335    0.000475    6.761084 v _41882_/A2 (sky130_fd_sc_hd__a21o_1)
     2    0.007809    0.038772    0.139506    6.900590 v _41882_/X (sky130_fd_sc_hd__a21o_1)
                                                         _15876_ (net)
                      0.038773    0.000180    6.900770 v _41884_/A2 (sky130_fd_sc_hd__a21o_1)
     3    0.008516    0.040927    0.131477    7.032248 v _41884_/X (sky130_fd_sc_hd__a21o_1)
                                                         _15878_ (net)
                      0.040928    0.000197    7.032444 v _41946_/A2 (sky130_fd_sc_hd__a211oi_1)
     2    0.006598    0.200058    0.208999    7.241443 ^ _41946_/Y (sky130_fd_sc_hd__a211oi_1)
                                                         _15940_ (net)
                      0.200058    0.000218    7.241661 ^ _41948_/B (sky130_fd_sc_hd__nor3_1)
     3    0.008910    0.068490    0.063924    7.305584 v _41948_/Y (sky130_fd_sc_hd__nor3_1)
                                                         _15942_ (net)
                      0.068491    0.000171    7.305755 v max_cap71/A (sky130_fd_sc_hd__clkbuf_1)
     2    0.006879    0.033503    0.084048    7.389803 v max_cap71/X (sky130_fd_sc_hd__clkbuf_1)
                                                         net71 (net)
                      0.033503    0.000191    7.389994 v _42099_/A (sky130_fd_sc_hd__nor3_1)
     3    0.007992    0.192026    0.187760    7.577754 ^ _42099_/Y (sky130_fd_sc_hd__nor3_1)
                                                         _16093_ (net)
                      0.192026    0.000194    7.577947 ^ _42105_/A (sky130_fd_sc_hd__or3_1)
     3    0.008308    0.064493    0.114648    7.692595 ^ _42105_/X (sky130_fd_sc_hd__or3_1)
                                                         _16099_ (net)
                      0.064493    0.000179    7.692775 ^ _42114_/A (sky130_fd_sc_hd__nand2_1)
     1    0.005216    0.038321    0.038910    7.731685 v _42114_/Y (sky130_fd_sc_hd__nand2_1)
                                                         _16108_ (net)
                      0.038321    0.000166    7.731851 v _42253_/A (sky130_fd_sc_hd__xnor2_1)
     2    0.007386    0.047848    0.096308    7.828159 v _42253_/Y (sky130_fd_sc_hd__xnor2_1)
                                                         _16247_ (net)
                      0.047848    0.000170    7.828329 v _42257_/B (sky130_fd_sc_hd__xnor2_1)
     2    0.012225    0.213448    0.189964    8.018292 ^ _42257_/Y (sky130_fd_sc_hd__xnor2_1)
                                                         _16251_ (net)
                      0.213449    0.000422    8.018714 ^ _43311_/B (sky130_fd_sc_hd__xnor2_2)
     2    0.008100    0.118370    0.086430    8.105145 ^ _43311_/Y (sky130_fd_sc_hd__xnor2_2)
                                                         _17305_ (net)
                      0.118370    0.000230    8.105374 ^ _43312_/B1 (sky130_fd_sc_hd__o21ai_2)
     3    0.010376    0.044763    0.043181    8.148556 v _43312_/Y (sky130_fd_sc_hd__o21ai_2)
                                                         _17306_ (net)
                      0.044764    0.000248    8.148804 v _43313_/A1 (sky130_fd_sc_hd__a21o_1)
     3    0.014053    0.055541    0.132851    8.281654 v _43313_/X (sky130_fd_sc_hd__a21o_1)
                                                         _17307_ (net)
                      0.055544    0.000420    8.282075 v _43315_/A1 (sky130_fd_sc_hd__a21oi_4)
     3    0.017624    0.127032    0.130608    8.412683 ^ _43315_/Y (sky130_fd_sc_hd__a21oi_4)
                                                         _17309_ (net)
                      0.127033    0.000721    8.413404 ^ _43317_/A1 (sky130_fd_sc_hd__o21bai_4)
     3    0.012106    0.045454    0.056244    8.469647 v _43317_/Y (sky130_fd_sc_hd__o21bai_4)
                                                         _17311_ (net)
                      0.045454    0.000393    8.470040 v _43320_/A2 (sky130_fd_sc_hd__a21o_1)
     4    0.014964    0.058151    0.151459    8.621499 v _43320_/X (sky130_fd_sc_hd__a21o_1)
                                                         _17314_ (net)
                      0.058158    0.000633    8.622132 v _43321_/C (sky130_fd_sc_hd__and3b_1)
     3    0.008395    0.044009    0.139636    8.761768 v _43321_/X (sky130_fd_sc_hd__and3b_1)
                                                         _17315_ (net)
                      0.044010    0.000274    8.762043 v _43323_/A1 (sky130_fd_sc_hd__o31a_1)
     4    0.017217    0.076074    0.229997    8.992041 v _43323_/X (sky130_fd_sc_hd__o31a_1)
                                                         _17317_ (net)
                      0.076078    0.000655    8.992695 v _43335_/A1 (sky130_fd_sc_hd__a211oi_4)
     4    0.019149    0.214896    0.222444    9.215139 ^ _43335_/Y (sky130_fd_sc_hd__a211oi_4)
                                                         _17329_ (net)
                      0.214896    0.000614    9.215753 ^ _43344_/A3 (sky130_fd_sc_hd__o311ai_4)
     3    0.009664    0.075434    0.059784    9.275537 v _43344_/Y (sky130_fd_sc_hd__o311ai_4)
                                                         _17338_ (net)
                      0.075434    0.000285    9.275822 v _43345_/A1 (sky130_fd_sc_hd__a21o_1)
     4    0.012015    0.049827    0.139443    9.415265 v _43345_/X (sky130_fd_sc_hd__a21o_1)
                                                         _17339_ (net)
                      0.049828    0.000306    9.415572 v _43347_/A2 (sky130_fd_sc_hd__a21o_1)
     2    0.012309    0.050658    0.146605    9.562177 v _43347_/X (sky130_fd_sc_hd__a21o_1)
                                                         _17341_ (net)
                      0.050659    0.000286    9.562463 v _43382_/B (sky130_fd_sc_hd__and3_4)
     3    0.021188    0.040136    0.133686    9.696149 v _43382_/X (sky130_fd_sc_hd__and3_4)
                                                         _17376_ (net)
                      0.040150    0.000511    9.696660 v _43384_/A2 (sky130_fd_sc_hd__o31ai_4)
     3    0.033425    0.316116    0.293052    9.989712 ^ _43384_/Y (sky130_fd_sc_hd__o31ai_4)
                                                         _17378_ (net)
                      0.316156    0.002738    9.992450 ^ fanout62/A (sky130_fd_sc_hd__buf_6)
     5    0.036006    0.063302    0.107091   10.099541 ^ fanout62/X (sky130_fd_sc_hd__buf_6)
                                                         net62 (net)
                      0.063666    0.003778   10.103319 ^ _43388_/B1 (sky130_fd_sc_hd__a21oi_2)
     1    0.023104    0.067238    0.047632   10.150951 v _43388_/Y (sky130_fd_sc_hd__a21oi_2)
                                                         _17382_ (net)
                      0.067397    0.002670   10.153622 v _43389_/B1 (sky130_fd_sc_hd__a21oi_1)
     1    0.002852    0.080012    0.064110   10.217731 ^ _43389_/Y (sky130_fd_sc_hd__a21oi_1)
                                                         _02771_ (net)
                      0.080012    0.000083   10.217814 ^ _46276_/D (sky130_fd_sc_hd__dfrtp_4)
                                             10.217814   data arrival time

                                  5.000000    5.000000   clock clk_dsp (rise edge)
                                  0.000000    5.000000   clock source latency
     2    0.154178    0.526656    0.392702    5.392703 ^ clk_dsp (in)
                                                         clk_dsp (net)
                      0.551627    0.000000    5.392703 ^ clkbuf_0_clk_dsp/A (sky130_fd_sc_hd__clkbuf_16)
     4    0.127541    0.113339    0.200282    5.592985 ^ clkbuf_0_clk_dsp/X (sky130_fd_sc_hd__clkbuf_16)
                                                         clknet_0_clk_dsp (net)
                      0.113629    0.004553    5.597538 ^ clkbuf_2_3_0_clk_dsp/A (sky130_fd_sc_hd__clkbuf_8)
     4    0.074621    0.104987    0.155678    5.753215 ^ clkbuf_2_3_0_clk_dsp/X (sky130_fd_sc_hd__clkbuf_8)
                                                         clknet_2_3_0_clk_dsp (net)
                      0.106168    0.008920    5.762136 ^ clkbuf_4_15_0_clk_dsp/A (sky130_fd_sc_hd__clkbuf_8)
     2    0.055006    0.080209    0.139616    5.901752 ^ clkbuf_4_15_0_clk_dsp/X (sky130_fd_sc_hd__clkbuf_8)
                                                         clknet_4_15_0_clk_dsp (net)
                      0.080363    0.002827    5.904579 ^ clkbuf_5_31__f_clk_dsp/A (sky130_fd_sc_hd__clkbuf_16)
     8    0.117323    0.102633    0.146536    6.051116 ^ clkbuf_5_31__f_clk_dsp/X (sky130_fd_sc_hd__clkbuf_16)
                                                         clknet_5_31__leaf_clk_dsp (net)
                      0.108102    0.018509    6.069624 ^ clkbuf_leaf_135_clk_dsp/A (sky130_fd_sc_hd__clkbuf_8)
     9    0.028773    0.048307    0.117572    6.187197 ^ clkbuf_leaf_135_clk_dsp/X (sky130_fd_sc_hd__clkbuf_8)
                                                         clknet_leaf_135_clk_dsp (net)
                      0.048324    0.000839    6.188036 ^ _46276_/CLK (sky130_fd_sc_hd__dfrtp_4)
                                 -0.250000    5.938036   clock uncertainty
                                  0.000000    5.938036   clock reconvergence pessimism
                                 -0.041722    5.896314   library setup time
                                              5.896314   data required time
---------------------------------------------------------------------------------------------
                                              5.896314   data required time
                                            -10.217814   data arrival time
---------------------------------------------------------------------------------------------
                                             -4.321501   slack (VIOLATED)




===========================================================================
report_checks --slack_max -0.01
============================================================================
======================= nom_ff_n40C_1v95 Corner ===================================

Startpoint: _46159_ (rising edge-triggered flip-flop clocked by clk_dsp)
Endpoint: _46276_ (rising edge-triggered flip-flop clocked by clk_dsp)
Path Group: clk_dsp
Path Type: max

Fanout         Cap        Slew       Delay        Time   Description
---------------------------------------------------------------------------------------------
                                  0.000000    0.000000   clock clk_dsp (rise edge)
                                  0.000000    0.000000   clock source latency
     2    0.154178    0.526656    0.392702    0.392702 ^ clk_dsp (in)
                                                         clk_dsp (net)
                      0.551627    0.000000    0.392702 ^ clkbuf_0_clk_dsp/A (sky130_fd_sc_hd__clkbuf_16)
     4    0.127541    0.113339    0.200282    0.592984 ^ clkbuf_0_clk_dsp/X (sky130_fd_sc_hd__clkbuf_16)
                                                         clknet_0_clk_dsp (net)
                      0.113629    0.004553    0.597538 ^ clkbuf_2_3_0_clk_dsp/A (sky130_fd_sc_hd__clkbuf_8)
     4    0.074621    0.104987    0.155678    0.753215 ^ clkbuf_2_3_0_clk_dsp/X (sky130_fd_sc_hd__clkbuf_8)
                                                         clknet_2_3_0_clk_dsp (net)
                      0.106168    0.008921    0.762136 ^ clkbuf_4_15_0_clk_dsp/A (sky130_fd_sc_hd__clkbuf_8)
     2    0.055006    0.080209    0.139616    0.901752 ^ clkbuf_4_15_0_clk_dsp/X (sky130_fd_sc_hd__clkbuf_8)
                                                         clknet_4_15_0_clk_dsp (net)
                      0.080343    0.002640    0.904392 ^ clkbuf_5_30__f_clk_dsp/A (sky130_fd_sc_hd__clkbuf_16)
     9    0.114379    0.099919    0.148999    1.053392 ^ clkbuf_5_30__f_clk_dsp/X (sky130_fd_sc_hd__clkbuf_16)
                                                         clknet_5_30__leaf_clk_dsp (net)
                      0.100178    0.004149    1.057541 ^ clkbuf_leaf_144_clk_dsp/A (sky130_fd_sc_hd__clkbuf_8)
    11    0.043132    0.065421    0.128091    1.185632 ^ clkbuf_leaf_144_clk_dsp/X (sky130_fd_sc_hd__clkbuf_8)
                                                         clknet_leaf_144_clk_dsp (net)
                      0.065425    0.000591    1.186223 ^ _46159_/CLK (sky130_fd_sc_hd__dfrtp_1)
     4    0.020623    0.081890    0.286590    1.472814 v _46159_/Q (sky130_fd_sc_hd__dfrtp_1)
                                                         u_phase_009_fft.out_cnt[3] (net)
                      0.081891    0.000478    1.473291 v fanout1762/A (sky130_fd_sc_hd__buf_4)
     5    0.023378    0.034864    0.124266    1.597557 v fanout1762/X (sky130_fd_sc_hd__buf_4)
                                                         net1762 (net)
                      0.034879    0.000676    1.598233 v fanout1761/A (sky130_fd_sc_hd__buf_4)
    10    0.042384    0.049223    0.118398    1.716631 v fanout1761/X (sky130_fd_sc_hd__buf_4)
                                                         net1761 (net)
                      0.049263    0.001274    1.717906 v _34555_/A_N (sky130_fd_sc_hd__and4bb_1)
     1    0.017565    0.138943    0.232215    1.950121 ^ _34555_/X (sky130_fd_sc_hd__and4bb_1)
                                                         _08581_ (net)
                      0.138953    0.001325    1.951445 ^ fanout1258/A (sky130_fd_sc_hd__clkbuf_8)
     6    0.127403    0.171020    0.198400    2.149845 ^ fanout1258/X (sky130_fd_sc_hd__clkbuf_8)
                                                         net1258 (net)
                      0.175462    0.021843    2.171689 ^ fanout1254/A (sky130_fd_sc_hd__clkbuf_4)
    10    0.075872    0.174936    0.220251    2.391940 ^ fanout1254/X (sky130_fd_sc_hd__clkbuf_4)
                                                         net1254 (net)
                      0.175267    0.006249    2.398188 ^ _34557_/B (sky130_fd_sc_hd__and2_4)
     4    0.068340    0.151269    0.196251    2.594440 ^ _34557_/X (sky130_fd_sc_hd__and2_4)
                                                         _08583_ (net)
                      0.152212    0.009625    2.604064 ^ clone91/A (sky130_fd_sc_hd__clkbuf_1)
    10    0.174565    1.493945    1.060076    3.664140 ^ clone91/X (sky130_fd_sc_hd__clkbuf_1)
                                                         net3064 (net)
                      1.493959    0.003950    3.668090 ^ fanout921/A (sky130_fd_sc_hd__clkbuf_8)
    10    0.115574    0.169083    0.216853    3.884942 ^ fanout921/X (sky130_fd_sc_hd__clkbuf_8)
                                                         net921 (net)
                      0.171649    0.016104    3.901046 ^ _35023_/A2 (sky130_fd_sc_hd__a22o_1)
     1    0.003106    0.034107    0.095005    3.996051 ^ _35023_/X (sky130_fd_sc_hd__a22o_1)
                                                         _09049_ (net)
                      0.034107    0.000092    3.996143 ^ _35024_/C1 (sky130_fd_sc_hd__a211o_1)
     1    0.007961    0.060267    0.076629    4.072772 ^ _35024_/X (sky130_fd_sc_hd__a211o_1)
                                                         _09050_ (net)
                      0.060267    0.000345    4.073117 ^ _35025_/C1 (sky130_fd_sc_hd__a211o_1)
     1    0.006079    0.049379    0.073265    4.146382 ^ _35025_/X (sky130_fd_sc_hd__a211o_1)
                                                         _09051_ (net)
                      0.049379    0.000265    4.146646 ^ _35034_/C (sky130_fd_sc_hd__or4_1)
     1    0.016960    0.121199    0.135248    4.281895 ^ _35034_/X (sky130_fd_sc_hd__or4_1)
                                                         _09060_ (net)
                      0.121212    0.001034    4.282929 ^ _35035_/A3 (sky130_fd_sc_hd__o32a_4)
     2    0.098755    0.210347    0.228161    4.511090 ^ _35035_/X (sky130_fd_sc_hd__o32a_4)
                                                         _09061_ (net)
                      0.211178    0.010762    4.521852 ^ fanout248/A (sky130_fd_sc_hd__buf_6)
     7    0.161153    0.240395    0.219229    4.741081 ^ fanout248/X (sky130_fd_sc_hd__buf_6)
                                                         net248 (net)
                      0.240455    0.003280    4.744360 ^ fanout246/A (sky130_fd_sc_hd__buf_4)
    11    0.103608    0.215849    0.226827    4.971187 ^ fanout246/X (sky130_fd_sc_hd__buf_4)
                                                         net246 (net)
                      0.215967    0.004255    4.975442 ^ _35036_/A (sky130_fd_sc_hd__inv_2)
     2    0.073843    0.142169    0.133452    5.108894 v _35036_/Y (sky130_fd_sc_hd__inv_2)
                                                         _09062_ (net)
                      0.142174    0.000726    5.109620 v fanout229/A (sky130_fd_sc_hd__clkbuf_8)
    12    0.129530    0.101381    0.188806    5.298425 v fanout229/X (sky130_fd_sc_hd__clkbuf_8)
                                                         net229 (net)
                      0.119102    0.032292    5.330718 v _41275_/B (sky130_fd_sc_hd__nor3_1)
     3    0.011113    0.250309    0.250745    5.581463 ^ _41275_/Y (sky130_fd_sc_hd__nor3_1)
                                                         _15269_ (net)
                      0.250310    0.000282    5.581745 ^ _41277_/A (sky130_fd_sc_hd__nor2_1)
     2    0.006208    0.065726    0.050868    5.632613 v _41277_/Y (sky130_fd_sc_hd__nor2_1)
                                                         _15271_ (net)
                      0.065726    0.000119    5.632732 v _41278_/C (sky130_fd_sc_hd__and3_1)
     3    0.008554    0.044445    0.144162    5.776895 v _41278_/X (sky130_fd_sc_hd__and3_1)
                                                         _15272_ (net)
                      0.044445    0.000185    5.777080 v _41429_/A (sky130_fd_sc_hd__or2_1)
     2    0.007472    0.047562    0.153643    5.930723 v _41429_/X (sky130_fd_sc_hd__or2_1)
                                                         _15423_ (net)
                      0.047562    0.000220    5.930943 v _41436_/B (sky130_fd_sc_hd__xnor2_1)
     2    0.006967    0.139197    0.135040    6.065983 ^ _41436_/Y (sky130_fd_sc_hd__xnor2_1)
                                                         _15430_ (net)
                      0.139197    0.000173    6.066157 ^ _41437_/B (sky130_fd_sc_hd__nand2_1)
     3    0.014653    0.077678    0.088505    6.154661 v _41437_/Y (sky130_fd_sc_hd__nand2_1)
                                                         _15431_ (net)
                      0.077679    0.000246    6.154907 v _41589_/A (sky130_fd_sc_hd__nand2_1)
     2    0.008907    0.071014    0.084725    6.239632 ^ _41589_/Y (sky130_fd_sc_hd__nand2_1)
                                                         _15583_ (net)
                      0.071015    0.000250    6.239881 ^ _41609_/C (sky130_fd_sc_hd__nand3_2)
     2    0.012757    0.066807    0.065651    6.305532 v _41609_/Y (sky130_fd_sc_hd__nand3_2)
                                                         _15603_ (net)
                      0.066810    0.000373    6.305905 v _41736_/A2 (sky130_fd_sc_hd__a211o_1)
     2    0.012024    0.062363    0.225485    6.531390 v _41736_/X (sky130_fd_sc_hd__a211o_1)
                                                         _15730_ (net)
                      0.062363    0.000190    6.531579 v _41769_/A2 (sky130_fd_sc_hd__a211o_1)
     2    0.013782    0.067333    0.229030    6.760609 v _41769_/X (sky130_fd_sc_hd__a211o_1)
                                                         _15763_ (net)
                      0.067335    0.000475    6.761084 v _41882_/A2 (sky130_fd_sc_hd__a21o_1)
     2    0.007809    0.038772    0.139506    6.900590 v _41882_/X (sky130_fd_sc_hd__a21o_1)
                                                         _15876_ (net)
                      0.038773    0.000180    6.900770 v _41884_/A2 (sky130_fd_sc_hd__a21o_1)
     3    0.008516    0.040927    0.131477    7.032248 v _41884_/X (sky130_fd_sc_hd__a21o_1)
                                                         _15878_ (net)
                      0.040928    0.000197    7.032444 v _41946_/A2 (sky130_fd_sc_hd__a211oi_1)
     2    0.006598    0.200058    0.208999    7.241443 ^ _41946_/Y (sky130_fd_sc_hd__a211oi_1)
                                                         _15940_ (net)
                      0.200058    0.000218    7.241661 ^ _41948_/B (sky130_fd_sc_hd__nor3_1)
     3    0.008910    0.068490    0.063924    7.305584 v _41948_/Y (sky130_fd_sc_hd__nor3_1)
                                                         _15942_ (net)
                      0.068491    0.000171    7.305755 v max_cap71/A (sky130_fd_sc_hd__clkbuf_1)
     2    0.006879    0.033503    0.084048    7.389803 v max_cap71/X (sky130_fd_sc_hd__clkbuf_1)
                                                         net71 (net)
                      0.033503    0.000191    7.389994 v _42099_/A (sky130_fd_sc_hd__nor3_1)
     3    0.007992    0.192026    0.187760    7.577754 ^ _42099_/Y (sky130_fd_sc_hd__nor3_1)
                                                         _16093_ (net)
                      0.192026    0.000194    7.577947 ^ _42105_/A (sky130_fd_sc_hd__or3_1)
     3    0.008308    0.064493    0.114648    7.692595 ^ _42105_/X (sky130_fd_sc_hd__or3_1)
                                                         _16099_ (net)
                      0.064493    0.000179    7.692775 ^ _42114_/A (sky130_fd_sc_hd__nand2_1)
     1    0.005216    0.038321    0.038910    7.731685 v _42114_/Y (sky130_fd_sc_hd__nand2_1)
                                                         _16108_ (net)
                      0.038321    0.000166    7.731851 v _42253_/A (sky130_fd_sc_hd__xnor2_1)
     2    0.007386    0.047848    0.096308    7.828159 v _42253_/Y (sky130_fd_sc_hd__xnor2_1)
                                                         _16247_ (net)
                      0.047848    0.000170    7.828329 v _42257_/B (sky130_fd_sc_hd__xnor2_1)
     2    0.012225    0.213448    0.189964    8.018292 ^ _42257_/Y (sky130_fd_sc_hd__xnor2_1)
                                                         _16251_ (net)
                      0.213449    0.000422    8.018714 ^ _43311_/B (sky130_fd_sc_hd__xnor2_2)
     2    0.008100    0.118370    0.086430    8.105145 ^ _43311_/Y (sky130_fd_sc_hd__xnor2_2)
                                                         _17305_ (net)
                      0.118370    0.000230    8.105374 ^ _43312_/B1 (sky130_fd_sc_hd__o21ai_2)
     3    0.010376    0.044763    0.043181    8.148556 v _43312_/Y (sky130_fd_sc_hd__o21ai_2)
                                                         _17306_ (net)
                      0.044764    0.000248    8.148804 v _43313_/A1 (sky130_fd_sc_hd__a21o_1)
     3    0.014053    0.055541    0.132851    8.281654 v _43313_/X (sky130_fd_sc_hd__a21o_1)
                                                         _17307_ (net)
                      0.055544    0.000420    8.282075 v _43315_/A1 (sky130_fd_sc_hd__a21oi_4)
     3    0.017624    0.127032    0.130608    8.412683 ^ _43315_/Y (sky130_fd_sc_hd__a21oi_4)
                                                         _17309_ (net)
                      0.127033    0.000721    8.413404 ^ _43317_/A1 (sky130_fd_sc_hd__o21bai_4)
     3    0.012106    0.045454    0.056244    8.469647 v _43317_/Y (sky130_fd_sc_hd__o21bai_4)
                                                         _17311_ (net)
                      0.045454    0.000393    8.470040 v _43320_/A2 (sky130_fd_sc_hd__a21o_1)
     4    0.014964    0.058151    0.151459    8.621499 v _43320_/X (sky130_fd_sc_hd__a21o_1)
                                                         _17314_ (net)
                      0.058158    0.000633    8.622132 v _43321_/C (sky130_fd_sc_hd__and3b_1)
     3    0.008395    0.044009    0.139636    8.761768 v _43321_/X (sky130_fd_sc_hd__and3b_1)
                                                         _17315_ (net)
                      0.044010    0.000274    8.762043 v _43323_/A1 (sky130_fd_sc_hd__o31a_1)
     4    0.017217    0.076074    0.229997    8.992041 v _43323_/X (sky130_fd_sc_hd__o31a_1)
                                                         _17317_ (net)
                      0.076078    0.000655    8.992695 v _43335_/A1 (sky130_fd_sc_hd__a211oi_4)
     4    0.019149    0.214896    0.222444    9.215139 ^ _43335_/Y (sky130_fd_sc_hd__a211oi_4)
                                                         _17329_ (net)
                      0.214896    0.000614    9.215753 ^ _43344_/A3 (sky130_fd_sc_hd__o311ai_4)
     3    0.009664    0.075434    0.059784    9.275537 v _43344_/Y (sky130_fd_sc_hd__o311ai_4)
                                                         _17338_ (net)
                      0.075434    0.000285    9.275822 v _43345_/A1 (sky130_fd_sc_hd__a21o_1)
     4    0.012015    0.049827    0.139443    9.415265 v _43345_/X (sky130_fd_sc_hd__a21o_1)
                                                         _17339_ (net)
                      0.049828    0.000306    9.415572 v _43347_/A2 (sky130_fd_sc_hd__a21o_1)
     2    0.012309    0.050658    0.146605    9.562177 v _43347_/X (sky130_fd_sc_hd__a21o_1)
                                                         _17341_ (net)
                      0.050659    0.000286    9.562463 v _43382_/B (sky130_fd_sc_hd__and3_4)
     3    0.021188    0.040136    0.133686    9.696149 v _43382_/X (sky130_fd_sc_hd__and3_4)
                                                         _17376_ (net)
                      0.040150    0.000511    9.696660 v _43384_/A2 (sky130_fd_sc_hd__o31ai_4)
     3    0.033425    0.316116    0.293052    9.989712 ^ _43384_/Y (sky130_fd_sc_hd__o31ai_4)
                                                         _17378_ (net)
                      0.316156    0.002738    9.992450 ^ fanout62/A (sky130_fd_sc_hd__buf_6)
     5    0.036006    0.063302    0.107091   10.099541 ^ fanout62/X (sky130_fd_sc_hd__buf_6)
                                                         net62 (net)
                      0.063666    0.003778   10.103319 ^ _43388_/B1 (sky130_fd_sc_hd__a21oi_2)
     1    0.023104    0.067238    0.047632   10.150951 v _43388_/Y (sky130_fd_sc_hd__a21oi_2)
                                                         _17382_ (net)
                      0.067397    0.002670   10.153622 v _43389_/B1 (sky130_fd_sc_hd__a21oi_1)
     1    0.002852    0.080012    0.064110   10.217731 ^ _43389_/Y (sky130_fd_sc_hd__a21oi_1)
                                                         _02771_ (net)
                      0.080012    0.000083   10.217814 ^ _46276_/D (sky130_fd_sc_hd__dfrtp_4)
                                             10.217814   data arrival time

                                  5.000000    5.000000   clock clk_dsp (rise edge)
                                  0.000000    5.000000   clock source latency
     2    0.154178    0.526656    0.392702    5.392703 ^ clk_dsp (in)
                                                         clk_dsp (net)
                      0.551627    0.000000    5.392703 ^ clkbuf_0_clk_dsp/A (sky130_fd_sc_hd__clkbuf_16)
     4    0.127541    0.113339    0.200282    5.592985 ^ clkbuf_0_clk_dsp/X (sky130_fd_sc_hd__clkbuf_16)
                                                         clknet_0_clk_dsp (net)
                      0.113629    0.004553    5.597538 ^ clkbuf_2_3_0_clk_dsp/A (sky130_fd_sc_hd__clkbuf_8)
     4    0.074621    0.104987    0.155678    5.753215 ^ clkbuf_2_3_0_clk_dsp/X (sky130_fd_sc_hd__clkbuf_8)
                                                         clknet_2_3_0_clk_dsp (net)
                      0.106168    0.008920    5.762136 ^ clkbuf_4_15_0_clk_dsp/A (sky130_fd_sc_hd__clkbuf_8)
     2    0.055006    0.080209    0.139616    5.901752 ^ clkbuf_4_15_0_clk_dsp/X (sky130_fd_sc_hd__clkbuf_8)
                                                         clknet_4_15_0_clk_dsp (net)
                      0.080363    0.002827    5.904579 ^ clkbuf_5_31__f_clk_dsp/A (sky130_fd_sc_hd__clkbuf_16)
     8    0.117323    0.102633    0.146536    6.051116 ^ clkbuf_5_31__f_clk_dsp/X (sky130_fd_sc_hd__clkbuf_16)
                                                         clknet_5_31__leaf_clk_dsp (net)
                      0.108102    0.018509    6.069624 ^ clkbuf_leaf_135_clk_dsp/A (sky130_fd_sc_hd__clkbuf_8)
     9    0.028773    0.048307    0.117572    6.187197 ^ clkbuf_leaf_135_clk_dsp/X (sky130_fd_sc_hd__clkbuf_8)
                                                         clknet_leaf_135_clk_dsp (net)
                      0.048324    0.000839    6.188036 ^ _46276_/CLK (sky130_fd_sc_hd__dfrtp_4)
                                 -0.250000    5.938036   clock uncertainty
                                  0.000000    5.938036   clock reconvergence pessimism
                                 -0.041722    5.896314   library setup time
                                              5.896314   data required time
---------------------------------------------------------------------------------------------
                                              5.896314   data required time
                                            -10.217814   data arrival time
---------------------------------------------------------------------------------------------
                                             -4.321501   slack (VIOLATED)




===========================================================================
 report_check_types -max_slew -max_cap -max_fanout -violators
============================================================================
======================= nom_ff_n40C_1v95 Corner ===================================

max slew

Pin                                        Limit        Slew       Slack
------------------------------------------------------------------------
ANTENNA_601/DIODE                       0.750000    1.494259   -0.744259 (VIOLATED)
_34869_/A2                              0.750000    1.494259   -0.744259 (VIOLATED)
ANTENNA_602/DIODE                       0.750000    1.494090   -0.744090 (VIOLATED)
_35709_/A2                              0.750000    1.494091   -0.744091 (VIOLATED)
_36725_/A2                              0.750000    1.494046   -0.744046 (VIOLATED)
ANTENNA_604/DIODE                       0.750000    1.494045   -0.744045 (VIOLATED)
ANTENNA_603/DIODE                       0.750000    1.494040   -0.744040 (VIOLATED)
_36368_/A2                              0.750000    1.494040   -0.744040 (VIOLATED)
ANTENNA_605/DIODE                       0.750000    1.493959   -0.743959 (VIOLATED)
fanout921/A                             0.750000    1.493959   -0.743959 (VIOLATED)
clone91/X                               0.750000    1.493945   -0.743945 (VIOLATED)
_37891_/A2                              0.750000    0.875830   -0.125830 (VIOLATED)
_35769_/A2                              0.750000    0.875821   -0.125822 (VIOLATED)
_35193_/A2                              0.750000    0.875817   -0.125817 (VIOLATED)
_38052_/A2                              0.750000    0.875788   -0.125788 (VIOLATED)
_35900_/A2                              0.750000    0.875767   -0.125767 (VIOLATED)
clone85/X                               0.750000    0.875754   -0.125754 (VIOLATED)
_22815_/A                               0.750000    0.839522   -0.089522 (VIOLATED)
_22405_/B                               0.750000    0.839491   -0.089492 (VIOLATED)
_29547_/A                               0.750000    0.839444   -0.089444 (VIOLATED)
_29546_/B1                              0.750000    0.839444   -0.089444 (VIOLATED)
clone52/X                               0.750000    0.839434   -0.089434 (VIOLATED)

max fanout

Pin                                   Limit Fanout  Slack
---------------------------------------------------------
clkbuf_leaf_236_clk_dsp/X                10     23    -13 (VIOLATED)
clkbuf_leaf_37_clk_dsp/X                 10     23    -13 (VIOLATED)
clkbuf_leaf_11_clk_dsp/X                 10     22    -12 (VIOLATED)
clkbuf_leaf_24_clk_dsp/X                 10     22    -12 (VIOLATED)
clkbuf_leaf_255_clk_dsp/X                10     22    -12 (VIOLATED)
clkbuf_leaf_60_clk_dsp/X                 10     22    -12 (VIOLATED)
clkbuf_leaf_157_clk_dsp/X                10     21    -11 (VIOLATED)
clkbuf_leaf_160_clk_dsp/X                10     21    -11 (VIOLATED)
clkbuf_leaf_38_clk_dsp/X                 10     21    -11 (VIOLATED)
clkbuf_leaf_158_clk_dsp/X                10     20    -10 (VIOLATED)
clkbuf_leaf_167_clk_dsp/X                10     20    -10 (VIOLATED)
clkbuf_leaf_168_clk_dsp/X                10     20    -10 (VIOLATED)
clkbuf_leaf_197_clk_dsp/X                10     20    -10 (VIOLATED)
fanout1216/X                             10     20    -10 (VIOLATED)
clkbuf_leaf_152_clk_dsp/X                10     19     -9 (VIOLATED)
clkbuf_leaf_196_clk_dsp/X                10     19     -9 (VIOLATED)
clkbuf_leaf_20_clk_dsp/X                 10     19     -9 (VIOLATED)
clkbuf_leaf_237_clk_dsp/X                10     19     -9 (VIOLATED)
clkbuf_leaf_201_clk_dsp/X                10     18     -8 (VIOLATED)
clkbuf_leaf_21_clk_dsp/X                 10     18     -8 (VIOLATED)
clkbuf_leaf_220_clk_dsp/X                10     18     -8 (VIOLATED)
clkbuf_leaf_224_clk_dsp/X                10     18     -8 (VIOLATED)
clkbuf_leaf_57_clk_dsp/X                 10     18     -8 (VIOLATED)
clkbuf_leaf_129_clk_dsp/X                10     17     -7 (VIOLATED)
clkbuf_leaf_130_clk_dsp/X                10     17     -7 (VIOLATED)
clkbuf_leaf_153_clk_dsp/X                10     17     -7 (VIOLATED)
clkbuf_leaf_195_clk_dsp/X                10     17     -7 (VIOLATED)
clkbuf_leaf_219_clk_dsp/X                10     17     -7 (VIOLATED)
clkbuf_leaf_223_clk_dsp/X                10     17     -7 (VIOLATED)
clkbuf_leaf_242_clk_dsp/X                10     17     -7 (VIOLATED)
clkbuf_leaf_27_clk_dsp/X                 10     17     -7 (VIOLATED)
clkbuf_leaf_31_clk_dsp/X                 10     17     -7 (VIOLATED)
clkbuf_leaf_33_clk_dsp/X                 10     17     -7 (VIOLATED)
clkbuf_leaf_53_clk_dsp/X                 10     17     -7 (VIOLATED)
clkbuf_leaf_54_clk_dsp/X                 10     17     -7 (VIOLATED)
clkbuf_leaf_69_clk_dsp/X                 10     17     -7 (VIOLATED)
clkbuf_leaf_74_clk_dsp/X                 10     17     -7 (VIOLATED)
clkbuf_leaf_78_clk_dsp/X                 10     17     -7 (VIOLATED)
fanout1052/X                             10     17     -7 (VIOLATED)
_44165_/Q                                10     16     -6 (VIOLATED)
clkbuf_leaf_125_clk_dsp/X                10     16     -6 (VIOLATED)
clkbuf_leaf_155_clk_dsp/X                10     16     -6 (VIOLATED)
clkbuf_leaf_156_clk_dsp/X                10     16     -6 (VIOLATED)
clkbuf_leaf_163_clk_dsp/X                10     16     -6 (VIOLATED)
clkbuf_leaf_186_clk_dsp/X                10     16     -6 (VIOLATED)
clkbuf_leaf_188_clk_dsp/X                10     16     -6 (VIOLATED)
clkbuf_leaf_193_clk_dsp/X                10     16     -6 (VIOLATED)
clkbuf_leaf_202_clk_dsp/X                10     16     -6 (VIOLATED)
clkbuf_leaf_204_clk_dsp/X                10     16     -6 (VIOLATED)
clkbuf_leaf_210_clk_dsp/X                10     16     -6 (VIOLATED)
clkbuf_leaf_213_clk_dsp/X                10     16     -6 (VIOLATED)
clkbuf_leaf_232_clk_dsp/X                10     16     -6 (VIOLATED)
clkbuf_leaf_234_clk_dsp/X                10     16     -6 (VIOLATED)
clkbuf_leaf_26_clk_dsp/X                 10     16     -6 (VIOLATED)
clkbuf_leaf_39_clk_dsp/X                 10     16     -6 (VIOLATED)
clkbuf_leaf_40_clk_dsp/X                 10     16     -6 (VIOLATED)
clkbuf_leaf_48_clk_dsp/X                 10     16     -6 (VIOLATED)
clkbuf_leaf_49_clk_dsp/X                 10     16     -6 (VIOLATED)
clkbuf_leaf_70_clk_dsp/X                 10     16     -6 (VIOLATED)
clkbuf_leaf_73_clk_dsp/X                 10     16     -6 (VIOLATED)
clkbuf_leaf_79_clk_dsp/X                 10     16     -6 (VIOLATED)
fanout1240/X                             10     16     -6 (VIOLATED)
fanout980/X                              10     16     -6 (VIOLATED)
_22194_/Y                                10     15     -5 (VIOLATED)
clkbuf_leaf_120_clk_dsp/X                10     15     -5 (VIOLATED)
clkbuf_leaf_124_clk_dsp/X                10     15     -5 (VIOLATED)
clkbuf_leaf_127_clk_dsp/X                10     15     -5 (VIOLATED)
clkbuf_leaf_128_clk_dsp/X                10     15     -5 (VIOLATED)
clkbuf_leaf_159_clk_dsp/X                10     15     -5 (VIOLATED)
clkbuf_leaf_165_clk_dsp/X                10     15     -5 (VIOLATED)
clkbuf_leaf_174_clk_dsp/X                10     15     -5 (VIOLATED)
clkbuf_leaf_191_clk_dsp/X                10     15     -5 (VIOLATED)
clkbuf_leaf_203_clk_dsp/X                10     15     -5 (VIOLATED)
clkbuf_leaf_226_clk_dsp/X                10     15     -5 (VIOLATED)
clkbuf_leaf_229_clk_dsp/X                10     15     -5 (VIOLATED)
clkbuf_leaf_230_clk_dsp/X                10     15     -5 (VIOLATED)
clkbuf_leaf_238_clk_dsp/X                10     15     -5 (VIOLATED)
clkbuf_leaf_243_clk_dsp/X                10     15     -5 (VIOLATED)
clkbuf_leaf_25_clk_dsp/X                 10     15     -5 (VIOLATED)
clkbuf_leaf_36_clk_dsp/X                 10     15     -5 (VIOLATED)
clkbuf_leaf_47_clk_dsp/X                 10     15     -5 (VIOLATED)
clkbuf_leaf_58_clk_dsp/X                 10     15     -5 (VIOLATED)
clkbuf_leaf_61_clk_dsp/X                 10     15     -5 (VIOLATED)
clkbuf_leaf_9_clk_dsp/X                  10     15     -5 (VIOLATED)
fanout1041/X                             10     15     -5 (VIOLATED)
fanout1043/X                             10     15     -5 (VIOLATED)
fanout1046/X                             10     15     -5 (VIOLATED)
fanout1074/X                             10     15     -5 (VIOLATED)
fanout1197/X                             10     15     -5 (VIOLATED)
fanout1560/X                             10     15     -5 (VIOLATED)
fanout818/X                              10     15     -5 (VIOLATED)
clkbuf_leaf_171_clk_dsp/X                10     14     -4 (VIOLATED)
clkbuf_leaf_172_clk_dsp/X                10     14     -4 (VIOLATED)
clkbuf_leaf_17_clk_dsp/X                 10     14     -4 (VIOLATED)
clkbuf_leaf_184_clk_dsp/X                10     14     -4 (VIOLATED)
clkbuf_leaf_199_clk_dsp/X                10     14     -4 (VIOLATED)
clkbuf_leaf_19_clk_dsp/X                 10     14     -4 (VIOLATED)
clkbuf_leaf_209_clk_dsp/X                10     14     -4 (VIOLATED)
clkbuf_leaf_214_clk_dsp/X                10     14     -4 (VIOLATED)
clkbuf_leaf_221_clk_dsp/X                10     14     -4 (VIOLATED)
clkbuf_leaf_239_clk_dsp/X                10     14     -4 (VIOLATED)
clkbuf_leaf_248_clk_dsp/X                10     14     -4 (VIOLATED)
clkbuf_leaf_250_clk_dsp/X                10     14     -4 (VIOLATED)
clkbuf_leaf_45_clk_dsp/X                 10     14     -4 (VIOLATED)
clkbuf_leaf_46_clk_dsp/X                 10     14     -4 (VIOLATED)
clkbuf_leaf_56_clk_dsp/X                 10     14     -4 (VIOLATED)
clkbuf_leaf_62_clk_dsp/X                 10     14     -4 (VIOLATED)
fanout1026/X                             10     14     -4 (VIOLATED)
fanout1087/X                             10     14     -4 (VIOLATED)
fanout1227/X                             10     14     -4 (VIOLATED)
fanout1504/X                             10     14     -4 (VIOLATED)
fanout1723/X                             10     14     -4 (VIOLATED)
fanout732/X                              10     14     -4 (VIOLATED)
_21749_/Y                                10     13     -3 (VIOLATED)
_21934_/X                                10     13     -3 (VIOLATED)
_34599_/X                                10     13     -3 (VIOLATED)
clkbuf_5_25__f_clk_dsp/X                 10     13     -3 (VIOLATED)
clkbuf_leaf_10_clk_dsp/X                 10     13     -3 (VIOLATED)
clkbuf_leaf_111_clk_dsp/X                10     13     -3 (VIOLATED)
clkbuf_leaf_123_clk_dsp/X                10     13     -3 (VIOLATED)
clkbuf_leaf_13_clk_dsp/X                 10     13     -3 (VIOLATED)
clkbuf_leaf_150_clk_dsp/X                10     13     -3 (VIOLATED)
clkbuf_leaf_154_clk_dsp/X                10     13     -3 (VIOLATED)
clkbuf_leaf_177_clk_dsp/X                10     13     -3 (VIOLATED)
clkbuf_leaf_189_clk_dsp/X                10     13     -3 (VIOLATED)
clkbuf_leaf_18_clk_dsp/X                 10     13     -3 (VIOLATED)
clkbuf_leaf_198_clk_dsp/X                10     13     -3 (VIOLATED)
clkbuf_leaf_205_clk_dsp/X                10     13     -3 (VIOLATED)
clkbuf_leaf_206_clk_dsp/X                10     13     -3 (VIOLATED)
clkbuf_leaf_217_clk_dsp/X                10     13     -3 (VIOLATED)
clkbuf_leaf_222_clk_dsp/X                10     13     -3 (VIOLATED)
clkbuf_leaf_225_clk_dsp/X                10     13     -3 (VIOLATED)
clkbuf_leaf_22_clk_dsp/X                 10     13     -3 (VIOLATED)
clkbuf_leaf_240_clk_dsp/X                10     13     -3 (VIOLATED)
clkbuf_leaf_241_clk_dsp/X                10     13     -3 (VIOLATED)
clkbuf_leaf_247_clk_dsp/X                10     13     -3 (VIOLATED)
clkbuf_leaf_249_clk_dsp/X                10     13     -3 (VIOLATED)
clkbuf_leaf_253_clk_dsp/X                10     13     -3 (VIOLATED)
clkbuf_leaf_32_clk_dsp/X                 10     13     -3 (VIOLATED)
clkbuf_leaf_35_clk_dsp/X                 10     13     -3 (VIOLATED)
clkbuf_leaf_41_clk_dsp/X                 10     13     -3 (VIOLATED)
clkbuf_leaf_42_clk_dsp/X                 10     13     -3 (VIOLATED)
clkbuf_leaf_51_clk_dsp/X                 10     13     -3 (VIOLATED)
clkbuf_leaf_55_clk_dsp/X                 10     13     -3 (VIOLATED)
clkbuf_leaf_68_clk_dsp/X                 10     13     -3 (VIOLATED)
clkbuf_leaf_72_clk_dsp/X                 10     13     -3 (VIOLATED)
clkbuf_leaf_77_clk_dsp/X                 10     13     -3 (VIOLATED)
clkbuf_leaf_95_clk_dsp/X                 10     13     -3 (VIOLATED)
fanout1028/X                             10     13     -3 (VIOLATED)
fanout1045/X                             10     13     -3 (VIOLATED)
fanout1147/X                             10     13     -3 (VIOLATED)
fanout1155/X                             10     13     -3 (VIOLATED)
fanout1251/X                             10     13     -3 (VIOLATED)
fanout1276/X                             10     13     -3 (VIOLATED)
fanout1403/X                             10     13     -3 (VIOLATED)
fanout1413/X                             10     13     -3 (VIOLATED)
fanout2875/X                             10     13     -3 (VIOLATED)
fanout742/X                              10     13     -3 (VIOLATED)
fanout839/X                              10     13     -3 (VIOLATED)
fanout937/X                              10     13     -3 (VIOLATED)
clkbuf_leaf_119_clk_dsp/X                10     12     -2 (VIOLATED)
clkbuf_leaf_121_clk_dsp/X                10     12     -2 (VIOLATED)
clkbuf_leaf_12_clk_dsp/X                 10     12     -2 (VIOLATED)
clkbuf_leaf_145_clk_dsp/X                10     12     -2 (VIOLATED)
clkbuf_leaf_149_clk_dsp/X                10     12     -2 (VIOLATED)
clkbuf_leaf_162_clk_dsp/X                10     12     -2 (VIOLATED)
clkbuf_leaf_164_clk_dsp/X                10     12     -2 (VIOLATED)
clkbuf_leaf_170_clk_dsp/X                10     12     -2 (VIOLATED)
clkbuf_leaf_173_clk_dsp/X                10     12     -2 (VIOLATED)
clkbuf_leaf_212_clk_dsp/X                10     12     -2 (VIOLATED)
clkbuf_leaf_215_clk_dsp/X                10     12     -2 (VIOLATED)
clkbuf_leaf_218_clk_dsp/X                10     12     -2 (VIOLATED)
clkbuf_leaf_233_clk_dsp/X                10     12     -2 (VIOLATED)
clkbuf_leaf_235_clk_dsp/X                10     12     -2 (VIOLATED)
clkbuf_leaf_254_clk_dsp/X                10     12     -2 (VIOLATED)
clkbuf_leaf_30_clk_dsp/X                 10     12     -2 (VIOLATED)
clkbuf_leaf_4_clk_dsp/X                  10     12     -2 (VIOLATED)
clkbuf_leaf_52_clk_dsp/X                 10     12     -2 (VIOLATED)
clkbuf_leaf_59_clk_dsp/X                 10     12     -2 (VIOLATED)
clkbuf_leaf_71_clk_dsp/X                 10     12     -2 (VIOLATED)
clkbuf_leaf_76_clk_dsp/X                 10     12     -2 (VIOLATED)
clkbuf_leaf_7_clk_dsp/X                  10     12     -2 (VIOLATED)
clkbuf_leaf_91_clk_dsp/X                 10     12     -2 (VIOLATED)
clkbuf_leaf_94_clk_dsp/X                 10     12     -2 (VIOLATED)
clkbuf_leaf_98_clk_dsp/X                 10     12     -2 (VIOLATED)
fanout1048/X                             10     12     -2 (VIOLATED)
fanout1050/X                             10     12     -2 (VIOLATED)
fanout1161/X                             10     12     -2 (VIOLATED)
fanout1177/X                             10     12     -2 (VIOLATED)
fanout1192/X                             10     12     -2 (VIOLATED)
fanout1237/X                             10     12     -2 (VIOLATED)
fanout1248/X                             10     12     -2 (VIOLATED)
fanout1261/X                             10     12     -2 (VIOLATED)
fanout1267/X                             10     12     -2 (VIOLATED)
fanout1424/X                             10     12     -2 (VIOLATED)
fanout1459/X                             10     12     -2 (VIOLATED)
fanout1511/X                             10     12     -2 (VIOLATED)
fanout1558/X                             10     12     -2 (VIOLATED)
fanout1730/X                             10     12     -2 (VIOLATED)
fanout1739/X                             10     12     -2 (VIOLATED)
fanout1846/X                             10     12     -2 (VIOLATED)
fanout229/X                              10     12     -2 (VIOLATED)
fanout632/X                              10     12     -2 (VIOLATED)
fanout664/X                              10     12     -2 (VIOLATED)
fanout688/X                              10     12     -2 (VIOLATED)
fanout706/X                              10     12     -2 (VIOLATED)
fanout708/X                              10     12     -2 (VIOLATED)
fanout770/X                              10     12     -2 (VIOLATED)
fanout815/X                              10     12     -2 (VIOLATED)
fanout845/X                              10     12     -2 (VIOLATED)
fanout849/X                              10     12     -2 (VIOLATED)
fanout857/X                              10     12     -2 (VIOLATED)
fanout877/X                              10     12     -2 (VIOLATED)
fanout881/X                              10     12     -2 (VIOLATED)
fanout915/X                              10     12     -2 (VIOLATED)
fanout956/X                              10     12     -2 (VIOLATED)
fanout974/X                              10     12     -2 (VIOLATED)
_21772_/Y                                10     11        (VIOLATED)
_21926_/X                                10     11        (VIOLATED)
_22063_/Y                                10     11        (VIOLATED)
_22096_/Y                                10     11        (VIOLATED)
_22467_/X                                10     11        (VIOLATED)
_22758_/X                                10     11        (VIOLATED)
clkbuf_5_14__f_clk_dsp/X                 10     11        (VIOLATED)
clkbuf_5_24__f_clk_dsp/X                 10     11        (VIOLATED)
clkbuf_5_26__f_clk_dsp/X                 10     11        (VIOLATED)
clkbuf_5_8__f_clk_dsp/X                  10     11        (VIOLATED)
clkbuf_5_9__f_clk_dsp/X                  10     11        (VIOLATED)
clkbuf_leaf_0_clk_dsp/X                  10     11        (VIOLATED)
clkbuf_leaf_109_clk_dsp/X                10     11        (VIOLATED)
clkbuf_leaf_115_clk_dsp/X                10     11        (VIOLATED)
clkbuf_leaf_116_clk_dsp/X                10     11        (VIOLATED)
clkbuf_leaf_132_clk_dsp/X                10     11        (VIOLATED)
clkbuf_leaf_134_clk_dsp/X                10     11        (VIOLATED)
clkbuf_leaf_144_clk_dsp/X                10     11        (VIOLATED)
clkbuf_leaf_179_clk_dsp/X                10     11        (VIOLATED)
clkbuf_leaf_190_clk_dsp/X                10     11        (VIOLATED)
clkbuf_leaf_194_clk_dsp/X                10     11        (VIOLATED)
clkbuf_leaf_208_clk_dsp/X                10     11        (VIOLATED)
clkbuf_leaf_228_clk_dsp/X                10     11        (VIOLATED)
clkbuf_leaf_231_clk_dsp/X                10     11        (VIOLATED)
clkbuf_leaf_246_clk_dsp/X                10     11        (VIOLATED)
clkbuf_leaf_67_clk_dsp/X                 10     11        (VIOLATED)
clkbuf_leaf_75_clk_dsp/X                 10     11        (VIOLATED)
fanout1004/X                             10     11        (VIOLATED)
fanout1010/X                             10     11        (VIOLATED)
fanout1013/X                             10     11        (VIOLATED)
fanout1016/X                             10     11        (VIOLATED)
fanout1027/X                             10     11        (VIOLATED)
fanout1032/X                             10     11        (VIOLATED)
fanout1037/X                             10     11        (VIOLATED)
fanout1058/X                             10     11        (VIOLATED)
fanout1075/X                             10     11        (VIOLATED)
fanout1138/X                             10     11        (VIOLATED)
fanout1148/X                             10     11        (VIOLATED)
fanout1156/X                             10     11        (VIOLATED)
fanout1169/X                             10     11        (VIOLATED)
fanout1181/X                             10     11        (VIOLATED)
fanout1186/X                             10     11        (VIOLATED)
fanout1191/X                             10     11        (VIOLATED)
fanout1196/X                             10     11        (VIOLATED)
fanout1200/X                             10     11        (VIOLATED)
fanout1202/X                             10     11        (VIOLATED)
fanout1208/X                             10     11        (VIOLATED)
fanout1217/X                             10     11        (VIOLATED)
fanout1224/X                             10     11        (VIOLATED)
fanout1234/X                             10     11        (VIOLATED)
fanout1242/X                             10     11        (VIOLATED)
fanout1244/X                             10     11        (VIOLATED)
fanout1245/X                             10     11        (VIOLATED)
fanout1263/X                             10     11        (VIOLATED)
fanout1264/X                             10     11        (VIOLATED)
fanout1269/X                             10     11        (VIOLATED)
fanout1279/X                             10     11        (VIOLATED)
fanout1282/X                             10     11        (VIOLATED)
fanout1285/X                             10     11        (VIOLATED)
fanout1289/X                             10     11        (VIOLATED)
fanout1293/X                             10     11        (VIOLATED)
fanout1295/X                             10     11        (VIOLATED)
fanout1297/X                             10     11        (VIOLATED)
fanout1299/X                             10     11        (VIOLATED)
fanout1300/X                             10     11        (VIOLATED)
fanout1360/X                             10     11        (VIOLATED)
fanout1366/X                             10     11        (VIOLATED)
fanout1390/X                             10     11        (VIOLATED)
fanout1418/X                             10     11        (VIOLATED)
fanout1423/X                             10     11        (VIOLATED)
fanout1426/X                             10     11        (VIOLATED)
fanout1503/X                             10     11        (VIOLATED)
fanout1544/X                             10     11        (VIOLATED)
fanout1553/X                             10     11        (VIOLATED)
fanout1565/X                             10     11        (VIOLATED)
fanout1600/X                             10     11        (VIOLATED)
fanout1601/X                             10     11        (VIOLATED)
fanout1608/X                             10     11        (VIOLATED)
fanout1614/X                             10     11        (VIOLATED)
fanout1643/X                             10     11        (VIOLATED)
fanout1705/X                             10     11        (VIOLATED)
fanout1735/X                             10     11        (VIOLATED)
fanout1740/X                             10     11        (VIOLATED)
fanout220/X                              10     11        (VIOLATED)
fanout246/X                              10     11        (VIOLATED)
fanout401/X                              10     11        (VIOLATED)
fanout414/X                              10     11        (VIOLATED)
fanout488/X                              10     11        (VIOLATED)
fanout500/X                              10     11        (VIOLATED)
fanout536/X                              10     11        (VIOLATED)
fanout538/X                              10     11        (VIOLATED)
fanout581/X                              10     11        (VIOLATED)
fanout598/X                              10     11        (VIOLATED)
fanout606/X                              10     11        (VIOLATED)
fanout613/X                              10     11        (VIOLATED)
fanout620/X                              10     11        (VIOLATED)
fanout628/X                              10     11        (VIOLATED)
fanout644/X                              10     11        (VIOLATED)
fanout668/X                              10     11        (VIOLATED)
fanout689/X                              10     11        (VIOLATED)
fanout690/X                              10     11        (VIOLATED)
fanout700/X                              10     11        (VIOLATED)
fanout710/X                              10     11        (VIOLATED)
fanout714/X                              10     11        (VIOLATED)
fanout720/X                              10     11        (VIOLATED)
fanout746/X                              10     11        (VIOLATED)
fanout762/X                              10     11        (VIOLATED)
fanout778/X                              10     11        (VIOLATED)
fanout788/X                              10     11        (VIOLATED)
fanout790/X                              10     11        (VIOLATED)
fanout796/X                              10     11        (VIOLATED)
fanout808/X                              10     11        (VIOLATED)
fanout809/X                              10     11        (VIOLATED)
fanout811/X                              10     11        (VIOLATED)
fanout828/X                              10     11        (VIOLATED)
fanout832/X                              10     11        (VIOLATED)
fanout834/X                              10     11        (VIOLATED)
fanout836/X                              10     11        (VIOLATED)
fanout846/X                              10     11        (VIOLATED)
fanout854/X                              10     11        (VIOLATED)
fanout874/X                              10     11        (VIOLATED)
fanout876/X                              10     11        (VIOLATED)
fanout878/X                              10     11        (VIOLATED)
fanout884/X                              10     11        (VIOLATED)
fanout904/X                              10     11        (VIOLATED)
fanout920/X                              10     11        (VIOLATED)
fanout923/X                              10     11        (VIOLATED)
fanout939/X                              10     11        (VIOLATED)
fanout944/X                              10     11        (VIOLATED)
fanout948/X                              10     11        (VIOLATED)
fanout964/X                              10     11        (VIOLATED)
fanout988/X                              10     11        (VIOLATED)

max capacitance

Pin                                        Limit         Cap       Slack
------------------------------------------------------------------------
fanout1074/X                            0.200000    0.300557   -0.100557 (VIOLATED)
fanout1403/X                            0.200000    0.298819   -0.098819 (VIOLATED)
fanout995/X                             0.200000    0.294010   -0.094010 (VIOLATED)
fanout1041/X                            0.200000    0.293859   -0.093859 (VIOLATED)
fanout1037/X                            0.200000    0.272408   -0.072408 (VIOLATED)
_22420_/Y                               0.200000    0.264842   -0.064842 (VIOLATED)
fanout1052/X                            0.200000    0.264680   -0.064680 (VIOLATED)
fanout1614/X                            0.200000    0.256475   -0.056475 (VIOLATED)
_21934_/X                               0.200000    0.252385   -0.052385 (VIOLATED)
fanout1504/X                            0.200000    0.249421   -0.049421 (VIOLATED)
fanout811/X                             0.200000    0.245948   -0.045948 (VIOLATED)
fanout808/X                             0.200000    0.242371   -0.042371 (VIOLATED)
fanout1031/X                            0.200000    0.233024   -0.033024 (VIOLATED)
fanout778/X                             0.200000    0.232066   -0.032066 (VIOLATED)
_34599_/X                               0.200000    0.228236   -0.028236 (VIOLATED)
hold100/X                               0.200000    0.226066   -0.026066 (VIOLATED)
fanout980/X                             0.200000    0.225104   -0.025104 (VIOLATED)
fanout821/X                             0.200000    0.223839   -0.023839 (VIOLATED)
fanout815/X                             0.200000    0.223728   -0.023728 (VIOLATED)
fanout1045/X                            0.200000    0.223151   -0.023151 (VIOLATED)
fanout1566/X                            0.200000    0.220083   -0.020083 (VIOLATED)
_22195_/Y                               0.200000    0.218592   -0.018592 (VIOLATED)
_21811_/Y                               0.200000    0.218495   -0.018495 (VIOLATED)
fanout1511/X                            0.200000    0.218194   -0.018194 (VIOLATED)
fanout994/X                             0.200000    0.217979   -0.017979 (VIOLATED)
fanout750/X                             0.200000    0.217026   -0.017026 (VIOLATED)
fanout1087/X                            0.200000    0.216952   -0.016952 (VIOLATED)
fanout732/X                             0.200000    0.216819   -0.016819 (VIOLATED)
fanout668/X                             0.200000    0.216239   -0.016240 (VIOLATED)
fanout963/X                             0.200000    0.215666   -0.015666 (VIOLATED)
fanout1426/X                            0.200000    0.214957   -0.014957 (VIOLATED)
_22194_/Y                               0.200000    0.212853   -0.012853 (VIOLATED)
_21810_/Y                               0.200000    0.211916   -0.011916 (VIOLATED)
fanout860/X                             0.200000    0.211429   -0.011429 (VIOLATED)
fanout879/X                             0.200000    0.209306   -0.009306 (VIOLATED)
fanout920/X                             0.200000    0.209278   -0.009278 (VIOLATED)
fanout877/X                             0.200000    0.209214   -0.009214 (VIOLATED)
fanout1123/X                            0.200000    0.208665   -0.008665 (VIOLATED)
_44165_/Q                               0.200000    0.207971   -0.007971 (VIOLATED)
fanout878/X                             0.200000    0.205619   -0.005619 (VIOLATED)
fanout686/X                             0.200000    0.205605   -0.005605 (VIOLATED)
fanout1723/X                            0.200000    0.203527   -0.003527 (VIOLATED)
fanout960/X                             0.200000    0.201649   -0.001649 (VIOLATED)
clone91/X                               0.173960    0.174565   -0.000605 (VIOLATED)
fanout1029/X                            0.200000    0.200179   -0.000179 (VIOLATED)
fanout1873/X                            0.200000    0.200153   -0.000153 (VIOLATED)



===========================================================================
report_parasitic_annotation -report_unannotated
============================================================================
Found 340 unannotated drivers.
 clk_2p4g
 rf_adc_q_in[0]
 rf_adc_q_in[10]
 rf_adc_q_in[11]
 rf_adc_q_in[12]
 rf_adc_q_in[13]
 rf_adc_q_in[14]
 rf_adc_q_in[15]
 rf_adc_q_in[1]
 rf_adc_q_in[2]
 rf_adc_q_in[3]
 rf_adc_q_in[4]
 rf_adc_q_in[5]
 rf_adc_q_in[6]
 rf_adc_q_in[7]
 rf_adc_q_in[8]
 rf_adc_q_in[9]
 _43579__2974/LO
 clkload0/Y
 clkload1/Y
 clkload10/Y
 clkload100/Y
 clkload101/Y
 clkload102/Y
 clkload103/Y
 clkload104/X
 clkload105/Y
 clkload106/Y
 clkload107/Y
 clkload108/Y
 clkload109/X
 clkload11/Y
 clkload110/Y
 clkload111/Y
 clkload112/Y
 clkload113/Y
 clkload114/Y
 clkload115/Y
 clkload116/Y
 clkload117/Y
 clkload118/Y
 clkload119/Y
 clkload12/Y
 clkload120/Y
 clkload121/Y
 clkload122/Y
 clkload123/Y
 clkload124/Y
 clkload125/Y
 clkload126/Y
 clkload127/Y
 clkload128/Y
 clkload129/Y
 clkload13/Y
 clkload130/Y
 clkload131/Y
 clkload132/X
 clkload133/Y
 clkload134/Y
 clkload135/X
 clkload136/Y
 clkload137/Y
 clkload138/Y
 clkload139/Y
 clkload14/X
 clkload140/Y
 clkload141/Y
 clkload142/X
 clkload143/Y
 clkload144/Y
 clkload145/Y
 clkload146/Y
 clkload147/Y
 clkload148/Y
 clkload149/X
 clkload15/Y
 clkload150/Y
 clkload151/X
 clkload152/Y
 clkload153/X
 clkload154/Y
 clkload155/Y
 clkload156/Y
 clkload157/Y
 clkload158/Y
 clkload159/Y
 clkload16/Y
 clkload160/Y
 clkload161/Y
 clkload162/Y
 clkload163/Y
 clkload164/Y
 clkload165/Y
 clkload166/Y
 clkload167/X
 clkload168/Y
 clkload169/Y
 clkload17/Y
 clkload170/Y
 clkload171/Y
 clkload172/Y
 clkload173/Y
 clkload174/Y
 clkload175/Y
 clkload176/Y
 clkload177/Y
 clkload178/Y
 clkload179/Y
 clkload18/Y
 clkload180/Y
 clkload181/Y
 clkload182/Y
 clkload183/Y
 clkload184/Y
 clkload185/X
 clkload186/X
 clkload187/Y
 clkload188/Y
 clkload189/Y
 clkload19/Y
 clkload190/Y
 clkload191/X
 clkload192/X
 clkload193/Y
 clkload194/Y
 clkload195/Y
 clkload196/Y
 clkload197/Y
 clkload198/Y
 clkload199/Y
 clkload2/Y
 clkload20/Y
 clkload200/X
 clkload201/Y
 clkload202/Y
 clkload203/Y
 clkload204/Y
 clkload205/Y
 clkload206/Y
 clkload207/Y
 clkload208/Y
 clkload209/Y
 clkload21/Y
 clkload210/X
 clkload211/Y
 clkload212/Y
 clkload213/Y
 clkload214/Y
 clkload215/Y
 clkload216/Y
 clkload217/Y
 clkload218/X
 clkload219/Y
 clkload22/Y
 clkload220/Y
 clkload221/Y
 clkload222/X
 clkload223/Y
 clkload224/Y
 clkload225/X
 clkload226/Y
 clkload227/Y
 clkload228/X
 clkload229/Y
 clkload23/Y
 clkload230/X
 clkload24/Y
 clkload25/Y
 clkload26/Y
 clkload27/Y
 clkload28/X
 clkload29/X
 clkload3/Y
 clkload30/Y
 clkload31/Y
 clkload32/Y
 clkload33/Y
 clkload34/Y
 clkload35/Y
 clkload36/Y
 clkload37/Y
 clkload38/Y
 clkload39/Y
 clkload4/X
 clkload40/Y
 clkload41/Y
 clkload42/Y
 clkload43/Y
 clkload44/Y
 clkload45/Y
 clkload46/Y
 clkload47/Y
 clkload48/Y
 clkload49/Y
 clkload5/Y
 clkload50/Y
 clkload51/Y
 clkload52/Y
 clkload53/X
 clkload54/Y
 clkload55/Y
 clkload56/Y
 clkload57/X
 clkload58/Y
 clkload59/Y
 clkload6/Y
 clkload60/X
 clkload61/X
 clkload62/X
 clkload63/Y
 clkload64/Y
 clkload65/Y
 clkload66/Y
 clkload67/Y
 clkload68/Y
 clkload69/Y
 clkload7/Y
 clkload70/Y
 clkload71/Y
 clkload72/Y
 clkload73/Y
 clkload74/Y
 clkload75/Y
 clkload76/Y
 clkload77/Y
 clkload78/Y
 clkload79/Y
 clkload8/X
 clkload80/X
 clkload81/Y
 clkload82/Y
 clkload83/X
 clkload84/X
 clkload85/Y
 clkload86/X
 clkload87/Y
 clkload88/Y
 clkload89/Y
 clkload9/X
 clkload90/Y
 clkload91/Y
 clkload92/Y
 clkload93/Y
 clkload94/Y
 clkload95/Y
 clkload96/Y
 clkload97/Y
 clkload98/Y
 clkload99/Y
 phase_099_top_integration_2883/HI
 phase_099_top_integration_2884/HI
 phase_099_top_integration_2885/HI
 phase_099_top_integration_2886/HI
 phase_099_top_integration_2887/HI
 phase_099_top_integration_2888/HI
 phase_099_top_integration_2889/HI
 phase_099_top_integration_2890/HI
 phase_099_top_integration_2891/HI
 phase_099_top_integration_2892/HI
 phase_099_top_integration_2893/HI
 phase_099_top_integration_2894/HI
 phase_099_top_integration_2895/HI
 phase_099_top_integration_2896/HI
 phase_099_top_integration_2897/HI
 phase_099_top_integration_2898/HI
 phase_099_top_integration_2899/HI
 phase_099_top_integration_2900/HI
 phase_099_top_integration_2901/HI
 phase_099_top_integration_2902/HI
 phase_099_top_integration_2903/HI
 phase_099_top_integration_2904/HI
 phase_099_top_integration_2905/HI
 phase_099_top_integration_2906/HI
 phase_099_top_integration_2907/HI
 phase_099_top_integration_2908/HI
 phase_099_top_integration_2909/HI
 phase_099_top_integration_2910/HI
 phase_099_top_integration_2911/HI
 phase_099_top_integration_2912/HI
 phase_099_top_integration_2913/HI
 phase_099_top_integration_2914/HI
 phase_099_top_integration_2915/HI
 phase_099_top_integration_2916/HI
 phase_099_top_integration_2917/HI
 phase_099_top_integration_2918/HI
 phase_099_top_integration_2919/HI
 phase_099_top_integration_2920/HI
 phase_099_top_integration_2921/HI
 phase_099_top_integration_2922/HI
 phase_099_top_integration_2923/HI
 phase_099_top_integration_2924/HI
 phase_099_top_integration_2925/HI
 phase_099_top_integration_2926/HI
 phase_099_top_integration_2927/HI
 phase_099_top_integration_2928/HI
 phase_099_top_integration_2929/HI
 phase_099_top_integration_2930/HI
 phase_099_top_integration_2931/HI
 phase_099_top_integration_2932/HI
 phase_099_top_integration_2933/HI
 phase_099_top_integration_2934/HI
 phase_099_top_integration_2935/HI
 phase_099_top_integration_2936/HI
 phase_099_top_integration_2937/HI
 phase_099_top_integration_2938/HI
 phase_099_top_integration_2939/HI
 phase_099_top_integration_2940/HI
 phase_099_top_integration_2941/HI
 phase_099_top_integration_2942/HI
 phase_099_top_integration_2943/HI
 phase_099_top_integration_2944/HI
 phase_099_top_integration_2945/HI
 phase_099_top_integration_2946/HI
 phase_099_top_integration_2947/HI
 phase_099_top_integration_2948/HI
 phase_099_top_integration_2949/HI
 phase_099_top_integration_2950/HI
 phase_099_top_integration_2951/HI
 phase_099_top_integration_2952/HI
 phase_099_top_integration_2953/HI
 phase_099_top_integration_2954/HI
 phase_099_top_integration_2955/HI
 phase_099_top_integration_2956/HI
 phase_099_top_integration_2957/HI
 phase_099_top_integration_2958/HI
 phase_099_top_integration_2959/HI
 phase_099_top_integration_2960/HI
 phase_099_top_integration_2961/HI
 phase_099_top_integration_2962/HI
 phase_099_top_integration_2963/HI
 phase_099_top_integration_2964/HI
 phase_099_top_integration_2965/HI
 phase_099_top_integration_2966/HI
 phase_099_top_integration_2967/HI
 phase_099_top_integration_2968/HI
 phase_099_top_integration_2969/HI
 phase_099_top_integration_2970/HI
 phase_099_top_integration_2971/HI
 phase_099_top_integration_2972/HI
 phase_099_top_integration_2973/HI
Found 0 partially unannotated drivers.

===========================================================================
max slew violation count 22
max fanout violation count 349
max cap violation count 46
============================================================================

===========================================================================
check_setup -verbose -unconstrained_endpoints -multiple_clock -no_clock -no_input_delay -loops -generated_clocks
===========================================================================
Warning: There are 92 unconstrained endpoints.
  module_status_flags_out[10]
  module_status_flags_out[11]
  module_status_flags_out[12]
  module_status_flags_out[14]
  module_status_flags_out[15]
  module_status_flags_out[16]
  module_status_flags_out[17]
  module_status_flags_out[18]
  module_status_flags_out[19]
  module_status_flags_out[21]
  module_status_flags_out[22]
  module_status_flags_out[23]
  module_status_flags_out[24]
  module_status_flags_out[25]
  module_status_flags_out[26]
  module_status_flags_out[27]
  module_status_flags_out[28]
  module_status_flags_out[29]
  module_status_flags_out[30]
  module_status_flags_out[31]
  module_status_flags_out[32]
  module_status_flags_out[33]
  module_status_flags_out[34]
  module_status_flags_out[35]
  module_status_flags_out[36]
  module_status_flags_out[37]
  module_status_flags_out[38]
  module_status_flags_out[39]
  module_status_flags_out[3]
  module_status_flags_out[40]
  module_status_flags_out[41]
  module_status_flags_out[42]
  module_status_flags_out[43]
  module_status_flags_out[44]
  module_status_flags_out[45]
  module_status_flags_out[46]
  module_status_flags_out[47]
  module_status_flags_out[48]
  module_status_flags_out[49]
  module_status_flags_out[4]
  module_status_flags_out[50]
  module_status_flags_out[51]
  module_status_flags_out[52]
  module_status_flags_out[53]
  module_status_flags_out[54]
  module_status_flags_out[55]
  module_status_flags_out[56]
  module_status_flags_out[57]
  module_status_flags_out[58]
  module_status_flags_out[59]
  module_status_flags_out[5]
  module_status_flags_out[60]
  module_status_flags_out[61]
  module_status_flags_out[62]
  module_status_flags_out[63]
  module_status_flags_out[64]
  module_status_flags_out[65]
  module_status_flags_out[66]
  module_status_flags_out[67]
  module_status_flags_out[68]
  module_status_flags_out[69]
  module_status_flags_out[6]
  module_status_flags_out[70]
  module_status_flags_out[71]
  module_status_flags_out[72]
  module_status_flags_out[73]
  module_status_flags_out[74]
  module_status_flags_out[75]
  module_status_flags_out[76]
  module_status_flags_out[77]
  module_status_flags_out[78]
  module_status_flags_out[79]
  module_status_flags_out[7]
  module_status_flags_out[80]
  module_status_flags_out[81]
  module_status_flags_out[82]
  module_status_flags_out[83]
  module_status_flags_out[84]
  module_status_flags_out[85]
  module_status_flags_out[86]
  module_status_flags_out[87]
  module_status_flags_out[88]
  module_status_flags_out[89]
  module_status_flags_out[90]
  module_status_flags_out[91]
  module_status_flags_out[92]
  module_status_flags_out[93]
  module_status_flags_out[94]
  module_status_flags_out[95]
  module_status_flags_out[96]
  module_status_flags_out[97]
  _43579_/D
