Clock: clk_dsp
Sources: clk_dsp 
Generated: no
Virtual: yes
Propagated: no
Period: 5.000000

===========================================================================
report_clock_properties
============================================================================
Clock                   Period          Waveform
----------------------------------------------------
clk_dsp               5.000000    0.000000  2.500000

===========================================================================
report_clock_latency
============================================================================
Clock clk_dsp
rise -> rise
    min     max
0.000000 0.000000 source latency
1.023284         network latency _46248_/CLK
        1.214406 network latency _45510_/CLK
---------------
1.023284 1.214406 latency
        0.191122 skew

fall -> fall
    min     max
0.000000 0.000000 source latency
0.854477         network latency _46248_/CLK
        1.025191 network latency _44646_/CLK
---------------
0.854477 1.025191 latency
        0.170714 skew



===========================================================================
report_clock_min_period
============================================================================
clk_dsp period_min = 9.32 fmax = 107.28
