
===========================================================================
 report_power
============================================================================
======================= nom_ff_n40C_1v95 Corner ===================================

Group                    Internal    Switching      Leakage        Total
                            Power        Power        Power        Power (Watts)
------------------------------------------------------------------------
Sequential           2.679824e-02 2.101564e-06 4.832835e-08 2.680038e-02  53.7%
Combinational        2.488869e-04 7.834142e-04 2.546228e-07 1.032556e-03   2.1%
Clock                9.767922e-03 1.229451e-02 1.225509e-07 2.206255e-02  44.2%
Macro                0.000000e+00 0.000000e+00 0.000000e+00 0.000000e+00   0.0%
Pad                  0.000000e+00 0.000000e+00 0.000000e+00 0.000000e+00   0.0%
------------------------------------------------------------------------
Total                3.681508e-02 1.308003e-02 4.254842e-07 4.989554e-02 100.0%
                            73.8%        26.2%         0.0%

