
===========================================================================
report_checks -unconstrained
===========================================================================
======================= min_ff_n40C_1v95 Corner ===================================

Startpoint: rst_n (input port clocked by clk_dsp)
Endpoint: _44061_ (recovery check against rising-edge clock clk_dsp)
Path Group: asynchronous
Path Type: max

Fanout         Cap        Slew       Delay        Time   Description
---------------------------------------------------------------------------------------------
                                  0.000000    0.000000   clock clk_dsp (rise edge)
                                  0.000000    0.000000   clock network delay (propagated)
                                  1.000000    1.000000 ^ input external delay
     1    0.002623    0.013288    0.006762    1.006762 ^ rst_n (in)
                                                         rst_n (net)
                      0.013288    0.000000    1.006762 ^ hold102/A (sky130_fd_sc_hd__dlygate4sd3_1)
     1    0.002622    0.037825    0.365550    1.372312 ^ hold102/X (sky130_fd_sc_hd__dlygate4sd3_1)
                                                         net3075 (net)
                      0.037825    0.000009    1.372321 ^ input17/A (sky130_fd_sc_hd__buf_4)
     1    0.062431    0.132825    0.140920    1.513241 ^ input17/X (sky130_fd_sc_hd__buf_4)
                                                         net17 (net)
                      0.135417    0.014695    1.527936 ^ fanout2882/A (sky130_fd_sc_hd__buf_12)
     1    0.033655    0.040598    0.087315    1.615251 ^ fanout2882/X (sky130_fd_sc_hd__buf_12)
                                                         net2882 (net)
                      0.041123    0.003594    1.618845 ^ hold92/A (sky130_fd_sc_hd__buf_12)
     2    0.033342    0.039061    0.075211    1.694056 ^ hold92/X (sky130_fd_sc_hd__buf_12)
                                                         net3065 (net)
                      0.039306    0.002397    1.696453 ^ hold94/A (sky130_fd_sc_hd__buf_12)
     1    0.024760    0.032280    0.069616    1.766069 ^ hold94/X (sky130_fd_sc_hd__buf_12)
                                                         net3067 (net)
                      0.032545    0.002225    1.768294 ^ hold96/A (sky130_fd_sc_hd__buf_12)
     1    0.046862    0.050387    0.079803    1.848097 ^ hold96/X (sky130_fd_sc_hd__buf_12)
                                                         net3069 (net)
                      0.052412    0.007884    1.855980 ^ hold98/A (sky130_fd_sc_hd__buf_12)
     5    0.115982    0.105156    0.126456    1.982436 ^ hold98/X (sky130_fd_sc_hd__buf_12)
                                                         net3071 (net)
                      0.105288    0.003018    1.985454 ^ fanout2830/A (sky130_fd_sc_hd__buf_6)
     6    0.123199    0.184624    0.184346    2.169800 ^ fanout2830/X (sky130_fd_sc_hd__buf_6)
                                                         net2830 (net)
                      0.185030    0.007102    2.176902 ^ hold99/A (sky130_fd_sc_hd__dlygate4sd3_1)
     2    0.032059    0.244974    0.542440    2.719342 ^ hold99/X (sky130_fd_sc_hd__dlygate4sd3_1)
                                                         net3072 (net)
                      0.244983    0.001832    2.721174 ^ fanout2790/A (sky130_fd_sc_hd__buf_2)
     5    0.046235    0.170525    0.201466    2.922640 ^ fanout2790/X (sky130_fd_sc_hd__buf_2)
                                                         net2790 (net)
                      0.170529    0.000679    2.923319 ^ fanout2789/A (sky130_fd_sc_hd__buf_2)
     7    0.044023    0.162750    0.187767    3.111087 ^ fanout2789/X (sky130_fd_sc_hd__buf_2)
                                                         net2789 (net)
                      0.162753    0.000562    3.111649 ^ fanout2780/A (sky130_fd_sc_hd__clkbuf_4)
    10    0.049487    0.117274    0.181252    3.292901 ^ fanout2780/X (sky130_fd_sc_hd__clkbuf_4)
                                                         net2780 (net)
                      0.117274    0.000361    3.293262 ^ fanout2779/A (sky130_fd_sc_hd__clkbuf_4)
    10    0.046117    0.109837    0.168471    3.461732 ^ fanout2779/X (sky130_fd_sc_hd__clkbuf_4)
                                                         net2779 (net)
                      0.109838    0.000530    3.462263 ^ _44061_/RESET_B (sky130_fd_sc_hd__dfrtp_1)
                                              3.462263   data arrival time

                                  5.000000    5.000000   clock clk_dsp (rise edge)
                                  0.000000    5.000000   clock source latency
     2    0.140476    0.479123    0.353603    5.353603 ^ clk_dsp (in)
                                                         clk_dsp (net)
                      0.494582    0.000000    5.353603 ^ clkbuf_0_clk_dsp/A (sky130_fd_sc_hd__clkbuf_16)
     4    0.118119    0.107461    0.194250    5.547853 ^ clkbuf_0_clk_dsp/X (sky130_fd_sc_hd__clkbuf_16)
                                                         clknet_0_clk_dsp (net)
                      0.107549    0.002530    5.550383 ^ clkbuf_2_2_0_clk_dsp/A (sky130_fd_sc_hd__clkbuf_8)
     4    0.069765    0.098327    0.151383    5.701766 ^ clkbuf_2_2_0_clk_dsp/X (sky130_fd_sc_hd__clkbuf_8)
                                                         clknet_2_2_0_clk_dsp (net)
                      0.098484    0.003245    5.705010 ^ clkbuf_4_9_0_clk_dsp/A (sky130_fd_sc_hd__clkbuf_8)
     2    0.035350    0.056000    0.120636    5.825646 ^ clkbuf_4_9_0_clk_dsp/X (sky130_fd_sc_hd__clkbuf_8)
                                                         clknet_4_9_0_clk_dsp (net)
                      0.056005    0.000684    5.826330 ^ clkbuf_5_18__f_clk_dsp/A (sky130_fd_sc_hd__clkbuf_16)
     7    0.059936    0.059487    0.114623    5.940953 ^ clkbuf_5_18__f_clk_dsp/X (sky130_fd_sc_hd__clkbuf_16)
                                                         clknet_5_18__leaf_clk_dsp (net)
                      0.059537    0.000639    5.941592 ^ clkbuf_leaf_57_clk_dsp/A (sky130_fd_sc_hd__clkbuf_8)
    18    0.052401    0.076527    0.125814    6.067407 ^ clkbuf_leaf_57_clk_dsp/X (sky130_fd_sc_hd__clkbuf_8)
                                                         clknet_leaf_57_clk_dsp (net)
                      0.076529    0.000524    6.067931 ^ _44061_/CLK (sky130_fd_sc_hd__dfrtp_1)
                                 -0.250000    5.817931   clock uncertainty
                                  0.000000    5.817931   clock reconvergence pessimism
                                  0.135872    5.953803   library recovery time
                                              5.953803   data required time
---------------------------------------------------------------------------------------------
                                              5.953803   data required time
                                             -3.462263   data arrival time
---------------------------------------------------------------------------------------------
                                              2.491540   slack (MET)


Startpoint: _46159_ (rising edge-triggered flip-flop clocked by clk_dsp)
Endpoint: _46277_ (rising edge-triggered flip-flop clocked by clk_dsp)
Path Group: clk_dsp
Path Type: max

Fanout         Cap        Slew       Delay        Time   Description
---------------------------------------------------------------------------------------------
                                  0.000000    0.000000   clock clk_dsp (rise edge)
                                  0.000000    0.000000   clock source latency
     2    0.140476    0.479123    0.353603    0.353603 ^ clk_dsp (in)
                                                         clk_dsp (net)
                      0.494582    0.000000    0.353603 ^ clkbuf_0_clk_dsp/A (sky130_fd_sc_hd__clkbuf_16)
     4    0.118119    0.107461    0.194250    0.547853 ^ clkbuf_0_clk_dsp/X (sky130_fd_sc_hd__clkbuf_16)
                                                         clknet_0_clk_dsp (net)
                      0.107519    0.002050    0.549903 ^ clkbuf_2_3_0_clk_dsp/A (sky130_fd_sc_hd__clkbuf_8)
     4    0.069004    0.097446    0.150686    0.700589 ^ clkbuf_2_3_0_clk_dsp/X (sky130_fd_sc_hd__clkbuf_8)
                                                         clknet_2_3_0_clk_dsp (net)
                      0.098048    0.006165    0.706754 ^ clkbuf_4_15_0_clk_dsp/A (sky130_fd_sc_hd__clkbuf_8)
     2    0.051433    0.075463    0.134867    0.841622 ^ clkbuf_4_15_0_clk_dsp/X (sky130_fd_sc_hd__clkbuf_8)
                                                         clknet_4_15_0_clk_dsp (net)
                      0.075488    0.001321    0.842943 ^ clkbuf_5_30__f_clk_dsp/A (sky130_fd_sc_hd__clkbuf_16)
     9    0.105986    0.093578    0.144456    0.987399 ^ clkbuf_5_30__f_clk_dsp/X (sky130_fd_sc_hd__clkbuf_16)
                                                         clknet_5_30__leaf_clk_dsp (net)
                      0.093654    0.002186    0.989585 ^ clkbuf_leaf_144_clk_dsp/A (sky130_fd_sc_hd__clkbuf_8)
    11    0.041226    0.063196    0.124924    1.114508 ^ clkbuf_leaf_144_clk_dsp/X (sky130_fd_sc_hd__clkbuf_8)
                                                         clknet_leaf_144_clk_dsp (net)
                      0.063196    0.000179    1.114687 ^ _46159_/CLK (sky130_fd_sc_hd__dfrtp_1)
     4    0.019321    0.077746    0.282816    1.397503 v _46159_/Q (sky130_fd_sc_hd__dfrtp_1)
                                                         u_phase_009_fft.out_cnt[3] (net)
                      0.077746    0.000176    1.397679 v fanout1762/A (sky130_fd_sc_hd__buf_4)
     5    0.021816    0.033754    0.121490    1.519169 v fanout1762/X (sky130_fd_sc_hd__buf_4)
                                                         net1762 (net)
                      0.033756    0.000306    1.519475 v fanout1761/A (sky130_fd_sc_hd__buf_4)
    10    0.040590    0.047762    0.117015    1.636490 v fanout1761/X (sky130_fd_sc_hd__buf_4)
                                                         net1761 (net)
                      0.047769    0.000618    1.637107 v _34555_/A_N (sky130_fd_sc_hd__and4bb_1)
     1    0.016221    0.129428    0.225024    1.862131 ^ _34555_/X (sky130_fd_sc_hd__and4bb_1)
                                                         _08581_ (net)
                      0.129431    0.000854    1.862985 ^ fanout1258/A (sky130_fd_sc_hd__clkbuf_8)
     6    0.116918    0.157173    0.192780    2.055765 ^ fanout1258/X (sky130_fd_sc_hd__clkbuf_8)
                                                         net1258 (net)
                      0.159150    0.014137    2.069902 ^ fanout1254/A (sky130_fd_sc_hd__clkbuf_4)
    10    0.069493    0.160593    0.209637    2.279539 ^ fanout1254/X (sky130_fd_sc_hd__clkbuf_4)
                                                         net1254 (net)
                      0.160713    0.003613    2.283152 ^ _34557_/B (sky130_fd_sc_hd__and2_4)
     4    0.062546    0.139440    0.188110    2.471262 ^ _34557_/X (sky130_fd_sc_hd__and2_4)
                                                         _08583_ (net)
                      0.139880    0.006350    2.477612 ^ clone91/A (sky130_fd_sc_hd__clkbuf_1)
    10    0.157436    1.347181    0.962634    3.440246 ^ clone91/X (sky130_fd_sc_hd__clkbuf_1)
                                                         net3064 (net)
                      1.347183    0.001630    3.441877 ^ fanout921/A (sky130_fd_sc_hd__clkbuf_8)
    10    0.105720    0.155269    0.214798    3.656675 ^ fanout921/X (sky130_fd_sc_hd__clkbuf_8)
                                                         net921 (net)
                      0.156202    0.009445    3.666120 ^ _35023_/A2 (sky130_fd_sc_hd__a22o_1)
     1    0.003051    0.033565    0.093811    3.759931 ^ _35023_/X (sky130_fd_sc_hd__a22o_1)
                                                         _09049_ (net)
                      0.033565    0.000029    3.759960 ^ _35024_/C1 (sky130_fd_sc_hd__a211o_1)
     1    0.007352    0.056449    0.073813    3.833772 ^ _35024_/X (sky130_fd_sc_hd__a211o_1)
                                                         _09050_ (net)
                      0.056449    0.000197    3.833969 ^ _35025_/C1 (sky130_fd_sc_hd__a211o_1)
     1    0.005603    0.046358    0.070825    3.904794 ^ _35025_/X (sky130_fd_sc_hd__a211o_1)
                                                         _09051_ (net)
                      0.046358    0.000128    3.904923 ^ _35034_/C (sky130_fd_sc_hd__or4_1)
     1    0.015507    0.111525    0.127744    4.032666 ^ _35034_/X (sky130_fd_sc_hd__or4_1)
                                                         _09060_ (net)
                      0.111566    0.000647    4.033314 ^ _35035_/A3 (sky130_fd_sc_hd__o32a_4)
     2    0.092240    0.196951    0.219555    4.252869 ^ _35035_/X (sky130_fd_sc_hd__o32a_4)
                                                         _09061_ (net)
                      0.197290    0.006692    4.259561 ^ fanout248/A (sky130_fd_sc_hd__buf_6)
     7    0.147343    0.219787    0.210124    4.469685 ^ fanout248/X (sky130_fd_sc_hd__buf_6)
                                                         net248 (net)
                      0.219794    0.001069    4.470755 ^ fanout246/A (sky130_fd_sc_hd__buf_4)
    11    0.097003    0.202244    0.218637    4.689391 ^ fanout246/X (sky130_fd_sc_hd__buf_4)
                                                         net246 (net)
                      0.202289    0.002539    4.691930 ^ _35036_/A (sky130_fd_sc_hd__inv_2)
     2    0.065635    0.127249    0.123420    4.815351 v _35036_/Y (sky130_fd_sc_hd__inv_2)
                                                         _09062_ (net)
                      0.127249    0.000114    4.815464 v fanout229/A (sky130_fd_sc_hd__clkbuf_8)
    12    0.118527    0.094208    0.184170    4.999634 v fanout229/X (sky130_fd_sc_hd__clkbuf_8)
                                                         net229 (net)
                      0.103052    0.022209    5.021843 v _41275_/B (sky130_fd_sc_hd__nor3_1)
     3    0.010708    0.242754    0.239696    5.261539 ^ _41275_/Y (sky130_fd_sc_hd__nor3_1)
                                                         _15269_ (net)
                      0.242754    0.000114    5.261652 ^ _41277_/A (sky130_fd_sc_hd__nor2_1)
     2    0.005944    0.063451    0.049309    5.310962 v _41277_/Y (sky130_fd_sc_hd__nor2_1)
                                                         _15271_ (net)
                      0.063451    0.000035    5.310997 v _41278_/C (sky130_fd_sc_hd__and3_1)
     3    0.008252    0.043439    0.142273    5.453270 v _41278_/X (sky130_fd_sc_hd__and3_1)
                                                         _15272_ (net)
                      0.043439    0.000071    5.453341 v _41429_/A (sky130_fd_sc_hd__or2_1)
     2    0.007307    0.046953    0.152776    5.606117 v _41429_/X (sky130_fd_sc_hd__or2_1)
                                                         _15423_ (net)
                      0.046953    0.000084    5.606201 v _41436_/B (sky130_fd_sc_hd__xnor2_1)
     2    0.006645    0.134689    0.131454    5.737655 ^ _41436_/Y (sky130_fd_sc_hd__xnor2_1)
                                                         _15430_ (net)
                      0.134689    0.000069    5.737723 ^ _41437_/B (sky130_fd_sc_hd__nand2_1)
     3    0.014507    0.076432    0.087629    5.825352 v _41437_/Y (sky130_fd_sc_hd__nand2_1)
                                                         _15431_ (net)
                      0.076432    0.000068    5.825420 v _41589_/A (sky130_fd_sc_hd__nand2_1)
     2    0.008745    0.069961    0.083521    5.908941 ^ _41589_/Y (sky130_fd_sc_hd__nand2_1)
                                                         _15583_ (net)
                      0.069961    0.000095    5.909036 ^ _41609_/C (sky130_fd_sc_hd__nand3_2)
     2    0.012585    0.065533    0.065208    5.974244 v _41609_/Y (sky130_fd_sc_hd__nand3_2)
                                                         _15603_ (net)
                      0.065533    0.000167    5.974411 v _41736_/A2 (sky130_fd_sc_hd__a211o_1)
     2    0.011875    0.061904    0.224716    6.199127 v _41736_/X (sky130_fd_sc_hd__a211o_1)
                                                         _15730_ (net)
                      0.061904    0.000058    6.199185 v _41769_/A2 (sky130_fd_sc_hd__a211o_1)
     2    0.012911    0.064818    0.226441    6.425626 v _41769_/X (sky130_fd_sc_hd__a211o_1)
                                                         _15763_ (net)
                      0.064818    0.000297    6.425923 v _41882_/A2 (sky130_fd_sc_hd__a21o_1)
     2    0.007694    0.038368    0.138351    6.564274 v _41882_/X (sky130_fd_sc_hd__a21o_1)
                                                         _15876_ (net)
                      0.038368    0.000069    6.564343 v _41884_/A2 (sky130_fd_sc_hd__a21o_1)
     3    0.008360    0.040384    0.130914    6.695258 v _41884_/X (sky130_fd_sc_hd__a21o_1)
                                                         _15878_ (net)
                      0.040384    0.000073    6.695331 v _41946_/A2 (sky130_fd_sc_hd__a211oi_1)
     2    0.006469    0.197573    0.206927    6.902258 ^ _41946_/Y (sky130_fd_sc_hd__a211oi_1)
                                                         _15940_ (net)
                      0.197573    0.000093    6.902351 ^ _41948_/B (sky130_fd_sc_hd__nor3_1)
     3    0.008647    0.067220    0.062815    6.965167 v _41948_/Y (sky130_fd_sc_hd__nor3_1)
                                                         _15942_ (net)
                      0.067220    0.000055    6.965221 v max_cap71/A (sky130_fd_sc_hd__clkbuf_1)
     2    0.006668    0.032675    0.082995    7.048216 v max_cap71/X (sky130_fd_sc_hd__clkbuf_1)
                                                         net71 (net)
                      0.032675    0.000099    7.048316 v _42104_/A1 (sky130_fd_sc_hd__o21a_1)
     2    0.004329    0.029727    0.119575    7.167892 v _42104_/X (sky130_fd_sc_hd__o21a_1)
                                                         _16098_ (net)
                      0.029727    0.000033    7.167925 v _42105_/C (sky130_fd_sc_hd__or3_1)
     3    0.007748    0.061613    0.194545    7.362470 v _42105_/X (sky130_fd_sc_hd__or3_1)
                                                         _16099_ (net)
                      0.061613    0.000062    7.362531 v _42114_/A (sky130_fd_sc_hd__nand2_1)
     1    0.005459    0.050423    0.061967    7.424499 ^ _42114_/Y (sky130_fd_sc_hd__nand2_1)
                                                         _16108_ (net)
                      0.050423    0.000064    7.424562 ^ _42253_/A (sky130_fd_sc_hd__xnor2_1)
     2    0.007316    0.047567    0.057981    7.482543 v _42253_/Y (sky130_fd_sc_hd__xnor2_1)
                                                         _16247_ (net)
                      0.047567    0.000049    7.482592 v _42257_/B (sky130_fd_sc_hd__xnor2_1)
     2    0.012030    0.210641    0.187954    7.670545 ^ _42257_/Y (sky130_fd_sc_hd__xnor2_1)
                                                         _16251_ (net)
                      0.210641    0.000186    7.670731 ^ _43311_/B (sky130_fd_sc_hd__xnor2_2)
     2    0.007927    0.116986    0.085964    7.756695 ^ _43311_/Y (sky130_fd_sc_hd__xnor2_2)
                                                         _17305_ (net)
                      0.116986    0.000092    7.756787 ^ _43312_/B1 (sky130_fd_sc_hd__o21ai_2)
     3    0.010022    0.043928    0.042358    7.799146 v _43312_/Y (sky130_fd_sc_hd__o21ai_2)
                                                         _17306_ (net)
                      0.043929    0.000108    7.799254 v _43313_/A1 (sky130_fd_sc_hd__a21o_1)
     3    0.013898    0.055044    0.132285    7.931539 v _43313_/X (sky130_fd_sc_hd__a21o_1)
                                                         _17307_ (net)
                      0.055044    0.000178    7.931717 v _43315_/A1 (sky130_fd_sc_hd__a21oi_4)
     3    0.017228    0.125311    0.129178    8.060894 ^ _43315_/Y (sky130_fd_sc_hd__a21oi_4)
                                                         _17309_ (net)
                      0.125312    0.000369    8.061264 ^ _43317_/A1 (sky130_fd_sc_hd__o21bai_4)
     3    0.011600    0.044477    0.055456    8.116720 v _43317_/Y (sky130_fd_sc_hd__o21bai_4)
                                                         _17311_ (net)
                      0.044477    0.000211    8.116931 v _43320_/A2 (sky130_fd_sc_hd__a21o_1)
     4    0.014332    0.056300    0.149669    8.266600 v _43320_/X (sky130_fd_sc_hd__a21o_1)
                                                         _17314_ (net)
                      0.056302    0.000363    8.266963 v _43321_/C (sky130_fd_sc_hd__and3b_1)
     3    0.008129    0.043119    0.138061    8.405025 v _43321_/X (sky130_fd_sc_hd__and3b_1)
                                                         _17315_ (net)
                      0.043119    0.000118    8.405143 v _43323_/A1 (sky130_fd_sc_hd__o31a_1)
     4    0.016848    0.074907    0.228819    8.633962 v _43323_/X (sky130_fd_sc_hd__o31a_1)
                                                         _17317_ (net)
                      0.074907    0.000341    8.634302 v _43335_/A1 (sky130_fd_sc_hd__a211oi_4)
     4    0.018742    0.212280    0.220000    8.854302 ^ _43335_/Y (sky130_fd_sc_hd__a211oi_4)
                                                         _17329_ (net)
                      0.212280    0.000289    8.854591 ^ _43344_/A3 (sky130_fd_sc_hd__o311ai_4)
     3    0.009328    0.074545    0.059028    8.913619 v _43344_/Y (sky130_fd_sc_hd__o311ai_4)
                                                         _17338_ (net)
                      0.074545    0.000142    8.913761 v _43345_/A1 (sky130_fd_sc_hd__a21o_1)
     4    0.011675    0.048855    0.138375    9.052136 v _43345_/X (sky130_fd_sc_hd__a21o_1)
                                                         _17339_ (net)
                      0.048855    0.000140    9.052277 v _43347_/A2 (sky130_fd_sc_hd__a21o_1)
     2    0.012194    0.050284    0.146084    9.198360 v _43347_/X (sky130_fd_sc_hd__a21o_1)
                                                         _17341_ (net)
                      0.050284    0.000103    9.198463 v _43382_/B (sky130_fd_sc_hd__and3_4)
     3    0.020929    0.039945    0.133439    9.331903 v _43382_/X (sky130_fd_sc_hd__and3_4)
                                                         _17376_ (net)
                      0.039945    0.000195    9.332097 v _43384_/A2 (sky130_fd_sc_hd__o31ai_4)
     3    0.031704    0.304615    0.284822    9.616920 ^ _43384_/Y (sky130_fd_sc_hd__o31ai_4)
                                                         _17378_ (net)
                      0.304633    0.001794    9.618713 ^ fanout62/A (sky130_fd_sc_hd__buf_6)
     5    0.034156    0.060638    0.106178    9.724892 ^ fanout62/X (sky130_fd_sc_hd__buf_6)
                                                         net62 (net)
                      0.060824    0.002640    9.727531 ^ _43391_/B1 (sky130_fd_sc_hd__a31o_1)
     1    0.002828    0.032065    0.056052    9.783583 ^ _43391_/X (sky130_fd_sc_hd__a31o_1)
                                                         _17384_ (net)
                      0.032065    0.000013    9.783596 ^ _43392_/B1 (sky130_fd_sc_hd__o21a_1)
     1    0.002743    0.031250    0.053505    9.837101 ^ _43392_/X (sky130_fd_sc_hd__o21a_1)
                                                         _02772_ (net)
                      0.031250    0.000027    9.837128 ^ _46277_/D (sky130_fd_sc_hd__dfrtp_4)
                                              9.837128   data arrival time

                                  5.000000    5.000000   clock clk_dsp (rise edge)
                                  0.000000    5.000000   clock source latency
     2    0.140476    0.479123    0.353603    5.353603 ^ clk_dsp (in)
                                                         clk_dsp (net)
                      0.494582    0.000000    5.353603 ^ clkbuf_0_clk_dsp/A (sky130_fd_sc_hd__clkbuf_16)
     4    0.118119    0.107461    0.194250    5.547853 ^ clkbuf_0_clk_dsp/X (sky130_fd_sc_hd__clkbuf_16)
                                                         clknet_0_clk_dsp (net)
                      0.107519    0.002050    5.549903 ^ clkbuf_2_3_0_clk_dsp/A (sky130_fd_sc_hd__clkbuf_8)
     4    0.069004    0.097446    0.150686    5.700590 ^ clkbuf_2_3_0_clk_dsp/X (sky130_fd_sc_hd__clkbuf_8)
                                                         clknet_2_3_0_clk_dsp (net)
                      0.098048    0.006165    5.706754 ^ clkbuf_4_15_0_clk_dsp/A (sky130_fd_sc_hd__clkbuf_8)
     2    0.051433    0.075463    0.134867    5.841621 ^ clkbuf_4_15_0_clk_dsp/X (sky130_fd_sc_hd__clkbuf_8)
                                                         clknet_4_15_0_clk_dsp (net)
                      0.075553    0.001649    5.843270 ^ clkbuf_5_31__f_clk_dsp/A (sky130_fd_sc_hd__clkbuf_16)
     8    0.110047    0.096933    0.143578    5.986848 ^ clkbuf_5_31__f_clk_dsp/X (sky130_fd_sc_hd__clkbuf_16)
                                                         clknet_5_31__leaf_clk_dsp (net)
                      0.098934    0.010934    5.997783 ^ clkbuf_leaf_137_clk_dsp/A (sky130_fd_sc_hd__clkbuf_8)
     6    0.024515    0.043232    0.111485    6.109268 ^ clkbuf_leaf_137_clk_dsp/X (sky130_fd_sc_hd__clkbuf_8)
                                                         clknet_leaf_137_clk_dsp (net)
                      0.043232    0.000232    6.109500 ^ _46277_/CLK (sky130_fd_sc_hd__dfrtp_4)
                                 -0.250000    5.859500   clock uncertainty
                                  0.000000    5.859500   clock reconvergence pessimism
                                 -0.037088    5.822412   library setup time
                                              5.822412   data required time
---------------------------------------------------------------------------------------------
                                              5.822412   data required time
                                             -9.837128   data arrival time
---------------------------------------------------------------------------------------------
                                             -4.014716   slack (VIOLATED)




===========================================================================
report_checks --slack_max -0.01
============================================================================
======================= min_ff_n40C_1v95 Corner ===================================

Startpoint: _46159_ (rising edge-triggered flip-flop clocked by clk_dsp)
Endpoint: _46277_ (rising edge-triggered flip-flop clocked by clk_dsp)
Path Group: clk_dsp
Path Type: max

Fanout         Cap        Slew       Delay        Time   Description
---------------------------------------------------------------------------------------------
                                  0.000000    0.000000   clock clk_dsp (rise edge)
                                  0.000000    0.000000   clock source latency
     2    0.140476    0.479123    0.353603    0.353603 ^ clk_dsp (in)
                                                         clk_dsp (net)
                      0.494582    0.000000    0.353603 ^ clkbuf_0_clk_dsp/A (sky130_fd_sc_hd__clkbuf_16)
     4    0.118119    0.107461    0.194250    0.547853 ^ clkbuf_0_clk_dsp/X (sky130_fd_sc_hd__clkbuf_16)
                                                         clknet_0_clk_dsp (net)
                      0.107519    0.002050    0.549903 ^ clkbuf_2_3_0_clk_dsp/A (sky130_fd_sc_hd__clkbuf_8)
     4    0.069004    0.097446    0.150686    0.700589 ^ clkbuf_2_3_0_clk_dsp/X (sky130_fd_sc_hd__clkbuf_8)
                                                         clknet_2_3_0_clk_dsp (net)
                      0.098048    0.006165    0.706754 ^ clkbuf_4_15_0_clk_dsp/A (sky130_fd_sc_hd__clkbuf_8)
     2    0.051433    0.075463    0.134867    0.841622 ^ clkbuf_4_15_0_clk_dsp/X (sky130_fd_sc_hd__clkbuf_8)
                                                         clknet_4_15_0_clk_dsp (net)
                      0.075488    0.001321    0.842943 ^ clkbuf_5_30__f_clk_dsp/A (sky130_fd_sc_hd__clkbuf_16)
     9    0.105986    0.093578    0.144456    0.987399 ^ clkbuf_5_30__f_clk_dsp/X (sky130_fd_sc_hd__clkbuf_16)
                                                         clknet_5_30__leaf_clk_dsp (net)
                      0.093654    0.002186    0.989585 ^ clkbuf_leaf_144_clk_dsp/A (sky130_fd_sc_hd__clkbuf_8)
    11    0.041226    0.063196    0.124924    1.114508 ^ clkbuf_leaf_144_clk_dsp/X (sky130_fd_sc_hd__clkbuf_8)
                                                         clknet_leaf_144_clk_dsp (net)
                      0.063196    0.000179    1.114687 ^ _46159_/CLK (sky130_fd_sc_hd__dfrtp_1)
     4    0.019321    0.077746    0.282816    1.397503 v _46159_/Q (sky130_fd_sc_hd__dfrtp_1)
                                                         u_phase_009_fft.out_cnt[3] (net)
                      0.077746    0.000176    1.397679 v fanout1762/A (sky130_fd_sc_hd__buf_4)
     5    0.021816    0.033754    0.121490    1.519169 v fanout1762/X (sky130_fd_sc_hd__buf_4)
                                                         net1762 (net)
                      0.033756    0.000306    1.519475 v fanout1761/A (sky130_fd_sc_hd__buf_4)
    10    0.040590    0.047762    0.117015    1.636490 v fanout1761/X (sky130_fd_sc_hd__buf_4)
                                                         net1761 (net)
                      0.047769    0.000618    1.637107 v _34555_/A_N (sky130_fd_sc_hd__and4bb_1)
     1    0.016221    0.129428    0.225024    1.862131 ^ _34555_/X (sky130_fd_sc_hd__and4bb_1)
                                                         _08581_ (net)
                      0.129431    0.000854    1.862985 ^ fanout1258/A (sky130_fd_sc_hd__clkbuf_8)
     6    0.116918    0.157173    0.192780    2.055765 ^ fanout1258/X (sky130_fd_sc_hd__clkbuf_8)
                                                         net1258 (net)
                      0.159150    0.014137    2.069902 ^ fanout1254/A (sky130_fd_sc_hd__clkbuf_4)
    10    0.069493    0.160593    0.209637    2.279539 ^ fanout1254/X (sky130_fd_sc_hd__clkbuf_4)
                                                         net1254 (net)
                      0.160713    0.003613    2.283152 ^ _34557_/B (sky130_fd_sc_hd__and2_4)
     4    0.062546    0.139440    0.188110    2.471262 ^ _34557_/X (sky130_fd_sc_hd__and2_4)
                                                         _08583_ (net)
                      0.139880    0.006350    2.477612 ^ clone91/A (sky130_fd_sc_hd__clkbuf_1)
    10    0.157436    1.347181    0.962634    3.440246 ^ clone91/X (sky130_fd_sc_hd__clkbuf_1)
                                                         net3064 (net)
                      1.347183    0.001630    3.441877 ^ fanout921/A (sky130_fd_sc_hd__clkbuf_8)
    10    0.105720    0.155269    0.214798    3.656675 ^ fanout921/X (sky130_fd_sc_hd__clkbuf_8)
                                                         net921 (net)
                      0.156202    0.009445    3.666120 ^ _35023_/A2 (sky130_fd_sc_hd__a22o_1)
     1    0.003051    0.033565    0.093811    3.759931 ^ _35023_/X (sky130_fd_sc_hd__a22o_1)
                                                         _09049_ (net)
                      0.033565    0.000029    3.759960 ^ _35024_/C1 (sky130_fd_sc_hd__a211o_1)
     1    0.007352    0.056449    0.073813    3.833772 ^ _35024_/X (sky130_fd_sc_hd__a211o_1)
                                                         _09050_ (net)
                      0.056449    0.000197    3.833969 ^ _35025_/C1 (sky130_fd_sc_hd__a211o_1)
     1    0.005603    0.046358    0.070825    3.904794 ^ _35025_/X (sky130_fd_sc_hd__a211o_1)
                                                         _09051_ (net)
                      0.046358    0.000128    3.904923 ^ _35034_/C (sky130_fd_sc_hd__or4_1)
     1    0.015507    0.111525    0.127744    4.032666 ^ _35034_/X (sky130_fd_sc_hd__or4_1)
                                                         _09060_ (net)
                      0.111566    0.000647    4.033314 ^ _35035_/A3 (sky130_fd_sc_hd__o32a_4)
     2    0.092240    0.196951    0.219555    4.252869 ^ _35035_/X (sky130_fd_sc_hd__o32a_4)
                                                         _09061_ (net)
                      0.197290    0.006692    4.259561 ^ fanout248/A (sky130_fd_sc_hd__buf_6)
     7    0.147343    0.219787    0.210124    4.469685 ^ fanout248/X (sky130_fd_sc_hd__buf_6)
                                                         net248 (net)
                      0.219794    0.001069    4.470755 ^ fanout246/A (sky130_fd_sc_hd__buf_4)
    11    0.097003    0.202244    0.218637    4.689391 ^ fanout246/X (sky130_fd_sc_hd__buf_4)
                                                         net246 (net)
                      0.202289    0.002539    4.691930 ^ _35036_/A (sky130_fd_sc_hd__inv_2)
     2    0.065635    0.127249    0.123420    4.815351 v _35036_/Y (sky130_fd_sc_hd__inv_2)
                                                         _09062_ (net)
                      0.127249    0.000114    4.815464 v fanout229/A (sky130_fd_sc_hd__clkbuf_8)
    12    0.118527    0.094208    0.184170    4.999634 v fanout229/X (sky130_fd_sc_hd__clkbuf_8)
                                                         net229 (net)
                      0.103052    0.022209    5.021843 v _41275_/B (sky130_fd_sc_hd__nor3_1)
     3    0.010708    0.242754    0.239696    5.261539 ^ _41275_/Y (sky130_fd_sc_hd__nor3_1)
                                                         _15269_ (net)
                      0.242754    0.000114    5.261652 ^ _41277_/A (sky130_fd_sc_hd__nor2_1)
     2    0.005944    0.063451    0.049309    5.310962 v _41277_/Y (sky130_fd_sc_hd__nor2_1)
                                                         _15271_ (net)
                      0.063451    0.000035    5.310997 v _41278_/C (sky130_fd_sc_hd__and3_1)
     3    0.008252    0.043439    0.142273    5.453270 v _41278_/X (sky130_fd_sc_hd__and3_1)
                                                         _15272_ (net)
                      0.043439    0.000071    5.453341 v _41429_/A (sky130_fd_sc_hd__or2_1)
     2    0.007307    0.046953    0.152776    5.606117 v _41429_/X (sky130_fd_sc_hd__or2_1)
                                                         _15423_ (net)
                      0.046953    0.000084    5.606201 v _41436_/B (sky130_fd_sc_hd__xnor2_1)
     2    0.006645    0.134689    0.131454    5.737655 ^ _41436_/Y (sky130_fd_sc_hd__xnor2_1)
                                                         _15430_ (net)
                      0.134689    0.000069    5.737723 ^ _41437_/B (sky130_fd_sc_hd__nand2_1)
     3    0.014507    0.076432    0.087629    5.825352 v _41437_/Y (sky130_fd_sc_hd__nand2_1)
                                                         _15431_ (net)
                      0.076432    0.000068    5.825420 v _41589_/A (sky130_fd_sc_hd__nand2_1)
     2    0.008745    0.069961    0.083521    5.908941 ^ _41589_/Y (sky130_fd_sc_hd__nand2_1)
                                                         _15583_ (net)
                      0.069961    0.000095    5.909036 ^ _41609_/C (sky130_fd_sc_hd__nand3_2)
     2    0.012585    0.065533    0.065208    5.974244 v _41609_/Y (sky130_fd_sc_hd__nand3_2)
                                                         _15603_ (net)
                      0.065533    0.000167    5.974411 v _41736_/A2 (sky130_fd_sc_hd__a211o_1)
     2    0.011875    0.061904    0.224716    6.199127 v _41736_/X (sky130_fd_sc_hd__a211o_1)
                                                         _15730_ (net)
                      0.061904    0.000058    6.199185 v _41769_/A2 (sky130_fd_sc_hd__a211o_1)
     2    0.012911    0.064818    0.226441    6.425626 v _41769_/X (sky130_fd_sc_hd__a211o_1)
                                                         _15763_ (net)
                      0.064818    0.000297    6.425923 v _41882_/A2 (sky130_fd_sc_hd__a21o_1)
     2    0.007694    0.038368    0.138351    6.564274 v _41882_/X (sky130_fd_sc_hd__a21o_1)
                                                         _15876_ (net)
                      0.038368    0.000069    6.564343 v _41884_/A2 (sky130_fd_sc_hd__a21o_1)
     3    0.008360    0.040384    0.130914    6.695258 v _41884_/X (sky130_fd_sc_hd__a21o_1)
                                                         _15878_ (net)
                      0.040384    0.000073    6.695331 v _41946_/A2 (sky130_fd_sc_hd__a211oi_1)
     2    0.006469    0.197573    0.206927    6.902258 ^ _41946_/Y (sky130_fd_sc_hd__a211oi_1)
                                                         _15940_ (net)
                      0.197573    0.000093    6.902351 ^ _41948_/B (sky130_fd_sc_hd__nor3_1)
     3    0.008647    0.067220    0.062815    6.965167 v _41948_/Y (sky130_fd_sc_hd__nor3_1)
                                                         _15942_ (net)
                      0.067220    0.000055    6.965221 v max_cap71/A (sky130_fd_sc_hd__clkbuf_1)
     2    0.006668    0.032675    0.082995    7.048216 v max_cap71/X (sky130_fd_sc_hd__clkbuf_1)
                                                         net71 (net)
                      0.032675    0.000099    7.048316 v _42104_/A1 (sky130_fd_sc_hd__o21a_1)
     2    0.004329    0.029727    0.119575    7.167892 v _42104_/X (sky130_fd_sc_hd__o21a_1)
                                                         _16098_ (net)
                      0.029727    0.000033    7.167925 v _42105_/C (sky130_fd_sc_hd__or3_1)
     3    0.007748    0.061613    0.194545    7.362470 v _42105_/X (sky130_fd_sc_hd__or3_1)
                                                         _16099_ (net)
                      0.061613    0.000062    7.362531 v _42114_/A (sky130_fd_sc_hd__nand2_1)
     1    0.005459    0.050423    0.061967    7.424499 ^ _42114_/Y (sky130_fd_sc_hd__nand2_1)
                                                         _16108_ (net)
                      0.050423    0.000064    7.424562 ^ _42253_/A (sky130_fd_sc_hd__xnor2_1)
     2    0.007316    0.047567    0.057981    7.482543 v _42253_/Y (sky130_fd_sc_hd__xnor2_1)
                                                         _16247_ (net)
                      0.047567    0.000049    7.482592 v _42257_/B (sky130_fd_sc_hd__xnor2_1)
     2    0.012030    0.210641    0.187954    7.670545 ^ _42257_/Y (sky130_fd_sc_hd__xnor2_1)
                                                         _16251_ (net)
                      0.210641    0.000186    7.670731 ^ _43311_/B (sky130_fd_sc_hd__xnor2_2)
     2    0.007927    0.116986    0.085964    7.756695 ^ _43311_/Y (sky130_fd_sc_hd__xnor2_2)
                                                         _17305_ (net)
                      0.116986    0.000092    7.756787 ^ _43312_/B1 (sky130_fd_sc_hd__o21ai_2)
     3    0.010022    0.043928    0.042358    7.799146 v _43312_/Y (sky130_fd_sc_hd__o21ai_2)
                                                         _17306_ (net)
                      0.043929    0.000108    7.799254 v _43313_/A1 (sky130_fd_sc_hd__a21o_1)
     3    0.013898    0.055044    0.132285    7.931539 v _43313_/X (sky130_fd_sc_hd__a21o_1)
                                                         _17307_ (net)
                      0.055044    0.000178    7.931717 v _43315_/A1 (sky130_fd_sc_hd__a21oi_4)
     3    0.017228    0.125311    0.129178    8.060894 ^ _43315_/Y (sky130_fd_sc_hd__a21oi_4)
                                                         _17309_ (net)
                      0.125312    0.000369    8.061264 ^ _43317_/A1 (sky130_fd_sc_hd__o21bai_4)
     3    0.011600    0.044477    0.055456    8.116720 v _43317_/Y (sky130_fd_sc_hd__o21bai_4)
                                                         _17311_ (net)
                      0.044477    0.000211    8.116931 v _43320_/A2 (sky130_fd_sc_hd__a21o_1)
     4    0.014332    0.056300    0.149669    8.266600 v _43320_/X (sky130_fd_sc_hd__a21o_1)
                                                         _17314_ (net)
                      0.056302    0.000363    8.266963 v _43321_/C (sky130_fd_sc_hd__and3b_1)
     3    0.008129    0.043119    0.138061    8.405025 v _43321_/X (sky130_fd_sc_hd__and3b_1)
                                                         _17315_ (net)
                      0.043119    0.000118    8.405143 v _43323_/A1 (sky130_fd_sc_hd__o31a_1)
     4    0.016848    0.074907    0.228819    8.633962 v _43323_/X (sky130_fd_sc_hd__o31a_1)
                                                         _17317_ (net)
                      0.074907    0.000341    8.634302 v _43335_/A1 (sky130_fd_sc_hd__a211oi_4)
     4    0.018742    0.212280    0.220000    8.854302 ^ _43335_/Y (sky130_fd_sc_hd__a211oi_4)
                                                         _17329_ (net)
                      0.212280    0.000289    8.854591 ^ _43344_/A3 (sky130_fd_sc_hd__o311ai_4)
     3    0.009328    0.074545    0.059028    8.913619 v _43344_/Y (sky130_fd_sc_hd__o311ai_4)
                                                         _17338_ (net)
                      0.074545    0.000142    8.913761 v _43345_/A1 (sky130_fd_sc_hd__a21o_1)
     4    0.011675    0.048855    0.138375    9.052136 v _43345_/X (sky130_fd_sc_hd__a21o_1)
                                                         _17339_ (net)
                      0.048855    0.000140    9.052277 v _43347_/A2 (sky130_fd_sc_hd__a21o_1)
     2    0.012194    0.050284    0.146084    9.198360 v _43347_/X (sky130_fd_sc_hd__a21o_1)
                                                         _17341_ (net)
                      0.050284    0.000103    9.198463 v _43382_/B (sky130_fd_sc_hd__and3_4)
     3    0.020929    0.039945    0.133439    9.331903 v _43382_/X (sky130_fd_sc_hd__and3_4)
                                                         _17376_ (net)
                      0.039945    0.000195    9.332097 v _43384_/A2 (sky130_fd_sc_hd__o31ai_4)
     3    0.031704    0.304615    0.284822    9.616920 ^ _43384_/Y (sky130_fd_sc_hd__o31ai_4)
                                                         _17378_ (net)
                      0.304633    0.001794    9.618713 ^ fanout62/A (sky130_fd_sc_hd__buf_6)
     5    0.034156    0.060638    0.106178    9.724892 ^ fanout62/X (sky130_fd_sc_hd__buf_6)
                                                         net62 (net)
                      0.060824    0.002640    9.727531 ^ _43391_/B1 (sky130_fd_sc_hd__a31o_1)
     1    0.002828    0.032065    0.056052    9.783583 ^ _43391_/X (sky130_fd_sc_hd__a31o_1)
                                                         _17384_ (net)
                      0.032065    0.000013    9.783596 ^ _43392_/B1 (sky130_fd_sc_hd__o21a_1)
     1    0.002743    0.031250    0.053505    9.837101 ^ _43392_/X (sky130_fd_sc_hd__o21a_1)
                                                         _02772_ (net)
                      0.031250    0.000027    9.837128 ^ _46277_/D (sky130_fd_sc_hd__dfrtp_4)
                                              9.837128   data arrival time

                                  5.000000    5.000000   clock clk_dsp (rise edge)
                                  0.000000    5.000000   clock source latency
     2    0.140476    0.479123    0.353603    5.353603 ^ clk_dsp (in)
                                                         clk_dsp (net)
                      0.494582    0.000000    5.353603 ^ clkbuf_0_clk_dsp/A (sky130_fd_sc_hd__clkbuf_16)
     4    0.118119    0.107461    0.194250    5.547853 ^ clkbuf_0_clk_dsp/X (sky130_fd_sc_hd__clkbuf_16)
                                                         clknet_0_clk_dsp (net)
                      0.107519    0.002050    5.549903 ^ clkbuf_2_3_0_clk_dsp/A (sky130_fd_sc_hd__clkbuf_8)
     4    0.069004    0.097446    0.150686    5.700590 ^ clkbuf_2_3_0_clk_dsp/X (sky130_fd_sc_hd__clkbuf_8)
                                                         clknet_2_3_0_clk_dsp (net)
                      0.098048    0.006165    5.706754 ^ clkbuf_4_15_0_clk_dsp/A (sky130_fd_sc_hd__clkbuf_8)
     2    0.051433    0.075463    0.134867    5.841621 ^ clkbuf_4_15_0_clk_dsp/X (sky130_fd_sc_hd__clkbuf_8)
                                                         clknet_4_15_0_clk_dsp (net)
                      0.075553    0.001649    5.843270 ^ clkbuf_5_31__f_clk_dsp/A (sky130_fd_sc_hd__clkbuf_16)
     8    0.110047    0.096933    0.143578    5.986848 ^ clkbuf_5_31__f_clk_dsp/X (sky130_fd_sc_hd__clkbuf_16)
                                                         clknet_5_31__leaf_clk_dsp (net)
                      0.098934    0.010934    5.997783 ^ clkbuf_leaf_137_clk_dsp/A (sky130_fd_sc_hd__clkbuf_8)
     6    0.024515    0.043232    0.111485    6.109268 ^ clkbuf_leaf_137_clk_dsp/X (sky130_fd_sc_hd__clkbuf_8)
                                                         clknet_leaf_137_clk_dsp (net)
                      0.043232    0.000232    6.109500 ^ _46277_/CLK (sky130_fd_sc_hd__dfrtp_4)
                                 -0.250000    5.859500   clock uncertainty
                                  0.000000    5.859500   clock reconvergence pessimism
                                 -0.037088    5.822412   library setup time
                                              5.822412   data required time
---------------------------------------------------------------------------------------------
                                              5.822412   data required time
                                             -9.837128   data arrival time
---------------------------------------------------------------------------------------------
                                             -4.014716   slack (VIOLATED)




===========================================================================
 report_check_types -max_slew -max_cap -max_fanout -violators
============================================================================
======================= min_ff_n40C_1v95 Corner ===================================

max slew

Pin                                        Limit        Slew       Slack
------------------------------------------------------------------------
ANTENNA_601/DIODE                       0.750000    1.347325   -0.597325 (VIOLATED)
_34869_/A2                              0.750000    1.347325   -0.597325 (VIOLATED)
ANTENNA_602/DIODE                       0.750000    1.347245   -0.597245 (VIOLATED)
_35709_/A2                              0.750000    1.347245   -0.597245 (VIOLATED)
ANTENNA_604/DIODE                       0.750000    1.347220   -0.597220 (VIOLATED)
_36725_/A2                              0.750000    1.347220   -0.597220 (VIOLATED)
ANTENNA_603/DIODE                       0.750000    1.347218   -0.597218 (VIOLATED)
_36368_/A2                              0.750000    1.347218   -0.597218 (VIOLATED)
ANTENNA_605/DIODE                       0.750000    1.347183   -0.597183 (VIOLATED)
fanout921/A                             0.750000    1.347183   -0.597183 (VIOLATED)
clone91/X                               0.750000    1.347181   -0.597181 (VIOLATED)
_37891_/A2                              0.750000    0.789682   -0.039682 (VIOLATED)
_35193_/A2                              0.750000    0.789682   -0.039682 (VIOLATED)
_35769_/A2                              0.750000    0.789679   -0.039679 (VIOLATED)
_38052_/A2                              0.750000    0.789670   -0.039670 (VIOLATED)
_35900_/A2                              0.750000    0.789660   -0.039660 (VIOLATED)
clone85/X                               0.750000    0.789658   -0.039658 (VIOLATED)
_22815_/A                               0.750000    0.760523   -0.010523 (VIOLATED)
_22405_/B                               0.750000    0.760515   -0.010515 (VIOLATED)
_29547_/A                               0.750000    0.760499   -0.010499 (VIOLATED)
_29546_/B1                              0.750000    0.760499   -0.010499 (VIOLATED)
clone52/X                               0.750000    0.760498   -0.010498 (VIOLATED)

max fanout

Pin                                   Limit Fanout  Slack
---------------------------------------------------------
clkbuf_leaf_236_clk_dsp/X                10     23    -13 (VIOLATED)
clkbuf_leaf_37_clk_dsp/X                 10     23    -13 (VIOLATED)
clkbuf_leaf_11_clk_dsp/X                 10     22    -12 (VIOLATED)
clkbuf_leaf_24_clk_dsp/X                 10     22    -12 (VIOLATED)
clkbuf_leaf_255_clk_dsp/X                10     22    -12 (VIOLATED)
clkbuf_leaf_60_clk_dsp/X                 10     22    -12 (VIOLATED)
clkbuf_leaf_157_clk_dsp/X                10     21    -11 (VIOLATED)
clkbuf_leaf_160_clk_dsp/X                10     21    -11 (VIOLATED)
clkbuf_leaf_38_clk_dsp/X                 10     21    -11 (VIOLATED)
clkbuf_leaf_158_clk_dsp/X                10     20    -10 (VIOLATED)
clkbuf_leaf_167_clk_dsp/X                10     20    -10 (VIOLATED)
clkbuf_leaf_168_clk_dsp/X                10     20    -10 (VIOLATED)
clkbuf_leaf_197_clk_dsp/X                10     20    -10 (VIOLATED)
fanout1216/X                             10     20    -10 (VIOLATED)
clkbuf_leaf_152_clk_dsp/X                10     19     -9 (VIOLATED)
clkbuf_leaf_196_clk_dsp/X                10     19     -9 (VIOLATED)
clkbuf_leaf_20_clk_dsp/X                 10     19     -9 (VIOLATED)
clkbuf_leaf_237_clk_dsp/X                10     19     -9 (VIOLATED)
clkbuf_leaf_201_clk_dsp/X                10     18     -8 (VIOLATED)
clkbuf_leaf_21_clk_dsp/X                 10     18     -8 (VIOLATED)
clkbuf_leaf_220_clk_dsp/X                10     18     -8 (VIOLATED)
clkbuf_leaf_224_clk_dsp/X                10     18     -8 (VIOLATED)
clkbuf_leaf_57_clk_dsp/X                 10     18     -8 (VIOLATED)
clkbuf_leaf_129_clk_dsp/X                10     17     -7 (VIOLATED)
clkbuf_leaf_130_clk_dsp/X                10     17     -7 (VIOLATED)
clkbuf_leaf_153_clk_dsp/X                10     17     -7 (VIOLATED)
clkbuf_leaf_195_clk_dsp/X                10     17     -7 (VIOLATED)
clkbuf_leaf_219_clk_dsp/X                10     17     -7 (VIOLATED)
clkbuf_leaf_223_clk_dsp/X                10     17     -7 (VIOLATED)
clkbuf_leaf_242_clk_dsp/X                10     17     -7 (VIOLATED)
clkbuf_leaf_27_clk_dsp/X                 10     17     -7 (VIOLATED)
clkbuf_leaf_31_clk_dsp/X                 10     17     -7 (VIOLATED)
clkbuf_leaf_33_clk_dsp/X                 10     17     -7 (VIOLATED)
clkbuf_leaf_53_clk_dsp/X                 10     17     -7 (VIOLATED)
clkbuf_leaf_54_clk_dsp/X                 10     17     -7 (VIOLATED)
clkbuf_leaf_69_clk_dsp/X                 10     17     -7 (VIOLATED)
clkbuf_leaf_74_clk_dsp/X                 10     17     -7 (VIOLATED)
clkbuf_leaf_78_clk_dsp/X                 10     17     -7 (VIOLATED)
fanout1052/X                             10     17     -7 (VIOLATED)
_44165_/Q                                10     16     -6 (VIOLATED)
clkbuf_leaf_125_clk_dsp/X                10     16     -6 (VIOLATED)
clkbuf_leaf_155_clk_dsp/X                10     16     -6 (VIOLATED)
clkbuf_leaf_156_clk_dsp/X                10     16     -6 (VIOLATED)
clkbuf_leaf_163_clk_dsp/X                10     16     -6 (VIOLATED)
clkbuf_leaf_186_clk_dsp/X                10     16     -6 (VIOLATED)
clkbuf_leaf_188_clk_dsp/X                10     16     -6 (VIOLATED)
clkbuf_leaf_193_clk_dsp/X                10     16     -6 (VIOLATED)
clkbuf_leaf_202_clk_dsp/X                10     16     -6 (VIOLATED)
clkbuf_leaf_204_clk_dsp/X                10     16     -6 (VIOLATED)
clkbuf_leaf_210_clk_dsp/X                10     16     -6 (VIOLATED)
clkbuf_leaf_213_clk_dsp/X                10     16     -6 (VIOLATED)
clkbuf_leaf_232_clk_dsp/X                10     16     -6 (VIOLATED)
clkbuf_leaf_234_clk_dsp/X                10     16     -6 (VIOLATED)
clkbuf_leaf_26_clk_dsp/X                 10     16     -6 (VIOLATED)
clkbuf_leaf_39_clk_dsp/X                 10     16     -6 (VIOLATED)
clkbuf_leaf_40_clk_dsp/X                 10     16     -6 (VIOLATED)
clkbuf_leaf_48_clk_dsp/X                 10     16     -6 (VIOLATED)
clkbuf_leaf_49_clk_dsp/X                 10     16     -6 (VIOLATED)
clkbuf_leaf_70_clk_dsp/X                 10     16     -6 (VIOLATED)
clkbuf_leaf_73_clk_dsp/X                 10     16     -6 (VIOLATED)
clkbuf_leaf_79_clk_dsp/X                 10     16     -6 (VIOLATED)
fanout1240/X                             10     16     -6 (VIOLATED)
fanout980/X                              10     16     -6 (VIOLATED)
_22194_/Y                                10     15     -5 (VIOLATED)
clkbuf_leaf_120_clk_dsp/X                10     15     -5 (VIOLATED)
clkbuf_leaf_124_clk_dsp/X                10     15     -5 (VIOLATED)
clkbuf_leaf_127_clk_dsp/X                10     15     -5 (VIOLATED)
clkbuf_leaf_128_clk_dsp/X                10     15     -5 (VIOLATED)
clkbuf_leaf_159_clk_dsp/X                10     15     -5 (VIOLATED)
clkbuf_leaf_165_clk_dsp/X                10     15     -5 (VIOLATED)
clkbuf_leaf_174_clk_dsp/X                10     15     -5 (VIOLATED)
clkbuf_leaf_191_clk_dsp/X                10     15     -5 (VIOLATED)
clkbuf_leaf_203_clk_dsp/X                10     15     -5 (VIOLATED)
clkbuf_leaf_226_clk_dsp/X                10     15     -5 (VIOLATED)
clkbuf_leaf_229_clk_dsp/X                10     15     -5 (VIOLATED)
clkbuf_leaf_230_clk_dsp/X                10     15     -5 (VIOLATED)
clkbuf_leaf_238_clk_dsp/X                10     15     -5 (VIOLATED)
clkbuf_leaf_243_clk_dsp/X                10     15     -5 (VIOLATED)
clkbuf_leaf_25_clk_dsp/X                 10     15     -5 (VIOLATED)
clkbuf_leaf_36_clk_dsp/X                 10     15     -5 (VIOLATED)
clkbuf_leaf_47_clk_dsp/X                 10     15     -5 (VIOLATED)
clkbuf_leaf_58_clk_dsp/X                 10     15     -5 (VIOLATED)
clkbuf_leaf_61_clk_dsp/X                 10     15     -5 (VIOLATED)
clkbuf_leaf_9_clk_dsp/X                  10     15     -5 (VIOLATED)
fanout1041/X                             10     15     -5 (VIOLATED)
fanout1043/X                             10     15     -5 (VIOLATED)
fanout1046/X                             10     15     -5 (VIOLATED)
fanout1074/X                             10     15     -5 (VIOLATED)
fanout1197/X                             10     15     -5 (VIOLATED)
fanout1560/X                             10     15     -5 (VIOLATED)
fanout818/X                              10     15     -5 (VIOLATED)
clkbuf_leaf_171_clk_dsp/X                10     14     -4 (VIOLATED)
clkbuf_leaf_172_clk_dsp/X                10     14     -4 (VIOLATED)
clkbuf_leaf_17_clk_dsp/X                 10     14     -4 (VIOLATED)
clkbuf_leaf_184_clk_dsp/X                10     14     -4 (VIOLATED)
clkbuf_leaf_199_clk_dsp/X                10     14     -4 (VIOLATED)
clkbuf_leaf_19_clk_dsp/X                 10     14     -4 (VIOLATED)
clkbuf_leaf_209_clk_dsp/X                10     14     -4 (VIOLATED)
clkbuf_leaf_214_clk_dsp/X                10     14     -4 (VIOLATED)
clkbuf_leaf_221_clk_dsp/X                10     14     -4 (VIOLATED)
clkbuf_leaf_239_clk_dsp/X                10     14     -4 (VIOLATED)
clkbuf_leaf_248_clk_dsp/X                10     14     -4 (VIOLATED)
clkbuf_leaf_250_clk_dsp/X                10     14     -4 (VIOLATED)
clkbuf_leaf_45_clk_dsp/X                 10     14     -4 (VIOLATED)
clkbuf_leaf_46_clk_dsp/X                 10     14     -4 (VIOLATED)
clkbuf_leaf_56_clk_dsp/X                 10     14     -4 (VIOLATED)
clkbuf_leaf_62_clk_dsp/X                 10     14     -4 (VIOLATED)
fanout1026/X                             10     14     -4 (VIOLATED)
fanout1087/X                             10     14     -4 (VIOLATED)
fanout1227/X                             10     14     -4 (VIOLATED)
fanout1504/X                             10     14     -4 (VIOLATED)
fanout1723/X                             10     14     -4 (VIOLATED)
fanout732/X                              10     14     -4 (VIOLATED)
_21749_/Y                                10     13     -3 (VIOLATED)
_21934_/X                                10     13     -3 (VIOLATED)
_34599_/X                                10     13     -3 (VIOLATED)
clkbuf_5_25__f_clk_dsp/X                 10     13     -3 (VIOLATED)
clkbuf_leaf_10_clk_dsp/X                 10     13     -3 (VIOLATED)
clkbuf_leaf_111_clk_dsp/X                10     13     -3 (VIOLATED)
clkbuf_leaf_123_clk_dsp/X                10     13     -3 (VIOLATED)
clkbuf_leaf_13_clk_dsp/X                 10     13     -3 (VIOLATED)
clkbuf_leaf_150_clk_dsp/X                10     13     -3 (VIOLATED)
clkbuf_leaf_154_clk_dsp/X                10     13     -3 (VIOLATED)
clkbuf_leaf_177_clk_dsp/X                10     13     -3 (VIOLATED)
clkbuf_leaf_189_clk_dsp/X                10     13     -3 (VIOLATED)
clkbuf_leaf_18_clk_dsp/X                 10     13     -3 (VIOLATED)
clkbuf_leaf_198_clk_dsp/X                10     13     -3 (VIOLATED)
clkbuf_leaf_205_clk_dsp/X                10     13     -3 (VIOLATED)
clkbuf_leaf_206_clk_dsp/X                10     13     -3 (VIOLATED)
clkbuf_leaf_217_clk_dsp/X                10     13     -3 (VIOLATED)
clkbuf_leaf_222_clk_dsp/X                10     13     -3 (VIOLATED)
clkbuf_leaf_225_clk_dsp/X                10     13     -3 (VIOLATED)
clkbuf_leaf_22_clk_dsp/X                 10     13     -3 (VIOLATED)
clkbuf_leaf_240_clk_dsp/X                10     13     -3 (VIOLATED)
clkbuf_leaf_241_clk_dsp/X                10     13     -3 (VIOLATED)
clkbuf_leaf_247_clk_dsp/X                10     13     -3 (VIOLATED)
clkbuf_leaf_249_clk_dsp/X                10     13     -3 (VIOLATED)
clkbuf_leaf_253_clk_dsp/X                10     13     -3 (VIOLATED)
clkbuf_leaf_32_clk_dsp/X                 10     13     -3 (VIOLATED)
clkbuf_leaf_35_clk_dsp/X                 10     13     -3 (VIOLATED)
clkbuf_leaf_41_clk_dsp/X                 10     13     -3 (VIOLATED)
clkbuf_leaf_42_clk_dsp/X                 10     13     -3 (VIOLATED)
clkbuf_leaf_51_clk_dsp/X                 10     13     -3 (VIOLATED)
clkbuf_leaf_55_clk_dsp/X                 10     13     -3 (VIOLATED)
clkbuf_leaf_68_clk_dsp/X                 10     13     -3 (VIOLATED)
clkbuf_leaf_72_clk_dsp/X                 10     13     -3 (VIOLATED)
clkbuf_leaf_77_clk_dsp/X                 10     13     -3 (VIOLATED)
clkbuf_leaf_95_clk_dsp/X                 10     13     -3 (VIOLATED)
fanout1028/X                             10     13     -3 (VIOLATED)
fanout1045/X                             10     13     -3 (VIOLATED)
fanout1147/X                             10     13     -3 (VIOLATED)
fanout1155/X                             10     13     -3 (VIOLATED)
fanout1251/X                             10     13     -3 (VIOLATED)
fanout1276/X                             10     13     -3 (VIOLATED)
fanout1403/X                             10     13     -3 (VIOLATED)
fanout1413/X                             10     13     -3 (VIOLATED)
fanout2875/X                             10     13     -3 (VIOLATED)
fanout742/X                              10     13     -3 (VIOLATED)
fanout839/X                              10     13     -3 (VIOLATED)
fanout937/X                              10     13     -3 (VIOLATED)
clkbuf_leaf_119_clk_dsp/X                10     12     -2 (VIOLATED)
clkbuf_leaf_121_clk_dsp/X                10     12     -2 (VIOLATED)
clkbuf_leaf_12_clk_dsp/X                 10     12     -2 (VIOLATED)
clkbuf_leaf_145_clk_dsp/X                10     12     -2 (VIOLATED)
clkbuf_leaf_149_clk_dsp/X                10     12     -2 (VIOLATED)
clkbuf_leaf_162_clk_dsp/X                10     12     -2 (VIOLATED)
clkbuf_leaf_164_clk_dsp/X                10     12     -2 (VIOLATED)
clkbuf_leaf_170_clk_dsp/X                10     12     -2 (VIOLATED)
clkbuf_leaf_173_clk_dsp/X                10     12     -2 (VIOLATED)
clkbuf_leaf_212_clk_dsp/X                10     12     -2 (VIOLATED)
clkbuf_leaf_215_clk_dsp/X                10     12     -2 (VIOLATED)
clkbuf_leaf_218_clk_dsp/X                10     12     -2 (VIOLATED)
clkbuf_leaf_233_clk_dsp/X                10     12     -2 (VIOLATED)
clkbuf_leaf_235_clk_dsp/X                10     12     -2 (VIOLATED)
clkbuf_leaf_254_clk_dsp/X                10     12     -2 (VIOLATED)
clkbuf_leaf_30_clk_dsp/X                 10     12     -2 (VIOLATED)
clkbuf_leaf_4_clk_dsp/X                  10     12     -2 (VIOLATED)
clkbuf_leaf_52_clk_dsp/X                 10     12     -2 (VIOLATED)
clkbuf_leaf_59_clk_dsp/X                 10     12     -2 (VIOLATED)
clkbuf_leaf_71_clk_dsp/X                 10     12     -2 (VIOLATED)
clkbuf_leaf_76_clk_dsp/X                 10     12     -2 (VIOLATED)
clkbuf_leaf_7_clk_dsp/X                  10     12     -2 (VIOLATED)
clkbuf_leaf_91_clk_dsp/X                 10     12     -2 (VIOLATED)
clkbuf_leaf_94_clk_dsp/X                 10     12     -2 (VIOLATED)
clkbuf_leaf_98_clk_dsp/X                 10     12     -2 (VIOLATED)
fanout1048/X                             10     12     -2 (VIOLATED)
fanout1050/X                             10     12     -2 (VIOLATED)
fanout1161/X                             10     12     -2 (VIOLATED)
fanout1177/X                             10     12     -2 (VIOLATED)
fanout1192/X                             10     12     -2 (VIOLATED)
fanout1237/X                             10     12     -2 (VIOLATED)
fanout1248/X                             10     12     -2 (VIOLATED)
fanout1261/X                             10     12     -2 (VIOLATED)
fanout1267/X                             10     12     -2 (VIOLATED)
fanout1424/X                             10     12     -2 (VIOLATED)
fanout1459/X                             10     12     -2 (VIOLATED)
fanout1511/X                             10     12     -2 (VIOLATED)
fanout1558/X                             10     12     -2 (VIOLATED)
fanout1730/X                             10     12     -2 (VIOLATED)
fanout1739/X                             10     12     -2 (VIOLATED)
fanout1846/X                             10     12     -2 (VIOLATED)
fanout229/X                              10     12     -2 (VIOLATED)
fanout632/X                              10     12     -2 (VIOLATED)
fanout664/X                              10     12     -2 (VIOLATED)
fanout688/X                              10     12     -2 (VIOLATED)
fanout706/X                              10     12     -2 (VIOLATED)
fanout708/X                              10     12     -2 (VIOLATED)
fanout770/X                              10     12     -2 (VIOLATED)
fanout815/X                              10     12     -2 (VIOLATED)
fanout845/X                              10     12     -2 (VIOLATED)
fanout849/X                              10     12     -2 (VIOLATED)
fanout857/X                              10     12     -2 (VIOLATED)
fanout877/X                              10     12     -2 (VIOLATED)
fanout881/X                              10     12     -2 (VIOLATED)
fanout915/X                              10     12     -2 (VIOLATED)
fanout956/X                              10     12     -2 (VIOLATED)
fanout974/X                              10     12     -2 (VIOLATED)
_21772_/Y                                10     11        (VIOLATED)
_21926_/X                                10     11        (VIOLATED)
_22063_/Y                                10     11        (VIOLATED)
_22096_/Y                                10     11        (VIOLATED)
_22467_/X                                10     11        (VIOLATED)
_22758_/X                                10     11        (VIOLATED)
clkbuf_5_14__f_clk_dsp/X                 10     11        (VIOLATED)
clkbuf_5_24__f_clk_dsp/X                 10     11        (VIOLATED)
clkbuf_5_26__f_clk_dsp/X                 10     11        (VIOLATED)
clkbuf_5_8__f_clk_dsp/X                  10     11        (VIOLATED)
clkbuf_5_9__f_clk_dsp/X                  10     11        (VIOLATED)
clkbuf_leaf_0_clk_dsp/X                  10     11        (VIOLATED)
clkbuf_leaf_109_clk_dsp/X                10     11        (VIOLATED)
clkbuf_leaf_115_clk_dsp/X                10     11        (VIOLATED)
clkbuf_leaf_116_clk_dsp/X                10     11        (VIOLATED)
clkbuf_leaf_132_clk_dsp/X                10     11        (VIOLATED)
clkbuf_leaf_134_clk_dsp/X                10     11        (VIOLATED)
clkbuf_leaf_144_clk_dsp/X                10     11        (VIOLATED)
clkbuf_leaf_179_clk_dsp/X                10     11        (VIOLATED)
clkbuf_leaf_190_clk_dsp/X                10     11        (VIOLATED)
clkbuf_leaf_194_clk_dsp/X                10     11        (VIOLATED)
clkbuf_leaf_208_clk_dsp/X                10     11        (VIOLATED)
clkbuf_leaf_228_clk_dsp/X                10     11        (VIOLATED)
clkbuf_leaf_231_clk_dsp/X                10     11        (VIOLATED)
clkbuf_leaf_246_clk_dsp/X                10     11        (VIOLATED)
clkbuf_leaf_67_clk_dsp/X                 10     11        (VIOLATED)
clkbuf_leaf_75_clk_dsp/X                 10     11        (VIOLATED)
fanout1004/X                             10     11        (VIOLATED)
fanout1010/X                             10     11        (VIOLATED)
fanout1013/X                             10     11        (VIOLATED)
fanout1016/X                             10     11        (VIOLATED)
fanout1027/X                             10     11        (VIOLATED)
fanout1032/X                             10     11        (VIOLATED)
fanout1037/X                             10     11        (VIOLATED)
fanout1058/X                             10     11        (VIOLATED)
fanout1075/X                             10     11        (VIOLATED)
fanout1138/X                             10     11        (VIOLATED)
fanout1148/X                             10     11        (VIOLATED)
fanout1156/X                             10     11        (VIOLATED)
fanout1169/X                             10     11        (VIOLATED)
fanout1181/X                             10     11        (VIOLATED)
fanout1186/X                             10     11        (VIOLATED)
fanout1191/X                             10     11        (VIOLATED)
fanout1196/X                             10     11        (VIOLATED)
fanout1200/X                             10     11        (VIOLATED)
fanout1202/X                             10     11        (VIOLATED)
fanout1208/X                             10     11        (VIOLATED)
fanout1217/X                             10     11        (VIOLATED)
fanout1224/X                             10     11        (VIOLATED)
fanout1234/X                             10     11        (VIOLATED)
fanout1242/X                             10     11        (VIOLATED)
fanout1244/X                             10     11        (VIOLATED)
fanout1245/X                             10     11        (VIOLATED)
fanout1263/X                             10     11        (VIOLATED)
fanout1264/X                             10     11        (VIOLATED)
fanout1269/X                             10     11        (VIOLATED)
fanout1279/X                             10     11        (VIOLATED)
fanout1282/X                             10     11        (VIOLATED)
fanout1285/X                             10     11        (VIOLATED)
fanout1289/X                             10     11        (VIOLATED)
fanout1293/X                             10     11        (VIOLATED)
fanout1295/X                             10     11        (VIOLATED)
fanout1297/X                             10     11        (VIOLATED)
fanout1299/X                             10     11        (VIOLATED)
fanout1300/X                             10     11        (VIOLATED)
fanout1360/X                             10     11        (VIOLATED)
fanout1366/X                             10     11        (VIOLATED)
fanout1390/X                             10     11        (VIOLATED)
fanout1418/X                             10     11        (VIOLATED)
fanout1423/X                             10     11        (VIOLATED)
fanout1426/X                             10     11        (VIOLATED)
fanout1503/X                             10     11        (VIOLATED)
fanout1544/X                             10     11        (VIOLATED)
fanout1553/X                             10     11        (VIOLATED)
fanout1565/X                             10     11        (VIOLATED)
fanout1600/X                             10     11        (VIOLATED)
fanout1601/X                             10     11        (VIOLATED)
fanout1608/X                             10     11        (VIOLATED)
fanout1614/X                             10     11        (VIOLATED)
fanout1643/X                             10     11        (VIOLATED)
fanout1705/X                             10     11        (VIOLATED)
fanout1735/X                             10     11        (VIOLATED)
fanout1740/X                             10     11        (VIOLATED)
fanout220/X                              10     11        (VIOLATED)
fanout246/X                              10     11        (VIOLATED)
fanout401/X                              10     11        (VIOLATED)
fanout414/X                              10     11        (VIOLATED)
fanout488/X                              10     11        (VIOLATED)
fanout500/X                              10     11        (VIOLATED)
fanout536/X                              10     11        (VIOLATED)
fanout538/X                              10     11        (VIOLATED)
fanout581/X                              10     11        (VIOLATED)
fanout598/X                              10     11        (VIOLATED)
fanout606/X                              10     11        (VIOLATED)
fanout613/X                              10     11        (VIOLATED)
fanout620/X                              10     11        (VIOLATED)
fanout628/X                              10     11        (VIOLATED)
fanout644/X                              10     11        (VIOLATED)
fanout668/X                              10     11        (VIOLATED)
fanout689/X                              10     11        (VIOLATED)
fanout690/X                              10     11        (VIOLATED)
fanout700/X                              10     11        (VIOLATED)
fanout710/X                              10     11        (VIOLATED)
fanout714/X                              10     11        (VIOLATED)
fanout720/X                              10     11        (VIOLATED)
fanout746/X                              10     11        (VIOLATED)
fanout762/X                              10     11        (VIOLATED)
fanout778/X                              10     11        (VIOLATED)
fanout788/X                              10     11        (VIOLATED)
fanout790/X                              10     11        (VIOLATED)
fanout796/X                              10     11        (VIOLATED)
fanout808/X                              10     11        (VIOLATED)
fanout809/X                              10     11        (VIOLATED)
fanout811/X                              10     11        (VIOLATED)
fanout828/X                              10     11        (VIOLATED)
fanout832/X                              10     11        (VIOLATED)
fanout834/X                              10     11        (VIOLATED)
fanout836/X                              10     11        (VIOLATED)
fanout846/X                              10     11        (VIOLATED)
fanout854/X                              10     11        (VIOLATED)
fanout874/X                              10     11        (VIOLATED)
fanout876/X                              10     11        (VIOLATED)
fanout878/X                              10     11        (VIOLATED)
fanout884/X                              10     11        (VIOLATED)
fanout904/X                              10     11        (VIOLATED)
fanout920/X                              10     11        (VIOLATED)
fanout923/X                              10     11        (VIOLATED)
fanout939/X                              10     11        (VIOLATED)
fanout944/X                              10     11        (VIOLATED)
fanout948/X                              10     11        (VIOLATED)
fanout964/X                              10     11        (VIOLATED)
fanout988/X                              10     11        (VIOLATED)

max capacitance

Pin                                        Limit         Cap       Slack
------------------------------------------------------------------------
fanout995/X                             0.200000    0.274461   -0.074461 (VIOLATED)
fanout1074/X                            0.200000    0.272044   -0.072044 (VIOLATED)
fanout1403/X                            0.200000    0.270578   -0.070578 (VIOLATED)
fanout1041/X                            0.200000    0.264661   -0.064661 (VIOLATED)
fanout1037/X                            0.200000    0.249968   -0.049968 (VIOLATED)
_22420_/Y                               0.200000    0.241495   -0.041495 (VIOLATED)
fanout1052/X                            0.200000    0.239429   -0.039429 (VIOLATED)
fanout1614/X                            0.200000    0.235829   -0.035829 (VIOLATED)
_21934_/X                               0.200000    0.230732   -0.030732 (VIOLATED)
fanout1504/X                            0.200000    0.225599   -0.025599 (VIOLATED)
fanout811/X                             0.200000    0.222928   -0.022928 (VIOLATED)
fanout808/X                             0.200000    0.220153   -0.020153 (VIOLATED)
fanout1031/X                            0.200000    0.214374   -0.014374 (VIOLATED)
fanout778/X                             0.200000    0.211984   -0.011984 (VIOLATED)
hold100/X                               0.200000    0.207030   -0.007030 (VIOLATED)
_34599_/X                               0.200000    0.206447   -0.006447 (VIOLATED)
fanout980/X                             0.200000    0.206267   -0.006267 (VIOLATED)
fanout821/X                             0.200000    0.205680   -0.005680 (VIOLATED)
fanout1045/X                            0.200000    0.203269   -0.003269 (VIOLATED)
fanout815/X                             0.200000    0.201862   -0.001862 (VIOLATED)
fanout994/X                             0.200000    0.201287   -0.001287 (VIOLATED)



===========================================================================
report_parasitic_annotation -report_unannotated
============================================================================
Found 340 unannotated drivers.
 clk_2p4g
 rf_adc_q_in[0]
 rf_adc_q_in[10]
 rf_adc_q_in[11]
 rf_adc_q_in[12]
 rf_adc_q_in[13]
 rf_adc_q_in[14]
 rf_adc_q_in[15]
 rf_adc_q_in[1]
 rf_adc_q_in[2]
 rf_adc_q_in[3]
 rf_adc_q_in[4]
 rf_adc_q_in[5]
 rf_adc_q_in[6]
 rf_adc_q_in[7]
 rf_adc_q_in[8]
 rf_adc_q_in[9]
 _43579__2974/LO
 clkload0/Y
 clkload1/Y
 clkload10/Y
 clkload100/Y
 clkload101/Y
 clkload102/Y
 clkload103/Y
 clkload104/X
 clkload105/Y
 clkload106/Y
 clkload107/Y
 clkload108/Y
 clkload109/X
 clkload11/Y
 clkload110/Y
 clkload111/Y
 clkload112/Y
 clkload113/Y
 clkload114/Y
 clkload115/Y
 clkload116/Y
 clkload117/Y
 clkload118/Y
 clkload119/Y
 clkload12/Y
 clkload120/Y
 clkload121/Y
 clkload122/Y
 clkload123/Y
 clkload124/Y
 clkload125/Y
 clkload126/Y
 clkload127/Y
 clkload128/Y
 clkload129/Y
 clkload13/Y
 clkload130/Y
 clkload131/Y
 clkload132/X
 clkload133/Y
 clkload134/Y
 clkload135/X
 clkload136/Y
 clkload137/Y
 clkload138/Y
 clkload139/Y
 clkload14/X
 clkload140/Y
 clkload141/Y
 clkload142/X
 clkload143/Y
 clkload144/Y
 clkload145/Y
 clkload146/Y
 clkload147/Y
 clkload148/Y
 clkload149/X
 clkload15/Y
 clkload150/Y
 clkload151/X
 clkload152/Y
 clkload153/X
 clkload154/Y
 clkload155/Y
 clkload156/Y
 clkload157/Y
 clkload158/Y
 clkload159/Y
 clkload16/Y
 clkload160/Y
 clkload161/Y
 clkload162/Y
 clkload163/Y
 clkload164/Y
 clkload165/Y
 clkload166/Y
 clkload167/X
 clkload168/Y
 clkload169/Y
 clkload17/Y
 clkload170/Y
 clkload171/Y
 clkload172/Y
 clkload173/Y
 clkload174/Y
 clkload175/Y
 clkload176/Y
 clkload177/Y
 clkload178/Y
 clkload179/Y
 clkload18/Y
 clkload180/Y
 clkload181/Y
 clkload182/Y
 clkload183/Y
 clkload184/Y
 clkload185/X
 clkload186/X
 clkload187/Y
 clkload188/Y
 clkload189/Y
 clkload19/Y
 clkload190/Y
 clkload191/X
 clkload192/X
 clkload193/Y
 clkload194/Y
 clkload195/Y
 clkload196/Y
 clkload197/Y
 clkload198/Y
 clkload199/Y
 clkload2/Y
 clkload20/Y
 clkload200/X
 clkload201/Y
 clkload202/Y
 clkload203/Y
 clkload204/Y
 clkload205/Y
 clkload206/Y
 clkload207/Y
 clkload208/Y
 clkload209/Y
 clkload21/Y
 clkload210/X
 clkload211/Y
 clkload212/Y
 clkload213/Y
 clkload214/Y
 clkload215/Y
 clkload216/Y
 clkload217/Y
 clkload218/X
 clkload219/Y
 clkload22/Y
 clkload220/Y
 clkload221/Y
 clkload222/X
 clkload223/Y
 clkload224/Y
 clkload225/X
 clkload226/Y
 clkload227/Y
 clkload228/X
 clkload229/Y
 clkload23/Y
 clkload230/X
 clkload24/Y
 clkload25/Y
 clkload26/Y
 clkload27/Y
 clkload28/X
 clkload29/X
 clkload3/Y
 clkload30/Y
 clkload31/Y
 clkload32/Y
 clkload33/Y
 clkload34/Y
 clkload35/Y
 clkload36/Y
 clkload37/Y
 clkload38/Y
 clkload39/Y
 clkload4/X
 clkload40/Y
 clkload41/Y
 clkload42/Y
 clkload43/Y
 clkload44/Y
 clkload45/Y
 clkload46/Y
 clkload47/Y
 clkload48/Y
 clkload49/Y
 clkload5/Y
 clkload50/Y
 clkload51/Y
 clkload52/Y
 clkload53/X
 clkload54/Y
 clkload55/Y
 clkload56/Y
 clkload57/X
 clkload58/Y
 clkload59/Y
 clkload6/Y
 clkload60/X
 clkload61/X
 clkload62/X
 clkload63/Y
 clkload64/Y
 clkload65/Y
 clkload66/Y
 clkload67/Y
 clkload68/Y
 clkload69/Y
 clkload7/Y
 clkload70/Y
 clkload71/Y
 clkload72/Y
 clkload73/Y
 clkload74/Y
 clkload75/Y
 clkload76/Y
 clkload77/Y
 clkload78/Y
 clkload79/Y
 clkload8/X
 clkload80/X
 clkload81/Y
 clkload82/Y
 clkload83/X
 clkload84/X
 clkload85/Y
 clkload86/X
 clkload87/Y
 clkload88/Y
 clkload89/Y
 clkload9/X
 clkload90/Y
 clkload91/Y
 clkload92/Y
 clkload93/Y
 clkload94/Y
 clkload95/Y
 clkload96/Y
 clkload97/Y
 clkload98/Y
 clkload99/Y
 phase_099_top_integration_2883/HI
 phase_099_top_integration_2884/HI
 phase_099_top_integration_2885/HI
 phase_099_top_integration_2886/HI
 phase_099_top_integration_2887/HI
 phase_099_top_integration_2888/HI
 phase_099_top_integration_2889/HI
 phase_099_top_integration_2890/HI
 phase_099_top_integration_2891/HI
 phase_099_top_integration_2892/HI
 phase_099_top_integration_2893/HI
 phase_099_top_integration_2894/HI
 phase_099_top_integration_2895/HI
 phase_099_top_integration_2896/HI
 phase_099_top_integration_2897/HI
 phase_099_top_integration_2898/HI
 phase_099_top_integration_2899/HI
 phase_099_top_integration_2900/HI
 phase_099_top_integration_2901/HI
 phase_099_top_integration_2902/HI
 phase_099_top_integration_2903/HI
 phase_099_top_integration_2904/HI
 phase_099_top_integration_2905/HI
 phase_099_top_integration_2906/HI
 phase_099_top_integration_2907/HI
 phase_099_top_integration_2908/HI
 phase_099_top_integration_2909/HI
 phase_099_top_integration_2910/HI
 phase_099_top_integration_2911/HI
 phase_099_top_integration_2912/HI
 phase_099_top_integration_2913/HI
 phase_099_top_integration_2914/HI
 phase_099_top_integration_2915/HI
 phase_099_top_integration_2916/HI
 phase_099_top_integration_2917/HI
 phase_099_top_integration_2918/HI
 phase_099_top_integration_2919/HI
 phase_099_top_integration_2920/HI
 phase_099_top_integration_2921/HI
 phase_099_top_integration_2922/HI
 phase_099_top_integration_2923/HI
 phase_099_top_integration_2924/HI
 phase_099_top_integration_2925/HI
 phase_099_top_integration_2926/HI
 phase_099_top_integration_2927/HI
 phase_099_top_integration_2928/HI
 phase_099_top_integration_2929/HI
 phase_099_top_integration_2930/HI
 phase_099_top_integration_2931/HI
 phase_099_top_integration_2932/HI
 phase_099_top_integration_2933/HI
 phase_099_top_integration_2934/HI
 phase_099_top_integration_2935/HI
 phase_099_top_integration_2936/HI
 phase_099_top_integration_2937/HI
 phase_099_top_integration_2938/HI
 phase_099_top_integration_2939/HI
 phase_099_top_integration_2940/HI
 phase_099_top_integration_2941/HI
 phase_099_top_integration_2942/HI
 phase_099_top_integration_2943/HI
 phase_099_top_integration_2944/HI
 phase_099_top_integration_2945/HI
 phase_099_top_integration_2946/HI
 phase_099_top_integration_2947/HI
 phase_099_top_integration_2948/HI
 phase_099_top_integration_2949/HI
 phase_099_top_integration_2950/HI
 phase_099_top_integration_2951/HI
 phase_099_top_integration_2952/HI
 phase_099_top_integration_2953/HI
 phase_099_top_integration_2954/HI
 phase_099_top_integration_2955/HI
 phase_099_top_integration_2956/HI
 phase_099_top_integration_2957/HI
 phase_099_top_integration_2958/HI
 phase_099_top_integration_2959/HI
 phase_099_top_integration_2960/HI
 phase_099_top_integration_2961/HI
 phase_099_top_integration_2962/HI
 phase_099_top_integration_2963/HI
 phase_099_top_integration_2964/HI
 phase_099_top_integration_2965/HI
 phase_099_top_integration_2966/HI
 phase_099_top_integration_2967/HI
 phase_099_top_integration_2968/HI
 phase_099_top_integration_2969/HI
 phase_099_top_integration_2970/HI
 phase_099_top_integration_2971/HI
 phase_099_top_integration_2972/HI
 phase_099_top_integration_2973/HI
Found 0 partially unannotated drivers.

===========================================================================
max slew violation count 22
max fanout violation count 349
max cap violation count 21
============================================================================

===========================================================================
check_setup -verbose -unconstrained_endpoints -multiple_clock -no_clock -no_input_delay -loops -generated_clocks
===========================================================================
Warning: There are 92 unconstrained endpoints.
  module_status_flags_out[10]
  module_status_flags_out[11]
  module_status_flags_out[12]
  module_status_flags_out[14]
  module_status_flags_out[15]
  module_status_flags_out[16]
  module_status_flags_out[17]
  module_status_flags_out[18]
  module_status_flags_out[19]
  module_status_flags_out[21]
  module_status_flags_out[22]
  module_status_flags_out[23]
  module_status_flags_out[24]
  module_status_flags_out[25]
  module_status_flags_out[26]
  module_status_flags_out[27]
  module_status_flags_out[28]
  module_status_flags_out[29]
  module_status_flags_out[30]
  module_status_flags_out[31]
  module_status_flags_out[32]
  module_status_flags_out[33]
  module_status_flags_out[34]
  module_status_flags_out[35]
  module_status_flags_out[36]
  module_status_flags_out[37]
  module_status_flags_out[38]
  module_status_flags_out[39]
  module_status_flags_out[3]
  module_status_flags_out[40]
  module_status_flags_out[41]
  module_status_flags_out[42]
  module_status_flags_out[43]
  module_status_flags_out[44]
  module_status_flags_out[45]
  module_status_flags_out[46]
  module_status_flags_out[47]
  module_status_flags_out[48]
  module_status_flags_out[49]
  module_status_flags_out[4]
  module_status_flags_out[50]
  module_status_flags_out[51]
  module_status_flags_out[52]
  module_status_flags_out[53]
  module_status_flags_out[54]
  module_status_flags_out[55]
  module_status_flags_out[56]
  module_status_flags_out[57]
  module_status_flags_out[58]
  module_status_flags_out[59]
  module_status_flags_out[5]
  module_status_flags_out[60]
  module_status_flags_out[61]
  module_status_flags_out[62]
  module_status_flags_out[63]
  module_status_flags_out[64]
  module_status_flags_out[65]
  module_status_flags_out[66]
  module_status_flags_out[67]
  module_status_flags_out[68]
  module_status_flags_out[69]
  module_status_flags_out[6]
  module_status_flags_out[70]
  module_status_flags_out[71]
  module_status_flags_out[72]
  module_status_flags_out[73]
  module_status_flags_out[74]
  module_status_flags_out[75]
  module_status_flags_out[76]
  module_status_flags_out[77]
  module_status_flags_out[78]
  module_status_flags_out[79]
  module_status_flags_out[7]
  module_status_flags_out[80]
  module_status_flags_out[81]
  module_status_flags_out[82]
  module_status_flags_out[83]
  module_status_flags_out[84]
  module_status_flags_out[85]
  module_status_flags_out[86]
  module_status_flags_out[87]
  module_status_flags_out[88]
  module_status_flags_out[89]
  module_status_flags_out[90]
  module_status_flags_out[91]
  module_status_flags_out[92]
  module_status_flags_out[93]
  module_status_flags_out[94]
  module_status_flags_out[95]
  module_status_flags_out[96]
  module_status_flags_out[97]
  _43579_/D
