Clock: clk_dsp
Sources: clk_dsp 
Generated: no
Virtual: yes
Propagated: no
Period: 5.000000

===========================================================================
report_clock_properties
============================================================================
Clock                   Period          Waveform
----------------------------------------------------
clk_dsp               5.000000    0.000000  2.500000

===========================================================================
report_clock_latency
============================================================================
Clock clk_dsp
rise -> rise
    min     max
0.000000 0.000000 source latency
0.958670         network latency _46248_/CLK
        1.138670 network latency _45510_/CLK
---------------
0.958670 1.138670 latency
        0.180000 skew

fall -> fall
    min     max
0.000000 0.000000 source latency
0.800378         network latency _46248_/CLK
        0.961335 network latency _45510_/CLK
---------------
0.800378 0.961335 latency
        0.160957 skew



===========================================================================
report_clock_min_period
============================================================================
clk_dsp period_min = 9.01 fmax = 110.93
