
===========================================================================
report_checks -unconstrained
===========================================================================
======================= max_ff_n40C_1v95 Corner ===================================

Startpoint: rst_n (input port clocked by clk_dsp)
Endpoint: _44061_ (recovery check against rising-edge clock clk_dsp)
Path Group: asynchronous
Path Type: max

Fanout         Cap        Slew       Delay        Time   Description
---------------------------------------------------------------------------------------------
                                  0.000000    0.000000   clock clk_dsp (rise edge)
                                  0.000000    0.000000   clock network delay (propagated)
                                  1.000000    1.000000 ^ input external delay
     1    0.002739    0.013699    0.007114    1.007114 ^ rst_n (in)
                                                         rst_n (net)
                      0.013701    0.000000    1.007114 ^ hold102/A (sky130_fd_sc_hd__dlygate4sd3_1)
     1    0.002629    0.036216    0.365650    1.372764 ^ hold102/X (sky130_fd_sc_hd__dlygate4sd3_1)
                                                         net3075 (net)
                      0.036216    0.000121    1.372885 ^ input17/A (sky130_fd_sc_hd__buf_4)
     1    0.069190    0.145859    0.144068    1.516953 ^ input17/X (sky130_fd_sc_hd__buf_4)
                                                         net17 (net)
                      0.152999    0.025119    1.542072 ^ fanout2882/A (sky130_fd_sc_hd__buf_12)
     1    0.037503    0.044217    0.089642    1.631714 ^ fanout2882/X (sky130_fd_sc_hd__buf_12)
                                                         net2882 (net)
                      0.045898    0.006709    1.638424 ^ hold92/A (sky130_fd_sc_hd__buf_12)
     2    0.036665    0.042090    0.076962    1.715385 ^ hold92/X (sky130_fd_sc_hd__buf_12)
                                                         net3065 (net)
                      0.043159    0.005186    1.720571 ^ hold94/A (sky130_fd_sc_hd__buf_12)
     1    0.027129    0.034221    0.071090    1.791661 ^ hold94/X (sky130_fd_sc_hd__buf_12)
                                                         net3067 (net)
                      0.035239    0.004524    1.796185 ^ hold96/A (sky130_fd_sc_hd__buf_12)
     1    0.054255    0.054495    0.081145    1.877330 ^ hold96/X (sky130_fd_sc_hd__buf_12)
                                                         net3069 (net)
                      0.061748    0.015182    1.892512 ^ hold98/A (sky130_fd_sc_hd__buf_12)
     5    0.129004    0.116763    0.130123    2.022635 ^ hold98/X (sky130_fd_sc_hd__buf_12)
                                                         net3071 (net)
                      0.119101    0.013139    2.035775 ^ fanout2830/A (sky130_fd_sc_hd__buf_6)
     6    0.145040    0.216891    0.200732    2.236507 ^ fanout2830/X (sky130_fd_sc_hd__buf_6)
                                                         net2830 (net)
                      0.219328    0.018526    2.255033 ^ hold99/A (sky130_fd_sc_hd__dlygate4sd3_1)
     2    0.038122    0.289290    0.574027    2.829060 ^ hold99/X (sky130_fd_sc_hd__dlygate4sd3_1)
                                                         net3072 (net)
                      0.289352    0.004147    2.833206 ^ fanout2790/A (sky130_fd_sc_hd__buf_2)
     5    0.054357    0.199753    0.223316    3.056522 ^ fanout2790/X (sky130_fd_sc_hd__buf_2)
                                                         net2790 (net)
                      0.199815    0.002933    3.059455 ^ fanout2789/A (sky130_fd_sc_hd__buf_2)
     7    0.049160    0.181393    0.200936    3.260391 ^ fanout2789/X (sky130_fd_sc_hd__buf_2)
                                                         net2789 (net)
                      0.181424    0.001995    3.262386 ^ fanout2780/A (sky130_fd_sc_hd__clkbuf_4)
    10    0.052320    0.124099    0.185584    3.447970 ^ fanout2780/X (sky130_fd_sc_hd__clkbuf_4)
                                                         net2780 (net)
                      0.124200    0.002956    3.450926 ^ fanout2779/A (sky130_fd_sc_hd__clkbuf_4)
    10    0.048223    0.114111    0.172226    3.623152 ^ fanout2779/X (sky130_fd_sc_hd__clkbuf_4)
                                                         net2779 (net)
                      0.114232    0.002461    3.625613 ^ _44061_/RESET_B (sky130_fd_sc_hd__dfrtp_1)
                                              3.625613   data arrival time

                                  5.000000    5.000000   clock clk_dsp (rise edge)
                                  0.000000    5.000000   clock source latency
     2    0.166049    0.564343    0.426828    5.426828 ^ clk_dsp (in)
                                                         clk_dsp (net)
                      0.602770    0.000000    5.426828 ^ clkbuf_0_clk_dsp/A (sky130_fd_sc_hd__clkbuf_16)
     4    0.135726    0.120228    0.203221    5.630050 ^ clkbuf_0_clk_dsp/X (sky130_fd_sc_hd__clkbuf_16)
                                                         clknet_0_clk_dsp (net)
                      0.121677    0.010322    5.640372 ^ clkbuf_2_2_0_clk_dsp/A (sky130_fd_sc_hd__clkbuf_8)
     4    0.080969    0.113289    0.160408    5.800779 ^ clkbuf_2_2_0_clk_dsp/X (sky130_fd_sc_hd__clkbuf_8)
                                                         clknet_2_2_0_clk_dsp (net)
                      0.114325    0.008801    5.809581 ^ clkbuf_4_9_0_clk_dsp/A (sky130_fd_sc_hd__clkbuf_8)
     2    0.039814    0.061731    0.127978    5.937559 ^ clkbuf_4_9_0_clk_dsp/X (sky130_fd_sc_hd__clkbuf_8)
                                                         clknet_4_9_0_clk_dsp (net)
                      0.061860    0.002239    5.939798 ^ clkbuf_5_18__f_clk_dsp/A (sky130_fd_sc_hd__clkbuf_16)
     7    0.066530    0.064314    0.117917    6.057714 ^ clkbuf_5_18__f_clk_dsp/X (sky130_fd_sc_hd__clkbuf_16)
                                                         clknet_5_18__leaf_clk_dsp (net)
                      0.064585    0.003290    6.061005 ^ clkbuf_leaf_57_clk_dsp/A (sky130_fd_sc_hd__clkbuf_8)
    18    0.056237    0.081424    0.129550    6.190555 ^ clkbuf_leaf_57_clk_dsp/X (sky130_fd_sc_hd__clkbuf_8)
                                                         clknet_leaf_57_clk_dsp (net)
                      0.081590    0.002607    6.193161 ^ _44061_/CLK (sky130_fd_sc_hd__dfrtp_1)
                                 -0.250000    5.943161   clock uncertainty
                                  0.000000    5.943161   clock reconvergence pessimism
                                  0.135833    6.078994   library recovery time
                                              6.078994   data required time
---------------------------------------------------------------------------------------------
                                              6.078994   data required time
                                             -3.625613   data arrival time
---------------------------------------------------------------------------------------------
                                              2.453382   slack (MET)


Startpoint: _46159_ (rising edge-triggered flip-flop clocked by clk_dsp)
Endpoint: _46276_ (rising edge-triggered flip-flop clocked by clk_dsp)
Path Group: clk_dsp
Path Type: max

Fanout         Cap        Slew       Delay        Time   Description
---------------------------------------------------------------------------------------------
                                  0.000000    0.000000   clock clk_dsp (rise edge)
                                  0.000000    0.000000   clock source latency
     2    0.166049    0.564343    0.426828    0.426828 ^ clk_dsp (in)
                                                         clk_dsp (net)
                      0.602770    0.000000    0.426828 ^ clkbuf_0_clk_dsp/A (sky130_fd_sc_hd__clkbuf_16)
     4    0.135726    0.120228    0.203222    0.630049 ^ clkbuf_0_clk_dsp/X (sky130_fd_sc_hd__clkbuf_16)
                                                         clknet_0_clk_dsp (net)
                      0.121458    0.009524    0.639574 ^ clkbuf_2_3_0_clk_dsp/A (sky130_fd_sc_hd__clkbuf_8)
     4    0.080155    0.112455    0.159594    0.799168 ^ clkbuf_2_3_0_clk_dsp/X (sky130_fd_sc_hd__clkbuf_8)
                                                         clknet_2_3_0_clk_dsp (net)
                      0.115170    0.013860    0.813028 ^ clkbuf_4_15_0_clk_dsp/A (sky130_fd_sc_hd__clkbuf_8)
     2    0.057208    0.082990    0.142656    0.955684 ^ clkbuf_4_15_0_clk_dsp/X (sky130_fd_sc_hd__clkbuf_8)
                                                         clknet_4_15_0_clk_dsp (net)
                      0.083444    0.004928    0.960612 ^ clkbuf_5_30__f_clk_dsp/A (sky130_fd_sc_hd__clkbuf_16)
     9    0.120861    0.105633    0.150106    1.110718 ^ clkbuf_5_30__f_clk_dsp/X (sky130_fd_sc_hd__clkbuf_16)
                                                         clknet_5_30__leaf_clk_dsp (net)
                      0.106719    0.008604    1.119323 ^ clkbuf_leaf_144_clk_dsp/A (sky130_fd_sc_hd__clkbuf_8)
    11    0.045673    0.068777    0.131371    1.250694 ^ clkbuf_leaf_144_clk_dsp/X (sky130_fd_sc_hd__clkbuf_8)
                                                         clknet_leaf_144_clk_dsp (net)
                      0.068863    0.001397    1.252091 ^ _46159_/CLK (sky130_fd_sc_hd__dfrtp_1)
     4    0.022077    0.086357    0.290550    1.542641 v _46159_/Q (sky130_fd_sc_hd__dfrtp_1)
                                                         u_phase_009_fft.out_cnt[3] (net)
                      0.086378    0.001308    1.543949 v fanout1762/A (sky130_fd_sc_hd__buf_4)
     5    0.025330    0.036447    0.127225    1.671174 v fanout1762/X (sky130_fd_sc_hd__buf_4)
                                                         net1762 (net)
                      0.036529    0.001488    1.672662 v fanout1761/A (sky130_fd_sc_hd__buf_4)
    10    0.044192    0.051379    0.119264    1.791926 v fanout1761/X (sky130_fd_sc_hd__buf_4)
                                                         net1761 (net)
                      0.051660    0.002926    1.794852 v _34555_/A_N (sky130_fd_sc_hd__and4bb_1)
     1    0.019741    0.154381    0.243773    2.038625 ^ _34555_/X (sky130_fd_sc_hd__and4bb_1)
                                                         _08581_ (net)
                      0.154414    0.002208    2.040833 ^ fanout1258/A (sky130_fd_sc_hd__clkbuf_8)
     6    0.137908    0.183622    0.197951    2.238784 ^ fanout1258/X (sky130_fd_sc_hd__clkbuf_8)
                                                         net1258 (net)
                      0.196668    0.037768    2.276551 ^ fanout1254/A (sky130_fd_sc_hd__clkbuf_4)
    10    0.082798    0.190834    0.229481    2.506032 ^ fanout1254/X (sky130_fd_sc_hd__clkbuf_4)
                                                         net1254 (net)
                      0.192183    0.013031    2.519063 ^ _34557_/B (sky130_fd_sc_hd__and2_4)
     4    0.074459    0.164438    0.202960    2.722023 ^ _34557_/X (sky130_fd_sc_hd__and2_4)
                                                         _08583_ (net)
                      0.167107    0.016718    2.738740 ^ clone91/A (sky130_fd_sc_hd__clkbuf_1)
    10    0.188342    1.613004    1.134866    3.873607 ^ clone91/X (sky130_fd_sc_hd__clkbuf_1)
                                                         net3064 (net)
                      1.613067    0.008558    3.882165 ^ fanout921/A (sky130_fd_sc_hd__clkbuf_8)
    10    0.126277    0.182222    0.213918    4.096083 ^ fanout921/X (sky130_fd_sc_hd__clkbuf_8)
                                                         net921 (net)
                      0.192503    0.032608    4.128691 ^ _35023_/A2 (sky130_fd_sc_hd__a22o_1)
     1    0.003171    0.034945    0.096545    4.225236 ^ _35023_/X (sky130_fd_sc_hd__a22o_1)
                                                         _09049_ (net)
                      0.034946    0.000234    4.225470 ^ _35024_/C1 (sky130_fd_sc_hd__a211o_1)
     1    0.008538    0.063772    0.079219    4.304689 ^ _35024_/X (sky130_fd_sc_hd__a211o_1)
                                                         _09050_ (net)
                      0.063779    0.000729    4.305418 ^ _35025_/C1 (sky130_fd_sc_hd__a211o_1)
     1    0.006688    0.053130    0.076223    4.381640 ^ _35025_/X (sky130_fd_sc_hd__a211o_1)
                                                         _09051_ (net)
                      0.053134    0.000516    4.382156 ^ _35034_/C (sky130_fd_sc_hd__or4_1)
     1    0.018193    0.129457    0.141723    4.523879 ^ _35034_/X (sky130_fd_sc_hd__or4_1)
                                                         _09060_ (net)
                      0.129491    0.001717    4.525596 ^ _35035_/A3 (sky130_fd_sc_hd__o32a_4)
     2    0.104397    0.222337    0.232499    4.758095 ^ _35035_/X (sky130_fd_sc_hd__o32a_4)
                                                         _09061_ (net)
                      0.224452    0.017509    4.775605 ^ fanout248/A (sky130_fd_sc_hd__buf_6)
     7    0.170886    0.254594    0.218342    4.993947 ^ fanout248/X (sky130_fd_sc_hd__buf_6)
                                                         net248 (net)
                      0.255059    0.009438    5.003385 ^ fanout246/A (sky130_fd_sc_hd__buf_4)
    11    0.108908    0.227405    0.229321    5.232706 ^ fanout246/X (sky130_fd_sc_hd__buf_4)
                                                         net246 (net)
                      0.227763    0.007658    5.240364 ^ _35036_/A (sky130_fd_sc_hd__inv_2)
     2    0.077534    0.152062    0.136325    5.376688 v _35036_/Y (sky130_fd_sc_hd__inv_2)
                                                         _09062_ (net)
                      0.152092    0.001873    5.378561 v fanout229/A (sky130_fd_sc_hd__clkbuf_8)
    12    0.137923    0.104865    0.184774    5.563336 v fanout229/X (sky130_fd_sc_hd__clkbuf_8)
                                                         net229 (net)
                      0.145880    0.051866    5.615202 v _41275_/B (sky130_fd_sc_hd__nor3_1)
     3    0.011467    0.256954    0.264762    5.879964 ^ _41275_/Y (sky130_fd_sc_hd__nor3_1)
                                                         _15269_ (net)
                      0.256957    0.000670    5.880634 ^ _41277_/A (sky130_fd_sc_hd__nor2_1)
     2    0.006467    0.067916    0.052364    5.932999 v _41277_/Y (sky130_fd_sc_hd__nor2_1)
                                                         _15271_ (net)
                      0.067919    0.000324    5.933322 v _41278_/C (sky130_fd_sc_hd__and3_1)
     3    0.008794    0.045336    0.145692    6.079015 v _41278_/X (sky130_fd_sc_hd__and3_1)
                                                         _15272_ (net)
                      0.045340    0.000453    6.079468 v _41429_/A (sky130_fd_sc_hd__or2_1)
     2    0.007688    0.048412    0.154564    6.234033 v _41429_/X (sky130_fd_sc_hd__or2_1)
                                                         _15423_ (net)
                      0.048417    0.000546    6.234578 v _41436_/B (sky130_fd_sc_hd__xnor2_1)
     2    0.007269    0.143446    0.138420    6.372998 ^ _41436_/Y (sky130_fd_sc_hd__xnor2_1)
                                                         _15430_ (net)
                      0.143447    0.000381    6.373379 ^ _41437_/B (sky130_fd_sc_hd__nand2_1)
     3    0.014864    0.079319    0.089377    6.462755 v _41437_/Y (sky130_fd_sc_hd__nand2_1)
                                                         _15431_ (net)
                      0.079328    0.000674    6.463429 v _41589_/A (sky130_fd_sc_hd__nand2_1)
     2    0.009133    0.072366    0.086288    6.549718 ^ _41589_/Y (sky130_fd_sc_hd__nand2_1)
                                                         _15583_ (net)
                      0.072374    0.000618    6.550335 ^ _41609_/C (sky130_fd_sc_hd__nand3_2)
     2    0.013009    0.068183    0.066163    6.616498 v _41609_/Y (sky130_fd_sc_hd__nand3_2)
                                                         _15603_ (net)
                      0.068202    0.000907    6.617406 v _41736_/A2 (sky130_fd_sc_hd__a211o_1)
     2    0.012177    0.062863    0.226231    6.843637 v _41736_/X (sky130_fd_sc_hd__a211o_1)
                                                         _15730_ (net)
                      0.062864    0.000447    6.844084 v _41769_/A2 (sky130_fd_sc_hd__a211o_1)
     2    0.014121    0.068414    0.229973    7.074058 v _41769_/X (sky130_fd_sc_hd__a211o_1)
                                                         _15763_ (net)
                      0.068422    0.000786    7.074843 v _41882_/A2 (sky130_fd_sc_hd__a21o_1)
     2    0.007938    0.039288    0.140111    7.214954 v _41882_/X (sky130_fd_sc_hd__a21o_1)
                                                         _15876_ (net)
                      0.039293    0.000440    7.215394 v _41884_/A2 (sky130_fd_sc_hd__a21o_1)
     3    0.008674    0.041557    0.131973    7.347366 v _41884_/X (sky130_fd_sc_hd__a21o_1)
                                                         _15878_ (net)
                      0.041563    0.000499    7.347865 v _41946_/A2 (sky130_fd_sc_hd__a211oi_1)
     2    0.006742    0.202820    0.211238    7.559103 ^ _41946_/Y (sky130_fd_sc_hd__a211oi_1)
                                                         _15940_ (net)
                      0.202820    0.000551    7.559654 ^ _41948_/B (sky130_fd_sc_hd__nor3_1)
     3    0.009142    0.069729    0.064860    7.624514 v _41948_/Y (sky130_fd_sc_hd__nor3_1)
                                                         _15942_ (net)
                      0.069734    0.000450    7.624964 v max_cap71/A (sky130_fd_sc_hd__clkbuf_1)
     2    0.007102    0.034419    0.085031    7.709995 v max_cap71/X (sky130_fd_sc_hd__clkbuf_1)
                                                         net71 (net)
                      0.034424    0.000435    7.710430 v _42099_/A (sky130_fd_sc_hd__nor3_1)
     3    0.008187    0.195638    0.190597    7.901027 ^ _42099_/Y (sky130_fd_sc_hd__nor3_1)
                                                         _16093_ (net)
                      0.195640    0.000486    7.901513 ^ _42105_/A (sky130_fd_sc_hd__or3_1)
     3    0.008550    0.066092    0.115899    8.017412 ^ _42105_/X (sky130_fd_sc_hd__or3_1)
                                                         _16099_ (net)
                      0.066094    0.000450    8.017862 ^ _42114_/A (sky130_fd_sc_hd__nand2_1)
     1    0.005329    0.039077    0.039387    8.057249 v _42114_/Y (sky130_fd_sc_hd__nand2_1)
                                                         _16108_ (net)
                      0.039084    0.000401    8.057650 v _42253_/A (sky130_fd_sc_hd__xnor2_1)
     2    0.007458    0.048140    0.096743    8.154393 v _42253_/Y (sky130_fd_sc_hd__xnor2_1)
                                                         _16247_ (net)
                      0.048143    0.000433    8.154826 v _42257_/B (sky130_fd_sc_hd__xnor2_1)
     2    0.012440    0.216587    0.191999    8.346826 ^ _42257_/Y (sky130_fd_sc_hd__xnor2_1)
                                                         _16251_ (net)
                      0.216593    0.000993    8.347818 ^ _43311_/B (sky130_fd_sc_hd__xnor2_2)
     2    0.008314    0.120062    0.086937    8.434755 ^ _43311_/Y (sky130_fd_sc_hd__xnor2_2)
                                                         _17305_ (net)
                      0.120063    0.000550    8.435306 ^ _43312_/B1 (sky130_fd_sc_hd__o21ai_2)
     3    0.010789    0.045809    0.044103    8.479407 v _43312_/Y (sky130_fd_sc_hd__o21ai_2)
                                                         _17306_ (net)
                      0.045820    0.000555    8.479962 v _43313_/A1 (sky130_fd_sc_hd__a21o_1)
     3    0.014255    0.056084    0.133479    8.613441 v _43313_/X (sky130_fd_sc_hd__a21o_1)
                                                         _17307_ (net)
                      0.056102    0.000965    8.614408 v _43315_/A1 (sky130_fd_sc_hd__a21oi_4)
     3    0.017915    0.128238    0.131521    8.745929 ^ _43315_/Y (sky130_fd_sc_hd__a21oi_4)
                                                         _17309_ (net)
                      0.128277    0.001441    8.747370 ^ _43317_/A1 (sky130_fd_sc_hd__o21bai_4)
     3    0.012624    0.046538    0.056998    8.804367 v _43317_/Y (sky130_fd_sc_hd__o21bai_4)
                                                         _17311_ (net)
                      0.046542    0.000768    8.805136 v _43320_/A2 (sky130_fd_sc_hd__a21o_1)
     4    0.015815    0.060515    0.153673    8.958808 v _43320_/X (sky130_fd_sc_hd__a21o_1)
                                                         _17314_ (net)
                      0.060545    0.001235    8.960043 v _43321_/C (sky130_fd_sc_hd__and3b_1)
     3    0.008630    0.044889    0.141195    9.101237 v _43321_/X (sky130_fd_sc_hd__and3b_1)
                                                         _17315_ (net)
                      0.044899    0.000664    9.101902 v _43323_/A1 (sky130_fd_sc_hd__o31a_1)
     4    0.017735    0.077820    0.231363    9.333265 v _43323_/X (sky130_fd_sc_hd__o31a_1)
                                                         _17317_ (net)
                      0.077846    0.001362    9.334626 v _43335_/A1 (sky130_fd_sc_hd__a211oi_4)
     4    0.019537    0.217350    0.224846    9.559473 ^ _43335_/Y (sky130_fd_sc_hd__a211oi_4)
                                                         _17329_ (net)
                      0.217352    0.001322    9.560795 ^ _43344_/A3 (sky130_fd_sc_hd__o311ai_4)
     3    0.010101    0.076557    0.060729    9.621524 v _43344_/Y (sky130_fd_sc_hd__o311ai_4)
                                                         _17338_ (net)
                      0.076558    0.000597    9.622121 v _43345_/A1 (sky130_fd_sc_hd__a21o_1)
     4    0.012476    0.051180    0.140790    9.762911 v _43345_/X (sky130_fd_sc_hd__a21o_1)
                                                         _17339_ (net)
                      0.051189    0.000675    9.763586 v _43347_/A2 (sky130_fd_sc_hd__a21o_1)
     2    0.012445    0.051028    0.147151    9.910736 v _43347_/X (sky130_fd_sc_hd__a21o_1)
                                                         _17341_ (net)
                      0.051039    0.000756    9.911492 v _43382_/B (sky130_fd_sc_hd__and3_4)
     3    0.021444    0.040344    0.133745   10.045237 v _43382_/X (sky130_fd_sc_hd__and3_4)
                                                         _17376_ (net)
                      0.040384    0.001242   10.046478 v _43384_/A2 (sky130_fd_sc_hd__o31ai_4)
     3    0.035681    0.331261    0.303429   10.349908 ^ _43384_/Y (sky130_fd_sc_hd__o31ai_4)
                                                         _17378_ (net)
                      0.331379    0.004857   10.354765 ^ fanout62/A (sky130_fd_sc_hd__buf_6)
     5    0.038217    0.066412    0.107594   10.462359 ^ fanout62/X (sky130_fd_sc_hd__buf_6)
                                                         net62 (net)
                      0.067429    0.006462   10.468822 ^ _43388_/B1 (sky130_fd_sc_hd__a21oi_2)
     1    0.025637    0.070199    0.050991   10.519813 v _43388_/Y (sky130_fd_sc_hd__a21oi_2)
                                                         _17382_ (net)
                      0.070573    0.004022   10.523834 v _43389_/B1 (sky130_fd_sc_hd__a21oi_1)
     1    0.002916    0.081920    0.065850   10.589684 ^ _43389_/Y (sky130_fd_sc_hd__a21oi_1)
                                                         _02771_ (net)
                      0.081921    0.000193   10.589877 ^ _46276_/D (sky130_fd_sc_hd__dfrtp_4)
                                             10.589877   data arrival time

                                  5.000000    5.000000   clock clk_dsp (rise edge)
                                  0.000000    5.000000   clock source latency
     2    0.166049    0.564343    0.426828    5.426828 ^ clk_dsp (in)
                                                         clk_dsp (net)
                      0.602770    0.000000    5.426828 ^ clkbuf_0_clk_dsp/A (sky130_fd_sc_hd__clkbuf_16)
     4    0.135726    0.120228    0.203221    5.630050 ^ clkbuf_0_clk_dsp/X (sky130_fd_sc_hd__clkbuf_16)
                                                         clknet_0_clk_dsp (net)
                      0.121458    0.009524    5.639574 ^ clkbuf_2_3_0_clk_dsp/A (sky130_fd_sc_hd__clkbuf_8)
     4    0.080155    0.112455    0.159595    5.799169 ^ clkbuf_2_3_0_clk_dsp/X (sky130_fd_sc_hd__clkbuf_8)
                                                         clknet_2_3_0_clk_dsp (net)
                      0.115170    0.013860    5.813028 ^ clkbuf_4_15_0_clk_dsp/A (sky130_fd_sc_hd__clkbuf_8)
     2    0.057208    0.082990    0.142656    5.955684 ^ clkbuf_4_15_0_clk_dsp/X (sky130_fd_sc_hd__clkbuf_8)
                                                         clknet_4_15_0_clk_dsp (net)
                      0.083512    0.005270    5.960954 ^ clkbuf_5_31__f_clk_dsp/A (sky130_fd_sc_hd__clkbuf_16)
     8    0.125241    0.106154    0.147130    6.108084 ^ clkbuf_5_31__f_clk_dsp/X (sky130_fd_sc_hd__clkbuf_16)
                                                         clknet_5_31__leaf_clk_dsp (net)
                      0.118873    0.028340    6.136424 ^ clkbuf_leaf_135_clk_dsp/A (sky130_fd_sc_hd__clkbuf_8)
     9    0.029783    0.049688    0.120916    6.257339 ^ clkbuf_leaf_135_clk_dsp/X (sky130_fd_sc_hd__clkbuf_8)
                                                         clknet_leaf_135_clk_dsp (net)
                      0.049794    0.001958    6.259298 ^ _46276_/CLK (sky130_fd_sc_hd__dfrtp_4)
                                 -0.250000    6.009298   clock uncertainty
                                  0.000000    6.009298   clock reconvergence pessimism
                                 -0.041853    5.967445   library setup time
                                              5.967445   data required time
---------------------------------------------------------------------------------------------
                                              5.967445   data required time
                                            -10.589877   data arrival time
---------------------------------------------------------------------------------------------
                                             -4.622431   slack (VIOLATED)




===========================================================================
report_checks --slack_max -0.01
============================================================================
======================= max_ff_n40C_1v95 Corner ===================================

Startpoint: _46159_ (rising edge-triggered flip-flop clocked by clk_dsp)
Endpoint: _46276_ (rising edge-triggered flip-flop clocked by clk_dsp)
Path Group: clk_dsp
Path Type: max

Fanout         Cap        Slew       Delay        Time   Description
---------------------------------------------------------------------------------------------
                                  0.000000    0.000000   clock clk_dsp (rise edge)
                                  0.000000    0.000000   clock source latency
     2    0.166049    0.564343    0.426828    0.426828 ^ clk_dsp (in)
                                                         clk_dsp (net)
                      0.602770    0.000000    0.426828 ^ clkbuf_0_clk_dsp/A (sky130_fd_sc_hd__clkbuf_16)
     4    0.135726    0.120228    0.203222    0.630049 ^ clkbuf_0_clk_dsp/X (sky130_fd_sc_hd__clkbuf_16)
                                                         clknet_0_clk_dsp (net)
                      0.121458    0.009524    0.639574 ^ clkbuf_2_3_0_clk_dsp/A (sky130_fd_sc_hd__clkbuf_8)
     4    0.080155    0.112455    0.159594    0.799168 ^ clkbuf_2_3_0_clk_dsp/X (sky130_fd_sc_hd__clkbuf_8)
                                                         clknet_2_3_0_clk_dsp (net)
                      0.115170    0.013860    0.813028 ^ clkbuf_4_15_0_clk_dsp/A (sky130_fd_sc_hd__clkbuf_8)
     2    0.057208    0.082990    0.142656    0.955684 ^ clkbuf_4_15_0_clk_dsp/X (sky130_fd_sc_hd__clkbuf_8)
                                                         clknet_4_15_0_clk_dsp (net)
                      0.083444    0.004928    0.960612 ^ clkbuf_5_30__f_clk_dsp/A (sky130_fd_sc_hd__clkbuf_16)
     9    0.120861    0.105633    0.150106    1.110718 ^ clkbuf_5_30__f_clk_dsp/X (sky130_fd_sc_hd__clkbuf_16)
                                                         clknet_5_30__leaf_clk_dsp (net)
                      0.106719    0.008604    1.119323 ^ clkbuf_leaf_144_clk_dsp/A (sky130_fd_sc_hd__clkbuf_8)
    11    0.045673    0.068777    0.131371    1.250694 ^ clkbuf_leaf_144_clk_dsp/X (sky130_fd_sc_hd__clkbuf_8)
                                                         clknet_leaf_144_clk_dsp (net)
                      0.068863    0.001397    1.252091 ^ _46159_/CLK (sky130_fd_sc_hd__dfrtp_1)
     4    0.022077    0.086357    0.290550    1.542641 v _46159_/Q (sky130_fd_sc_hd__dfrtp_1)
                                                         u_phase_009_fft.out_cnt[3] (net)
                      0.086378    0.001308    1.543949 v fanout1762/A (sky130_fd_sc_hd__buf_4)
     5    0.025330    0.036447    0.127225    1.671174 v fanout1762/X (sky130_fd_sc_hd__buf_4)
                                                         net1762 (net)
                      0.036529    0.001488    1.672662 v fanout1761/A (sky130_fd_sc_hd__buf_4)
    10    0.044192    0.051379    0.119264    1.791926 v fanout1761/X (sky130_fd_sc_hd__buf_4)
                                                         net1761 (net)
                      0.051660    0.002926    1.794852 v _34555_/A_N (sky130_fd_sc_hd__and4bb_1)
     1    0.019741    0.154381    0.243773    2.038625 ^ _34555_/X (sky130_fd_sc_hd__and4bb_1)
                                                         _08581_ (net)
                      0.154414    0.002208    2.040833 ^ fanout1258/A (sky130_fd_sc_hd__clkbuf_8)
     6    0.137908    0.183622    0.197951    2.238784 ^ fanout1258/X (sky130_fd_sc_hd__clkbuf_8)
                                                         net1258 (net)
                      0.196668    0.037768    2.276551 ^ fanout1254/A (sky130_fd_sc_hd__clkbuf_4)
    10    0.082798    0.190834    0.229481    2.506032 ^ fanout1254/X (sky130_fd_sc_hd__clkbuf_4)
                                                         net1254 (net)
                      0.192183    0.013031    2.519063 ^ _34557_/B (sky130_fd_sc_hd__and2_4)
     4    0.074459    0.164438    0.202960    2.722023 ^ _34557_/X (sky130_fd_sc_hd__and2_4)
                                                         _08583_ (net)
                      0.167107    0.016718    2.738740 ^ clone91/A (sky130_fd_sc_hd__clkbuf_1)
    10    0.188342    1.613004    1.134866    3.873607 ^ clone91/X (sky130_fd_sc_hd__clkbuf_1)
                                                         net3064 (net)
                      1.613067    0.008558    3.882165 ^ fanout921/A (sky130_fd_sc_hd__clkbuf_8)
    10    0.126277    0.182222    0.213918    4.096083 ^ fanout921/X (sky130_fd_sc_hd__clkbuf_8)
                                                         net921 (net)
                      0.192503    0.032608    4.128691 ^ _35023_/A2 (sky130_fd_sc_hd__a22o_1)
     1    0.003171    0.034945    0.096545    4.225236 ^ _35023_/X (sky130_fd_sc_hd__a22o_1)
                                                         _09049_ (net)
                      0.034946    0.000234    4.225470 ^ _35024_/C1 (sky130_fd_sc_hd__a211o_1)
     1    0.008538    0.063772    0.079219    4.304689 ^ _35024_/X (sky130_fd_sc_hd__a211o_1)
                                                         _09050_ (net)
                      0.063779    0.000729    4.305418 ^ _35025_/C1 (sky130_fd_sc_hd__a211o_1)
     1    0.006688    0.053130    0.076223    4.381640 ^ _35025_/X (sky130_fd_sc_hd__a211o_1)
                                                         _09051_ (net)
                      0.053134    0.000516    4.382156 ^ _35034_/C (sky130_fd_sc_hd__or4_1)
     1    0.018193    0.129457    0.141723    4.523879 ^ _35034_/X (sky130_fd_sc_hd__or4_1)
                                                         _09060_ (net)
                      0.129491    0.001717    4.525596 ^ _35035_/A3 (sky130_fd_sc_hd__o32a_4)
     2    0.104397    0.222337    0.232499    4.758095 ^ _35035_/X (sky130_fd_sc_hd__o32a_4)
                                                         _09061_ (net)
                      0.224452    0.017509    4.775605 ^ fanout248/A (sky130_fd_sc_hd__buf_6)
     7    0.170886    0.254594    0.218342    4.993947 ^ fanout248/X (sky130_fd_sc_hd__buf_6)
                                                         net248 (net)
                      0.255059    0.009438    5.003385 ^ fanout246/A (sky130_fd_sc_hd__buf_4)
    11    0.108908    0.227405    0.229321    5.232706 ^ fanout246/X (sky130_fd_sc_hd__buf_4)
                                                         net246 (net)
                      0.227763    0.007658    5.240364 ^ _35036_/A (sky130_fd_sc_hd__inv_2)
     2    0.077534    0.152062    0.136325    5.376688 v _35036_/Y (sky130_fd_sc_hd__inv_2)
                                                         _09062_ (net)
                      0.152092    0.001873    5.378561 v fanout229/A (sky130_fd_sc_hd__clkbuf_8)
    12    0.137923    0.104865    0.184774    5.563336 v fanout229/X (sky130_fd_sc_hd__clkbuf_8)
                                                         net229 (net)
                      0.145880    0.051866    5.615202 v _41275_/B (sky130_fd_sc_hd__nor3_1)
     3    0.011467    0.256954    0.264762    5.879964 ^ _41275_/Y (sky130_fd_sc_hd__nor3_1)
                                                         _15269_ (net)
                      0.256957    0.000670    5.880634 ^ _41277_/A (sky130_fd_sc_hd__nor2_1)
     2    0.006467    0.067916    0.052364    5.932999 v _41277_/Y (sky130_fd_sc_hd__nor2_1)
                                                         _15271_ (net)
                      0.067919    0.000324    5.933322 v _41278_/C (sky130_fd_sc_hd__and3_1)
     3    0.008794    0.045336    0.145692    6.079015 v _41278_/X (sky130_fd_sc_hd__and3_1)
                                                         _15272_ (net)
                      0.045340    0.000453    6.079468 v _41429_/A (sky130_fd_sc_hd__or2_1)
     2    0.007688    0.048412    0.154564    6.234033 v _41429_/X (sky130_fd_sc_hd__or2_1)
                                                         _15423_ (net)
                      0.048417    0.000546    6.234578 v _41436_/B (sky130_fd_sc_hd__xnor2_1)
     2    0.007269    0.143446    0.138420    6.372998 ^ _41436_/Y (sky130_fd_sc_hd__xnor2_1)
                                                         _15430_ (net)
                      0.143447    0.000381    6.373379 ^ _41437_/B (sky130_fd_sc_hd__nand2_1)
     3    0.014864    0.079319    0.089377    6.462755 v _41437_/Y (sky130_fd_sc_hd__nand2_1)
                                                         _15431_ (net)
                      0.079328    0.000674    6.463429 v _41589_/A (sky130_fd_sc_hd__nand2_1)
     2    0.009133    0.072366    0.086288    6.549718 ^ _41589_/Y (sky130_fd_sc_hd__nand2_1)
                                                         _15583_ (net)
                      0.072374    0.000618    6.550335 ^ _41609_/C (sky130_fd_sc_hd__nand3_2)
     2    0.013009    0.068183    0.066163    6.616498 v _41609_/Y (sky130_fd_sc_hd__nand3_2)
                                                         _15603_ (net)
                      0.068202    0.000907    6.617406 v _41736_/A2 (sky130_fd_sc_hd__a211o_1)
     2    0.012177    0.062863    0.226231    6.843637 v _41736_/X (sky130_fd_sc_hd__a211o_1)
                                                         _15730_ (net)
                      0.062864    0.000447    6.844084 v _41769_/A2 (sky130_fd_sc_hd__a211o_1)
     2    0.014121    0.068414    0.229973    7.074058 v _41769_/X (sky130_fd_sc_hd__a211o_1)
                                                         _15763_ (net)
                      0.068422    0.000786    7.074843 v _41882_/A2 (sky130_fd_sc_hd__a21o_1)
     2    0.007938    0.039288    0.140111    7.214954 v _41882_/X (sky130_fd_sc_hd__a21o_1)
                                                         _15876_ (net)
                      0.039293    0.000440    7.215394 v _41884_/A2 (sky130_fd_sc_hd__a21o_1)
     3    0.008674    0.041557    0.131973    7.347366 v _41884_/X (sky130_fd_sc_hd__a21o_1)
                                                         _15878_ (net)
                      0.041563    0.000499    7.347865 v _41946_/A2 (sky130_fd_sc_hd__a211oi_1)
     2    0.006742    0.202820    0.211238    7.559103 ^ _41946_/Y (sky130_fd_sc_hd__a211oi_1)
                                                         _15940_ (net)
                      0.202820    0.000551    7.559654 ^ _41948_/B (sky130_fd_sc_hd__nor3_1)
     3    0.009142    0.069729    0.064860    7.624514 v _41948_/Y (sky130_fd_sc_hd__nor3_1)
                                                         _15942_ (net)
                      0.069734    0.000450    7.624964 v max_cap71/A (sky130_fd_sc_hd__clkbuf_1)
     2    0.007102    0.034419    0.085031    7.709995 v max_cap71/X (sky130_fd_sc_hd__clkbuf_1)
                                                         net71 (net)
                      0.034424    0.000435    7.710430 v _42099_/A (sky130_fd_sc_hd__nor3_1)
     3    0.008187    0.195638    0.190597    7.901027 ^ _42099_/Y (sky130_fd_sc_hd__nor3_1)
                                                         _16093_ (net)
                      0.195640    0.000486    7.901513 ^ _42105_/A (sky130_fd_sc_hd__or3_1)
     3    0.008550    0.066092    0.115899    8.017412 ^ _42105_/X (sky130_fd_sc_hd__or3_1)
                                                         _16099_ (net)
                      0.066094    0.000450    8.017862 ^ _42114_/A (sky130_fd_sc_hd__nand2_1)
     1    0.005329    0.039077    0.039387    8.057249 v _42114_/Y (sky130_fd_sc_hd__nand2_1)
                                                         _16108_ (net)
                      0.039084    0.000401    8.057650 v _42253_/A (sky130_fd_sc_hd__xnor2_1)
     2    0.007458    0.048140    0.096743    8.154393 v _42253_/Y (sky130_fd_sc_hd__xnor2_1)
                                                         _16247_ (net)
                      0.048143    0.000433    8.154826 v _42257_/B (sky130_fd_sc_hd__xnor2_1)
     2    0.012440    0.216587    0.191999    8.346826 ^ _42257_/Y (sky130_fd_sc_hd__xnor2_1)
                                                         _16251_ (net)
                      0.216593    0.000993    8.347818 ^ _43311_/B (sky130_fd_sc_hd__xnor2_2)
     2    0.008314    0.120062    0.086937    8.434755 ^ _43311_/Y (sky130_fd_sc_hd__xnor2_2)
                                                         _17305_ (net)
                      0.120063    0.000550    8.435306 ^ _43312_/B1 (sky130_fd_sc_hd__o21ai_2)
     3    0.010789    0.045809    0.044103    8.479407 v _43312_/Y (sky130_fd_sc_hd__o21ai_2)
                                                         _17306_ (net)
                      0.045820    0.000555    8.479962 v _43313_/A1 (sky130_fd_sc_hd__a21o_1)
     3    0.014255    0.056084    0.133479    8.613441 v _43313_/X (sky130_fd_sc_hd__a21o_1)
                                                         _17307_ (net)
                      0.056102    0.000965    8.614408 v _43315_/A1 (sky130_fd_sc_hd__a21oi_4)
     3    0.017915    0.128238    0.131521    8.745929 ^ _43315_/Y (sky130_fd_sc_hd__a21oi_4)
                                                         _17309_ (net)
                      0.128277    0.001441    8.747370 ^ _43317_/A1 (sky130_fd_sc_hd__o21bai_4)
     3    0.012624    0.046538    0.056998    8.804367 v _43317_/Y (sky130_fd_sc_hd__o21bai_4)
                                                         _17311_ (net)
                      0.046542    0.000768    8.805136 v _43320_/A2 (sky130_fd_sc_hd__a21o_1)
     4    0.015815    0.060515    0.153673    8.958808 v _43320_/X (sky130_fd_sc_hd__a21o_1)
                                                         _17314_ (net)
                      0.060545    0.001235    8.960043 v _43321_/C (sky130_fd_sc_hd__and3b_1)
     3    0.008630    0.044889    0.141195    9.101237 v _43321_/X (sky130_fd_sc_hd__and3b_1)
                                                         _17315_ (net)
                      0.044899    0.000664    9.101902 v _43323_/A1 (sky130_fd_sc_hd__o31a_1)
     4    0.017735    0.077820    0.231363    9.333265 v _43323_/X (sky130_fd_sc_hd__o31a_1)
                                                         _17317_ (net)
                      0.077846    0.001362    9.334626 v _43335_/A1 (sky130_fd_sc_hd__a211oi_4)
     4    0.019537    0.217350    0.224846    9.559473 ^ _43335_/Y (sky130_fd_sc_hd__a211oi_4)
                                                         _17329_ (net)
                      0.217352    0.001322    9.560795 ^ _43344_/A3 (sky130_fd_sc_hd__o311ai_4)
     3    0.010101    0.076557    0.060729    9.621524 v _43344_/Y (sky130_fd_sc_hd__o311ai_4)
                                                         _17338_ (net)
                      0.076558    0.000597    9.622121 v _43345_/A1 (sky130_fd_sc_hd__a21o_1)
     4    0.012476    0.051180    0.140790    9.762911 v _43345_/X (sky130_fd_sc_hd__a21o_1)
                                                         _17339_ (net)
                      0.051189    0.000675    9.763586 v _43347_/A2 (sky130_fd_sc_hd__a21o_1)
     2    0.012445    0.051028    0.147151    9.910736 v _43347_/X (sky130_fd_sc_hd__a21o_1)
                                                         _17341_ (net)
                      0.051039    0.000756    9.911492 v _43382_/B (sky130_fd_sc_hd__and3_4)
     3    0.021444    0.040344    0.133745   10.045237 v _43382_/X (sky130_fd_sc_hd__and3_4)
                                                         _17376_ (net)
                      0.040384    0.001242   10.046478 v _43384_/A2 (sky130_fd_sc_hd__o31ai_4)
     3    0.035681    0.331261    0.303429   10.349908 ^ _43384_/Y (sky130_fd_sc_hd__o31ai_4)
                                                         _17378_ (net)
                      0.331379    0.004857   10.354765 ^ fanout62/A (sky130_fd_sc_hd__buf_6)
     5    0.038217    0.066412    0.107594   10.462359 ^ fanout62/X (sky130_fd_sc_hd__buf_6)
                                                         net62 (net)
                      0.067429    0.006462   10.468822 ^ _43388_/B1 (sky130_fd_sc_hd__a21oi_2)
     1    0.025637    0.070199    0.050991   10.519813 v _43388_/Y (sky130_fd_sc_hd__a21oi_2)
                                                         _17382_ (net)
                      0.070573    0.004022   10.523834 v _43389_/B1 (sky130_fd_sc_hd__a21oi_1)
     1    0.002916    0.081920    0.065850   10.589684 ^ _43389_/Y (sky130_fd_sc_hd__a21oi_1)
                                                         _02771_ (net)
                      0.081921    0.000193   10.589877 ^ _46276_/D (sky130_fd_sc_hd__dfrtp_4)
                                             10.589877   data arrival time

                                  5.000000    5.000000   clock clk_dsp (rise edge)
                                  0.000000    5.000000   clock source latency
     2    0.166049    0.564343    0.426828    5.426828 ^ clk_dsp (in)
                                                         clk_dsp (net)
                      0.602770    0.000000    5.426828 ^ clkbuf_0_clk_dsp/A (sky130_fd_sc_hd__clkbuf_16)
     4    0.135726    0.120228    0.203221    5.630050 ^ clkbuf_0_clk_dsp/X (sky130_fd_sc_hd__clkbuf_16)
                                                         clknet_0_clk_dsp (net)
                      0.121458    0.009524    5.639574 ^ clkbuf_2_3_0_clk_dsp/A (sky130_fd_sc_hd__clkbuf_8)
     4    0.080155    0.112455    0.159595    5.799169 ^ clkbuf_2_3_0_clk_dsp/X (sky130_fd_sc_hd__clkbuf_8)
                                                         clknet_2_3_0_clk_dsp (net)
                      0.115170    0.013860    5.813028 ^ clkbuf_4_15_0_clk_dsp/A (sky130_fd_sc_hd__clkbuf_8)
     2    0.057208    0.082990    0.142656    5.955684 ^ clkbuf_4_15_0_clk_dsp/X (sky130_fd_sc_hd__clkbuf_8)
                                                         clknet_4_15_0_clk_dsp (net)
                      0.083512    0.005270    5.960954 ^ clkbuf_5_31__f_clk_dsp/A (sky130_fd_sc_hd__clkbuf_16)
     8    0.125241    0.106154    0.147130    6.108084 ^ clkbuf_5_31__f_clk_dsp/X (sky130_fd_sc_hd__clkbuf_16)
                                                         clknet_5_31__leaf_clk_dsp (net)
                      0.118873    0.028340    6.136424 ^ clkbuf_leaf_135_clk_dsp/A (sky130_fd_sc_hd__clkbuf_8)
     9    0.029783    0.049688    0.120916    6.257339 ^ clkbuf_leaf_135_clk_dsp/X (sky130_fd_sc_hd__clkbuf_8)
                                                         clknet_leaf_135_clk_dsp (net)
                      0.049794    0.001958    6.259298 ^ _46276_/CLK (sky130_fd_sc_hd__dfrtp_4)
                                 -0.250000    6.009298   clock uncertainty
                                  0.000000    6.009298   clock reconvergence pessimism
                                 -0.041853    5.967445   library setup time
                                              5.967445   data required time
---------------------------------------------------------------------------------------------
                                              5.967445   data required time
                                            -10.589877   data arrival time
---------------------------------------------------------------------------------------------
                                             -4.622431   slack (VIOLATED)




===========================================================================
 report_check_types -max_slew -max_cap -max_fanout -violators
============================================================================
======================= max_ff_n40C_1v95 Corner ===================================

max slew

Pin                                        Limit        Slew       Slack
------------------------------------------------------------------------
_34869_/A2                              0.750000    1.613817   -0.863817 (VIOLATED)
ANTENNA_601/DIODE                       0.750000    1.613815   -0.863815 (VIOLATED)
_35709_/A2                              0.750000    1.613417   -0.863417 (VIOLATED)
ANTENNA_602/DIODE                       0.750000    1.613416   -0.863416 (VIOLATED)
_36725_/A2                              0.750000    1.613330   -0.863331 (VIOLATED)
ANTENNA_604/DIODE                       0.750000    1.613328   -0.863328 (VIOLATED)
_36368_/A2                              0.750000    1.613316   -0.863316 (VIOLATED)
ANTENNA_603/DIODE                       0.750000    1.613314   -0.863314 (VIOLATED)
fanout921/A                             0.750000    1.613067   -0.863067 (VIOLATED)
ANTENNA_605/DIODE                       0.750000    1.613065   -0.863065 (VIOLATED)
clone91/X                               0.750000    1.613004   -0.863004 (VIOLATED)
_37891_/A2                              0.750000    0.958123   -0.208123 (VIOLATED)
_35769_/A2                              0.750000    0.958088   -0.208088 (VIOLATED)
_35193_/A2                              0.750000    0.958059   -0.208059 (VIOLATED)
_38052_/A2                              0.750000    0.957963   -0.207963 (VIOLATED)
_35900_/A2                              0.750000    0.957902   -0.207902 (VIOLATED)
clone85/X                               0.750000    0.957845   -0.207845 (VIOLATED)
_22815_/A                               0.750000    0.893992   -0.143992 (VIOLATED)
_22405_/B                               0.750000    0.893904   -0.143904 (VIOLATED)
_29547_/A                               0.750000    0.893748   -0.143748 (VIOLATED)
_29546_/B1                              0.750000    0.893747   -0.143747 (VIOLATED)
clone52/X                               0.750000    0.893690   -0.143691 (VIOLATED)
_21904_/B                               0.750000    0.761163   -0.011163 (VIOLATED)
_24675_/A1                              0.750000    0.760149   -0.010149 (VIOLATED)
_24676_/A1                              0.750000    0.760132   -0.010132 (VIOLATED)
_25857_/A1                              0.750000    0.760129   -0.010129 (VIOLATED)
_24281_/A                               0.750000    0.760108   -0.010108 (VIOLATED)
clone3/X                                0.750000    0.759353   -0.009353 (VIOLATED)

max fanout

Pin                                   Limit Fanout  Slack
---------------------------------------------------------
clkbuf_leaf_236_clk_dsp/X                10     23    -13 (VIOLATED)
clkbuf_leaf_37_clk_dsp/X                 10     23    -13 (VIOLATED)
clkbuf_leaf_11_clk_dsp/X                 10     22    -12 (VIOLATED)
clkbuf_leaf_24_clk_dsp/X                 10     22    -12 (VIOLATED)
clkbuf_leaf_255_clk_dsp/X                10     22    -12 (VIOLATED)
clkbuf_leaf_60_clk_dsp/X                 10     22    -12 (VIOLATED)
clkbuf_leaf_157_clk_dsp/X                10     21    -11 (VIOLATED)
clkbuf_leaf_160_clk_dsp/X                10     21    -11 (VIOLATED)
clkbuf_leaf_38_clk_dsp/X                 10     21    -11 (VIOLATED)
clkbuf_leaf_158_clk_dsp/X                10     20    -10 (VIOLATED)
clkbuf_leaf_167_clk_dsp/X                10     20    -10 (VIOLATED)
clkbuf_leaf_168_clk_dsp/X                10     20    -10 (VIOLATED)
clkbuf_leaf_197_clk_dsp/X                10     20    -10 (VIOLATED)
fanout1216/X                             10     20    -10 (VIOLATED)
clkbuf_leaf_152_clk_dsp/X                10     19     -9 (VIOLATED)
clkbuf_leaf_196_clk_dsp/X                10     19     -9 (VIOLATED)
clkbuf_leaf_20_clk_dsp/X                 10     19     -9 (VIOLATED)
clkbuf_leaf_237_clk_dsp/X                10     19     -9 (VIOLATED)
clkbuf_leaf_201_clk_dsp/X                10     18     -8 (VIOLATED)
clkbuf_leaf_21_clk_dsp/X                 10     18     -8 (VIOLATED)
clkbuf_leaf_220_clk_dsp/X                10     18     -8 (VIOLATED)
clkbuf_leaf_224_clk_dsp/X                10     18     -8 (VIOLATED)
clkbuf_leaf_57_clk_dsp/X                 10     18     -8 (VIOLATED)
clkbuf_leaf_129_clk_dsp/X                10     17     -7 (VIOLATED)
clkbuf_leaf_130_clk_dsp/X                10     17     -7 (VIOLATED)
clkbuf_leaf_153_clk_dsp/X                10     17     -7 (VIOLATED)
clkbuf_leaf_195_clk_dsp/X                10     17     -7 (VIOLATED)
clkbuf_leaf_219_clk_dsp/X                10     17     -7 (VIOLATED)
clkbuf_leaf_223_clk_dsp/X                10     17     -7 (VIOLATED)
clkbuf_leaf_242_clk_dsp/X                10     17     -7 (VIOLATED)
clkbuf_leaf_27_clk_dsp/X                 10     17     -7 (VIOLATED)
clkbuf_leaf_31_clk_dsp/X                 10     17     -7 (VIOLATED)
clkbuf_leaf_33_clk_dsp/X                 10     17     -7 (VIOLATED)
clkbuf_leaf_53_clk_dsp/X                 10     17     -7 (VIOLATED)
clkbuf_leaf_54_clk_dsp/X                 10     17     -7 (VIOLATED)
clkbuf_leaf_69_clk_dsp/X                 10     17     -7 (VIOLATED)
clkbuf_leaf_74_clk_dsp/X                 10     17     -7 (VIOLATED)
clkbuf_leaf_78_clk_dsp/X                 10     17     -7 (VIOLATED)
fanout1052/X                             10     17     -7 (VIOLATED)
_44165_/Q                                10     16     -6 (VIOLATED)
clkbuf_leaf_125_clk_dsp/X                10     16     -6 (VIOLATED)
clkbuf_leaf_155_clk_dsp/X                10     16     -6 (VIOLATED)
clkbuf_leaf_156_clk_dsp/X                10     16     -6 (VIOLATED)
clkbuf_leaf_163_clk_dsp/X                10     16     -6 (VIOLATED)
clkbuf_leaf_186_clk_dsp/X                10     16     -6 (VIOLATED)
clkbuf_leaf_188_clk_dsp/X                10     16     -6 (VIOLATED)
clkbuf_leaf_193_clk_dsp/X                10     16     -6 (VIOLATED)
clkbuf_leaf_202_clk_dsp/X                10     16     -6 (VIOLATED)
clkbuf_leaf_204_clk_dsp/X                10     16     -6 (VIOLATED)
clkbuf_leaf_210_clk_dsp/X                10     16     -6 (VIOLATED)
clkbuf_leaf_213_clk_dsp/X                10     16     -6 (VIOLATED)
clkbuf_leaf_232_clk_dsp/X                10     16     -6 (VIOLATED)
clkbuf_leaf_234_clk_dsp/X                10     16     -6 (VIOLATED)
clkbuf_leaf_26_clk_dsp/X                 10     16     -6 (VIOLATED)
clkbuf_leaf_39_clk_dsp/X                 10     16     -6 (VIOLATED)
clkbuf_leaf_40_clk_dsp/X                 10     16     -6 (VIOLATED)
clkbuf_leaf_48_clk_dsp/X                 10     16     -6 (VIOLATED)
clkbuf_leaf_49_clk_dsp/X                 10     16     -6 (VIOLATED)
clkbuf_leaf_70_clk_dsp/X                 10     16     -6 (VIOLATED)
clkbuf_leaf_73_clk_dsp/X                 10     16     -6 (VIOLATED)
clkbuf_leaf_79_clk_dsp/X                 10     16     -6 (VIOLATED)
fanout1240/X                             10     16     -6 (VIOLATED)
fanout980/X                              10     16     -6 (VIOLATED)
_22194_/Y                                10     15     -5 (VIOLATED)
clkbuf_leaf_120_clk_dsp/X                10     15     -5 (VIOLATED)
clkbuf_leaf_124_clk_dsp/X                10     15     -5 (VIOLATED)
clkbuf_leaf_127_clk_dsp/X                10     15     -5 (VIOLATED)
clkbuf_leaf_128_clk_dsp/X                10     15     -5 (VIOLATED)
clkbuf_leaf_159_clk_dsp/X                10     15     -5 (VIOLATED)
clkbuf_leaf_165_clk_dsp/X                10     15     -5 (VIOLATED)
clkbuf_leaf_174_clk_dsp/X                10     15     -5 (VIOLATED)
clkbuf_leaf_191_clk_dsp/X                10     15     -5 (VIOLATED)
clkbuf_leaf_203_clk_dsp/X                10     15     -5 (VIOLATED)
clkbuf_leaf_226_clk_dsp/X                10     15     -5 (VIOLATED)
clkbuf_leaf_229_clk_dsp/X                10     15     -5 (VIOLATED)
clkbuf_leaf_230_clk_dsp/X                10     15     -5 (VIOLATED)
clkbuf_leaf_238_clk_dsp/X                10     15     -5 (VIOLATED)
clkbuf_leaf_243_clk_dsp/X                10     15     -5 (VIOLATED)
clkbuf_leaf_25_clk_dsp/X                 10     15     -5 (VIOLATED)
clkbuf_leaf_36_clk_dsp/X                 10     15     -5 (VIOLATED)
clkbuf_leaf_47_clk_dsp/X                 10     15     -5 (VIOLATED)
clkbuf_leaf_58_clk_dsp/X                 10     15     -5 (VIOLATED)
clkbuf_leaf_61_clk_dsp/X                 10     15     -5 (VIOLATED)
clkbuf_leaf_9_clk_dsp/X                  10     15     -5 (VIOLATED)
fanout1041/X                             10     15     -5 (VIOLATED)
fanout1043/X                             10     15     -5 (VIOLATED)
fanout1046/X                             10     15     -5 (VIOLATED)
fanout1074/X                             10     15     -5 (VIOLATED)
fanout1197/X                             10     15     -5 (VIOLATED)
fanout1560/X                             10     15     -5 (VIOLATED)
fanout818/X                              10     15     -5 (VIOLATED)
clkbuf_leaf_171_clk_dsp/X                10     14     -4 (VIOLATED)
clkbuf_leaf_172_clk_dsp/X                10     14     -4 (VIOLATED)
clkbuf_leaf_17_clk_dsp/X                 10     14     -4 (VIOLATED)
clkbuf_leaf_184_clk_dsp/X                10     14     -4 (VIOLATED)
clkbuf_leaf_199_clk_dsp/X                10     14     -4 (VIOLATED)
clkbuf_leaf_19_clk_dsp/X                 10     14     -4 (VIOLATED)
clkbuf_leaf_209_clk_dsp/X                10     14     -4 (VIOLATED)
clkbuf_leaf_214_clk_dsp/X                10     14     -4 (VIOLATED)
clkbuf_leaf_221_clk_dsp/X                10     14     -4 (VIOLATED)
clkbuf_leaf_239_clk_dsp/X                10     14     -4 (VIOLATED)
clkbuf_leaf_248_clk_dsp/X                10     14     -4 (VIOLATED)
clkbuf_leaf_250_clk_dsp/X                10     14     -4 (VIOLATED)
clkbuf_leaf_45_clk_dsp/X                 10     14     -4 (VIOLATED)
clkbuf_leaf_46_clk_dsp/X                 10     14     -4 (VIOLATED)
clkbuf_leaf_56_clk_dsp/X                 10     14     -4 (VIOLATED)
clkbuf_leaf_62_clk_dsp/X                 10     14     -4 (VIOLATED)
fanout1026/X                             10     14     -4 (VIOLATED)
fanout1087/X                             10     14     -4 (VIOLATED)
fanout1227/X                             10     14     -4 (VIOLATED)
fanout1504/X                             10     14     -4 (VIOLATED)
fanout1723/X                             10     14     -4 (VIOLATED)
fanout732/X                              10     14     -4 (VIOLATED)
_21749_/Y                                10     13     -3 (VIOLATED)
_21934_/X                                10     13     -3 (VIOLATED)
_34599_/X                                10     13     -3 (VIOLATED)
clkbuf_5_25__f_clk_dsp/X                 10     13     -3 (VIOLATED)
clkbuf_leaf_10_clk_dsp/X                 10     13     -3 (VIOLATED)
clkbuf_leaf_111_clk_dsp/X                10     13     -3 (VIOLATED)
clkbuf_leaf_123_clk_dsp/X                10     13     -3 (VIOLATED)
clkbuf_leaf_13_clk_dsp/X                 10     13     -3 (VIOLATED)
clkbuf_leaf_150_clk_dsp/X                10     13     -3 (VIOLATED)
clkbuf_leaf_154_clk_dsp/X                10     13     -3 (VIOLATED)
clkbuf_leaf_177_clk_dsp/X                10     13     -3 (VIOLATED)
clkbuf_leaf_189_clk_dsp/X                10     13     -3 (VIOLATED)
clkbuf_leaf_18_clk_dsp/X                 10     13     -3 (VIOLATED)
clkbuf_leaf_198_clk_dsp/X                10     13     -3 (VIOLATED)
clkbuf_leaf_205_clk_dsp/X                10     13     -3 (VIOLATED)
clkbuf_leaf_206_clk_dsp/X                10     13     -3 (VIOLATED)
clkbuf_leaf_217_clk_dsp/X                10     13     -3 (VIOLATED)
clkbuf_leaf_222_clk_dsp/X                10     13     -3 (VIOLATED)
clkbuf_leaf_225_clk_dsp/X                10     13     -3 (VIOLATED)
clkbuf_leaf_22_clk_dsp/X                 10     13     -3 (VIOLATED)
clkbuf_leaf_240_clk_dsp/X                10     13     -3 (VIOLATED)
clkbuf_leaf_241_clk_dsp/X                10     13     -3 (VIOLATED)
clkbuf_leaf_247_clk_dsp/X                10     13     -3 (VIOLATED)
clkbuf_leaf_249_clk_dsp/X                10     13     -3 (VIOLATED)
clkbuf_leaf_253_clk_dsp/X                10     13     -3 (VIOLATED)
clkbuf_leaf_32_clk_dsp/X                 10     13     -3 (VIOLATED)
clkbuf_leaf_35_clk_dsp/X                 10     13     -3 (VIOLATED)
clkbuf_leaf_41_clk_dsp/X                 10     13     -3 (VIOLATED)
clkbuf_leaf_42_clk_dsp/X                 10     13     -3 (VIOLATED)
clkbuf_leaf_51_clk_dsp/X                 10     13     -3 (VIOLATED)
clkbuf_leaf_55_clk_dsp/X                 10     13     -3 (VIOLATED)
clkbuf_leaf_68_clk_dsp/X                 10     13     -3 (VIOLATED)
clkbuf_leaf_72_clk_dsp/X                 10     13     -3 (VIOLATED)
clkbuf_leaf_77_clk_dsp/X                 10     13     -3 (VIOLATED)
clkbuf_leaf_95_clk_dsp/X                 10     13     -3 (VIOLATED)
fanout1028/X                             10     13     -3 (VIOLATED)
fanout1045/X                             10     13     -3 (VIOLATED)
fanout1147/X                             10     13     -3 (VIOLATED)
fanout1155/X                             10     13     -3 (VIOLATED)
fanout1251/X                             10     13     -3 (VIOLATED)
fanout1276/X                             10     13     -3 (VIOLATED)
fanout1403/X                             10     13     -3 (VIOLATED)
fanout1413/X                             10     13     -3 (VIOLATED)
fanout2875/X                             10     13     -3 (VIOLATED)
fanout742/X                              10     13     -3 (VIOLATED)
fanout839/X                              10     13     -3 (VIOLATED)
fanout937/X                              10     13     -3 (VIOLATED)
clkbuf_leaf_119_clk_dsp/X                10     12     -2 (VIOLATED)
clkbuf_leaf_121_clk_dsp/X                10     12     -2 (VIOLATED)
clkbuf_leaf_12_clk_dsp/X                 10     12     -2 (VIOLATED)
clkbuf_leaf_145_clk_dsp/X                10     12     -2 (VIOLATED)
clkbuf_leaf_149_clk_dsp/X                10     12     -2 (VIOLATED)
clkbuf_leaf_162_clk_dsp/X                10     12     -2 (VIOLATED)
clkbuf_leaf_164_clk_dsp/X                10     12     -2 (VIOLATED)
clkbuf_leaf_170_clk_dsp/X                10     12     -2 (VIOLATED)
clkbuf_leaf_173_clk_dsp/X                10     12     -2 (VIOLATED)
clkbuf_leaf_212_clk_dsp/X                10     12     -2 (VIOLATED)
clkbuf_leaf_215_clk_dsp/X                10     12     -2 (VIOLATED)
clkbuf_leaf_218_clk_dsp/X                10     12     -2 (VIOLATED)
clkbuf_leaf_233_clk_dsp/X                10     12     -2 (VIOLATED)
clkbuf_leaf_235_clk_dsp/X                10     12     -2 (VIOLATED)
clkbuf_leaf_254_clk_dsp/X                10     12     -2 (VIOLATED)
clkbuf_leaf_30_clk_dsp/X                 10     12     -2 (VIOLATED)
clkbuf_leaf_4_clk_dsp/X                  10     12     -2 (VIOLATED)
clkbuf_leaf_52_clk_dsp/X                 10     12     -2 (VIOLATED)
clkbuf_leaf_59_clk_dsp/X                 10     12     -2 (VIOLATED)
clkbuf_leaf_71_clk_dsp/X                 10     12     -2 (VIOLATED)
clkbuf_leaf_76_clk_dsp/X                 10     12     -2 (VIOLATED)
clkbuf_leaf_7_clk_dsp/X                  10     12     -2 (VIOLATED)
clkbuf_leaf_91_clk_dsp/X                 10     12     -2 (VIOLATED)
clkbuf_leaf_94_clk_dsp/X                 10     12     -2 (VIOLATED)
clkbuf_leaf_98_clk_dsp/X                 10     12     -2 (VIOLATED)
fanout1048/X                             10     12     -2 (VIOLATED)
fanout1050/X                             10     12     -2 (VIOLATED)
fanout1161/X                             10     12     -2 (VIOLATED)
fanout1177/X                             10     12     -2 (VIOLATED)
fanout1192/X                             10     12     -2 (VIOLATED)
fanout1237/X                             10     12     -2 (VIOLATED)
fanout1248/X                             10     12     -2 (VIOLATED)
fanout1261/X                             10     12     -2 (VIOLATED)
fanout1267/X                             10     12     -2 (VIOLATED)
fanout1424/X                             10     12     -2 (VIOLATED)
fanout1459/X                             10     12     -2 (VIOLATED)
fanout1511/X                             10     12     -2 (VIOLATED)
fanout1558/X                             10     12     -2 (VIOLATED)
fanout1730/X                             10     12     -2 (VIOLATED)
fanout1739/X                             10     12     -2 (VIOLATED)
fanout1846/X                             10     12     -2 (VIOLATED)
fanout229/X                              10     12     -2 (VIOLATED)
fanout632/X                              10     12     -2 (VIOLATED)
fanout664/X                              10     12     -2 (VIOLATED)
fanout688/X                              10     12     -2 (VIOLATED)
fanout706/X                              10     12     -2 (VIOLATED)
fanout708/X                              10     12     -2 (VIOLATED)
fanout770/X                              10     12     -2 (VIOLATED)
fanout815/X                              10     12     -2 (VIOLATED)
fanout845/X                              10     12     -2 (VIOLATED)
fanout849/X                              10     12     -2 (VIOLATED)
fanout857/X                              10     12     -2 (VIOLATED)
fanout877/X                              10     12     -2 (VIOLATED)
fanout881/X                              10     12     -2 (VIOLATED)
fanout915/X                              10     12     -2 (VIOLATED)
fanout956/X                              10     12     -2 (VIOLATED)
fanout974/X                              10     12     -2 (VIOLATED)
_21772_/Y                                10     11        (VIOLATED)
_21926_/X                                10     11        (VIOLATED)
_22063_/Y                                10     11        (VIOLATED)
_22096_/Y                                10     11        (VIOLATED)
_22467_/X                                10     11        (VIOLATED)
_22758_/X                                10     11        (VIOLATED)
clkbuf_5_14__f_clk_dsp/X                 10     11        (VIOLATED)
clkbuf_5_24__f_clk_dsp/X                 10     11        (VIOLATED)
clkbuf_5_26__f_clk_dsp/X                 10     11        (VIOLATED)
clkbuf_5_8__f_clk_dsp/X                  10     11        (VIOLATED)
clkbuf_5_9__f_clk_dsp/X                  10     11        (VIOLATED)
clkbuf_leaf_0_clk_dsp/X                  10     11        (VIOLATED)
clkbuf_leaf_109_clk_dsp/X                10     11        (VIOLATED)
clkbuf_leaf_115_clk_dsp/X                10     11        (VIOLATED)
clkbuf_leaf_116_clk_dsp/X                10     11        (VIOLATED)
clkbuf_leaf_132_clk_dsp/X                10     11        (VIOLATED)
clkbuf_leaf_134_clk_dsp/X                10     11        (VIOLATED)
clkbuf_leaf_144_clk_dsp/X                10     11        (VIOLATED)
clkbuf_leaf_179_clk_dsp/X                10     11        (VIOLATED)
clkbuf_leaf_190_clk_dsp/X                10     11        (VIOLATED)
clkbuf_leaf_194_clk_dsp/X                10     11        (VIOLATED)
clkbuf_leaf_208_clk_dsp/X                10     11        (VIOLATED)
clkbuf_leaf_228_clk_dsp/X                10     11        (VIOLATED)
clkbuf_leaf_231_clk_dsp/X                10     11        (VIOLATED)
clkbuf_leaf_246_clk_dsp/X                10     11        (VIOLATED)
clkbuf_leaf_67_clk_dsp/X                 10     11        (VIOLATED)
clkbuf_leaf_75_clk_dsp/X                 10     11        (VIOLATED)
fanout1004/X                             10     11        (VIOLATED)
fanout1010/X                             10     11        (VIOLATED)
fanout1013/X                             10     11        (VIOLATED)
fanout1016/X                             10     11        (VIOLATED)
fanout1027/X                             10     11        (VIOLATED)
fanout1032/X                             10     11        (VIOLATED)
fanout1037/X                             10     11        (VIOLATED)
fanout1058/X                             10     11        (VIOLATED)
fanout1075/X                             10     11        (VIOLATED)
fanout1138/X                             10     11        (VIOLATED)
fanout1148/X                             10     11        (VIOLATED)
fanout1156/X                             10     11        (VIOLATED)
fanout1169/X                             10     11        (VIOLATED)
fanout1181/X                             10     11        (VIOLATED)
fanout1186/X                             10     11        (VIOLATED)
fanout1191/X                             10     11        (VIOLATED)
fanout1196/X                             10     11        (VIOLATED)
fanout1200/X                             10     11        (VIOLATED)
fanout1202/X                             10     11        (VIOLATED)
fanout1208/X                             10     11        (VIOLATED)
fanout1217/X                             10     11        (VIOLATED)
fanout1224/X                             10     11        (VIOLATED)
fanout1234/X                             10     11        (VIOLATED)
fanout1242/X                             10     11        (VIOLATED)
fanout1244/X                             10     11        (VIOLATED)
fanout1245/X                             10     11        (VIOLATED)
fanout1263/X                             10     11        (VIOLATED)
fanout1264/X                             10     11        (VIOLATED)
fanout1269/X                             10     11        (VIOLATED)
fanout1279/X                             10     11        (VIOLATED)
fanout1282/X                             10     11        (VIOLATED)
fanout1285/X                             10     11        (VIOLATED)
fanout1289/X                             10     11        (VIOLATED)
fanout1293/X                             10     11        (VIOLATED)
fanout1295/X                             10     11        (VIOLATED)
fanout1297/X                             10     11        (VIOLATED)
fanout1299/X                             10     11        (VIOLATED)
fanout1300/X                             10     11        (VIOLATED)
fanout1360/X                             10     11        (VIOLATED)
fanout1366/X                             10     11        (VIOLATED)
fanout1390/X                             10     11        (VIOLATED)
fanout1418/X                             10     11        (VIOLATED)
fanout1423/X                             10     11        (VIOLATED)
fanout1426/X                             10     11        (VIOLATED)
fanout1503/X                             10     11        (VIOLATED)
fanout1544/X                             10     11        (VIOLATED)
fanout1553/X                             10     11        (VIOLATED)
fanout1565/X                             10     11        (VIOLATED)
fanout1600/X                             10     11        (VIOLATED)
fanout1601/X                             10     11        (VIOLATED)
fanout1608/X                             10     11        (VIOLATED)
fanout1614/X                             10     11        (VIOLATED)
fanout1643/X                             10     11        (VIOLATED)
fanout1705/X                             10     11        (VIOLATED)
fanout1735/X                             10     11        (VIOLATED)
fanout1740/X                             10     11        (VIOLATED)
fanout220/X                              10     11        (VIOLATED)
fanout246/X                              10     11        (VIOLATED)
fanout401/X                              10     11        (VIOLATED)
fanout414/X                              10     11        (VIOLATED)
fanout488/X                              10     11        (VIOLATED)
fanout500/X                              10     11        (VIOLATED)
fanout536/X                              10     11        (VIOLATED)
fanout538/X                              10     11        (VIOLATED)
fanout581/X                              10     11        (VIOLATED)
fanout598/X                              10     11        (VIOLATED)
fanout606/X                              10     11        (VIOLATED)
fanout613/X                              10     11        (VIOLATED)
fanout620/X                              10     11        (VIOLATED)
fanout628/X                              10     11        (VIOLATED)
fanout644/X                              10     11        (VIOLATED)
fanout668/X                              10     11        (VIOLATED)
fanout689/X                              10     11        (VIOLATED)
fanout690/X                              10     11        (VIOLATED)
fanout700/X                              10     11        (VIOLATED)
fanout710/X                              10     11        (VIOLATED)
fanout714/X                              10     11        (VIOLATED)
fanout720/X                              10     11        (VIOLATED)
fanout746/X                              10     11        (VIOLATED)
fanout762/X                              10     11        (VIOLATED)
fanout778/X                              10     11        (VIOLATED)
fanout788/X                              10     11        (VIOLATED)
fanout790/X                              10     11        (VIOLATED)
fanout796/X                              10     11        (VIOLATED)
fanout808/X                              10     11        (VIOLATED)
fanout809/X                              10     11        (VIOLATED)
fanout811/X                              10     11        (VIOLATED)
fanout828/X                              10     11        (VIOLATED)
fanout832/X                              10     11        (VIOLATED)
fanout834/X                              10     11        (VIOLATED)
fanout836/X                              10     11        (VIOLATED)
fanout846/X                              10     11        (VIOLATED)
fanout854/X                              10     11        (VIOLATED)
fanout874/X                              10     11        (VIOLATED)
fanout876/X                              10     11        (VIOLATED)
fanout878/X                              10     11        (VIOLATED)
fanout884/X                              10     11        (VIOLATED)
fanout904/X                              10     11        (VIOLATED)
fanout920/X                              10     11        (VIOLATED)
fanout923/X                              10     11        (VIOLATED)
fanout939/X                              10     11        (VIOLATED)
fanout944/X                              10     11        (VIOLATED)
fanout948/X                              10     11        (VIOLATED)
fanout964/X                              10     11        (VIOLATED)
fanout988/X                              10     11        (VIOLATED)

max capacitance

Pin                                        Limit         Cap       Slack
------------------------------------------------------------------------
fanout1403/X                            0.200000    0.323809   -0.123809 (VIOLATED)
fanout1074/X                            0.200000    0.321864   -0.121864 (VIOLATED)
fanout1041/X                            0.200000    0.315470   -0.115470 (VIOLATED)
fanout995/X                             0.200000    0.313337   -0.113337 (VIOLATED)
fanout1037/X                            0.200000    0.289982   -0.089982 (VIOLATED)
_22420_/Y                               0.200000    0.287698   -0.087698 (VIOLATED)
fanout1052/X                            0.200000    0.284947   -0.084947 (VIOLATED)
fanout1614/X                            0.200000    0.277727   -0.077727 (VIOLATED)
_21934_/X                               0.200000    0.273943   -0.073943 (VIOLATED)
fanout811/X                             0.200000    0.266075   -0.066075 (VIOLATED)
fanout1504/X                            0.200000    0.265142   -0.065142 (VIOLATED)
fanout808/X                             0.200000    0.258966   -0.058966 (VIOLATED)
fanout1031/X                            0.200000    0.249913   -0.049913 (VIOLATED)
fanout778/X                             0.200000    0.247405   -0.047405 (VIOLATED)
hold100/X                               0.200000    0.246395   -0.046395 (VIOLATED)
_34599_/X                               0.200000    0.240995   -0.040995 (VIOLATED)
fanout980/X                             0.200000    0.240357   -0.040357 (VIOLATED)
fanout1045/X                            0.200000    0.239520   -0.039520 (VIOLATED)
fanout815/X                             0.200000    0.238847   -0.038847 (VIOLATED)
fanout1566/X                            0.200000    0.238009   -0.038009 (VIOLATED)
fanout821/X                             0.200000    0.237421   -0.037421 (VIOLATED)
fanout1511/X                            0.200000    0.236691   -0.036691 (VIOLATED)
_22195_/Y                               0.200000    0.236548   -0.036548 (VIOLATED)
_21811_/Y                               0.200000    0.233702   -0.033702 (VIOLATED)
fanout732/X                             0.200000    0.233496   -0.033496 (VIOLATED)
fanout1087/X                            0.200000    0.233492   -0.033492 (VIOLATED)
fanout750/X                             0.200000    0.233092   -0.033092 (VIOLATED)
fanout994/X                             0.200000    0.232487   -0.032487 (VIOLATED)
fanout963/X                             0.200000    0.232030   -0.032030 (VIOLATED)
_21810_/Y                               0.200000    0.231891   -0.031891 (VIOLATED)
fanout1426/X                            0.200000    0.231759   -0.031759 (VIOLATED)
_22194_/Y                               0.200000    0.230835   -0.030835 (VIOLATED)
fanout668/X                             0.200000    0.230759   -0.030759 (VIOLATED)
fanout1123/X                            0.200000    0.226680   -0.026680 (VIOLATED)
fanout877/X                             0.200000    0.226472   -0.026472 (VIOLATED)
fanout879/X                             0.200000    0.225864   -0.025864 (VIOLATED)
fanout920/X                             0.200000    0.225227   -0.025227 (VIOLATED)
fanout860/X                             0.200000    0.223950   -0.023950 (VIOLATED)
_44165_/Q                               0.200000    0.223140   -0.023140 (VIOLATED)
fanout878/X                             0.200000    0.221048   -0.021048 (VIOLATED)
fanout1723/X                            0.200000    0.218920   -0.018920 (VIOLATED)
fanout686/X                             0.200000    0.215700   -0.015700 (VIOLATED)
fanout1608/X                            0.200000    0.215034   -0.015034 (VIOLATED)
fanout1029/X                            0.200000    0.214977   -0.014977 (VIOLATED)
fanout944/X                             0.200000    0.214760   -0.014760 (VIOLATED)
fanout1058/X                            0.200000    0.214584   -0.014584 (VIOLATED)
clone91/X                               0.173960    0.188342   -0.014382 (VIOLATED)
fanout1155/X                            0.200000    0.214355   -0.014355 (VIOLATED)
fanout1616/X                            0.200000    0.214148   -0.014148 (VIOLATED)
fanout760/X                             0.200000    0.213973   -0.013973 (VIOLATED)
fanout960/X                             0.200000    0.213780   -0.013780 (VIOLATED)
fanout1066/X                            0.200000    0.213133   -0.013133 (VIOLATED)
fanout1873/X                            0.200000    0.212197   -0.012197 (VIOLATED)
fanout801/X                             0.200000    0.212132   -0.012132 (VIOLATED)
_22339_/Y                               0.200000    0.212123   -0.012123 (VIOLATED)
fanout962/X                             0.200000    0.212016   -0.012016 (VIOLATED)
fanout1517/X                            0.200000    0.211867   -0.011867 (VIOLATED)
fanout602/X                             0.200000    0.211865   -0.011865 (VIOLATED)
fanout1049/X                            0.200000    0.211009   -0.011009 (VIOLATED)
fanout598/X                             0.200000    0.210960   -0.010960 (VIOLATED)
_22368_/Y                               0.200000    0.210701   -0.010701 (VIOLATED)
fanout1004/X                            0.200000    0.209787   -0.009787 (VIOLATED)
fanout702/X                             0.200000    0.209444   -0.009444 (VIOLATED)
fanout722/X                             0.200000    0.208294   -0.008294 (VIOLATED)
fanout766/X                             0.200000    0.207447   -0.007447 (VIOLATED)
_43512_/Q                               0.200000    0.206952   -0.006952 (VIOLATED)
fanout865/X                             0.200000    0.205817   -0.005817 (VIOLATED)
fanout974/X                             0.200000    0.205280   -0.005280 (VIOLATED)
fanout964/X                             0.200000    0.205065   -0.005065 (VIOLATED)
fanout594/X                             0.200000    0.204994   -0.004994 (VIOLATED)
fanout613/X                             0.200000    0.204764   -0.004764 (VIOLATED)
fanout642/X                             0.200000    0.204228   -0.004228 (VIOLATED)
fanout741/X                             0.200000    0.204191   -0.004191 (VIOLATED)
fanout1503/X                            0.200000    0.204080   -0.004080 (VIOLATED)
fanout788/X                             0.200000    0.203210   -0.003210 (VIOLATED)
fanout762/X                             0.200000    0.203113   -0.003113 (VIOLATED)
fanout970/X                             0.200000    0.202944   -0.002944 (VIOLATED)
fanout948/X                             0.200000    0.202601   -0.002601 (VIOLATED)
fanout1420/X                            0.200000    0.202489   -0.002489 (VIOLATED)
fanout1450/X                            0.200000    0.201959   -0.001959 (VIOLATED)
fanout873/X                             0.200000    0.201882   -0.001882 (VIOLATED)
fanout742/X                             0.200000    0.201685   -0.001685 (VIOLATED)
fanout988/X                             0.200000    0.201624   -0.001624 (VIOLATED)
fanout2413/X                            0.200000    0.201591   -0.001591 (VIOLATED)
fanout839/X                             0.200000    0.201563   -0.001563 (VIOLATED)
fanout714/X                             0.200000    0.201501   -0.001501 (VIOLATED)
fanout932/X                             0.200000    0.201429   -0.001429 (VIOLATED)
fanout915/X                             0.200000    0.200332   -0.000332 (VIOLATED)



===========================================================================
report_parasitic_annotation -report_unannotated
============================================================================
Found 340 unannotated drivers.
 clk_2p4g
 rf_adc_q_in[0]
 rf_adc_q_in[10]
 rf_adc_q_in[11]
 rf_adc_q_in[12]
 rf_adc_q_in[13]
 rf_adc_q_in[14]
 rf_adc_q_in[15]
 rf_adc_q_in[1]
 rf_adc_q_in[2]
 rf_adc_q_in[3]
 rf_adc_q_in[4]
 rf_adc_q_in[5]
 rf_adc_q_in[6]
 rf_adc_q_in[7]
 rf_adc_q_in[8]
 rf_adc_q_in[9]
 _43579__2974/LO
 clkload0/Y
 clkload1/Y
 clkload10/Y
 clkload100/Y
 clkload101/Y
 clkload102/Y
 clkload103/Y
 clkload104/X
 clkload105/Y
 clkload106/Y
 clkload107/Y
 clkload108/Y
 clkload109/X
 clkload11/Y
 clkload110/Y
 clkload111/Y
 clkload112/Y
 clkload113/Y
 clkload114/Y
 clkload115/Y
 clkload116/Y
 clkload117/Y
 clkload118/Y
 clkload119/Y
 clkload12/Y
 clkload120/Y
 clkload121/Y
 clkload122/Y
 clkload123/Y
 clkload124/Y
 clkload125/Y
 clkload126/Y
 clkload127/Y
 clkload128/Y
 clkload129/Y
 clkload13/Y
 clkload130/Y
 clkload131/Y
 clkload132/X
 clkload133/Y
 clkload134/Y
 clkload135/X
 clkload136/Y
 clkload137/Y
 clkload138/Y
 clkload139/Y
 clkload14/X
 clkload140/Y
 clkload141/Y
 clkload142/X
 clkload143/Y
 clkload144/Y
 clkload145/Y
 clkload146/Y
 clkload147/Y
 clkload148/Y
 clkload149/X
 clkload15/Y
 clkload150/Y
 clkload151/X
 clkload152/Y
 clkload153/X
 clkload154/Y
 clkload155/Y
 clkload156/Y
 clkload157/Y
 clkload158/Y
 clkload159/Y
 clkload16/Y
 clkload160/Y
 clkload161/Y
 clkload162/Y
 clkload163/Y
 clkload164/Y
 clkload165/Y
 clkload166/Y
 clkload167/X
 clkload168/Y
 clkload169/Y
 clkload17/Y
 clkload170/Y
 clkload171/Y
 clkload172/Y
 clkload173/Y
 clkload174/Y
 clkload175/Y
 clkload176/Y
 clkload177/Y
 clkload178/Y
 clkload179/Y
 clkload18/Y
 clkload180/Y
 clkload181/Y
 clkload182/Y
 clkload183/Y
 clkload184/Y
 clkload185/X
 clkload186/X
 clkload187/Y
 clkload188/Y
 clkload189/Y
 clkload19/Y
 clkload190/Y
 clkload191/X
 clkload192/X
 clkload193/Y
 clkload194/Y
 clkload195/Y
 clkload196/Y
 clkload197/Y
 clkload198/Y
 clkload199/Y
 clkload2/Y
 clkload20/Y
 clkload200/X
 clkload201/Y
 clkload202/Y
 clkload203/Y
 clkload204/Y
 clkload205/Y
 clkload206/Y
 clkload207/Y
 clkload208/Y
 clkload209/Y
 clkload21/Y
 clkload210/X
 clkload211/Y
 clkload212/Y
 clkload213/Y
 clkload214/Y
 clkload215/Y
 clkload216/Y
 clkload217/Y
 clkload218/X
 clkload219/Y
 clkload22/Y
 clkload220/Y
 clkload221/Y
 clkload222/X
 clkload223/Y
 clkload224/Y
 clkload225/X
 clkload226/Y
 clkload227/Y
 clkload228/X
 clkload229/Y
 clkload23/Y
 clkload230/X
 clkload24/Y
 clkload25/Y
 clkload26/Y
 clkload27/Y
 clkload28/X
 clkload29/X
 clkload3/Y
 clkload30/Y
 clkload31/Y
 clkload32/Y
 clkload33/Y
 clkload34/Y
 clkload35/Y
 clkload36/Y
 clkload37/Y
 clkload38/Y
 clkload39/Y
 clkload4/X
 clkload40/Y
 clkload41/Y
 clkload42/Y
 clkload43/Y
 clkload44/Y
 clkload45/Y
 clkload46/Y
 clkload47/Y
 clkload48/Y
 clkload49/Y
 clkload5/Y
 clkload50/Y
 clkload51/Y
 clkload52/Y
 clkload53/X
 clkload54/Y
 clkload55/Y
 clkload56/Y
 clkload57/X
 clkload58/Y
 clkload59/Y
 clkload6/Y
 clkload60/X
 clkload61/X
 clkload62/X
 clkload63/Y
 clkload64/Y
 clkload65/Y
 clkload66/Y
 clkload67/Y
 clkload68/Y
 clkload69/Y
 clkload7/Y
 clkload70/Y
 clkload71/Y
 clkload72/Y
 clkload73/Y
 clkload74/Y
 clkload75/Y
 clkload76/Y
 clkload77/Y
 clkload78/Y
 clkload79/Y
 clkload8/X
 clkload80/X
 clkload81/Y
 clkload82/Y
 clkload83/X
 clkload84/X
 clkload85/Y
 clkload86/X
 clkload87/Y
 clkload88/Y
 clkload89/Y
 clkload9/X
 clkload90/Y
 clkload91/Y
 clkload92/Y
 clkload93/Y
 clkload94/Y
 clkload95/Y
 clkload96/Y
 clkload97/Y
 clkload98/Y
 clkload99/Y
 phase_099_top_integration_2883/HI
 phase_099_top_integration_2884/HI
 phase_099_top_integration_2885/HI
 phase_099_top_integration_2886/HI
 phase_099_top_integration_2887/HI
 phase_099_top_integration_2888/HI
 phase_099_top_integration_2889/HI
 phase_099_top_integration_2890/HI
 phase_099_top_integration_2891/HI
 phase_099_top_integration_2892/HI
 phase_099_top_integration_2893/HI
 phase_099_top_integration_2894/HI
 phase_099_top_integration_2895/HI
 phase_099_top_integration_2896/HI
 phase_099_top_integration_2897/HI
 phase_099_top_integration_2898/HI
 phase_099_top_integration_2899/HI
 phase_099_top_integration_2900/HI
 phase_099_top_integration_2901/HI
 phase_099_top_integration_2902/HI
 phase_099_top_integration_2903/HI
 phase_099_top_integration_2904/HI
 phase_099_top_integration_2905/HI
 phase_099_top_integration_2906/HI
 phase_099_top_integration_2907/HI
 phase_099_top_integration_2908/HI
 phase_099_top_integration_2909/HI
 phase_099_top_integration_2910/HI
 phase_099_top_integration_2911/HI
 phase_099_top_integration_2912/HI
 phase_099_top_integration_2913/HI
 phase_099_top_integration_2914/HI
 phase_099_top_integration_2915/HI
 phase_099_top_integration_2916/HI
 phase_099_top_integration_2917/HI
 phase_099_top_integration_2918/HI
 phase_099_top_integration_2919/HI
 phase_099_top_integration_2920/HI
 phase_099_top_integration_2921/HI
 phase_099_top_integration_2922/HI
 phase_099_top_integration_2923/HI
 phase_099_top_integration_2924/HI
 phase_099_top_integration_2925/HI
 phase_099_top_integration_2926/HI
 phase_099_top_integration_2927/HI
 phase_099_top_integration_2928/HI
 phase_099_top_integration_2929/HI
 phase_099_top_integration_2930/HI
 phase_099_top_integration_2931/HI
 phase_099_top_integration_2932/HI
 phase_099_top_integration_2933/HI
 phase_099_top_integration_2934/HI
 phase_099_top_integration_2935/HI
 phase_099_top_integration_2936/HI
 phase_099_top_integration_2937/HI
 phase_099_top_integration_2938/HI
 phase_099_top_integration_2939/HI
 phase_099_top_integration_2940/HI
 phase_099_top_integration_2941/HI
 phase_099_top_integration_2942/HI
 phase_099_top_integration_2943/HI
 phase_099_top_integration_2944/HI
 phase_099_top_integration_2945/HI
 phase_099_top_integration_2946/HI
 phase_099_top_integration_2947/HI
 phase_099_top_integration_2948/HI
 phase_099_top_integration_2949/HI
 phase_099_top_integration_2950/HI
 phase_099_top_integration_2951/HI
 phase_099_top_integration_2952/HI
 phase_099_top_integration_2953/HI
 phase_099_top_integration_2954/HI
 phase_099_top_integration_2955/HI
 phase_099_top_integration_2956/HI
 phase_099_top_integration_2957/HI
 phase_099_top_integration_2958/HI
 phase_099_top_integration_2959/HI
 phase_099_top_integration_2960/HI
 phase_099_top_integration_2961/HI
 phase_099_top_integration_2962/HI
 phase_099_top_integration_2963/HI
 phase_099_top_integration_2964/HI
 phase_099_top_integration_2965/HI
 phase_099_top_integration_2966/HI
 phase_099_top_integration_2967/HI
 phase_099_top_integration_2968/HI
 phase_099_top_integration_2969/HI
 phase_099_top_integration_2970/HI
 phase_099_top_integration_2971/HI
 phase_099_top_integration_2972/HI
 phase_099_top_integration_2973/HI
Found 0 partially unannotated drivers.

===========================================================================
max slew violation count 28
max fanout violation count 349
max cap violation count 88
============================================================================

===========================================================================
check_setup -verbose -unconstrained_endpoints -multiple_clock -no_clock -no_input_delay -loops -generated_clocks
===========================================================================
Warning: There are 92 unconstrained endpoints.
  module_status_flags_out[10]
  module_status_flags_out[11]
  module_status_flags_out[12]
  module_status_flags_out[14]
  module_status_flags_out[15]
  module_status_flags_out[16]
  module_status_flags_out[17]
  module_status_flags_out[18]
  module_status_flags_out[19]
  module_status_flags_out[21]
  module_status_flags_out[22]
  module_status_flags_out[23]
  module_status_flags_out[24]
  module_status_flags_out[25]
  module_status_flags_out[26]
  module_status_flags_out[27]
  module_status_flags_out[28]
  module_status_flags_out[29]
  module_status_flags_out[30]
  module_status_flags_out[31]
  module_status_flags_out[32]
  module_status_flags_out[33]
  module_status_flags_out[34]
  module_status_flags_out[35]
  module_status_flags_out[36]
  module_status_flags_out[37]
  module_status_flags_out[38]
  module_status_flags_out[39]
  module_status_flags_out[3]
  module_status_flags_out[40]
  module_status_flags_out[41]
  module_status_flags_out[42]
  module_status_flags_out[43]
  module_status_flags_out[44]
  module_status_flags_out[45]
  module_status_flags_out[46]
  module_status_flags_out[47]
  module_status_flags_out[48]
  module_status_flags_out[49]
  module_status_flags_out[4]
  module_status_flags_out[50]
  module_status_flags_out[51]
  module_status_flags_out[52]
  module_status_flags_out[53]
  module_status_flags_out[54]
  module_status_flags_out[55]
  module_status_flags_out[56]
  module_status_flags_out[57]
  module_status_flags_out[58]
  module_status_flags_out[59]
  module_status_flags_out[5]
  module_status_flags_out[60]
  module_status_flags_out[61]
  module_status_flags_out[62]
  module_status_flags_out[63]
  module_status_flags_out[64]
  module_status_flags_out[65]
  module_status_flags_out[66]
  module_status_flags_out[67]
  module_status_flags_out[68]
  module_status_flags_out[69]
  module_status_flags_out[6]
  module_status_flags_out[70]
  module_status_flags_out[71]
  module_status_flags_out[72]
  module_status_flags_out[73]
  module_status_flags_out[74]
  module_status_flags_out[75]
  module_status_flags_out[76]
  module_status_flags_out[77]
  module_status_flags_out[78]
  module_status_flags_out[79]
  module_status_flags_out[7]
  module_status_flags_out[80]
  module_status_flags_out[81]
  module_status_flags_out[82]
  module_status_flags_out[83]
  module_status_flags_out[84]
  module_status_flags_out[85]
  module_status_flags_out[86]
  module_status_flags_out[87]
  module_status_flags_out[88]
  module_status_flags_out[89]
  module_status_flags_out[90]
  module_status_flags_out[91]
  module_status_flags_out[92]
  module_status_flags_out[93]
  module_status_flags_out[94]
  module_status_flags_out[95]
  module_status_flags_out[96]
  module_status_flags_out[97]
  _43579_/D
