Clock: clk_dsp
Sources: clk_dsp 
Generated: no
Virtual: yes
Propagated: no
Period: 5.000000

===========================================================================
report_clock_properties
============================================================================
Clock                   Period          Waveform
----------------------------------------------------
clk_dsp               5.000000    0.000000  2.500000

===========================================================================
report_clock_latency
============================================================================
Clock clk_dsp
rise -> rise
    min     max
0.000000 0.000000 source latency
1.086990         network latency _46248_/CLK
        1.293960 network latency _44646_/CLK
---------------
1.086990 1.293960 latency
        0.206970 skew

fall -> fall
    min     max
0.000000 0.000000 source latency
0.911789         network latency _46248_/CLK
        1.098193 network latency _44646_/CLK
---------------
0.911789 1.098193 latency
        0.186404 skew



===========================================================================
report_clock_min_period
============================================================================
clk_dsp period_min = 9.62 fmax = 103.92
