
===========================================================================
 report_power
============================================================================
======================= max_ff_n40C_1v95 Corner ===================================

Group                    Internal    Switching      Leakage        Total
                            Power        Power        Power        Power (Watts)
------------------------------------------------------------------------
Sequential           2.679978e-02 2.158711e-06 4.832835e-08 2.680199e-02  53.1%
Combinational        2.488962e-04 8.161867e-04 2.546228e-07 1.065337e-03   2.1%
Clock                9.774133e-03 1.284820e-02 1.225509e-07 2.262245e-02  44.8%
Macro                0.000000e+00 0.000000e+00 0.000000e+00 0.000000e+00   0.0%
Pad                  0.000000e+00 0.000000e+00 0.000000e+00 0.000000e+00   0.0%
------------------------------------------------------------------------
Total                3.682282e-02 1.366654e-02 4.254842e-07 5.048978e-02 100.0%
                            72.9%        27.1%         0.0%

