Clock: clk_dsp
Sources: clk_dsp 
Generated: no
Virtual: yes
Propagated: no
Period: 5.000000

===========================================================================
report_clock_properties
============================================================================
Clock                   Period          Waveform
----------------------------------------------------
clk_dsp               5.000000    0.000000  2.500000

===========================================================================
report_clock_latency
============================================================================
Clock clk_dsp
rise -> rise
    min     max
0.000000 0.000000 source latency
2.620492         network latency _46248_/CLK
        3.079160 network latency _45510_/CLK
---------------
2.620492 3.079160 latency
        0.458668 skew

fall -> fall
    min     max
0.000000 0.000000 source latency
2.175592         network latency _46248_/CLK
        2.584207 network latency _45510_/CLK
---------------
2.175592 2.584207 latency
        0.408615 skew



===========================================================================
report_clock_min_period
============================================================================
clk_dsp period_min = 27.38 fmax = 36.53
