
===========================================================================
Violator List
============================================================================
[hold in-reg] rf_adc_i_in[6] -> _43781_/D : -0.595669
[hold in-reg] rf_adc_i_in[7] -> _43782_/D : -0.541900
[hold in-reg] rf_adc_i_in[8] -> _43783_/D : -0.537691
[hold in-reg] rf_adc_i_in[12] -> _43788_/D : -0.536686
[hold in-reg] rf_adc_i_in[11] -> _43787_/D : -0.523002
[hold in-reg] rf_adc_i_in[5] -> _43780_/D : -0.490355
[hold in-reg] rf_adc_i_in[3] -> _43778_/D : -0.461833
[hold in-reg] rf_adc_i_in[4] -> _43779_/D : -0.460811
[hold in-reg] rf_adc_i_in[1] -> _43777_/D : -0.458905
[hold in-reg] rf_adc_i_in[1] -> _43776_/D : -0.455613
[hold in-reg] rf_adc_i_in[8] -> _43784_/D : -0.443490
[hold in-reg] rf_adc_i_in[9] -> _43785_/D : -0.317631
[hold in-reg] rf_adc_i_in[10] -> _43786_/D : -0.281139
[hold in-reg] rf_adc_i_in[0] -> _43775_/D : -0.245277
[hold in-reg] rf_adc_i_in[15] -> _43799_/D : -0.218724
[hold in-reg] rf_adc_i_in[13] -> _43789_/D : -0.168718
[hold in-reg] rf_adc_i_in[14] -> _43790_/D : -0.159647
[hold in-reg] rf_adc_i_in[15] -> _43798_/D : -0.064352
[hold in-reg] rf_adc_i_in[15] -> _43797_/D : -0.060657
[setup reg-reg] _46159_/Q -> _46277_/D : -22.376635
[setup reg-reg] _46159_/Q -> _46283_/D : -22.374132
[setup reg-reg] _46159_/Q -> _46279_/D : -22.368870
[setup reg-reg] _46159_/Q -> _46282_/D : -22.368740
[setup reg-reg] _46159_/Q -> _46276_/D : -22.364693
[setup reg-reg] _46159_/Q -> _46290_/D : -22.345362
[setup reg-reg] _46159_/Q -> _46278_/D : -22.328732
[setup reg-reg] _46159_/Q -> _46288_/D : -22.326216
[setup reg-reg] _46159_/Q -> _46286_/D : -22.326069
[setup reg-reg] _46159_/Q -> _46280_/D : -22.311068
[setup reg-reg] _46159_/Q -> _46285_/D : -22.310108
[setup reg-reg] _46159_/Q -> _46281_/D : -22.308943
[setup reg-reg] _46159_/Q -> _46284_/D : -22.304802
[setup reg-reg] _46159_/Q -> _46287_/D : -22.293617
[setup reg-reg] _46159_/Q -> _46289_/D : -22.178173
[setup reg-reg] _46159_/Q -> _46248_/D : -22.125807
[setup reg-reg] _46159_/Q -> _46247_/D : -22.098663
[setup reg-reg] _46159_/Q -> _46249_/D : -22.095638
[setup reg-reg] _43517_/Q -> _43595_/D : -22.093777
[setup reg-reg] _46159_/Q -> _46243_/D : -22.093763
[setup reg-reg] _46159_/Q -> _46246_/D : -22.082016
[setup reg-reg] _46159_/Q -> _46244_/D : -22.081188
[setup reg-reg] _46159_/Q -> _46245_/D : -22.077051
[setup reg-reg] _46159_/Q -> _46256_/D : -22.007372
[setup reg-reg] _43517_/Q -> _43594_/D : -21.997444
[setup reg-reg] _43517_/Q -> _43578_/D : -21.991497
[setup reg-reg] _43517_/Q -> _43577_/D : -21.986897
[setup reg-reg] _46159_/Q -> _46254_/D : -21.965380
[setup reg-reg] _46159_/Q -> _46255_/D : -21.942888
[setup reg-reg] _46159_/Q -> _46257_/D : -21.918848
[setup reg-reg] _46159_/Q -> _46251_/D : -21.880981
[setup reg-reg] _46159_/Q -> _46253_/D : -21.878489
[setup reg-reg] _46159_/Q -> _46252_/D : -21.869991
[setup reg-reg] _46159_/Q -> _46250_/D : -21.856346
[setup reg-reg] _43517_/Q -> _43576_/D : -21.823771
[setup reg-reg] _46159_/Q -> _46258_/D : -21.770260
[setup reg-reg] _43517_/Q -> _43591_/D : -21.741234
[setup reg-reg] _43517_/Q -> _43593_/D : -21.691620
[setup reg-reg] _43517_/Q -> _43592_/D : -21.504744
[setup reg-reg] _46159_/Q -> _46291_/D : -21.470907
[setup reg-reg] _43517_/Q -> _43575_/D : -21.460558
[setup reg-reg] _43517_/Q -> _43590_/D : -21.307035
[setup reg-reg] _43517_/Q -> _43574_/D : -21.287331
[setup reg-reg] _43517_/Q -> _43588_/D : -21.272253
[setup reg-reg] _43517_/Q -> _43589_/D : -21.238670
[setup reg-reg] _43517_/Q -> _43572_/D : -21.153912
[setup reg-reg] _43517_/Q -> _43587_/D : -21.013750
[setup reg-reg] _43517_/Q -> _43573_/D : -20.965370
[setup reg-reg] _43517_/Q -> _43571_/D : -20.703100
[setup reg-reg] _43517_/Q -> _43586_/D : -20.702192
[setup reg-reg] _43517_/Q -> _43585_/D : -20.331032
[setup reg-reg] _43517_/Q -> _43570_/D : -20.198027
[setup reg-reg] _43517_/Q -> _43569_/D : -20.158548
[setup reg-reg] _43517_/Q -> _43568_/D : -20.033100
[setup reg-reg] _43517_/Q -> _43567_/D : -19.712616
[setup reg-reg] _43517_/Q -> _43584_/D : -19.682499
[setup reg-reg] _43517_/Q -> _43583_/D : -19.357586
[setup reg-reg] _43517_/Q -> _43582_/D : -19.271280
[setup reg-reg] _43517_/Q -> _43566_/D : -19.234552
[setup reg-reg] _43517_/Q -> _43581_/D : -19.053936
[setup reg-reg] _43517_/Q -> _43565_/D : -19.023638
[setup reg-reg] _43517_/Q -> _43564_/D : -18.519587
[setup reg-reg] _43517_/Q -> _43580_/D : -17.902157
[setup reg-reg] _43517_/Q -> _43563_/D : -17.811554
[setup reg-reg] _44010_/Q -> _44006_/D : -11.452672
[setup reg-reg] _44010_/Q -> _44005_/D : -11.146970
[setup reg-reg] _44010_/Q -> _44004_/D : -10.846341
[setup reg-reg] _44010_/Q -> _44003_/D : -10.534781
[setup reg-reg] _43580_/Q -> _43802_/D : -10.351844
[setup reg-reg] _44091_/Q -> _44129_/D : -10.346384
[setup reg-reg] _44091_/Q -> _44128_/D : -10.216334
[setup reg-reg] _44010_/Q -> _44002_/D : -10.173861
[setup reg-reg] _43580_/Q -> _43801_/D : -9.890232
[setup reg-reg] _44091_/Q -> _44126_/D : -9.888092
[setup reg-reg] _44091_/Q -> _44127_/D : -9.842592
[setup reg-reg] _44010_/Q -> _44001_/D : -9.838532
[setup reg-reg] _44091_/Q -> _44125_/D : -9.725450
[setup reg-reg] _43580_/Q -> _43800_/D : -9.611391
[setup reg-reg] _44091_/Q -> _44124_/D : -9.434888
[setup reg-reg] _44010_/Q -> _44000_/D : -9.391467
[setup reg-reg] _44010_/Q -> _43999_/D : -9.018517
[setup reg-reg] _43580_/Q -> _43798_/D : -8.945810
[setup reg-reg] _44091_/Q -> _44123_/D : -8.826019
[setup reg-reg] _43580_/Q -> _43799_/D : -8.733494
[setup reg-reg] _44010_/Q -> _43998_/D : -8.713954
[setup reg-reg] _43580_/Q -> _43797_/D : -8.535663
[setup reg-reg] _44010_/Q -> _43997_/D : -8.422588
[setup reg-reg] _44091_/Q -> _44122_/D : -8.236808
[setup reg-reg] _44010_/Q -> _43996_/D : -8.159365
[setup reg-reg] _44091_/Q -> _44121_/D : -8.146113
[setup reg-reg] _43580_/Q -> _43796_/D : -8.108698
[setup reg-reg] _44179_/Q -> _43751_/D : -8.039180
[setup reg-reg] _44010_/Q -> _43994_/D : -7.873651
[setup reg-reg] _44091_/Q -> _44120_/D : -7.850446
[setup reg-reg] _43725_/Q -> _43723_/D : -7.841804
[setup reg-reg] _44179_/Q -> _43750_/D : -7.732913
[setup reg-reg] _43580_/Q -> _43795_/D : -7.728047
[setup reg-reg] _44010_/Q -> _43995_/D : -7.702409
[setup reg-reg] _44091_/Q -> _44119_/D : -7.636970
[setup reg-reg] _43725_/Q -> _43722_/D : -7.622163
[setup reg-reg] _44179_/Q -> _43749_/D : -7.363603
[setup reg-reg] _43580_/Q -> _43794_/D : -7.320874
[setup reg-reg] _44091_/Q -> _44118_/D : -7.289496
[setup reg-reg] _43725_/Q -> _43721_/D : -7.250546
[setup reg-reg] _44091_/Q -> _44117_/D : -7.060040
[setup reg-reg] _43805_/Q -> _44205_/D : -7.044130
[setup reg-reg] _43805_/Q -> _43831_/D : -7.006763
[setup reg-reg] _43805_/Q -> _43830_/D : -6.952996
[setup reg-reg] _43580_/Q -> _43793_/D : -6.934181
[setup reg-reg] _44179_/Q -> _43748_/D : -6.924439
[setup reg-reg] _43805_/Q -> _44204_/D : -6.923454
[setup reg-reg] _44010_/Q -> _43993_/D : -6.875297
[setup reg-reg] _44010_/Q -> _43992_/D : -6.863438
[setup reg-reg] _44091_/Q -> _44116_/D : -6.815852
[setup reg-reg] _43725_/Q -> _43720_/D : -6.806559
[setup reg-reg] _43805_/Q -> _44203_/D : -6.702500
[setup reg-reg] _43597_/Q -> _43695_/D : -6.701828
[setup reg-reg] _44179_/Q -> _43747_/D : -6.649954
[setup reg-reg] _43805_/Q -> _43829_/D : -6.632515
[setup reg-reg] _44010_/Q -> _43991_/D : -6.531373
[setup reg-reg] _43580_/Q -> _43792_/D : -6.499261
[setup reg-reg] _43725_/Q -> _43719_/D : -6.482937
[setup reg-reg] _43597_/Q -> _43694_/D : -6.462589
[setup reg-reg] _44091_/Q -> _44114_/D : -6.417922
[setup reg-reg] _43805_/Q -> _44202_/D : -6.371359
[setup reg-reg] _43805_/Q -> _43828_/D : -6.339032
[setup reg-reg] _44091_/Q -> _44115_/D : -6.272740
[setup reg-reg] _44179_/Q -> _43746_/D : -6.248695
[setup reg-reg] _43725_/Q -> _43718_/D : -6.128974
[setup reg-reg] _43580_/Q -> _43790_/D : -6.061834
[setup reg-reg] _43597_/Q -> _43693_/D : -6.045971
[setup reg-reg] _44091_/Q -> _44113_/D : -6.013204
[setup reg-reg] _43580_/Q -> _43789_/D : -5.993802
[setup reg-reg] _44179_/Q -> _43745_/D : -5.992331
[setup reg-reg] _43580_/Q -> _43791_/D : -5.958513
[setup reg-reg] _43805_/Q -> _44201_/D : -5.942255
[setup reg-reg] _43725_/Q -> _43717_/D : -5.899546
[setup reg-reg] _43805_/Q -> _43827_/D : -5.822211
[setup reg-reg] _43805_/Q -> _44200_/D : -5.799210
[setup reg-reg] _43805_/Q -> _43826_/D : -5.756687
[setup reg-reg] _44010_/Q -> _43990_/D : -5.753971
[setup reg-reg] _43597_/Q -> _43692_/D : -5.752081
[setup reg-reg] _44179_/Q -> _43744_/D : -5.598409
[setup reg-reg] _43597_/Q -> _43691_/D : -5.585581
[setup reg-reg] _43805_/Q -> _44199_/D : -5.580798
[setup reg-reg] _43805_/Q -> _43825_/D : -5.499443
[setup reg-reg] _44091_/Q -> _44112_/D : -5.496702
[setup reg-reg] _43725_/Q -> _43716_/D : -5.475300
[setup reg-reg] _44010_/Q -> _43988_/D : -5.379263
[setup reg-reg] _44010_/Q -> _43989_/D : -5.310037
[setup reg-reg] _44179_/Q -> _43743_/D : -5.293402
[setup reg-reg] _43805_/Q -> _44198_/D : -5.240916
[setup reg-reg] _43597_/Q -> _43690_/D : -5.226664
[setup reg-reg] _44091_/Q -> _44111_/D : -5.165560
[setup reg-reg] _43805_/Q -> _43824_/D : -5.158612
[setup reg-reg] _43725_/Q -> _43715_/D : -5.140583
[setup reg-reg] _43580_/Q -> _43788_/D : -5.062566
[setup reg-reg] _43805_/Q -> _44197_/D : -4.993248
[setup reg-reg] _43805_/Q -> _43823_/D : -4.915146
[setup reg-reg] _44179_/Q -> _43742_/D : -4.842202
[setup reg-reg] _44010_/Q -> _43987_/D : -4.839791
[setup reg-reg] _43725_/Q -> _43714_/D : -4.760642
[setup reg-reg] _43597_/Q -> _43689_/D : -4.759192
[setup reg-reg] _43805_/Q -> _44196_/D : -4.705505
[setup reg-reg] _44010_/Q -> _43986_/D : -4.683028
[setup reg-reg] _43580_/Q -> _43787_/D : -4.646572
[setup reg-reg] _44091_/Q -> _44110_/D : -4.616210
[setup reg-reg] _43805_/Q -> _43822_/D : -4.610318
[setup reg-reg] _44179_/Q -> _43741_/D : -4.565991
[setup reg-reg] _43580_/Q -> _43786_/D : -4.515147
[setup reg-reg] _43495_/Q -> _43525_/D : -4.451147
[setup reg-reg] _43725_/Q -> _43713_/D : -4.407499
[setup reg-reg] _44091_/Q -> _44109_/D : -4.393445
[setup reg-reg] _43805_/Q -> _43821_/D : -4.369030
[setup reg-reg] _43495_/Q -> _43522_/D : -4.362814
[setup reg-reg] _43913_/Q -> _44024_/D : -4.332922
[setup reg-reg] _43495_/Q -> _43524_/D : -4.285576
[setup reg-reg] _43597_/Q -> _43688_/D : -4.274883
[setup reg-reg] _43805_/Q -> _44195_/D : -4.255442
[setup reg-reg] _44010_/Q -> _43985_/D : -4.253597
[setup reg-reg] _44179_/Q -> _43740_/D : -4.139677
[setup reg-reg] _43597_/Q -> _43687_/D : -4.130962
[setup reg-reg] _44091_/Q -> _44108_/D : -4.108847
[setup reg-reg] _43580_/Q -> _43785_/D : -4.099370
[setup reg-reg] _43805_/Q -> _44194_/D : -4.088742
[setup reg-reg] _43725_/Q -> _43712_/D : -4.072245
[setup reg-reg] _43805_/Q -> _43820_/D : -4.053180
[setup reg-reg] _43495_/Q -> _43523_/D : -4.011620
[setup reg-reg] _43495_/Q -> _43518_/D : -3.965433
[setup reg-reg] _43913_/Q -> _44023_/D : -3.925492
[setup reg-reg] _43805_/Q -> _44193_/D : -3.839059
[setup reg-reg] _44091_/Q -> _44107_/D : -3.837762
[setup reg-reg] _43495_/Q -> _43521_/D : -3.837050
[setup reg-reg] _43495_/Q -> _43517_/D : -3.829359
[setup reg-reg] _43913_/Q -> _44025_/D : -3.826712
[setup reg-reg] _43805_/Q -> _43819_/D : -3.810338
[setup reg-reg] _43495_/Q -> _43520_/D : -3.798793
[setup reg-reg] _43725_/Q -> _43711_/D : -3.777599
[setup reg-reg] _44010_/Q -> _43984_/D : -3.756697
[setup reg-reg] _44179_/Q -> _43739_/D : -3.748394
[setup reg-reg] _43580_/Q -> _43784_/D : -3.735697
[setup reg-reg] _43597_/Q -> _43686_/D : -3.636377
[setup reg-reg] _44091_/Q -> _44106_/D : -3.540847
[setup reg-reg] _43495_/Q -> _43516_/D : -3.524162
[setup reg-reg] _43725_/Q -> _43710_/D : -3.521596
[setup reg-reg] _43495_/Q -> _43519_/D : -3.466001
[setup reg-reg] _43805_/Q -> _43818_/D : -3.462345
[setup reg-reg] _43805_/Q -> _44192_/D : -3.424103
[setup reg-reg] _44179_/Q -> _43738_/D : -3.376227
[setup reg-reg] _43597_/Q -> _43685_/D : -3.321443
[setup reg-reg] _43562_/Q -> _43557_/D : -3.316504
[setup reg-reg] _43495_/Q -> _43515_/D : -3.270720
[setup reg-reg] _43725_/Q -> _43709_/D : -3.267375
[setup reg-reg] _44091_/Q -> _44105_/D : -3.196081
[setup reg-reg] _43580_/Q -> _43783_/D : -3.166541
[setup reg-reg] _44179_/Q -> _43737_/D : -3.059036
[setup reg-reg] _43495_/Q -> _43514_/D : -2.955003
[setup reg-reg] _43597_/Q -> _43684_/D : -2.952781
[setup reg-reg] _43913_/Q -> _44022_/D : -2.933511
[setup reg-reg] _43562_/Q -> _43556_/D : -2.910100
[setup reg-reg] _44010_/Q -> _43983_/D : -2.894881
[setup reg-reg] _44091_/Q -> _44104_/D : -2.774956
[setup reg-reg] _44179_/Q -> _43736_/D : -2.771676
[setup reg-reg] _43725_/Q -> _43708_/D : -2.758622
[setup reg-reg] _43495_/Q -> _43513_/D : -2.735936
[setup reg-reg] _46344_/Q -> _43541_/D : -2.727496
[setup reg-reg] _44179_/Q -> _44191_/D : -2.638531
[setup reg-reg] _43580_/Q -> _43782_/D : -2.614291
[setup reg-reg] _43597_/Q -> _43683_/D : -2.611186
[setup reg-reg] _43562_/Q -> _43555_/D : -2.601720
[setup reg-reg] _43913_/Q -> _44021_/D : -2.593465
[setup reg-reg] _44012_/Q -> _43982_/D : -2.571383
[setup reg-reg] _46344_/Q -> _43540_/D : -2.463767
[setup reg-reg] _44179_/Q -> _43735_/D : -2.457914
[setup reg-reg] _44091_/Q -> _44103_/D : -2.421139
[setup reg-reg] _43805_/Q -> _43816_/D : -2.407141
[setup reg-reg] _44179_/Q -> _44190_/D : -2.369160
[setup reg-reg] _43597_/Q -> _43682_/D : -2.342674
[setup reg-reg] _43805_/Q -> _43817_/D : -2.334689
[setup reg-reg] _43495_/Q -> _43512_/D : -2.263177
[setup reg-reg] _44179_/Q -> _43734_/D : -2.205654
[setup reg-reg] _43562_/Q -> _43554_/D : -2.168562
[setup reg-reg] _44012_/Q -> _43981_/D : -2.146070
[setup reg-reg] _43725_/Q -> _43707_/D : -2.080938
[setup reg-reg] _46344_/Q -> _43539_/D : -2.078268
[setup reg-reg] _44091_/Q -> _44102_/D : -2.072327
[setup reg-reg] _43580_/Q -> _43781_/D : -2.041111
[setup reg-reg] _43495_/Q -> _43511_/D : -2.001384
[setup reg-reg] _44179_/Q -> _44189_/D : -1.994714
[setup reg-reg] _43913_/Q -> _44020_/D : -1.889151
[setup reg-reg] _43562_/Q -> _43553_/D : -1.879364
[setup reg-reg] _46344_/Q -> _43538_/D : -1.875985
[setup reg-reg] _43597_/Q -> _43681_/D : -1.836697
[setup reg-reg] _44179_/Q -> _43733_/D : -1.813272
[setup reg-reg] _43495_/Q -> _43510_/D : -1.782531
[setup reg-reg] _46117_/Q -> _44568_/D : -1.730696
[setup reg-reg] _44179_/Q -> _44188_/D : -1.709174
[setup reg-reg] _44091_/Q -> _44101_/D : -1.704229
[setup reg-reg] _43805_/Q -> _43815_/D : -1.625840
[setup reg-reg] _43725_/Q -> _43706_/D : -1.608839
[setup reg-reg] _43580_/Q -> _43780_/D : -1.558663
[setup reg-reg] _43913_/Q -> _44019_/D : -1.551444
[setup reg-reg] _46344_/Q -> _43537_/D : -1.542234
[setup reg-reg] _46117_/Q -> _44572_/D : -1.535612
[setup reg-reg] _43562_/Q -> _43552_/D : -1.438775
[setup reg-reg] _46117_/Q -> _46091_/D : -1.425022
[setup reg-reg] _46117_/Q -> _44571_/D : -1.419266
[setup reg-reg] _46344_/Q -> _43536_/D : -1.418514
[setup reg-reg] _46117_/Q -> _44567_/D : -1.417577
[setup reg-reg] _46117_/Q -> _44577_/D : -1.410399
[setup reg-reg] _46117_/Q -> _44573_/D : -1.407582
[setup reg-reg] _43495_/Q -> _43509_/D : -1.406296
[setup reg-reg] _43597_/Q -> _43680_/D : -1.405164
[setup reg-reg] _46117_/Q -> _44534_/D : -1.401951
[setup reg-reg] _46117_/Q -> _44576_/D : -1.398029
[setup reg-reg] _46117_/Q -> _44566_/D : -1.394411
[setup reg-reg] _46117_/Q -> _46088_/D : -1.390666
[setup reg-reg] _46120_/Q -> _44376_/D : -1.371263
[setup reg-reg] _46120_/Q -> _44375_/D : -1.368842
[setup reg-reg] _44179_/Q -> _44187_/D : -1.365030
[setup reg-reg] _44091_/Q -> _44100_/D : -1.362234
[setup reg-reg] _46120_/Q -> _44380_/D : -1.360968
[setup reg-reg] _46120_/Q -> _45461_/D : -1.311230
[setup reg-reg] _46120_/Q -> _44945_/D : -1.306455
[setup reg-reg] _46120_/Q -> _45320_/D : -1.304052
[setup reg-reg] _46120_/Q -> _45471_/D : -1.300776
[setup reg-reg] _46120_/Q -> _45317_/D : -1.294462
[setup reg-reg] _46120_/Q -> _45465_/D : -1.290601
[setup reg-reg] _46117_/Q -> _44538_/D : -1.290071
[setup reg-reg] _46117_/Q -> _45240_/D : -1.287813
[setup reg-reg] _46120_/Q -> _44379_/D : -1.285222
[setup reg-reg] _46120_/Q -> _45325_/D : -1.282615
[setup reg-reg] _46120_/Q -> _45327_/D : -1.282446
[setup reg-reg] _46120_/Q -> _45475_/D : -1.279846
[setup reg-reg] _46120_/Q -> _44384_/D : -1.278615
[setup reg-reg] _46120_/Q -> _45318_/D : -1.276121
[setup reg-reg] _46117_/Q -> _44539_/D : -1.275816
[setup reg-reg] _46120_/Q -> _44402_/D : -1.273645
[setup reg-reg] _46120_/Q -> _45300_/D : -1.272153
[setup reg-reg] _46120_/Q -> _45326_/D : -1.270581
[setup reg-reg] _46120_/Q -> _45476_/D : -1.268696
[setup reg-reg] _46117_/Q -> _44533_/D : -1.266734
[setup reg-reg] _46120_/Q -> _44948_/D : -1.265963
[setup reg-reg] _46120_/Q -> _45473_/D : -1.264472
[setup reg-reg] _46120_/Q -> _45319_/D : -1.264372
[setup reg-reg] _46120_/Q -> _45322_/D : -1.264262
[setup reg-reg] _43805_/Q -> _43814_/D : -1.260876
[setup reg-reg] _46120_/Q -> _45474_/D : -1.260626
[setup reg-reg] _46120_/Q -> _44396_/D : -1.260623
[setup reg-reg] _46117_/Q -> _44548_/D : -1.256652
[setup reg-reg] _46120_/Q -> _44399_/D : -1.255030
[setup reg-reg] _46117_/Q -> _44545_/D : -1.251794
[setup reg-reg] _46120_/Q -> _44329_/D : -1.251356
[setup reg-reg] _46120_/Q -> _44389_/D : -1.250941
[setup reg-reg] _46120_/Q -> _44404_/D : -1.249961
[setup reg-reg] _46120_/Q -> _45297_/D : -1.249845
[setup reg-reg] _46117_/Q -> _45243_/D : -1.248714
[setup reg-reg] _46120_/Q -> _46059_/D : -1.247475
[setup reg-reg] _46120_/Q -> _44374_/D : -1.247322
[setup reg-reg] _46120_/Q -> _44381_/D : -1.244186
[setup reg-reg] _46120_/Q -> _44398_/D : -1.242863
[setup reg-reg] _46117_/Q -> _45252_/D : -1.242084
[setup reg-reg] _46120_/Q -> _46056_/D : -1.238208
[setup reg-reg] _46120_/Q -> _44401_/D : -1.237008
[setup reg-reg] _46120_/Q -> _45472_/D : -1.233980
[setup reg-reg] _46117_/Q -> _44547_/D : -1.229115
[setup reg-reg] _46120_/Q -> _44403_/D : -1.228972
[setup reg-reg] _46120_/Q -> _44327_/D : -1.227842
[setup reg-reg] _43495_/Q -> _43508_/D : -1.227562
[setup reg-reg] _46120_/Q -> _46066_/D : -1.226774
[setup reg-reg] _46120_/Q -> _46067_/D : -1.225627
[setup reg-reg] _43913_/Q -> _44018_/D : -1.224278
[setup reg-reg] _46120_/Q -> _44382_/D : -1.221476
[setup reg-reg] _46120_/Q -> _46061_/D : -1.220990
[setup reg-reg] _46120_/Q -> _46054_/D : -1.220574
[setup reg-reg] _46120_/Q -> _46055_/D : -1.214270
[setup reg-reg] _46120_/Q -> _46057_/D : -1.213994
[setup reg-reg] _46120_/Q -> _44373_/D : -1.213695
[setup reg-reg] _46120_/Q -> _46053_/D : -1.210014
[setup reg-reg] _46120_/Q -> _46064_/D : -1.209958
[setup reg-reg] _46120_/Q -> _46062_/D : -1.209296
[setup reg-reg] _46120_/Q -> _44525_/D : -1.206762
[setup reg-reg] _46120_/Q -> _44521_/D : -1.204501
[setup reg-reg] _46120_/Q -> _46063_/D : -1.204131
[setup reg-reg] _46120_/Q -> _44522_/D : -1.197307
[setup reg-reg] _46120_/Q -> _46060_/D : -1.195780
[setup reg-reg] _46120_/Q -> _46068_/D : -1.190045
[setup reg-reg] _46120_/Q -> _44383_/D : -1.189255
[setup reg-reg] _46120_/Q -> _44519_/D : -1.175883
[setup reg-reg] _46120_/Q -> _44520_/D : -1.174654
[setup reg-reg] _46120_/Q -> _46058_/D : -1.141800
[setup reg-reg] _46120_/Q -> _44517_/D : -1.123294
[setup reg-reg] _46120_/Q -> _45945_/D : -1.122464
[setup reg-reg] _46120_/Q -> _44524_/D : -1.106812
[setup reg-reg] _46120_/Q -> _45674_/D : -1.093847
[setup reg-reg] _46120_/Q -> _44530_/D : -1.088056
[setup reg-reg] _46117_/Q -> _45820_/D : -1.087748
[setup reg-reg] _43725_/Q -> _43705_/D : -1.086075
[setup reg-reg] _46120_/Q -> _44532_/D : -1.084324
[setup reg-reg] _46120_/Q -> _45944_/D : -1.084024
[setup reg-reg] _46120_/Q -> _45950_/D : -1.083079
[setup reg-reg] _46120_/Q -> _46065_/D : -1.082415
[setup reg-reg] _46120_/Q -> _45952_/D : -1.077924
[setup reg-reg] _46120_/Q -> _44526_/D : -1.068435
[setup reg-reg] _46117_/Q -> _45817_/D : -1.068258
[setup reg-reg] _46120_/Q -> _44531_/D : -1.065271
[setup reg-reg] _46120_/Q -> _45949_/D : -1.065084
[setup reg-reg] _46117_/Q -> _44286_/D : -1.063668
[setup reg-reg] _46117_/Q -> _45814_/D : -1.061198
[setup reg-reg] _43562_/Q -> _43551_/D : -1.056491
[setup reg-reg] _46120_/Q -> _44527_/D : -1.054263
[setup reg-reg] _46117_/Q -> _45821_/D : -1.049235
[setup reg-reg] _46117_/Q -> _45822_/D : -1.039436
[setup reg-reg] _46120_/Q -> _45946_/D : -1.035200
[setup reg-reg] _46117_/Q -> _45816_/D : -1.028535
[setup reg-reg] _46117_/Q -> _45815_/D : -1.025959
[setup reg-reg] _46120_/Q -> _45943_/D : -1.024198
[setup reg-reg] _43803_/Q -> _43960_/D : -1.021734
[setup reg-out] _44223_/Q -> module_status_flags_out[1] : -1.019810
[setup reg-reg] _46120_/Q -> _45941_/D : -1.018450
[setup reg-reg] _46120_/Q -> _45947_/D : -1.004779
[setup reg-reg] _46117_/Q -> _45818_/D : -1.004043
[setup reg-reg] _43803_/Q -> _43945_/D : -1.002181
[setup reg-reg] _46344_/Q -> _43535_/D : -1.001504
[setup reg-reg] _46117_/Q -> _45819_/D : -0.980610
[setup reg-reg] _43803_/Q -> _44221_/D : -0.967274
[setup reg-reg] _43803_/Q -> _44161_/D : -0.948233
[setup reg-reg] _44114_/Q -> _44170_/D : -0.947626
[setup reg-reg] _44114_/Q -> _44174_/D : -0.941869
[setup reg-reg] _44010_/Q -> _43980_/D : -0.939160
[setup reg-reg] _44114_/Q -> _44171_/D : -0.935421
[setup reg-reg] _44114_/Q -> _44169_/D : -0.935216
[setup reg-reg] _43803_/Q -> _43894_/D : -0.927710
[setup reg-reg] _43803_/Q -> _44040_/D : -0.927538
[setup reg-reg] _44114_/Q -> _44164_/D : -0.925503
[setup reg-reg] _46159_/Q -> _46161_/D : -0.925479
[setup reg-reg] _44114_/Q -> _44163_/D : -0.922357
[setup reg-reg] _46120_/Q -> _45975_/D : -0.919654
[setup reg-reg] _44091_/Q -> _44099_/D : -0.914286
[setup reg-reg] _46120_/Q -> _45974_/D : -0.913729
[setup reg-reg] _44179_/Q -> _44186_/D : -0.908198
[setup reg-reg] _44114_/Q -> _44165_/D : -0.908164
[setup reg-reg] _44114_/Q -> _44168_/D : -0.903697
[setup reg-reg] _44114_/Q -> _44162_/D : -0.903437
[setup reg-reg] _44114_/Q -> _44176_/D : -0.902080
[setup reg-reg] _46117_/Q -> _44863_/D : -0.901260
[setup reg-reg] _44114_/Q -> _44172_/D : -0.900950
[setup reg-reg] _46120_/Q -> _45976_/D : -0.899925
[setup reg-reg] _44114_/Q -> _44166_/D : -0.896505
[setup reg-reg] _44114_/Q -> _44167_/D : -0.895380
[setup reg-reg] _44114_/Q -> _44175_/D : -0.892578
[setup reg-reg] _44114_/Q -> _44173_/D : -0.890963
[setup reg-reg] _44223_/Q -> _45097_/D : -0.879966
[setup reg-reg] _44223_/Q -> _45093_/D : -0.873068
[setup reg-reg] _46117_/Q -> _44855_/D : -0.873000
[setup reg-reg] _46117_/Q -> _45730_/D : -0.872218
[setup reg-reg] _46117_/Q -> _45687_/D : -0.870839
[setup reg-reg] _46120_/Q -> _44784_/D : -0.863968
[setup reg-reg] _46120_/Q -> _45979_/D : -0.863003
[setup reg-reg] _44223_/Q -> _45100_/D : -0.859263
[setup reg-reg] _46117_/Q -> _44856_/D : -0.857929
[setup reg-reg] _46117_/Q -> _44859_/D : -0.857867
[setup reg-reg] _43803_/Q -> _43879_/D : -0.856567
[setup reg-reg] _46117_/Q -> _45699_/D : -0.854931
[setup reg-reg] _44223_/Q -> _45105_/D : -0.853481
[setup reg-reg] _44223_/Q -> _45585_/D : -0.853318
[setup reg-reg] _46117_/Q -> _46087_/D : -0.852514
[setup reg-reg] _46120_/Q -> _44939_/D : -0.852380
[setup reg-reg] _43776_/Q -> _43813_/D : -0.852169
[setup reg-reg] _46117_/Q -> _44861_/D : -0.849782
[setup reg-reg] _43803_/Q -> _44076_/D : -0.849369
[setup reg-reg] _46117_/Q -> _46096_/D : -0.849108
[setup reg-reg] _46117_/Q -> _44857_/D : -0.848520
[setup reg-reg] _46120_/Q -> _46125_/D : -0.848243
[setup reg-reg] _46120_/Q -> _44786_/D : -0.847718
[setup reg-reg] _46117_/Q -> _46094_/D : -0.847461
[setup reg-reg] _46120_/Q -> _44780_/D : -0.845264
[setup reg-reg] _46117_/Q -> _46089_/D : -0.842756
[setup reg-reg] _44223_/Q -> _45560_/D : -0.841360
[setup reg-reg] _44223_/Q -> _45588_/D : -0.840296
[setup reg-reg] _46120_/Q -> _44774_/D : -0.840248
[setup reg-reg] _46120_/Q -> _44775_/D : -0.836510
[setup reg-reg] _44223_/Q -> _45563_/D : -0.836181
[setup reg-reg] _44179_/Q -> _43732_/D : -0.834721
[setup reg-reg] _46120_/Q -> _44783_/D : -0.832185
[setup reg-reg] _46117_/Q -> _44867_/D : -0.829760
[setup reg-reg] _46117_/Q -> _44866_/D : -0.829354
[setup reg-reg] _46117_/Q -> _45723_/D : -0.829123
[setup reg-reg] _46117_/Q -> _44569_/D : -0.828767
[setup reg-reg] _46120_/Q -> _44773_/D : -0.827933
[setup reg-reg] _44223_/Q -> _45107_/D : -0.827508
[setup reg-reg] _46117_/Q -> _46097_/D : -0.825986
[setup reg-reg] _46117_/Q -> _46085_/D : -0.825914
[setup reg-reg] _44223_/Q -> _45108_/D : -0.825679
[setup reg-reg] _46120_/Q -> _44785_/D : -0.825248
[setup reg-reg] _44223_/Q -> _45103_/D : -0.825215
[setup reg-reg] _44223_/Q -> _45106_/D : -0.824339
[setup reg-reg] _46117_/Q -> _46092_/D : -0.824195
[setup reg-reg] _46117_/Q -> _44862_/D : -0.823322
[setup reg-reg] _46117_/Q -> _44853_/D : -0.823222
[setup reg-reg] _46117_/Q -> _46213_/D : -0.823193
[setup reg-reg] _46117_/Q -> _46093_/D : -0.822636
[setup reg-reg] _46120_/Q -> _44936_/D : -0.822225
[setup reg-reg] _46117_/Q -> _45726_/D : -0.821724
[setup reg-reg] _46117_/Q -> _46218_/D : -0.819932
[setup reg-reg] _46120_/Q -> _44782_/D : -0.819793
[setup reg-reg] _46117_/Q -> _45728_/D : -0.819626
[setup reg-reg] _46120_/Q -> _46137_/D : -0.819562
[setup reg-reg] _46117_/Q -> _46099_/D : -0.819497
[setup reg-reg] _46117_/Q -> _45724_/D : -0.819245
[setup reg-reg] _43913_/Q -> _44017_/D : -0.818996
[setup reg-reg] _44223_/Q -> _45433_/D : -0.817591
[setup reg-reg] _46117_/Q -> _46217_/D : -0.817475
[setup reg-reg] _46117_/Q -> _45725_/D : -0.816932
[setup reg-reg] _46117_/Q -> _45731_/D : -0.813872
[setup reg-reg] _46117_/Q -> _44579_/D : -0.813403
[setup reg-reg] _46117_/Q -> _45720_/D : -0.813352
[setup reg-reg] _46117_/Q -> _45729_/D : -0.812493
[setup reg-reg] _44223_/Q -> _45153_/D : -0.812180
[setup reg-reg] _46117_/Q -> _44854_/D : -0.812098
[setup reg-reg] _46120_/Q -> _45715_/D : -0.810689
[setup reg-reg] _46117_/Q -> _46086_/D : -0.809630
[setup reg-reg] _46120_/Q -> _45982_/D : -0.809077
[setup reg-reg] _46120_/Q -> _45323_/D : -0.809049
[setup reg-reg] _44223_/Q -> _44901_/D : -0.808875
[setup reg-reg] _46120_/Q -> _44778_/D : -0.807650
[setup reg-reg] _46117_/Q -> _44860_/D : -0.807609
[setup reg-reg] _46117_/Q -> _46095_/D : -0.807597
[setup reg-reg] _44223_/Q -> _45566_/D : -0.807377
[setup reg-reg] _46120_/Q -> _45714_/D : -0.807162
[setup reg-reg] _46120_/Q -> _44781_/D : -0.805989
[setup reg-reg] _46120_/Q -> _44787_/D : -0.805586
[setup reg-reg] _46117_/Q -> _45692_/D : -0.805490
[setup reg-reg] _44223_/Q -> _45557_/D : -0.804345
[setup reg-reg] _44223_/Q -> _45567_/D : -0.803737
[setup reg-reg] _46117_/Q -> _45700_/D : -0.802699
[setup reg-reg] _44223_/Q -> _45558_/D : -0.802568
[setup reg-reg] _46117_/Q -> _46210_/D : -0.802052
[setup reg-reg] _46120_/Q -> _46135_/D : -0.801276
[setup reg-reg] _46117_/Q -> _46215_/D : -0.801017
[setup reg-reg] _46120_/Q -> _44777_/D : -0.799510
[setup reg-reg] _46117_/Q -> _45717_/D : -0.798972
[setup reg-reg] _46117_/Q -> _46219_/D : -0.797926
[setup reg-reg] _46117_/Q -> _46222_/D : -0.797881
[setup reg-reg] _46117_/Q -> _46098_/D : -0.797147
[setup reg-reg] _43562_/Q -> _43550_/D : -0.796398
[setup reg-reg] _46117_/Q -> _45722_/D : -0.796238
[setup in-reg] rst_n -> _44013_/D : -0.796079
[setup reg-reg] _46120_/Q -> _44385_/D : -0.795690
[setup reg-reg] _46117_/Q -> _46100_/D : -0.795136
[setup reg-reg] _43725_/Q -> _43704_/D : -0.793706
[setup reg-reg] _46120_/Q -> _44779_/D : -0.793625
[setup reg-reg] _46117_/Q -> _45727_/D : -0.793116
[setup reg-reg] _44223_/Q -> _45430_/D : -0.790966
[setup reg-reg] _46117_/Q -> _44864_/D : -0.790734
[setup reg-reg] _44223_/Q -> _44908_/D : -0.789810
[setup reg-reg] _46120_/Q -> _45977_/D : -0.789522
[setup reg-reg] _46120_/Q -> _44940_/D : -0.788668
[setup reg-reg] _46120_/Q -> _44942_/D : -0.788407
[setup reg-reg] _44223_/Q -> _44302_/D : -0.788364
[setup reg-reg] _46120_/Q -> _45328_/D : -0.787244
[setup reg-reg] _44223_/Q -> _44916_/D : -0.786708
[setup reg-reg] _46117_/Q -> _45718_/D : -0.786295
[setup reg-reg] _46120_/Q -> _45467_/D : -0.785737
[setup reg-reg] _46120_/Q -> _44935_/D : -0.784739
[setup reg-reg] _46117_/Q -> _46216_/D : -0.784266
[setup reg-reg] _46117_/Q -> _45721_/D : -0.783493
[setup reg-reg] _46120_/Q -> _44934_/D : -0.782829
[setup reg-reg] _44223_/Q -> _45559_/D : -0.780428
[setup reg-reg] _46120_/Q -> _44776_/D : -0.778616
[setup reg-reg] _44223_/Q -> _44913_/D : -0.778497
[setup reg-reg] _46117_/Q -> _45685_/D : -0.778203
[setup reg-reg] _46120_/Q -> _46123_/D : -0.777983
[setup reg-reg] _44223_/Q -> _45436_/D : -0.777126
[setup reg-reg] _44223_/Q -> _45437_/D : -0.776744
[setup reg-reg] _46117_/Q -> _45698_/D : -0.776391
[setup reg-reg] _44223_/Q -> _45439_/D : -0.776113
[setup reg-reg] _46120_/Q -> _44946_/D : -0.776020
[setup reg-reg] _46120_/Q -> _45708_/D : -0.775271
[setup reg-reg] _44223_/Q -> _44905_/D : -0.775120
[setup reg-reg] _44223_/Q -> _44911_/D : -0.774902
[setup reg-reg] _46117_/Q -> _46212_/D : -0.774882
[setup reg-reg] _46120_/Q -> _45464_/D : -0.774191
[setup reg-reg] _44223_/Q -> _44914_/D : -0.772599
[setup reg-reg] _46120_/Q -> _44943_/D : -0.772419
[setup reg-reg] _46120_/Q -> _45981_/D : -0.771903
[setup reg-reg] _46117_/Q -> _46214_/D : -0.771682
[setup reg-reg] _46120_/Q -> _46134_/D : -0.770568
[setup reg-reg] _46120_/Q -> _44944_/D : -0.770292
[setup reg-reg] _44223_/Q -> _44915_/D : -0.768909
[setup reg-reg] _46120_/Q -> _45716_/D : -0.768364
[setup reg-reg] _46117_/Q -> _46211_/D : -0.767405
[setup reg-reg] _44223_/Q -> _45429_/D : -0.767331
[setup reg-reg] _46120_/Q -> _45922_/D : -0.766804
[setup reg-reg] _46120_/Q -> _45985_/D : -0.765541
[setup reg-reg] _46120_/Q -> _46138_/D : -0.765221
[setup reg-reg] _46117_/Q -> _46011_/D : -0.765220
[setup reg-reg] _46120_/Q -> _46133_/D : -0.764649
[setup reg-reg] _46120_/Q -> _45329_/D : -0.764406
[setup reg-reg] _44223_/Q -> _44873_/D : -0.764210
[setup reg-reg] _46117_/Q -> _45719_/D : -0.763575
[setup reg-reg] _46120_/Q -> _45324_/D : -0.763285
[setup reg-reg] _46117_/Q -> _46223_/D : -0.762799
[setup reg-reg] _46117_/Q -> _44574_/D : -0.762574
[setup reg-reg] _44223_/Q -> _45156_/D : -0.762371
[setup reg-reg] _46120_/Q -> _46128_/D : -0.762272
[setup reg-reg] _46120_/Q -> _45986_/D : -0.762189
[setup reg-reg] _46120_/Q -> _44937_/D : -0.761306
[setup reg-reg] _46120_/Q -> _45466_/D : -0.761258
[setup reg-reg] _46117_/Q -> _44580_/D : -0.761197
[setup reg-reg] _46117_/Q -> _46221_/D : -0.760673
[setup reg-reg] _46117_/Q -> _44578_/D : -0.760555
[setup reg-reg] _46120_/Q -> _45330_/D : -0.759476
[setup reg-reg] _44223_/Q -> _44878_/D : -0.758966
[setup reg-reg] _46117_/Q -> _44570_/D : -0.758794
[setup reg-reg] _44223_/Q -> _44297_/D : -0.758043
[setup reg-reg] _46120_/Q -> _45712_/D : -0.757892
[setup reg-reg] _46120_/Q -> _46132_/D : -0.757630
[setup reg-reg] _44223_/Q -> _45438_/D : -0.756249
[setup reg-reg] _46120_/Q -> _46130_/D : -0.756043
[setup reg-reg] _46120_/Q -> _46126_/D : -0.754813
[setup reg-reg] _46117_/Q -> _44565_/D : -0.754546
[setup reg-reg] _46120_/Q -> _45978_/D : -0.753725
[setup reg-reg] _46120_/Q -> _45973_/D : -0.753562
[setup reg-reg] _46120_/Q -> _45988_/D : -0.752079
[setup reg-reg] _46117_/Q -> _44536_/D : -0.750820
[setup reg-reg] _46120_/Q -> _45984_/D : -0.750663
[setup reg-reg] _44223_/Q -> _45562_/D : -0.750611
[setup reg-reg] _46117_/Q -> _46090_/D : -0.746281
[setup reg-reg] _46120_/Q -> _46127_/D : -0.744731
[setup reg-reg] _46120_/Q -> _44325_/D : -0.744159
[setup reg-reg] _46120_/Q -> _45920_/D : -0.744150
[setup reg-reg] _46120_/Q -> _44947_/D : -0.740233
[setup reg-reg] _46120_/Q -> _44788_/D : -0.738922
[setup reg-reg] _46120_/Q -> _44938_/D : -0.736669
[setup reg-reg] _46120_/Q -> _45296_/D : -0.736454
[setup reg-reg] _46120_/Q -> _45704_/D : -0.736054
[setup reg-reg] _46120_/Q -> _45462_/D : -0.735850
[setup reg-reg] _46117_/Q -> _46005_/D : -0.735402
[setup reg-reg] _46120_/Q -> _44933_/D : -0.735168
[setup reg-reg] _46120_/Q -> _45331_/D : -0.734230
[setup reg-reg] _46120_/Q -> _45980_/D : -0.733776
[setup reg-reg] _46120_/Q -> _46129_/D : -0.733093
[setup reg-reg] _46120_/Q -> _45911_/D : -0.731647
[setup reg-reg] _46120_/Q -> _45713_/D : -0.729516
[setup reg-reg] _46120_/Q -> _45321_/D : -0.729242
[setup reg-reg] _46120_/Q -> _46124_/D : -0.728975
[setup reg-reg] _46120_/Q -> _45912_/D : -0.726697
[setup reg-reg] _46120_/Q -> _44941_/D : -0.726167
[setup reg-reg] _46120_/Q -> _45987_/D : -0.725113
[setup reg-reg] _46120_/Q -> _46136_/D : -0.723575
[setup reg-reg] _46117_/Q -> _45695_/D : -0.723226
[setup reg-reg] _46120_/Q -> _44332_/D : -0.721928
[setup reg-reg] _46120_/Q -> _45299_/D : -0.721423
[setup reg-reg] _46120_/Q -> _45707_/D : -0.721311
[setup reg-reg] _46120_/Q -> _44330_/D : -0.720453
[setup reg-reg] _46120_/Q -> _45918_/D : -0.720399
[setup reg-reg] _46120_/Q -> _45917_/D : -0.719562
[setup reg-reg] _46120_/Q -> _44333_/D : -0.717519
[setup reg-reg] _46117_/Q -> _44575_/D : -0.714918
[setup reg-reg] _46120_/Q -> _45292_/D : -0.714692
[setup reg-reg] _46120_/Q -> _45710_/D : -0.714489
[setup reg-reg] _46120_/Q -> _45701_/D : -0.712890
[setup reg-reg] _46120_/Q -> _45909_/D : -0.712259
[setup reg-reg] _44223_/Q -> _44303_/D : -0.712187
[setup reg-reg] _46120_/Q -> _45291_/D : -0.710994
[setup reg-reg] _46117_/Q -> _46008_/D : -0.710826
[setup reg-reg] _46117_/Q -> _46015_/D : -0.710034
[setup reg-reg] _46117_/Q -> _45251_/D : -0.709831
[setup reg-reg] _46117_/Q -> _46007_/D : -0.709023
[setup reg-reg] _46117_/Q -> _46014_/D : -0.708350
[setup reg-reg] _46120_/Q -> _45910_/D : -0.708038
[setup reg-reg] _46120_/Q -> _44336_/D : -0.707874
[setup reg-reg] _46117_/Q -> _46013_/D : -0.707752
[setup reg-reg] _46120_/Q -> _45921_/D : -0.707538
[setup reg-reg] _46117_/Q -> _45696_/D : -0.706872
[setup reg-reg] _46117_/Q -> _45693_/D : -0.705683
[setup reg-reg] _46120_/Q -> _44393_/D : -0.703249
[setup reg-reg] _46117_/Q -> _46006_/D : -0.703137
[setup reg-reg] _46120_/Q -> _44335_/D : -0.702060
[setup reg-reg] _46120_/Q -> _44397_/D : -0.701962
[setup reg-reg] _46117_/Q -> _45697_/D : -0.701894
[setup reg-reg] _46120_/Q -> _44378_/D : -0.700161
[setup reg-reg] _46117_/Q -> _45688_/D : -0.700045
[setup reg-reg] _46120_/Q -> _45706_/D : -0.699478
[setup reg-reg] _46120_/Q -> _45298_/D : -0.698817
[setup reg-reg] _46117_/Q -> _46018_/D : -0.697507
[setup reg-reg] _46120_/Q -> _44340_/D : -0.697501
[setup reg-reg] _46120_/Q -> _45913_/D : -0.695079
[setup reg-reg] _46120_/Q -> _45983_/D : -0.694437
[setup reg-reg] _44223_/Q -> _46336_/D : -0.694031
[setup reg-reg] _46120_/Q -> _45923_/D : -0.693758
[setup reg-reg] _46120_/Q -> _45295_/D : -0.693739
[setup reg-reg] _46120_/Q -> _45470_/D : -0.692668
[setup reg-reg] _46117_/Q -> _45247_/D : -0.691928
[setup reg-reg] _46117_/Q -> _46019_/D : -0.691305
[setup reg-reg] _46120_/Q -> _44334_/D : -0.688628
[setup reg-reg] _46120_/Q -> _44388_/D : -0.688417
[setup reg-reg] _46117_/Q -> _45690_/D : -0.687080
[setup reg-reg] _44223_/Q -> _46112_/D : -0.686033
[setup reg-reg] _46120_/Q -> _44387_/D : -0.685874
[setup reg-reg] _46117_/Q -> _44493_/D : -0.685486
[setup reg-reg] _46117_/Q -> _44490_/D : -0.681943
[setup reg-reg] _46120_/Q -> _44386_/D : -0.681680
[setup reg-reg] _46117_/Q -> _44487_/D : -0.681105
[setup reg-reg] _46120_/Q -> _45703_/D : -0.680487
[setup reg-reg] _46120_/Q -> _45709_/D : -0.678758
[setup reg-reg] _46120_/Q -> _45915_/D : -0.678722
[setup reg-reg] _46120_/Q -> _45924_/D : -0.677890
[setup reg-reg] _46120_/Q -> _45294_/D : -0.677142
[setup reg-reg] _46117_/Q -> _44343_/D : -0.676061
[setup reg-reg] _46117_/Q -> _44496_/D : -0.675851
[setup reg-reg] _46120_/Q -> _45288_/D : -0.675435
[setup reg-reg] _46117_/Q -> _44344_/D : -0.674274
[setup reg-reg] _46120_/Q -> _45711_/D : -0.673858
[setup reg-reg] _46120_/Q -> _45285_/D : -0.672904
[setup reg-reg] _46120_/Q -> _44331_/D : -0.672250
[setup reg-reg] _46117_/Q -> _45363_/D : -0.671158
[setup reg-reg] _46117_/Q -> _45248_/D : -0.670743
[setup reg-reg] _46117_/Q -> _45694_/D : -0.669939
[setup reg-reg] _46117_/Q -> _45250_/D : -0.669264
[setup reg-reg] _46120_/Q -> _44328_/D : -0.668666
[setup reg-reg] _46117_/Q -> _46016_/D : -0.668318
[setup reg-reg] _46117_/Q -> _46009_/D : -0.667025
[setup reg-reg] _43495_/Q -> _43507_/D : -0.666611
[setup reg-reg] _46120_/Q -> _44326_/D : -0.666075
[setup reg-reg] _46117_/Q -> _45249_/D : -0.665359
[setup reg-reg] _46117_/Q -> _44485_/D : -0.665286
[setup reg-reg] _46120_/Q -> _46131_/D : -0.665154
[setup reg-reg] _46117_/Q -> _44489_/D : -0.664979
[setup reg-reg] _44223_/Q -> _46110_/D : -0.664510
[setup reg-reg] _46117_/Q -> _46017_/D : -0.664372
[setup reg-reg] _44223_/Q -> _44714_/D : -0.664347
[setup reg-reg] _46117_/Q -> _45362_/D : -0.663041
[setup reg-reg] _46120_/Q -> _45293_/D : -0.662735
[setup reg-reg] _44223_/Q -> _46109_/D : -0.662596
[setup reg-reg] _46120_/Q -> _45702_/D : -0.661247
[setup reg-reg] _46117_/Q -> _45355_/D : -0.660527
[setup reg-reg] _46117_/Q -> _44491_/D : -0.660211
[setup reg-reg] _46117_/Q -> _45246_/D : -0.659256
[setup reg-reg] _44223_/Q -> _46113_/D : -0.659083
[setup reg-reg] _46120_/Q -> _45705_/D : -0.658956
[setup reg-reg] _46120_/Q -> _45290_/D : -0.658065
[setup reg-reg] _46117_/Q -> _44492_/D : -0.657950
[setup reg-reg] _46117_/Q -> _45400_/D : -0.657420
[setup reg-reg] _44223_/Q -> _46106_/D : -0.656340
[setup reg-reg] _46117_/Q -> _44535_/D : -0.655997
[setup reg-reg] _46117_/Q -> _44495_/D : -0.655680
[setup reg-reg] _44223_/Q -> _46104_/D : -0.655355
[setup reg-reg] _46117_/Q -> _45691_/D : -0.655009
[setup reg-reg] _46117_/Q -> _45686_/D : -0.653590
[setup reg-reg] _46120_/Q -> _45286_/D : -0.652421
[setup reg-reg] _46117_/Q -> _45352_/D : -0.648731
[setup reg-reg] _46117_/Q -> _45244_/D : -0.647205
[setup reg-reg] _46117_/Q -> _45241_/D : -0.647048
[setup reg-reg] _44223_/Q -> _46108_/D : -0.645447
[setup reg-reg] _46120_/Q -> _44400_/D : -0.643827
[setup reg-reg] _46117_/Q -> _45360_/D : -0.642469
[setup reg-reg] _46120_/Q -> _45287_/D : -0.642451
[setup reg-reg] _46117_/Q -> _46010_/D : -0.641947
[setup reg-reg] _46117_/Q -> _46012_/D : -0.641935
[setup reg-reg] _46117_/Q -> _45359_/D : -0.641735
[setup reg-reg] _46117_/Q -> _45358_/D : -0.640748
[setup reg-reg] _46117_/Q -> _44497_/D : -0.640349
[setup reg-reg] _46117_/Q -> _44541_/D : -0.640288
[setup reg-reg] _46117_/Q -> _44858_/D : -0.639961
[setup reg-reg] _46117_/Q -> _45361_/D : -0.639903
[setup reg-reg] _46117_/Q -> _44488_/D : -0.639490
[setup reg-reg] _46117_/Q -> _45350_/D : -0.638657
[setup reg-reg] _44223_/Q -> _46103_/D : -0.637832
[setup reg-reg] _46120_/Q -> _45289_/D : -0.637476
[setup reg-reg] _43913_/Q -> _44016_/D : -0.636933
[setup reg-reg] _43803_/Q -> _43866_/D : -0.636476
[setup reg-reg] _46117_/Q -> _44245_/D : -0.636462
[setup reg-reg] _44223_/Q -> _46107_/D : -0.635302
[setup reg-reg] _46117_/Q -> _45353_/D : -0.634415
[setup reg-reg] _46117_/Q -> _44486_/D : -0.634270
[setup reg-reg] _46117_/Q -> _45351_/D : -0.633561
[setup reg-reg] _46120_/Q -> _44391_/D : -0.630837
[setup reg-reg] _46117_/Q -> _44540_/D : -0.629806
[setup reg-reg] _43580_/Q -> _43779_/D : -0.628387
[setup reg-reg] _46117_/Q -> _44249_/D : -0.625936
[setup reg-reg] _46117_/Q -> _44494_/D : -0.624397
[setup reg-reg] _46117_/Q -> _44544_/D : -0.623538
[setup reg-reg] _46117_/Q -> _45239_/D : -0.621869
[setup reg-reg] _46117_/Q -> _45995_/D : -0.621797
[setup reg-reg] _43495_/Q -> _43506_/D : -0.620883
[setup reg-reg] _43580_/Q -> _43776_/D : -0.620633
[setup reg-out] _44226_/Q -> module_status_flags_out[9] : -0.619266
[setup reg-reg] _46117_/Q -> _45245_/D : -0.616534
[setup reg-reg] _46117_/Q -> _44546_/D : -0.613193
[setup reg-reg] _44223_/Q -> _46195_/D : -0.611685
[setup reg-reg] _46120_/Q -> _44648_/D : -0.610997
[setup reg-reg] _46117_/Q -> _45356_/D : -0.606418
[setup reg-reg] _46117_/Q -> _44250_/D : -0.605286
[setup reg-reg] _46117_/Q -> _45357_/D : -0.604805
[setup reg-reg] _44223_/Q -> _46200_/D : -0.604792
[setup reg-reg] _46117_/Q -> _44258_/D : -0.604334
[setup reg-reg] _46117_/Q -> _45990_/D : -0.602815
[setup reg-reg] _46117_/Q -> _45349_/D : -0.602268
[setup reg-reg] _46117_/Q -> _45364_/D : -0.598487
[setup reg-reg] _46117_/Q -> _44542_/D : -0.598368
[setup reg-reg] _46117_/Q -> _45994_/D : -0.597873
[setup reg-reg] _46117_/Q -> _44543_/D : -0.595948
[setup reg-reg] _44223_/Q -> _46332_/D : -0.591995
[setup reg-reg] _43803_/Q -> _43918_/D : -0.589624
[setup reg-reg] _44223_/Q -> _46325_/D : -0.588493
[setup reg-reg] _46117_/Q -> _44253_/D : -0.588276
[setup reg-reg] _46117_/Q -> _44248_/D : -0.586534
[setup reg-reg] _43803_/Q -> _43838_/D : -0.586527
[setup reg-reg] _46117_/Q -> _44259_/D : -0.586045
[setup reg-out] _44225_/Q -> module_status_flags_out[8] : -0.585227
[setup reg-reg] _46117_/Q -> _45989_/D : -0.584550
[setup reg-reg] _46117_/Q -> _44247_/D : -0.583599
[setup reg-reg] _46120_/Q -> _44647_/D : -0.582030
[setup reg-reg] _46117_/Q -> _44257_/D : -0.576207
[setup reg-reg] _44223_/Q -> _46335_/D : -0.575358
[setup reg-reg] _46117_/Q -> _45991_/D : -0.574849
[setup reg-reg] _46120_/Q -> _44652_/D : -0.573595
[setup reg-reg] _46117_/Q -> _44260_/D : -0.573306
[setup reg-reg] _46117_/Q -> _44256_/D : -0.573062
[setup reg-reg] _46120_/Q -> _45525_/D : -0.571773
[setup reg-reg] _44223_/Q -> _46330_/D : -0.570390
[setup reg-reg] _43803_/Q -> _43930_/D : -0.570299
[setup reg-reg] _46117_/Q -> _44345_/D : -0.567984
[setup reg-reg] _46117_/Q -> _44972_/D : -0.567819
[setup reg-reg] _46117_/Q -> _44254_/D : -0.567274
[setup reg-reg] _46120_/Q -> _44649_/D : -0.567203
[setup reg-reg] _43803_/Q -> _44218_/D : -0.567180
[setup reg-reg] _46117_/Q -> _45997_/D : -0.564901
[setup reg-reg] _46117_/Q -> _44255_/D : -0.561540
[setup reg-reg] _46117_/Q -> _44978_/D : -0.560280
[setup reg-reg] _46117_/Q -> _44968_/D : -0.559643
[setup reg-reg] _46117_/Q -> _44349_/D : -0.556901
[setup reg-reg] _43803_/Q -> _44208_/D : -0.556355
[setup reg-reg] _46117_/Q -> _45999_/D : -0.555885
[setup reg-reg] _43803_/Q -> _43901_/D : -0.555518
[setup reg-reg] _43580_/Q -> _43778_/D : -0.555371
[setup reg-reg] _46117_/Q -> _44341_/D : -0.554747
[setup reg-reg] _46117_/Q -> _44352_/D : -0.553873
[setup reg-reg] _44223_/Q -> _45752_/D : -0.553397
[setup reg-reg] _46117_/Q -> _45993_/D : -0.553385
[setup reg-reg] _46120_/Q -> _45680_/D : -0.552975
[setup reg-reg] _46117_/Q -> _45354_/D : -0.552705
[setup reg-reg] _46117_/Q -> _44342_/D : -0.552238
[setup reg-reg] _44223_/Q -> _44586_/D : -0.552090
[setup reg-reg] _46120_/Q -> _45681_/D : -0.550817
[setup reg-reg] _43803_/Q -> _44082_/D : -0.550400
[setup reg-reg] _46117_/Q -> _45874_/D : -0.548055
[setup reg-reg] _46120_/Q -> _44528_/D : -0.546956
[setup reg-reg] _43803_/Q -> _43967_/D : -0.546884
[setup reg-reg] _44179_/Q -> _44185_/D : -0.546759
[setup reg-reg] _46120_/Q -> _45526_/D : -0.546201
[setup reg-reg] _46117_/Q -> _44976_/D : -0.545389
[setup reg-reg] _46120_/Q -> _45528_/D : -0.544047
[setup reg-reg] _43803_/Q -> _43876_/D : -0.543856
[setup reg-reg] _44091_/Q -> _44098_/D : -0.543096
[setup reg-reg] _46117_/Q -> _45875_/D : -0.542819
[setup reg-reg] _44223_/Q -> _45761_/D : -0.541529
[setup reg-reg] _43803_/Q -> _43961_/D : -0.540903
[setup reg-reg] _46120_/Q -> _45682_/D : -0.540074
[setup reg-reg] _46117_/Q -> _44974_/D : -0.539938
[setup reg-reg] _44223_/Q -> _46326_/D : -0.539005
[setup reg-reg] _46117_/Q -> _44977_/D : -0.538876
[setup reg-reg] _46120_/Q -> _44654_/D : -0.538426
[setup reg-reg] _43803_/Q -> _43933_/D : -0.537470
[setup reg-reg] _46117_/Q -> _45996_/D : -0.536501
[setup reg-reg] _46117_/Q -> _44252_/D : -0.535851
[setup reg-reg] _43803_/Q -> _43934_/D : -0.535771
[setup reg-reg] _44223_/Q -> _46333_/D : -0.533169
[setup reg-reg] _46120_/Q -> _45678_/D : -0.532410
[setup reg-reg] _46159_/Q -> _46242_/D : -0.531347
[setup reg-reg] _44223_/Q -> _46329_/D : -0.529771
[setup reg-reg] _46120_/Q -> _45531_/D : -0.528939
[setup reg-reg] _46117_/Q -> _45866_/D : -0.528109
[setup reg-reg] _46120_/Q -> _45677_/D : -0.527887
[setup reg-reg] _46117_/Q -> _44967_/D : -0.527822
[setup reg-reg] _43803_/Q -> _43950_/D : -0.527080
[setup reg-reg] _46117_/Q -> _44251_/D : -0.526856
[setup reg-reg] _46117_/Q -> _44246_/D : -0.526026
[setup reg-reg] _46117_/Q -> _44979_/D : -0.525993
[setup reg-reg] _43803_/Q -> _43962_/D : -0.525974
[setup reg-reg] _46117_/Q -> _44971_/D : -0.525271
[setup reg-reg] _43803_/Q -> _44050_/D : -0.524522
[setup reg-reg] _44223_/Q -> _46270_/D : -0.523666
[setup reg-reg] _46120_/Q -> _44529_/D : -0.523119
[setup reg-reg] _44223_/Q -> _46209_/D : -0.522562
[setup reg-reg] _46117_/Q -> _44965_/D : -0.522116
[setup reg-reg] _46117_/Q -> _44973_/D : -0.521607
[setup reg-reg] _46117_/Q -> _45869_/D : -0.521371
[setup reg-reg] _46117_/Q -> _44980_/D : -0.520759
[setup reg-reg] _46120_/Q -> _45683_/D : -0.520069
[setup reg-reg] _46117_/Q -> _45405_/D : -0.519881
[setup reg-reg] _46117_/Q -> _45862_/D : -0.518949
[setup reg-reg] _46117_/Q -> _45397_/D : -0.518126
[setup reg-reg] _44223_/Q -> _46265_/D : -0.517323
[setup reg-reg] _43803_/Q -> _43868_/D : -0.516132
[setup reg-reg] _46117_/Q -> _44348_/D : -0.515285
[setup reg-reg] _43803_/Q -> _43965_/D : -0.515224
[setup reg-reg] _46120_/Q -> _45530_/D : -0.514565
[setup reg-reg] _46120_/Q -> _45670_/D : -0.513991
[setup reg-reg] _46120_/Q -> _44651_/D : -0.513658
[setup reg-reg] _46120_/Q -> _45951_/D : -0.513197
[setup reg-reg] _46117_/Q -> _45403_/D : -0.511898
[setup reg-reg] _46120_/Q -> _44518_/D : -0.511824
[setup reg-reg] _43803_/Q -> _43900_/D : -0.511318
[setup reg-reg] _46117_/Q -> _45408_/D : -0.510791
[setup in-reg] rst_n -> _44012_/D : -0.508224
[setup reg-reg] _46117_/Q -> _45398_/D : -0.508162
[setup reg-reg] _46117_/Q -> _45409_/D : -0.507828
[setup reg-reg] _46117_/Q -> _45861_/D : -0.506673
[setup reg-reg] _44223_/Q -> _44635_/D : -0.506333
[setup reg-reg] _46117_/Q -> _45401_/D : -0.506283
[setup reg-reg] _43803_/Q -> _43854_/D : -0.505496
[setup reg-reg] _46120_/Q -> _45676_/D : -0.504374
[setup reg-reg] _46120_/Q -> _44650_/D : -0.503708
[setup in-reg] rst_n -> _44015_/D : -0.500462
[setup reg-reg] _46117_/Q -> _44455_/D : -0.500098
[setup reg-reg] _46117_/Q -> _45863_/D : -0.497666
[setup reg-reg] _43803_/Q -> _43947_/D : -0.497568
[setup reg-reg] _44223_/Q -> _44632_/D : -0.497534
[setup reg-reg] _46117_/Q -> _45864_/D : -0.497534
[setup reg-reg] _43803_/Q -> _44077_/D : -0.497152
[setup reg-reg] _46117_/Q -> _45406_/D : -0.497058
[setup reg-reg] _46120_/Q -> _45673_/D : -0.496607
[setup reg-reg] _46117_/Q -> _45865_/D : -0.496283
[setup reg-reg] _46117_/Q -> _45872_/D : -0.495251
[setup reg-reg] _44223_/Q -> _44446_/D : -0.495008
[setup reg-reg] _44223_/Q -> _45755_/D : -0.494780
[setup reg-reg] _43803_/Q -> _43899_/D : -0.494564
[setup reg-reg] _46117_/Q -> _45412_/D : -0.494136
[setup reg-reg] _46120_/Q -> _45538_/D : -0.493664
[setup reg-reg] _46120_/Q -> _44656_/D : -0.493372
[setup reg-reg] _44223_/Q -> _45498_/D : -0.492826
[setup reg-reg] _44223_/Q -> _44617_/D : -0.492825
[setup reg-reg] _46117_/Q -> _45867_/D : -0.492799
[setup reg-reg] _46120_/Q -> _45953_/D : -0.492517
[setup reg-reg] _44223_/Q -> _44615_/D : -0.491242
[setup reg-reg] _44223_/Q -> _46275_/D : -0.490996
[setup reg-reg] _46120_/Q -> _45534_/D : -0.489061
[setup reg-reg] _46120_/Q -> _45669_/D : -0.488806
[setup reg-reg] _44223_/Q -> _46273_/D : -0.488067
[setup reg-reg] _46117_/Q -> _44353_/D : -0.487518
[setup reg-reg] _46120_/Q -> _45671_/D : -0.487468
[setup reg-reg] _46120_/Q -> _44658_/D : -0.487415
[setup in-reg] rst_n -> _44014_/D : -0.487284
[setup reg-reg] _46120_/Q -> _45540_/D : -0.487186
[setup reg-reg] _46120_/Q -> _45532_/D : -0.487184
[setup reg-reg] _44223_/Q -> _44444_/D : -0.486974
[setup reg-reg] _46120_/Q -> _44523_/D : -0.486583
[setup reg-reg] _46117_/Q -> _45873_/D : -0.485710
[setup reg-reg] _46120_/Q -> _44660_/D : -0.485595
[setup reg-reg] _44223_/Q -> _45764_/D : -0.485025
[setup reg-reg] _46120_/Q -> _45679_/D : -0.484864
[setup reg-reg] _46120_/Q -> _45535_/D : -0.484305
[setup reg-reg] _44223_/Q -> _44621_/D : -0.483500
[setup reg-reg] _46344_/Q -> _43534_/D : -0.482956
[setup reg-reg] _46120_/Q -> _45956_/D : -0.482820
[setup reg-reg] _44223_/Q -> _46274_/D : -0.481440
[setup reg-reg] _43803_/Q -> _43931_/D : -0.480973
[setup reg-reg] _46120_/Q -> _45539_/D : -0.478940
[setup reg-reg] _46120_/Q -> _44655_/D : -0.478936
[setup reg-reg] _46120_/Q -> _45536_/D : -0.478929
[setup reg-reg] _46120_/Q -> _45537_/D : -0.478079
[setup reg-reg] _46120_/Q -> _45163_/D : -0.477817
[setup reg-reg] _46117_/Q -> _45411_/D : -0.477621
[setup reg-reg] _44223_/Q -> _44445_/D : -0.475957
[setup reg-reg] _43803_/Q -> _44045_/D : -0.475586
[setup reg-reg] _46120_/Q -> _44645_/D : -0.475392
[setup reg-reg] _44223_/Q -> _46271_/D : -0.474039
[setup reg-reg] _46120_/Q -> _45672_/D : -0.472595
[setup reg-reg] _46117_/Q -> _45823_/D : -0.471890
[setup reg-reg] _44223_/Q -> _46208_/D : -0.471419
[setup reg-reg] _46117_/Q -> _44346_/D : -0.470984
[setup reg-reg] _44223_/Q -> _46199_/D : -0.470474
[setup reg-reg] _46120_/Q -> _44657_/D : -0.470197
[setup reg-reg] _44223_/Q -> _44438_/D : -0.469656
[setup reg-reg] _46120_/Q -> _45527_/D : -0.469443
[setup reg-reg] _44179_/Q -> _43731_/D : -0.469369
[setup reg-reg] _46117_/Q -> _44966_/D : -0.469332
[setup reg-reg] _44223_/Q -> _44442_/D : -0.469219
[setup reg-reg] _43803_/Q -> _43946_/D : -0.468872
[setup reg-reg] _44223_/Q -> _46201_/D : -0.468839
[setup reg-reg] _44223_/Q -> _44614_/D : -0.468464
[setup reg-reg] _46120_/Q -> _45533_/D : -0.468383
[setup reg-reg] _46117_/Q -> _45407_/D : -0.465025
[setup reg-reg] _46117_/Q -> _44282_/D : -0.463491
[setup reg-reg] _46120_/Q -> _45948_/D : -0.463284
[setup reg-reg] _46120_/Q -> _45529_/D : -0.462764
[setup reg-reg] _46120_/Q -> _44659_/D : -0.462511
[setup reg-reg] _46120_/Q -> _44823_/D : -0.462508
[setup reg-reg] _44223_/Q -> _44644_/D : -0.461398
[setup reg-reg] _46117_/Q -> _44347_/D : -0.460906
[setup reg-reg] _46117_/Q -> _44975_/D : -0.460794
[setup reg-reg] _46117_/Q -> _45410_/D : -0.460612
[setup reg-reg] _44223_/Q -> _44440_/D : -0.459822
[setup reg-reg] _46117_/Q -> _44355_/D : -0.459684
[setup reg-reg] _46117_/Q -> _44969_/D : -0.458954
[setup reg-reg] _44223_/Q -> _45803_/D : -0.457937
[setup reg-reg] _46117_/Q -> _44285_/D : -0.456502
[setup reg-reg] _46117_/Q -> _45399_/D : -0.455323
[setup reg-reg] _44223_/Q -> _44618_/D : -0.454443
[setup reg-reg] _46120_/Q -> _44653_/D : -0.454421
[setup reg-reg] _44223_/Q -> _44474_/D : -0.453041
[setup reg-reg] _44223_/Q -> _44623_/D : -0.452926
[setup reg-reg] _46120_/Q -> _44821_/D : -0.451797
[setup reg-reg] _44223_/Q -> _46204_/D : -0.450575
[setup reg-reg] _46117_/Q -> _45402_/D : -0.450378
[setup reg-reg] _44223_/Q -> _44613_/D : -0.449446
[setup reg-reg] _44223_/Q -> _44443_/D : -0.446502
[setup reg-reg] _44223_/Q -> _44439_/D : -0.446411
[setup reg-reg] _44223_/Q -> _46235_/D : -0.445655
[setup reg-reg] _46117_/Q -> _44284_/D : -0.444594
[setup reg-reg] _46117_/Q -> _45876_/D : -0.439447
[setup reg-reg] _44223_/Q -> _44616_/D : -0.437699
[setup reg-reg] _46120_/Q -> _44830_/D : -0.437344
[setup reg-reg] _46120_/Q -> _45552_/D : -0.437185
[setup reg-reg] _46117_/Q -> _45826_/D : -0.436872
[setup reg-reg] _44223_/Q -> _44448_/D : -0.435302
[setup reg-reg] _46117_/Q -> _44283_/D : -0.434631
[setup reg-reg] _46120_/Q -> _45157_/D : -0.434589
[setup reg-reg] _46117_/Q -> _44351_/D : -0.433625
[setup reg-reg] _44223_/Q -> _45584_/D : -0.432864
[setup reg-reg] _46120_/Q -> _45542_/D : -0.432116
[setup reg-reg] _46120_/Q -> _45158_/D : -0.431715
[setup reg-reg] _44223_/Q -> _44472_/D : -0.431145
[setup reg-reg] _46117_/Q -> _45404_/D : -0.429040
[setup reg-reg] _44223_/Q -> _44481_/D : -0.428936
[setup reg-reg] _46117_/Q -> _44354_/D : -0.427619
[setup reg-reg] _44223_/Q -> _44477_/D : -0.424251
[setup reg-reg] _46117_/Q -> _45825_/D : -0.423652
[setup reg-reg] _44223_/Q -> _44890_/D : -0.422943
[setup reg-reg] _44223_/Q -> _45570_/D : -0.422325
[setup reg-reg] _46120_/Q -> _45675_/D : -0.422004
[setup reg-reg] _46120_/Q -> _45165_/D : -0.421741
[setup reg-reg] _46120_/Q -> _45549_/D : -0.421008
[setup reg-reg] _43803_/Q -> _44075_/D : -0.420387
[setup reg-reg] _43803_/Q -> _43845_/D : -0.419747
[setup reg-reg] _43776_/Q -> _43812_/D : -0.419536
[setup reg-reg] _44223_/Q -> _44480_/D : -0.419486
[setup reg-reg] _46120_/Q -> _44646_/D : -0.419349
[setup reg-reg] _46117_/Q -> _44281_/D : -0.418428
[setup reg-reg] _44223_/Q -> _45577_/D : -0.418125
[setup reg-reg] _46117_/Q -> _44356_/D : -0.417912
[setup reg-reg] _46117_/Q -> _45517_/D : -0.417312
[setup reg-reg] _46117_/Q -> _44278_/D : -0.416046
[setup reg-reg] _44223_/Q -> _45629_/D : -0.415024
[setup reg-reg] _44223_/Q -> _45587_/D : -0.414873
[setup reg-reg] _46117_/Q -> _45827_/D : -0.414799
[setup reg-reg] _43803_/Q -> _44026_/D : -0.413754
[setup reg-reg] _46120_/Q -> _45547_/D : -0.413593
[setup reg-reg] _44223_/Q -> _45800_/D : -0.413429
[setup reg-reg] _46117_/Q -> _45643_/D : -0.413253
[setup reg-reg] _43803_/Q -> _44087_/D : -0.412965
[setup reg-reg] _46120_/Q -> _45543_/D : -0.412117
[setup reg-reg] _46120_/Q -> _45942_/D : -0.411964
[setup reg-reg] _43803_/Q -> _44057_/D : -0.411873
[setup reg-reg] _44223_/Q -> _45797_/D : -0.409618
[setup reg-reg] _43803_/Q -> _43895_/D : -0.408794
[setup reg-reg] _46117_/Q -> _45638_/D : -0.408704
[setup reg-reg] _44223_/Q -> _45586_/D : -0.408563
[setup reg-reg] _44223_/Q -> _45805_/D : -0.406798
[setup reg-reg] _46120_/Q -> _45544_/D : -0.404627
[setup reg-reg] _44223_/Q -> _45801_/D : -0.404570
[setup reg-reg] _46117_/Q -> _45518_/D : -0.404279
[setup reg-reg] _46120_/Q -> _46076_/D : -0.403976
[setup reg-reg] _44223_/Q -> _45806_/D : -0.403936
[setup reg-reg] _46117_/Q -> _44277_/D : -0.402835
[setup reg-reg] _44223_/Q -> _45274_/D : -0.401410
[setup reg-out] _44227_/Q -> module_status_flags_out[13] : -0.400746
[setup reg-reg] _44223_/Q -> _45633_/D : -0.400287
[setup reg-reg] _46117_/Q -> _44280_/D : -0.399617
[setup reg-reg] _46120_/Q -> _44930_/D : -0.398523
[setup reg-reg] _44223_/Q -> _45804_/D : -0.397808
[setup reg-reg] _44223_/Q -> _44478_/D : -0.397693
[setup reg-reg] _46120_/Q -> _45159_/D : -0.397588
[setup reg-reg] _44223_/Q -> _44619_/D : -0.396057
[setup reg-reg] _46117_/Q -> _45824_/D : -0.395072
[setup reg-out] _44228_/Q -> module_status_flags_out[20] : -0.395072
[setup reg-reg] _44223_/Q -> _44299_/D : -0.394671
[setup reg-reg] _46117_/Q -> _44279_/D : -0.394387
[setup reg-reg] _44223_/Q -> _45627_/D : -0.394289
[setup reg-reg] _46117_/Q -> _44970_/D : -0.393418
[setup reg-reg] _43803_/Q -> _43832_/D : -0.393329
[setup reg-reg] _43774_/Q -> _43625_/D : -0.390694
[setup reg-reg] _43774_/Q -> _43624_/D : -0.390029
[setup reg-reg] _44223_/Q -> _45630_/D : -0.389796
[setup reg-reg] _44223_/Q -> _45798_/D : -0.389686
[setup reg-reg] _46120_/Q -> _44826_/D : -0.389572
[setup reg-reg] _44223_/Q -> _44294_/D : -0.389196
[setup reg-reg] _44223_/Q -> _45628_/D : -0.389071
[setup reg-reg] _44223_/Q -> _45624_/D : -0.388506
[setup reg-reg] _44223_/Q -> _45623_/D : -0.387473
[setup reg-reg] _46120_/Q -> _46075_/D : -0.386517
[setup reg-reg] _46117_/Q -> _45637_/D : -0.386347
[setup reg-reg] _44223_/Q -> _45580_/D : -0.385539
[setup reg-reg] _46120_/Q -> _45160_/D : -0.384906
[setup reg-reg] _46120_/Q -> _46082_/D : -0.384210
[setup reg-reg] _44223_/Q -> _44295_/D : -0.384000
[setup reg-reg] _46120_/Q -> _46080_/D : -0.383970
[setup reg-reg] _46120_/Q -> _44424_/D : -0.383842
[setup reg-reg] _44223_/Q -> _45581_/D : -0.383700
[setup reg-reg] _46120_/Q -> _45555_/D : -0.383541
[setup reg-reg] _46117_/Q -> _44291_/D : -0.383381
[setup reg-reg] _44223_/Q -> _44475_/D : -0.382127
[setup reg-reg] _46120_/Q -> _44425_/D : -0.381205
[setup reg-reg] _46120_/Q -> _44924_/D : -0.380876
[setup reg-out] _43558_/Q -> chip_ready_out : -0.380837
[setup reg-reg] _46117_/Q -> _45644_/D : -0.379482
[setup reg-reg] _46120_/Q -> _45541_/D : -0.379085
[setup reg-reg] _46120_/Q -> _45166_/D : -0.378951
[setup reg-reg] _43774_/Q -> _43626_/D : -0.378793
[setup reg-out] _43529_/Q -> rf_dac_i_out[3] : -0.378732
[setup reg-reg] _44223_/Q -> _45569_/D : -0.378324
[setup reg-reg] _46117_/Q -> _45646_/D : -0.378248
[setup reg-out] _43533_/Q -> rf_dac_i_out[7] : -0.377970
[setup reg-out] _43530_/Q -> rf_dac_i_out[4] : -0.377850
[setup reg-out] _43532_/Q -> rf_dac_i_out[6] : -0.377664
[setup reg-reg] _44223_/Q -> _44470_/D : -0.377576
[setup reg-out] _43531_/Q -> rf_dac_i_out[5] : -0.377158
[setup reg-reg] _46120_/Q -> _46081_/D : -0.376129
[setup reg-reg] _46117_/Q -> _45645_/D : -0.375896
[setup reg-reg] _46117_/Q -> _44288_/D : -0.375201
[setup reg-reg] _46117_/Q -> _45650_/D : -0.374771
[setup reg-reg] _44223_/Q -> _45582_/D : -0.373804
[setup reg-reg] _46120_/Q -> _45545_/D : -0.372801
[setup reg-reg] _44223_/Q -> _44473_/D : -0.372555
[setup reg-reg] _46120_/Q -> _44931_/D : -0.372501
[setup reg-reg] _46120_/Q -> _45548_/D : -0.372338
[setup reg-reg] _46117_/Q -> _44292_/D : -0.371731
[setup reg-reg] _46120_/Q -> _46069_/D : -0.369357
[setup reg-reg] _46120_/Q -> _45167_/D : -0.369324
[setup reg-reg] _44223_/Q -> _45626_/D : -0.369268
[setup reg-reg] _46117_/Q -> _45813_/D : -0.368895
[setup reg-reg] _46120_/Q -> _44560_/D : -0.368390
[setup reg-reg] _46117_/Q -> _45647_/D : -0.368310
[setup reg-reg] _46120_/Q -> _45170_/D : -0.367982
[setup reg-reg] _46120_/Q -> _45967_/D : -0.366486
[setup reg-reg] _46120_/Q -> _45164_/D : -0.366226
[setup reg-reg] _46117_/Q -> _45649_/D : -0.365893
[setup reg-reg] _46120_/Q -> _45969_/D : -0.364652
[setup reg-reg] _44223_/Q -> _45579_/D : -0.364606
[setup reg-reg] _46120_/Q -> _45970_/D : -0.364387
[setup reg-reg] _46120_/Q -> _44929_/D : -0.364328
[setup reg-reg] _46120_/Q -> _44551_/D : -0.364268
[setup reg-reg] _46117_/Q -> _45641_/D : -0.364178
[setup reg-reg] _46117_/Q -> _45651_/D : -0.363332
[setup reg-reg] _46117_/Q -> _45640_/D : -0.362854
[setup reg-reg] _46117_/Q -> _45648_/D : -0.362853
[setup reg-reg] _46117_/Q -> _45639_/D : -0.362149
[setup reg-out] _43540_/Q -> rf_dac_i_out[14] : -0.358225
[setup reg-out] _43541_/Q -> rf_dac_i_out[15] : -0.357735
[setup reg-out] _43539_/Q -> rf_dac_i_out[13] : -0.357292
[setup reg-reg] _46120_/Q -> _46072_/D : -0.357182
[setup reg-out] _43526_/Q -> rf_dac_i_out[0] : -0.356853
[setup reg-reg] _46120_/Q -> _44430_/D : -0.356756
[setup reg-reg] _44223_/Q -> _45799_/D : -0.355087
[setup reg-reg] _46120_/Q -> _45959_/D : -0.354499
[setup reg-reg] _44223_/Q -> _45622_/D : -0.354497
[setup reg-reg] _43774_/Q -> _43627_/D : -0.354243
[setup reg-reg] _46120_/Q -> _45971_/D : -0.354147
[setup reg-reg] _46120_/Q -> _44834_/D : -0.353320
[setup reg-reg] _46120_/Q -> _45553_/D : -0.353171
[setup reg-reg] _46120_/Q -> _44921_/D : -0.353107
[setup reg-reg] _46120_/Q -> _46078_/D : -0.352931
[setup reg-reg] _46120_/Q -> _44836_/D : -0.352882
[setup reg-reg] _44223_/Q -> _45576_/D : -0.351947
[setup reg-reg] _46120_/Q -> _44923_/D : -0.350704
[setup reg-reg] _46120_/Q -> _44563_/D : -0.349937
[setup reg-reg] _46120_/Q -> _46073_/D : -0.348495
[setup reg-reg] _46120_/Q -> _44556_/D : -0.348359
[setup reg-reg] _44223_/Q -> _45802_/D : -0.348152
[setup reg-reg] _44223_/Q -> _45095_/D : -0.345755
[setup reg-reg] _43562_/Q -> _43549_/D : -0.345298
[setup reg-reg] _46120_/Q -> _44552_/D : -0.343334
[setup reg-reg] _46120_/Q -> _46077_/D : -0.343118
[setup reg-reg] _46120_/Q -> _46070_/D : -0.342979
[setup reg-reg] _46120_/Q -> _45964_/D : -0.342738
[setup reg-out] _43534_/Q -> rf_dac_i_out[8] : -0.342640
[setup reg-reg] _44223_/Q -> _44874_/D : -0.342411
[setup reg-out] _43528_/Q -> rf_dac_i_out[2] : -0.341632
[setup reg-reg] _46120_/Q -> _45966_/D : -0.341537
[setup reg-out] _43527_/Q -> rf_dac_i_out[1] : -0.341009
[setup reg-reg] _46120_/Q -> _44925_/D : -0.340706
[setup reg-out] _43535_/Q -> rf_dac_i_out[9] : -0.340465
[setup reg-reg] _46120_/Q -> _45172_/D : -0.340111
[setup reg-reg] _46120_/Q -> _44918_/D : -0.339998
[setup reg-reg] _46120_/Q -> _45168_/D : -0.338948
[setup reg-reg] _46120_/Q -> _45968_/D : -0.337587
[setup reg-reg] _46117_/Q -> _44287_/D : -0.337251
[setup reg-reg] _46117_/Q -> _45514_/D : -0.336120
[setup reg-reg] _46120_/Q -> _44926_/D : -0.335409
[setup reg-reg] _44223_/Q -> _45574_/D : -0.334986
[setup reg-reg] _46120_/Q -> _44928_/D : -0.334536
[setup reg-reg] _46120_/Q -> _44832_/D : -0.334265
[setup reg-reg] _46120_/Q -> _44558_/D : -0.334253
[setup reg-reg] _46120_/Q -> _44825_/D : -0.333952
[setup reg-reg] _46120_/Q -> _45554_/D : -0.333804
[setup reg-reg] _44223_/Q -> _44883_/D : -0.332218
[setup reg-reg] _46120_/Q -> _45161_/D : -0.331360
[setup reg-reg] _44223_/Q -> _45565_/D : -0.330739
[setup reg-out] _43537_/Q -> rf_dac_i_out[11] : -0.330377
[setup reg-reg] _46120_/Q -> _44553_/D : -0.329947
[setup reg-reg] _44223_/Q -> _45575_/D : -0.329222
[setup reg-reg] _46120_/Q -> _44835_/D : -0.329015
[setup reg-reg] _44223_/Q -> _45568_/D : -0.328862
[setup reg-reg] _46120_/Q -> _46083_/D : -0.328471
[setup reg-reg] _46120_/Q -> _44562_/D : -0.328200
[setup reg-reg] _46120_/Q -> _46079_/D : -0.327810
[setup reg-reg] _46120_/Q -> _44549_/D : -0.327307
[setup reg-out] _43536_/Q -> rf_dac_i_out[10] : -0.327041
[setup reg-out] _43538_/Q -> rf_dac_i_out[12] : -0.326892
[setup reg-reg] _46120_/Q -> _45171_/D : -0.325705
[setup reg-reg] _46120_/Q -> _44920_/D : -0.325535
[setup reg-reg] _44223_/Q -> _45564_/D : -0.324126
[setup reg-reg] _44223_/Q -> _44876_/D : -0.323525
[setup reg-reg] _44223_/Q -> _44881_/D : -0.323446
[setup reg-reg] _46120_/Q -> _46071_/D : -0.323175
[setup reg-reg] _44223_/Q -> _45480_/D : -0.321980
[setup reg-reg] _44223_/Q -> _45561_/D : -0.321945
[setup reg-reg] _46120_/Q -> _45546_/D : -0.321736
[setup reg-reg] _46117_/Q -> _45524_/D : -0.321659
[setup reg-reg] _44223_/Q -> _45483_/D : -0.321307
[setup reg-reg] _44223_/Q -> _45102_/D : -0.319684
[setup reg-reg] _44223_/Q -> _44879_/D : -0.319136
[setup reg-reg] _46120_/Q -> _46074_/D : -0.317068
[setup reg-reg] _44223_/Q -> _45571_/D : -0.317039
[setup reg-reg] _44223_/Q -> _44723_/D : -0.316583
[setup reg-reg] _46120_/Q -> _46084_/D : -0.314374
[setup reg-reg] _46117_/Q -> _45511_/D : -0.313669
[setup reg-reg] _44223_/Q -> _45442_/D : -0.313645
[setup reg-reg] _46120_/Q -> _44831_/D : -0.313422
[setup reg-reg] _46120_/Q -> _45551_/D : -0.313113
[setup reg-reg] _46120_/Q -> _44919_/D : -0.312843
[setup reg-reg] _46120_/Q -> _44564_/D : -0.311892
[setup reg-reg] _46120_/Q -> _44932_/D : -0.310831
[setup reg-reg] _44223_/Q -> _44307_/D : -0.310436
[setup reg-reg] _46120_/Q -> _44561_/D : -0.310212
[setup reg-reg] _46120_/Q -> _44833_/D : -0.309918
[setup reg-reg] _44223_/Q -> _45478_/D : -0.309580
[setup reg-reg] _44223_/Q -> _46315_/D : -0.308829
[setup reg-reg] _46120_/Q -> _44917_/D : -0.308466
[setup reg-reg] _44223_/Q -> _45098_/D : -0.308145
[setup reg-reg] _44223_/Q -> _44877_/D : -0.307558
[setup reg-reg] _44223_/Q -> _45490_/D : -0.306881
[setup reg-reg] _46120_/Q -> _45556_/D : -0.305356
[setup reg-reg] _46117_/Q -> _45509_/D : -0.304440
[setup reg-reg] _46120_/Q -> _44927_/D : -0.304366
[setup reg-reg] _46120_/Q -> _44559_/D : -0.303245
[setup reg-reg] _44223_/Q -> _44882_/D : -0.302207
[setup reg-reg] _44223_/Q -> _45583_/D : -0.301696
[setup reg-reg] _44223_/Q -> _45573_/D : -0.301242
[setup reg-reg] _44223_/Q -> _45431_/D : -0.300187
[setup reg-reg] _46120_/Q -> _44557_/D : -0.300054
[setup reg-reg] _44223_/Q -> _45481_/D : -0.299258
[setup reg-reg] _44223_/Q -> _46319_/D : -0.298911
[setup reg-reg] _46120_/Q -> _44828_/D : -0.298717
[setup reg-reg] _46120_/Q -> _45169_/D : -0.298506
[setup reg-reg] _44223_/Q -> _45441_/D : -0.298305
[setup reg-reg] _46120_/Q -> _44555_/D : -0.297163
[setup reg-reg] _46120_/Q -> _44554_/D : -0.295974
[setup reg-reg] _44223_/Q -> _45104_/D : -0.294306
[setup reg-reg] _44223_/Q -> _45477_/D : -0.294262
[setup reg-reg] _46120_/Q -> _44421_/D : -0.293590
[setup reg-reg] _44223_/Q -> _44722_/D : -0.292355
[setup reg-reg] _43495_/Q -> _43505_/D : -0.291358
[setup reg-reg] _44223_/Q -> _44305_/D : -0.289928
[setup reg-reg] _44223_/Q -> _44871_/D : -0.289228
[setup reg-reg] _44223_/Q -> _45067_/D : -0.288685
[setup reg-reg] _44223_/Q -> _45061_/D : -0.288534
[setup reg-reg] _44223_/Q -> _45486_/D : -0.288170
[setup reg-reg] _44223_/Q -> _44875_/D : -0.287090
[setup reg-reg] _46120_/Q -> _45960_/D : -0.286691
[setup reg-reg] _44223_/Q -> _45485_/D : -0.286604
[setup reg-reg] _44223_/Q -> _45096_/D : -0.285576
[setup reg-reg] _44223_/Q -> _46312_/D : -0.285568
[setup reg-reg] _46120_/Q -> _44829_/D : -0.284652
[setup reg-reg] _44223_/Q -> _44306_/D : -0.283868
[setup reg-reg] _44223_/Q -> _45488_/D : -0.283458
[setup reg-reg] _44223_/Q -> _45434_/D : -0.282369
[setup reg-reg] _46120_/Q -> _45550_/D : -0.280105
[setup reg-reg] _44223_/Q -> _45440_/D : -0.278567
[setup reg-reg] _44223_/Q -> _44717_/D : -0.278272
[setup reg-reg] _44223_/Q -> _45443_/D : -0.277547
[setup reg-reg] _44223_/Q -> _45062_/D : -0.274970
[setup reg-reg] _44223_/Q -> _46323_/D : -0.273679
[setup reg-reg] _44223_/Q -> _44716_/D : -0.273277
[setup reg-reg] _44223_/Q -> _46310_/D : -0.273034
[setup reg-reg] _44223_/Q -> _45492_/D : -0.272939
[setup reg-reg] _44223_/Q -> _45064_/D : -0.272786
[setup reg-reg] _44223_/Q -> _45487_/D : -0.271527
[setup reg-reg] _46120_/Q -> _44922_/D : -0.270538
[setup reg-reg] _46120_/Q -> _45469_/D : -0.270356
[setup reg-reg] _44223_/Q -> _46316_/D : -0.269934
[setup reg-reg] _44223_/Q -> _45069_/D : -0.269322
[setup reg-reg] _46120_/Q -> _44427_/D : -0.268833
[setup reg-reg] _44223_/Q -> _46313_/D : -0.268723
[setup reg-reg] _44223_/Q -> _46311_/D : -0.268714
[setup reg-reg] _44223_/Q -> _45484_/D : -0.267470
[setup reg-out] _43542_/Q -> rf_dac_q_out[0] : -0.266596
[setup reg-reg] _44223_/Q -> _44298_/D : -0.266496
[setup reg-out] _43545_/Q -> rf_dac_q_out[3] : -0.266415
[setup reg-reg] _44223_/Q -> _45479_/D : -0.266220
[setup reg-reg] _46120_/Q -> _44433_/D : -0.265945
[setup reg-reg] _46120_/Q -> _44550_/D : -0.265142
[setup reg-reg] _44223_/Q -> _45432_/D : -0.265132
[setup reg-reg] _44223_/Q -> _46317_/D : -0.264642
[setup reg-reg] _44223_/Q -> _44721_/D : -0.264546
[setup reg-reg] _46117_/Q -> _45523_/D : -0.263477
[setup reg-reg] _44223_/Q -> _44715_/D : -0.262608
[setup reg-out] _43546_/Q -> rf_dac_q_out[4] : -0.262520
[setup reg-reg] _44223_/Q -> _46314_/D : -0.261927
[setup reg-out] _43557_/Q -> rf_dac_q_out[15] : -0.261896
[setup reg-reg] _44223_/Q -> _44720_/D : -0.261818
[setup reg-reg] _44223_/Q -> _46309_/D : -0.261246
[setup reg-reg] _46120_/Q -> _44423_/D : -0.260760
[setup reg-reg] _44223_/Q -> _45065_/D : -0.260047
[setup reg-reg] _46120_/Q -> _44429_/D : -0.259507
[setup reg-reg] _46120_/Q -> _44432_/D : -0.259459
[setup reg-reg] _44223_/Q -> _45071_/D : -0.258824
[setup reg-reg] _44223_/Q -> _45491_/D : -0.258188
[setup reg-reg] _44223_/Q -> _44870_/D : -0.258157
[setup reg-reg] _44223_/Q -> _44713_/D : -0.257234
[setup reg-out] _43556_/Q -> rf_dac_q_out[14] : -0.256137
[setup reg-reg] _44223_/Q -> _45435_/D : -0.256043
[setup reg-reg] _44223_/Q -> _45066_/D : -0.255832
[setup reg-reg] _46120_/Q -> _44824_/D : -0.255766
[setup reg-reg] _46120_/Q -> _44422_/D : -0.255610
[setup reg-out] _43552_/Q -> rf_dac_q_out[10] : -0.255510
[setup reg-out] _43553_/Q -> rf_dac_q_out[11] : -0.255492
[setup reg-out] _43543_/Q -> rf_dac_q_out[1] : -0.255355
[setup reg-reg] _44223_/Q -> _45444_/D : -0.254499
[setup reg-reg] _46120_/Q -> _44426_/D : -0.254272
[setup reg-out] _43547_/Q -> rf_dac_q_out[5] : -0.253564
[setup reg-reg] _44223_/Q -> _45155_/D : -0.253456
[setup reg-reg] _44223_/Q -> _44872_/D : -0.251640
[setup reg-reg] _44223_/Q -> _44368_/D : -0.251179
[setup reg-reg] _46120_/Q -> _44428_/D : -0.251052
[setup reg-reg] _46117_/Q -> _45642_/D : -0.250743
[setup reg-out] _43548_/Q -> rf_dac_q_out[6] : -0.250672
[setup reg-out] _43544_/Q -> rf_dac_q_out[2] : -0.250649
[setup reg-reg] _44223_/Q -> _44308_/D : -0.249883
[setup reg-reg] _44223_/Q -> _45489_/D : -0.249601
[setup reg-reg] _44223_/Q -> _45063_/D : -0.249549
[setup reg-out] _43554_/Q -> rf_dac_q_out[12] : -0.248242
[setup reg-out] _43549_/Q -> rf_dac_q_out[7] : -0.247858
[setup reg-reg] _44223_/Q -> _46114_/D : -0.247348
[setup reg-reg] _46117_/Q -> _45513_/D : -0.246320
[setup reg-reg] _44223_/Q -> _45147_/D : -0.245841
[setup reg-reg] _46120_/Q -> _44434_/D : -0.245749
[setup reg-reg] _44223_/Q -> _46318_/D : -0.244713
[setup reg-reg] _44223_/Q -> _44293_/D : -0.244670
[setup reg-reg] _44223_/Q -> _44362_/D : -0.244461
[setup reg-reg] _46117_/Q -> _45652_/D : -0.243918
[setup reg-reg] _44223_/Q -> _45857_/D : -0.243399
[setup reg-reg] _46120_/Q -> _44436_/D : -0.243311
[setup reg-reg] _46120_/Q -> _44822_/D : -0.243037
[setup reg-reg] _44223_/Q -> _44710_/D : -0.243023
[setup reg-reg] _44223_/Q -> _44712_/D : -0.241399
[setup reg-reg] _44223_/Q -> _45890_/D : -0.240782
[setup reg-out] _43555_/Q -> rf_dac_q_out[13] : -0.240448
[setup reg-out] _43551_/Q -> rf_dac_q_out[9] : -0.239948
[setup reg-reg] _44223_/Q -> _45134_/D : -0.238226
[setup reg-reg] _44223_/Q -> _45884_/D : -0.238071
[setup reg-reg] _44223_/Q -> _45887_/D : -0.237852
[setup reg-reg] _46120_/Q -> _44435_/D : -0.237385
[setup reg-reg] _44223_/Q -> _45144_/D : -0.235529
[setup reg-reg] _44223_/Q -> _44709_/D : -0.234843
[setup reg-reg] _46117_/Q -> _45522_/D : -0.234761
[setup reg-reg] _44223_/Q -> _46105_/D : -0.234583
[setup reg-reg] _46120_/Q -> _45972_/D : -0.233947
[setup reg-reg] _46120_/Q -> _44827_/D : -0.233775
[setup reg-reg] _44223_/Q -> _45891_/D : -0.233316
[setup reg-reg] _46120_/Q -> _45963_/D : -0.233175
[setup reg-reg] _46120_/Q -> _45162_/D : -0.232090
[setup reg-reg] _44223_/Q -> _46101_/D : -0.230663
[setup reg-reg] _44223_/Q -> _44369_/D : -0.230075
[setup reg-reg] _44223_/Q -> _45150_/D : -0.229567
[setup reg-out] _43550_/Q -> rf_dac_q_out[8] : -0.228989
[setup reg-reg] _44223_/Q -> _46116_/D : -0.227741
[setup reg-reg] _44223_/Q -> _45877_/D : -0.226223
[setup reg-reg] _44223_/Q -> _45888_/D : -0.225203
[setup reg-reg] _44223_/Q -> _45482_/D : -0.225009
[setup reg-reg] _44223_/Q -> _45143_/D : -0.224763
[setup in-reg] rst_n -> _44009_/D : -0.224668
[setup reg-reg] _44223_/Q -> _44366_/D : -0.224035
[setup reg-reg] _46117_/Q -> _45520_/D : -0.222991
[setup reg-reg] _46117_/Q -> _45519_/D : -0.221477
[setup reg-reg] _44223_/Q -> _44365_/D : -0.221272
[setup reg-reg] _44223_/Q -> _44719_/D : -0.219966
[setup reg-reg] _44223_/Q -> _45878_/D : -0.217033
[setup reg-reg] _44223_/Q -> _46102_/D : -0.216733
[setup reg-reg] _44223_/Q -> _45146_/D : -0.215615
[setup reg-reg] _46120_/Q -> _44431_/D : -0.214780
[setup reg-reg] _44223_/Q -> _45141_/D : -0.214750
[setup reg-reg] _44223_/Q -> _45149_/D : -0.212281
[setup reg-reg] _46117_/Q -> _45521_/D : -0.211815
[setup reg-reg] _44223_/Q -> _44711_/D : -0.209933
[setup reg-reg] _46117_/Q -> _45689_/D : -0.206449
[setup in-reg] rst_n -> _44010_/D : -0.205649
[setup reg-reg] _46117_/Q -> _45515_/D : -0.204925
[setup reg-reg] _44223_/Q -> _44309_/D : -0.204377
[setup reg-reg] _44223_/Q -> _45151_/D : -0.204122
[setup reg-reg] _44223_/Q -> _45142_/D : -0.203316
[setup reg-reg] _43803_/Q -> _46304_/D : -0.202883
[setup reg-reg] _46117_/Q -> _45516_/D : -0.202377
[setup reg-reg] _46117_/Q -> _45512_/D : -0.201704
[setup reg-reg] _46119_/Q -> _44503_/D : -0.201396
[setup reg-reg] _44223_/Q -> _45845_/D : -0.201172
[setup reg-reg] _46120_/Q -> _45962_/D : -0.201093
[setup reg-reg] _44223_/Q -> _45881_/D : -0.198702
[setup reg-reg] _46117_/Q -> _46224_/D : -0.198219
[setup reg-reg] _44223_/Q -> _44363_/D : -0.197634
[setup reg-reg] _44223_/Q -> _44904_/D : -0.197464
[setup reg-reg] _46120_/Q -> _44339_/D : -0.196770
[setup reg-reg] _46117_/Q -> _44865_/D : -0.196135
[setup reg-reg] _44223_/Q -> _45148_/D : -0.195098
[setup reg-reg] _44223_/Q -> _44903_/D : -0.194991
[setup reg-reg] _44223_/Q -> _44718_/D : -0.191668
[setup reg-reg] _43803_/Q -> _44215_/D : -0.190564
[setup reg-reg] _44223_/Q -> _44360_/D : -0.189575
[setup reg-reg] _44223_/Q -> _44364_/D : -0.189101
[setup reg-reg] _43803_/Q -> _44086_/D : -0.187694
[setup reg-reg] _44223_/Q -> _45856_/D : -0.186883
[setup reg-reg] _44223_/Q -> _45853_/D : -0.185979
[setup reg-reg] _44223_/Q -> _44912_/D : -0.185663
[setup reg-reg] _46117_/Q -> _45510_/D : -0.184611
[setup reg-reg] _44223_/Q -> _46197_/D : -0.183907
[setup reg-reg] _44223_/Q -> _45145_/D : -0.181435
[setup reg-reg] _44223_/Q -> _45152_/D : -0.181092
[setup reg-reg] _44223_/Q -> _45854_/D : -0.179544
[setup reg-reg] _44223_/Q -> _44906_/D : -0.179332
[setup reg-reg] _44223_/Q -> _45154_/D : -0.179314
[setup reg-reg] _44223_/Q -> _45859_/D : -0.175510
[setup reg-reg] _44223_/Q -> _44910_/D : -0.174759
[setup reg-reg] _44223_/Q -> _45882_/D : -0.173599
[setup reg-reg] _44223_/Q -> _45879_/D : -0.173310
[setup reg-reg] _44223_/Q -> _44951_/D : -0.172363
[setup reg-reg] _46117_/Q -> _45732_/D : -0.172335
[setup reg-reg] _44179_/Q -> _44184_/D : -0.171828
[setup reg-reg] _44223_/Q -> _45889_/D : -0.169462
[setup reg-reg] _44223_/Q -> _44358_/D : -0.168767
[setup reg-reg] _44223_/Q -> _46324_/D : -0.168392
[setup reg-reg] _44223_/Q -> _44700_/D : -0.165855
[setup reg-reg] _43803_/Q -> _44217_/D : -0.165846
[setup reg-reg] _44223_/Q -> _46338_/D : -0.164776
[setup reg-reg] _44223_/Q -> _44324_/D : -0.164555
[setup reg-reg] _43803_/Q -> _46298_/D : -0.164529
[setup reg-reg] _46117_/Q -> _44868_/D : -0.162156
[setup reg-reg] _44223_/Q -> _45858_/D : -0.160701
[setup reg-reg] _43803_/Q -> _44083_/D : -0.159991
[setup reg-reg] _44223_/Q -> _44701_/D : -0.159151
[setup reg-reg] _44223_/Q -> _44367_/D : -0.156477
[setup reg-reg] _44223_/Q -> _44361_/D : -0.156206
[setup reg-reg] _43803_/Q -> _44038_/D : -0.155735
[setup reg-reg] _43803_/Q -> _44085_/D : -0.155711
[setup reg-reg] _46119_/Q -> _44502_/D : -0.155249
[setup reg-reg] _44223_/Q -> _45860_/D : -0.154549
[setup reg-reg] _44223_/Q -> _44955_/D : -0.154156
[setup reg-reg] _46119_/Q -> _44509_/D : -0.153256
[setup reg-reg] _44223_/Q -> _44703_/D : -0.152028
[setup reg-reg] _43803_/Q -> _43843_/D : -0.151617
[setup reg-reg] _44223_/Q -> _46196_/D : -0.151582
[setup reg-reg] _44223_/Q -> _46337_/D : -0.150306
[setup reg-reg] _43495_/Q -> _43504_/D : -0.149202
[setup reg-reg] _43803_/Q -> _43841_/D : -0.148908
[setup reg-reg] _44223_/Q -> _44359_/D : -0.148336
[setup reg-reg] _46117_/Q -> _46225_/D : -0.147397
[setup reg-reg] _44223_/Q -> _46149_/D : -0.146899
[setup reg-reg] _43580_/Q -> _43777_/D : -0.144638
[setup reg-reg] _44223_/Q -> _46327_/D : -0.143434
[setup reg-reg] _43803_/Q -> _43836_/D : -0.143356
[setup reg-reg] _46119_/Q -> _44504_/D : -0.142625
[setup reg-reg] _44223_/Q -> _46331_/D : -0.142400
[setup reg-reg] _44223_/Q -> _44693_/D : -0.142342
[setup in-reg] rst_n -> _44011_/D : -0.141567
[setup reg-reg] _44223_/Q -> _45855_/D : -0.141451
[setup reg-reg] _44223_/Q -> _44370_/D : -0.141360
[setup reg-reg] _46117_/Q -> _46220_/D : -0.140568
[setup reg-reg] _43803_/Q -> _43922_/D : -0.139777
[setup reg-reg] _44223_/Q -> _44696_/D : -0.139529
[setup reg-reg] _46120_/Q -> _44338_/D : -0.139460
[setup reg-reg] _43803_/Q -> _43888_/D : -0.139309
[setup reg-reg] _44223_/Q -> _44694_/D : -0.138514
[setup reg-reg] _44223_/Q -> _44317_/D : -0.137723
[setup reg-reg] _43803_/Q -> _43939_/D : -0.137310
[setup reg-reg] _44223_/Q -> _44697_/D : -0.137155
[setup reg-reg] _44179_/Q -> _43730_/D : -0.136493
[setup reg-reg] _44223_/Q -> _44594_/D : -0.135473
[setup reg-reg] _44223_/Q -> _45892_/D : -0.135175
[setup reg-reg] _46120_/Q -> _45468_/D : -0.133999
[setup reg-reg] _44091_/Q -> _44097_/D : -0.133074
[setup reg-reg] _43803_/Q -> _44158_/D : -0.132752
[setup reg-reg] _46120_/Q -> _45332_/D : -0.132335
[setup reg-reg] _43803_/Q -> _43957_/D : -0.131744
[setup reg-reg] _43803_/Q -> _44139_/D : -0.131605
[setup reg-reg] _44223_/Q -> _44590_/D : -0.131070
[setup reg-reg] _44223_/Q -> _44372_/D : -0.131024
[setup reg-reg] _44223_/Q -> _44595_/D : -0.130890
[setup reg-reg] _43803_/Q -> _44070_/D : -0.129231
[setup reg-reg] _46119_/Q -> _44507_/D : -0.127680
[setup reg-reg] _44223_/Q -> _44371_/D : -0.126888
[setup reg-reg] _44223_/Q -> _46334_/D : -0.126162
[setup reg-reg] _44223_/Q -> _44357_/D : -0.126152
[setup reg-reg] _43803_/Q -> _43954_/D : -0.125442
[setup reg-reg] _44223_/Q -> _45008_/D : -0.125308
[setup reg-reg] _44223_/Q -> _44705_/D : -0.124361
[setup reg-reg] _44223_/Q -> _46144_/D : -0.122094
[setup reg-reg] _44223_/Q -> _44319_/D : -0.122068
[setup reg-reg] _43803_/Q -> _43878_/D : -0.121695
[setup reg-reg] _44223_/Q -> _44704_/D : -0.120286
[setup reg-reg] _44223_/Q -> _44320_/D : -0.119996
[setup reg-reg] _46120_/Q -> _44337_/D : -0.119287
[setup reg-reg] _44223_/Q -> _45846_/D : -0.118890
[setup reg-reg] _44223_/Q -> _46147_/D : -0.118126
[setup reg-reg] _44223_/Q -> _45001_/D : -0.118109
[setup reg-reg] _43725_/Q -> _43703_/D : -0.116675
[setup reg-reg] _44223_/Q -> _46148_/D : -0.115516
[setup reg-reg] _43803_/Q -> _44052_/D : -0.115289
[setup reg-reg] _43803_/Q -> _43842_/D : -0.115207
[setup reg-reg] _44223_/Q -> _44318_/D : -0.114020
[setup reg-reg] _43803_/Q -> _44035_/D : -0.113463
[setup reg-reg] _44223_/Q -> _44596_/D : -0.111710
[setup reg-reg] _44223_/Q -> _46339_/D : -0.111561
[setup reg-reg] _44223_/Q -> _45847_/D : -0.110730
[setup reg-reg] _44223_/Q -> _44587_/D : -0.109496
[setup reg-reg] _44223_/Q -> _46154_/D : -0.109360
[setup reg-reg] _44223_/Q -> _44695_/D : -0.109250
[setup reg-reg] _46120_/Q -> _45463_/D : -0.107942
[setup reg-reg] _43757_/Q -> _43754_/D : -0.107861
[setup reg-reg] _44223_/Q -> _44588_/D : -0.107674
[setup reg-reg] _46117_/Q -> _45768_/D : -0.107419
[setup reg-reg] _44223_/Q -> _45852_/D : -0.107176
[setup reg-reg] _43803_/Q -> _44211_/D : -0.106753
[setup reg-reg] _43803_/Q -> _43856_/D : -0.104434
[setup reg-reg] _44223_/Q -> _45333_/D : -0.104306
[setup reg-reg] _43803_/Q -> _44068_/D : -0.104302
[setup reg-reg] _43803_/Q -> _44037_/D : -0.104078
[setup reg-reg] _44223_/Q -> _46152_/D : -0.101275
[setup reg-reg] _44223_/Q -> _44997_/D : -0.101006
[setup reg-reg] _44223_/Q -> _45849_/D : -0.099797
[setup reg-reg] _44223_/Q -> _44315_/D : -0.099651
[setup reg-reg] _44223_/Q -> _44314_/D : -0.099537
[setup reg-reg] _44223_/Q -> _45010_/D : -0.099268
[setup reg-reg] _43803_/Q -> _44155_/D : -0.099135
[setup reg-reg] _44223_/Q -> _46141_/D : -0.098824
[setup reg-reg] _44223_/Q -> _45003_/D : -0.098010
[setup reg-reg] _44223_/Q -> _44589_/D : -0.097271
[setup reg-reg] _44223_/Q -> _44707_/D : -0.097109
[setup in-reg] rst_n -> _43976_/D : -0.097015
[setup reg-reg] _44223_/Q -> _46328_/D : -0.096126
[setup reg-reg] _46120_/Q -> _45914_/D : -0.096096
[setup reg-reg] _44223_/Q -> _44310_/D : -0.095874
[setup reg-reg] _43803_/Q -> _44160_/D : -0.095720
[setup reg-reg] _44223_/Q -> _45345_/D : -0.095618
[setup reg-reg] _46117_/Q -> _44500_/D : -0.095207
[setup reg-reg] _44223_/Q -> _45848_/D : -0.094698
[setup reg-reg] _44223_/Q -> _45000_/D : -0.094551
[setup reg-reg] _43803_/Q -> _43905_/D : -0.094337
[setup reg-reg] _43803_/Q -> _43864_/D : -0.092848
[setup reg-reg] _46120_/Q -> _45919_/D : -0.092460
[setup reg-reg] _44223_/Q -> _44706_/D : -0.091927
[setup in-reg] rst_n -> _43978_/D : -0.091827
[setup reg-reg] _44223_/Q -> _46146_/D : -0.091764
[setup reg-reg] _44223_/Q -> _46151_/D : -0.090757
[setup reg-reg] _46117_/Q -> _45767_/D : -0.090739
[setup reg-reg] _44223_/Q -> _44999_/D : -0.090208
[setup reg-reg] _44223_/Q -> _45005_/D : -0.089777
[setup reg-reg] _46159_/Q -> _46160_/D : -0.089515
[setup reg-reg] _44223_/Q -> _44592_/D : -0.088880
[setup reg-reg] _44223_/Q -> _45343_/D : -0.088845
[setup reg-reg] _44223_/Q -> _45006_/D : -0.088298
[setup reg-reg] _46119_/Q -> _46029_/D : -0.088137
[setup reg-reg] _44223_/Q -> _45009_/D : -0.088074
[setup reg-reg] _44223_/Q -> _44312_/D : -0.087708
[setup reg-reg] _43579_/Q -> _43775_/D : -0.087190
[setup reg-reg] _44223_/Q -> _44311_/D : -0.086808
[setup reg-reg] _44223_/Q -> _44585_/D : -0.086436
[setup reg-reg] _44223_/Q -> _46140_/D : -0.085631
[setup reg-reg] _44223_/Q -> _46263_/D : -0.085217
[setup reg-reg] _44223_/Q -> _45012_/D : -0.084350
[setup reg-reg] _44223_/Q -> _46145_/D : -0.084181
[setup reg-reg] _44223_/Q -> _45337_/D : -0.083610
[setup reg-reg] _43803_/Q -> _44081_/D : -0.083397
[setup in-reg] rst_n -> _43977_/D : -0.083030
[setup reg-reg] _46120_/Q -> _45916_/D : -0.082840
[setup reg-reg] _46120_/Q -> _44377_/D : -0.082649
[setup reg-reg] _44223_/Q -> _45503_/D : -0.081823
[setup reg-reg] _44223_/Q -> _45004_/D : -0.080651
[setup reg-reg] _44223_/Q -> _46155_/D : -0.080557
[setup reg-reg] _44223_/Q -> _45850_/D : -0.079778
[setup reg-reg] _43803_/Q -> _44214_/D : -0.079447
[setup reg-reg] _44223_/Q -> _45413_/D : -0.079214
[setup reg-reg] _44223_/Q -> _46143_/D : -0.079074
[setup reg-reg] _44223_/Q -> _45507_/D : -0.078461
[setup reg-reg] _43803_/Q -> _43862_/D : -0.078432
[setup reg-reg] _44223_/Q -> _44313_/D : -0.077887
[setup reg-reg] _44223_/Q -> _44702_/D : -0.077878
[setup reg-reg] _43803_/Q -> _44159_/D : -0.077422
[setup reg-reg] _44223_/Q -> _44950_/D : -0.077303
[setup reg-reg] _46117_/Q -> _45766_/D : -0.076910
[setup reg-reg] _44223_/Q -> _44998_/D : -0.076456
[setup reg-reg] _43803_/Q -> _44031_/D : -0.076079
[setup reg-reg] _44223_/Q -> _44593_/D : -0.075957
[setup reg-reg] _46119_/Q -> _46032_/D : -0.075830
[setup reg-reg] _43803_/Q -> _44049_/D : -0.075440
[setup reg-reg] _46117_/Q -> _45773_/D : -0.074981
[setup reg-reg] _43803_/Q -> _43848_/D : -0.074241
[setup reg-reg] _43803_/Q -> _43907_/D : -0.073978
[setup reg-reg] _43803_/Q -> _43861_/D : -0.073226
[setup reg-reg] _46119_/Q -> _44505_/D : -0.073039
[setup reg-reg] _44223_/Q -> _44699_/D : -0.072339
[setup reg-reg] _43803_/Q -> _43858_/D : -0.071793
[setup reg-reg] _44223_/Q -> _45421_/D : -0.071274
[setup reg-reg] _44223_/Q -> _44631_/D : -0.071251
[setup reg-reg] _44223_/Q -> _45341_/D : -0.071188
[setup reg-reg] _44223_/Q -> _46142_/D : -0.071112
[setup reg-reg] _44223_/Q -> _45002_/D : -0.071025
[setup reg-reg] _44223_/Q -> _45502_/D : -0.070988
[setup reg-reg] _44223_/Q -> _45420_/D : -0.069467
[setup reg-reg] _44223_/Q -> _45011_/D : -0.068785
[setup reg-reg] _43803_/Q -> _43839_/D : -0.067951
[setup reg-reg] _43803_/Q -> _43877_/D : -0.067562
[setup reg-reg] _44223_/Q -> _45347_/D : -0.066993
[setup reg-reg] _44223_/Q -> _44698_/D : -0.066480
[setup reg-reg] _43803_/Q -> _43885_/D : -0.066019
[setup reg-reg] _46119_/Q -> _46026_/D : -0.065834
[setup reg-reg] _44223_/Q -> _45348_/D : -0.065606
[setup reg-reg] _44223_/Q -> _45346_/D : -0.065198
[setup reg-reg] _46117_/Q -> _44499_/D : -0.064628
[setup reg-reg] _46119_/Q -> _46031_/D : -0.063813
[setup reg-reg] _44223_/Q -> _44642_/D : -0.063243
[setup reg-reg] _44223_/Q -> _45340_/D : -0.062739
[setup reg-reg] _43803_/Q -> _44048_/D : -0.062157
[setup reg-reg] _46119_/Q -> _46028_/D : -0.061981
[setup reg-reg] _44223_/Q -> _44708_/D : -0.061907
[setup reg-reg] _44223_/Q -> _44581_/D : -0.061423
[setup reg-reg] _43776_/Q -> _43811_/D : -0.060286
[setup reg-reg] _44223_/Q -> _44441_/D : -0.060201
[setup reg-reg] _44223_/Q -> _44952_/D : -0.058915
[setup reg-reg] _43803_/Q -> _43936_/D : -0.058503
[setup reg-reg] _43803_/Q -> _43904_/D : -0.057879
[setup reg-reg] _44223_/Q -> _45007_/D : -0.057547
[setup reg-reg] _43803_/Q -> _43903_/D : -0.057064
[setup reg-reg] _43803_/Q -> _43896_/D : -0.055451
[setup reg-reg] _44223_/Q -> _45505_/D : -0.055389
[setup reg-reg] _46117_/Q -> _46020_/D : -0.055092
[setup reg-reg] _43803_/Q -> _43874_/D : -0.054042
[setup reg-reg] _44223_/Q -> _44639_/D : -0.053961
[setup reg-reg] _44223_/Q -> _45418_/D : -0.053546
[setup reg-reg] _46119_/Q -> _46035_/D : -0.053141
[setup reg-reg] _44223_/Q -> _45338_/D : -0.053118
[setup reg-reg] _46119_/Q -> _46030_/D : -0.052768
[setup reg-reg] _46119_/Q -> _46034_/D : -0.052306
[setup reg-reg] _44223_/Q -> _45504_/D : -0.051779
[setup reg-reg] _46120_/Q -> _45214_/D : -0.051767
[setup reg-reg] _44223_/Q -> _45506_/D : -0.051659
[setup reg-reg] _44223_/Q -> _45334_/D : -0.050924
[setup reg-reg] _44223_/Q -> _44636_/D : -0.050669
[setup reg-reg] _46119_/Q -> _46023_/D : -0.050647
[setup reg-reg] _43803_/Q -> _43968_/D : -0.049347
[setup reg-reg] _44223_/Q -> _44638_/D : -0.049317
[setup reg-reg] _44223_/Q -> _44640_/D : -0.048830
[setup reg-reg] _44223_/Q -> _45851_/D : -0.048128
[setup reg-reg] _44223_/Q -> _45414_/D : -0.047134
[setup reg-reg] _44223_/Q -> _44958_/D : -0.045042
[setup reg-reg] _46117_/Q -> _44498_/D : -0.044929
[setup reg-reg] _44223_/Q -> _45494_/D : -0.041321
[setup reg-reg] _44223_/Q -> _45500_/D : -0.041241
[setup reg-reg] _46119_/Q -> _46022_/D : -0.041233
[setup reg-reg] _44223_/Q -> _45501_/D : -0.040846
[setup reg-reg] _44223_/Q -> _45342_/D : -0.039662
[setup reg-reg] _46120_/Q -> _45218_/D : -0.036783
[setup reg-reg] _44223_/Q -> _44641_/D : -0.036389
[setup reg-reg] _44223_/Q -> _45508_/D : -0.032535
[setup reg-reg] _44223_/Q -> _44449_/D : -0.032212
[setup reg-out] _44224_/Q -> module_status_flags_out[2] : -0.029924
[setup reg-reg] _44223_/Q -> _46179_/D : -0.028797
[setup reg-reg] _46119_/Q -> _44513_/D : -0.027859
[setup reg-reg] _46119_/Q -> _46021_/D : -0.026559
[setup reg-reg] _44223_/Q -> _45423_/D : -0.026415
[setup reg-reg] _46120_/Q -> _45205_/D : -0.026112
[setup reg-reg] _46119_/Q -> _46033_/D : -0.025469
[setup reg-reg] _44223_/Q -> _45426_/D : -0.025168
[setup reg-reg] _44223_/Q -> _44451_/D : -0.023914
[setup reg-reg] _46120_/Q -> _45212_/D : -0.023749
[setup reg-reg] _44223_/Q -> _44626_/D : -0.023435
[setup reg-reg] _44223_/Q -> _44627_/D : -0.021758
[setup reg-reg] _44223_/Q -> _45042_/D : -0.021021
[setup reg-reg] _46119_/Q -> _46027_/D : -0.021003
[setup reg-reg] _46120_/Q -> _44681_/D : -0.020902
[setup reg-reg] _44223_/Q -> _44953_/D : -0.020801
[setup reg-reg] _43803_/Q -> _43837_/D : -0.020557
[setup reg-out] _44222_/Q -> module_status_flags_out[0] : -0.018431
[setup reg-reg] _44223_/Q -> _44963_/D : -0.018156
[setup reg-reg] _43803_/Q -> _43953_/D : -0.017843
[setup reg-reg] _44223_/Q -> _44634_/D : -0.017033
[setup reg-reg] _46119_/Q -> _44506_/D : -0.016861
[setup reg-reg] _46119_/Q -> _46025_/D : -0.016256
[setup reg-reg] _44223_/Q -> _45427_/D : -0.015723
[setup reg-reg] _44223_/Q -> _44437_/D : -0.015535
[setup reg-reg] _44223_/Q -> _46165_/D : -0.015195
[setup reg-reg] _43803_/Q -> _43853_/D : -0.014670
[setup reg-reg] _46119_/Q -> _44512_/D : -0.014660
[setup reg-reg] _44223_/Q -> _45415_/D : -0.014257
[setup reg-reg] _44223_/Q -> _44961_/D : -0.014134
[setup reg-reg] _44223_/Q -> _44959_/D : -0.013646
[setup reg-reg] _44223_/Q -> _44450_/D : -0.013380
[setup reg-reg] _44223_/Q -> _45032_/D : -0.012832
[setup reg-reg] _44223_/Q -> _44637_/D : -0.011725
[setup reg-reg] _44223_/Q -> _45425_/D : -0.011210
[setup reg-reg] _46120_/Q -> _45219_/D : -0.010635
[setup reg-reg] _44223_/Q -> _46194_/D : -0.009989
[setup reg-reg] _46119_/Q -> _44516_/D : -0.008845
[setup reg-reg] _44223_/Q -> _44667_/D : -0.007340
[setup reg-reg] _46120_/Q -> _45216_/D : -0.007191
[setup reg-reg] _44223_/Q -> _46185_/D : -0.006970
[setup reg-reg] _44223_/Q -> _44643_/D : -0.006763
[setup reg-reg] _44223_/Q -> _46181_/D : -0.005962
[setup reg-reg] _44223_/Q -> _46206_/D : -0.005890
[setup reg-reg] _46117_/Q -> _46002_/D : -0.004899
[setup reg-reg] _46119_/Q -> _44510_/D : -0.004599
[setup reg-reg] _44223_/Q -> _44452_/D : -0.004250
[setup reg-reg] _44223_/Q -> _44669_/D : -0.003207
[setup reg-reg] _44223_/Q -> _45899_/D : -0.003173
[setup reg-reg] _44223_/Q -> _45895_/D : -0.001083
[setup reg-reg] _46120_/Q -> _45217_/D : -0.000591
