Clock: clk_dsp
Sources: clk_dsp 
Generated: no
Virtual: yes
Propagated: no
Period: 5.000000

===========================================================================
report_clock_properties
============================================================================
Clock                   Period          Waveform
----------------------------------------------------
clk_dsp               5.000000    0.000000  2.500000

===========================================================================
report_clock_latency
============================================================================
Clock clk_dsp
rise -> rise
    min     max
0.000000 0.000000 source latency
2.464838         network latency _46248_/CLK
        2.902329 network latency _45510_/CLK
---------------
2.464838 2.902329 latency
        0.437491 skew

fall -> fall
    min     max
0.000000 0.000000 source latency
2.064427         network latency _46248_/CLK
        2.456861 network latency _45510_/CLK
---------------
2.064427 2.456861 latency
        0.392434 skew



===========================================================================
report_clock_min_period
============================================================================
clk_dsp period_min = 26.71 fmax = 37.43
