
===========================================================================
Violator List
============================================================================
[hold in-reg] rf_adc_i_in[6] -> _43781_/D : -0.449005
[hold in-reg] rf_adc_i_in[7] -> _43782_/D : -0.403061
[hold in-reg] rf_adc_i_in[12] -> _43788_/D : -0.402671
[hold in-reg] rf_adc_i_in[8] -> _43783_/D : -0.393210
[hold in-reg] rf_adc_i_in[11] -> _43787_/D : -0.393037
[hold in-reg] rf_adc_i_in[5] -> _43780_/D : -0.351205
[hold in-reg] rf_adc_i_in[1] -> _43777_/D : -0.327077
[hold in-reg] rf_adc_i_in[4] -> _43779_/D : -0.321606
[hold in-reg] rf_adc_i_in[3] -> _43778_/D : -0.317438
[hold in-reg] rf_adc_i_in[1] -> _43776_/D : -0.315169
[hold in-reg] rf_adc_i_in[8] -> _43784_/D : -0.305959
[hold in-reg] rf_adc_i_in[9] -> _43785_/D : -0.188816
[hold in-reg] rf_adc_i_in[10] -> _43786_/D : -0.156862
[hold in-reg] rf_adc_i_in[0] -> _43775_/D : -0.101261
[hold in-reg] rf_adc_i_in[15] -> _43799_/D : -0.094154
[hold in-reg] rf_adc_i_in[13] -> _43789_/D : -0.041369
[hold in-reg] rf_adc_i_in[14] -> _43790_/D : -0.029784
[setup reg-reg] _46161_/Q -> _46277_/D : -21.712982
[setup reg-reg] _46161_/Q -> _46283_/D : -21.710129
[setup reg-reg] _46161_/Q -> _46282_/D : -21.704668
[setup reg-reg] _46161_/Q -> _46279_/D : -21.702547
[setup reg-reg] _46161_/Q -> _46276_/D : -21.690672
[setup reg-reg] _46161_/Q -> _46290_/D : -21.683054
[setup reg-reg] _46161_/Q -> _46288_/D : -21.666290
[setup reg-reg] _46161_/Q -> _46286_/D : -21.665941
[setup reg-reg] _46161_/Q -> _46278_/D : -21.659290
[setup reg-reg] _46161_/Q -> _46285_/D : -21.646095
[setup reg-reg] _46161_/Q -> _46280_/D : -21.645910
[setup reg-reg] _46161_/Q -> _46281_/D : -21.644579
[setup reg-reg] _46161_/Q -> _46284_/D : -21.640783
[setup reg-reg] _46161_/Q -> _46287_/D : -21.633999
[setup reg-reg] _46161_/Q -> _46248_/D : -21.538956
[setup reg-reg] _46161_/Q -> _46289_/D : -21.520155
[setup reg-reg] _46161_/Q -> _46247_/D : -21.502626
[setup reg-reg] _46161_/Q -> _46249_/D : -21.492142
[setup reg-reg] _46161_/Q -> _46243_/D : -21.490599
[setup reg-reg] _46161_/Q -> _46246_/D : -21.487070
[setup reg-reg] _46161_/Q -> _46244_/D : -21.480921
[setup reg-reg] _46161_/Q -> _46245_/D : -21.476976
[setup reg-reg] _46161_/Q -> _46256_/D : -21.418812
[setup reg-reg] _43517_/Q -> _43595_/D : -21.398283
[setup reg-reg] _46161_/Q -> _46254_/D : -21.377642
[setup reg-reg] _46161_/Q -> _46255_/D : -21.355328
[setup reg-reg] _46161_/Q -> _46257_/D : -21.335287
[setup reg-reg] _43517_/Q -> _43594_/D : -21.303181
[setup reg-reg] _46161_/Q -> _46251_/D : -21.292839
[setup reg-reg] _46161_/Q -> _46253_/D : -21.290590
[setup reg-reg] _46161_/Q -> _46252_/D : -21.283920
[setup reg-reg] _46161_/Q -> _46250_/D : -21.271841
[setup reg-reg] _43517_/Q -> _43578_/D : -21.243361
[setup reg-reg] _43517_/Q -> _43577_/D : -21.222878
[setup reg-reg] _46161_/Q -> _46258_/D : -21.191784
[setup reg-reg] _43517_/Q -> _43576_/D : -21.055822
[setup reg-reg] _43517_/Q -> _43591_/D : -21.049120
[setup reg-reg] _43517_/Q -> _43593_/D : -20.998840
[setup reg-reg] _46161_/Q -> _46291_/D : -20.842752
[setup reg-reg] _43517_/Q -> _43592_/D : -20.813309
[setup reg-reg] _43517_/Q -> _43575_/D : -20.664198
[setup reg-reg] _43517_/Q -> _43590_/D : -20.620594
[setup reg-reg] _43517_/Q -> _43589_/D : -20.554691
[setup reg-reg] _43517_/Q -> _43588_/D : -20.542311
[setup reg-reg] _43517_/Q -> _43574_/D : -20.504108
[setup reg-reg] _43517_/Q -> _43572_/D : -20.361349
[setup reg-reg] _43517_/Q -> _43587_/D : -20.318619
[setup reg-reg] _43517_/Q -> _43573_/D : -20.212046
[setup reg-reg] _43517_/Q -> _43586_/D : -19.984280
[setup reg-reg] _43517_/Q -> _43571_/D : -19.951065
[setup reg-reg] _43517_/Q -> _43585_/D : -19.602083
[setup reg-reg] _43517_/Q -> _43570_/D : -19.464258
[setup reg-reg] _43517_/Q -> _43569_/D : -19.373060
[setup reg-reg] _43517_/Q -> _43568_/D : -19.256287
[setup reg-reg] _43517_/Q -> _43584_/D : -19.014845
[setup reg-reg] _43517_/Q -> _43567_/D : -18.970871
[setup reg-reg] _43517_/Q -> _43583_/D : -18.691214
[setup reg-reg] _43517_/Q -> _43582_/D : -18.596390
[setup reg-reg] _43517_/Q -> _43566_/D : -18.473057
[setup reg-reg] _43517_/Q -> _43581_/D : -18.380096
[setup reg-reg] _43517_/Q -> _43565_/D : -18.265038
[setup reg-reg] _43517_/Q -> _43564_/D : -17.793903
[setup reg-reg] _43517_/Q -> _43580_/D : -17.223787
[setup reg-reg] _43517_/Q -> _43563_/D : -17.096800
[setup reg-reg] _44010_/Q -> _44006_/D : -11.301091
[setup reg-reg] _44010_/Q -> _44005_/D : -11.001593
[setup reg-reg] _44010_/Q -> _44004_/D : -10.701603
[setup reg-reg] _44010_/Q -> _44003_/D : -10.393950
[setup reg-reg] _43580_/Q -> _43802_/D : -10.215356
[setup reg-reg] _44091_/Q -> _44129_/D : -10.198580
[setup reg-reg] _44091_/Q -> _44128_/D : -10.067726
[setup reg-reg] _44010_/Q -> _44002_/D : -10.036880
[setup reg-reg] _43580_/Q -> _43801_/D : -9.756165
[setup reg-reg] _44091_/Q -> _44126_/D : -9.744735
[setup reg-reg] _44010_/Q -> _44001_/D : -9.704137
[setup reg-reg] _44091_/Q -> _44127_/D : -9.700711
[setup reg-reg] _44091_/Q -> _44125_/D : -9.593204
[setup reg-reg] _43580_/Q -> _43800_/D : -9.482954
[setup reg-reg] _44091_/Q -> _44124_/D : -9.304133
[setup reg-reg] _44010_/Q -> _44000_/D : -9.256694
[setup reg-reg] _44010_/Q -> _43999_/D : -8.887486
[setup reg-reg] _43580_/Q -> _43798_/D : -8.827125
[setup reg-reg] _44091_/Q -> _44123_/D : -8.698605
[setup reg-reg] _43580_/Q -> _43799_/D : -8.608914
[setup reg-reg] _44010_/Q -> _43998_/D : -8.585521
[setup reg-reg] _43580_/Q -> _43797_/D : -8.418776
[setup reg-reg] _44010_/Q -> _43997_/D : -8.294514
[setup reg-reg] _44091_/Q -> _44122_/D : -8.112919
[setup reg-reg] _44010_/Q -> _43996_/D : -8.035361
[setup reg-reg] _44091_/Q -> _44121_/D : -8.034161
[setup reg-reg] _43580_/Q -> _43796_/D : -7.999196
[setup reg-reg] _44179_/Q -> _43751_/D : -7.893113
[setup reg-reg] _44010_/Q -> _43994_/D : -7.753032
[setup reg-reg] _44091_/Q -> _44120_/D : -7.741440
[setup reg-reg] _43725_/Q -> _43723_/D : -7.687413
[setup reg-reg] _43580_/Q -> _43795_/D : -7.619635
[setup reg-reg] _44179_/Q -> _43750_/D : -7.593873
[setup reg-reg] _44010_/Q -> _43995_/D : -7.581048
[setup reg-reg] _44091_/Q -> _44119_/D : -7.532176
[setup reg-reg] _43725_/Q -> _43722_/D : -7.463007
[setup reg-reg] _44179_/Q -> _43749_/D : -7.224507
[setup reg-reg] _43580_/Q -> _43794_/D : -7.215638
[setup reg-reg] _44091_/Q -> _44118_/D : -7.186442
[setup reg-reg] _43725_/Q -> _43721_/D : -7.096841
[setup reg-reg] _44091_/Q -> _44117_/D : -6.956941
[setup reg-reg] _43805_/Q -> _44205_/D : -6.911996
[setup reg-reg] _43805_/Q -> _43831_/D : -6.883951
[setup reg-reg] _43580_/Q -> _43793_/D : -6.831579
[setup reg-reg] _43805_/Q -> _43830_/D : -6.831159
[setup reg-reg] _43805_/Q -> _44204_/D : -6.796840
[setup reg-reg] _44179_/Q -> _43748_/D : -6.794923
[setup reg-reg] _44010_/Q -> _43993_/D : -6.751524
[setup reg-reg] _44010_/Q -> _43992_/D : -6.742610
[setup reg-reg] _44091_/Q -> _44116_/D : -6.714619
[setup reg-reg] _43725_/Q -> _43720_/D : -6.659978
[setup reg-reg] _43805_/Q -> _44203_/D : -6.576674
[setup reg-reg] _43597_/Q -> _43695_/D : -6.568259
[setup reg-reg] _44179_/Q -> _43747_/D : -6.522861
[setup reg-reg] _43805_/Q -> _43829_/D : -6.513575
[setup reg-reg] _44010_/Q -> _43991_/D : -6.418527
[setup reg-reg] _43580_/Q -> _43792_/D : -6.397837
[setup reg-reg] _43725_/Q -> _43719_/D : -6.336189
[setup reg-reg] _43597_/Q -> _43694_/D : -6.330249
[setup reg-reg] _44091_/Q -> _44114_/D : -6.318445
[setup reg-reg] _43805_/Q -> _44202_/D : -6.249288
[setup reg-reg] _43805_/Q -> _43828_/D : -6.225369
[setup reg-reg] _44091_/Q -> _44115_/D : -6.174159
[setup reg-reg] _44179_/Q -> _43746_/D : -6.127606
[setup reg-reg] _43725_/Q -> _43718_/D : -5.988580
[setup reg-reg] _43580_/Q -> _43790_/D : -5.966140
[setup reg-reg] _43597_/Q -> _43693_/D : -5.920115
[setup reg-reg] _44091_/Q -> _44113_/D : -5.917921
[setup reg-reg] _43580_/Q -> _43789_/D : -5.906196
[setup reg-reg] _44179_/Q -> _43745_/D : -5.870854
[setup reg-reg] _43580_/Q -> _43791_/D : -5.859314
[setup reg-reg] _43805_/Q -> _44201_/D : -5.821422
[setup reg-reg] _43725_/Q -> _43717_/D : -5.767267
[setup reg-reg] _43805_/Q -> _43827_/D : -5.712168
[setup reg-reg] _43805_/Q -> _44200_/D : -5.686900
[setup reg-reg] _43805_/Q -> _43826_/D : -5.653425
[setup reg-reg] _44010_/Q -> _43990_/D : -5.641778
[setup reg-reg] _43597_/Q -> _43692_/D : -5.623713
[setup reg-reg] _44179_/Q -> _43744_/D : -5.482527
[setup reg-reg] _43805_/Q -> _44199_/D : -5.468183
[setup reg-reg] _43597_/Q -> _43691_/D : -5.449774
[setup reg-reg] _43805_/Q -> _43825_/D : -5.400059
[setup reg-reg] _44091_/Q -> _44112_/D : -5.399459
[setup reg-reg] _43725_/Q -> _43716_/D : -5.340405
[setup reg-reg] _44010_/Q -> _43988_/D : -5.275781
[setup reg-reg] _44010_/Q -> _43989_/D : -5.207897
[setup reg-reg] _44179_/Q -> _43743_/D : -5.176207
[setup reg-reg] _43805_/Q -> _44198_/D : -5.135252
[setup reg-reg] _43597_/Q -> _43690_/D : -5.099285
[setup reg-reg] _44091_/Q -> _44111_/D : -5.068283
[setup reg-reg] _43805_/Q -> _43824_/D : -5.066868
[setup reg-reg] _43725_/Q -> _43715_/D : -5.017584
[setup reg-reg] _43580_/Q -> _43788_/D : -4.983253
[setup reg-reg] _43805_/Q -> _44197_/D : -4.890627
[setup reg-reg] _43805_/Q -> _43823_/D : -4.825068
[setup reg-reg] _44010_/Q -> _43987_/D : -4.749994
[setup reg-reg] _44179_/Q -> _43742_/D : -4.730538
[setup reg-reg] _43597_/Q -> _43689_/D : -4.647525
[setup reg-reg] _43725_/Q -> _43714_/D : -4.639304
[setup reg-reg] _43805_/Q -> _44196_/D : -4.601980
[setup reg-reg] _44010_/Q -> _43986_/D : -4.587083
[setup reg-reg] _43580_/Q -> _43787_/D : -4.571489
[setup reg-reg] _44091_/Q -> _44110_/D : -4.525306
[setup reg-reg] _43805_/Q -> _43822_/D : -4.523179
[setup reg-reg] _44179_/Q -> _43741_/D : -4.455947
[setup reg-reg] _43580_/Q -> _43786_/D : -4.440032
[setup reg-reg] _43495_/Q -> _43525_/D : -4.301228
[setup reg-reg] _44091_/Q -> _44109_/D : -4.295135
[setup reg-reg] _43725_/Q -> _43713_/D : -4.292700
[setup reg-reg] _43805_/Q -> _43821_/D : -4.283593
[setup reg-reg] _43913_/Q -> _44024_/D : -4.249874
[setup reg-reg] _43495_/Q -> _43522_/D : -4.221714
[setup reg-reg] _43597_/Q -> _43688_/D : -4.177833
[setup reg-reg] _44010_/Q -> _43985_/D : -4.159220
[setup reg-reg] _43805_/Q -> _44195_/D : -4.155973
[setup reg-reg] _43495_/Q -> _43524_/D : -4.133590
[setup reg-reg] _44179_/Q -> _43740_/D : -4.041899
[setup reg-reg] _43597_/Q -> _43687_/D : -4.034076
[setup reg-reg] _43580_/Q -> _43785_/D : -4.032600
[setup reg-reg] _44091_/Q -> _44108_/D : -4.014507
[setup reg-reg] _43805_/Q -> _44194_/D : -3.999697
[setup reg-reg] _43805_/Q -> _43820_/D : -3.970136
[setup reg-reg] _43725_/Q -> _43712_/D : -3.957927
[setup reg-reg] _43495_/Q -> _43523_/D : -3.865731
[setup reg-reg] _43913_/Q -> _44023_/D : -3.845188
[setup reg-reg] _43495_/Q -> _43518_/D : -3.827122
[setup reg-reg] _43805_/Q -> _44193_/D : -3.753134
[setup reg-reg] _43913_/Q -> _44025_/D : -3.748838
[setup reg-reg] _44091_/Q -> _44107_/D : -3.746743
[setup reg-reg] _43805_/Q -> _43819_/D : -3.729582
[setup reg-reg] _43495_/Q -> _43521_/D : -3.700359
[setup reg-reg] _43495_/Q -> _43517_/D : -3.693788
[setup reg-reg] _44010_/Q -> _43984_/D : -3.683289
[setup reg-reg] _43580_/Q -> _43784_/D : -3.674434
[setup reg-reg] _43725_/Q -> _43711_/D : -3.670392
[setup reg-reg] _43495_/Q -> _43520_/D : -3.664079
[setup reg-reg] _44179_/Q -> _43739_/D : -3.656320
[setup reg-reg] _43597_/Q -> _43686_/D : -3.551541
[setup reg-reg] _44091_/Q -> _44106_/D : -3.447447
[setup reg-reg] _43725_/Q -> _43710_/D : -3.419932
[setup reg-reg] _43495_/Q -> _43516_/D : -3.397291
[setup reg-reg] _43805_/Q -> _43818_/D : -3.389751
[setup reg-reg] _43805_/Q -> _44192_/D : -3.351730
[setup reg-reg] _43495_/Q -> _43519_/D : -3.332063
[setup reg-reg] _44179_/Q -> _43738_/D : -3.299192
[setup reg-reg] _43562_/Q -> _43557_/D : -3.259076
[setup reg-reg] _43597_/Q -> _43685_/D : -3.237782
[setup reg-reg] _43725_/Q -> _43709_/D : -3.164190
[setup reg-reg] _43495_/Q -> _43515_/D : -3.142174
[setup reg-reg] _44091_/Q -> _44105_/D : -3.123578
[setup reg-reg] _43580_/Q -> _43783_/D : -3.118237
[setup reg-reg] _44179_/Q -> _43737_/D : -2.992625
[setup reg-reg] _43597_/Q -> _43684_/D : -2.873125
[setup reg-reg] _43913_/Q -> _44022_/D : -2.865935
[setup reg-reg] _43562_/Q -> _43556_/D : -2.851370
[setup reg-reg] _43495_/Q -> _43514_/D : -2.832279
[setup reg-reg] _44010_/Q -> _43983_/D : -2.822810
[setup reg-reg] _44179_/Q -> _43736_/D : -2.709899
[setup reg-reg] _44091_/Q -> _44104_/D : -2.701455
[setup reg-reg] _46344_/Q -> _43541_/D : -2.686027
[setup reg-reg] _43725_/Q -> _43708_/D : -2.669811
[setup reg-reg] _43495_/Q -> _43513_/D : -2.612788
[setup reg-reg] _43580_/Q -> _43782_/D : -2.573071
[setup reg-reg] _44179_/Q -> _44191_/D : -2.571664
[setup reg-reg] _43562_/Q -> _43555_/D : -2.544276
[setup reg-reg] _43597_/Q -> _43683_/D : -2.539320
[setup reg-reg] _43913_/Q -> _44021_/D : -2.537188
[setup reg-reg] _44012_/Q -> _43982_/D : -2.497691
[setup reg-reg] _46344_/Q -> _43540_/D : -2.421457
[setup reg-reg] _44179_/Q -> _43735_/D : -2.403709
[setup reg-reg] _44091_/Q -> _44103_/D : -2.352388
[setup reg-reg] _43805_/Q -> _43816_/D : -2.346561
[setup reg-reg] _44179_/Q -> _44190_/D : -2.303521
[setup reg-reg] _43805_/Q -> _43817_/D : -2.271587
[setup reg-reg] _43597_/Q -> _43682_/D : -2.264208
[setup reg-reg] _44179_/Q -> _43734_/D : -2.151859
[setup reg-reg] _43495_/Q -> _43512_/D : -2.149442
[setup reg-reg] _43562_/Q -> _43554_/D : -2.112291
[setup reg-reg] _44012_/Q -> _43981_/D : -2.085284
[setup reg-reg] _46344_/Q -> _43539_/D : -2.037856
[setup reg-reg] _43725_/Q -> _43707_/D : -2.032617
[setup reg-reg] _44091_/Q -> _44102_/D : -2.019695
[setup reg-reg] _43580_/Q -> _43781_/D : -2.009581
[setup reg-reg] _44179_/Q -> _44189_/D : -1.936758
[setup reg-reg] _43495_/Q -> _43511_/D : -1.890119
[setup reg-reg] _43913_/Q -> _44020_/D : -1.834022
[setup reg-reg] _46344_/Q -> _43538_/D : -1.825652
[setup reg-reg] _43562_/Q -> _43553_/D : -1.814259
[setup reg-reg] _43597_/Q -> _43681_/D : -1.778139
[setup reg-reg] _44179_/Q -> _43733_/D : -1.766240
[setup reg-reg] _43495_/Q -> _43510_/D : -1.675506
[setup reg-reg] _44091_/Q -> _44101_/D : -1.659306
[setup reg-reg] _44179_/Q -> _44188_/D : -1.653811
[setup reg-reg] _43805_/Q -> _43815_/D : -1.573237
[setup reg-reg] _43725_/Q -> _43706_/D : -1.567372
[setup reg-reg] _43580_/Q -> _43780_/D : -1.529518
[setup reg-reg] _46117_/Q -> _44568_/D : -1.523039
[setup reg-reg] _43913_/Q -> _44019_/D : -1.500760
[setup reg-reg] _46344_/Q -> _43537_/D : -1.499646
[setup reg-reg] _43562_/Q -> _43552_/D : -1.385188
[setup reg-reg] _46344_/Q -> _43536_/D : -1.378593
[setup reg-reg] _43597_/Q -> _43680_/D : -1.354698
[setup reg-reg] _46117_/Q -> _44572_/D : -1.323044
[setup reg-reg] _44091_/Q -> _44100_/D : -1.317412
[setup reg-reg] _44179_/Q -> _44187_/D : -1.316971
[setup reg-reg] _43495_/Q -> _43509_/D : -1.309557
[setup reg-reg] _46117_/Q -> _44534_/D : -1.228253
[setup reg-reg] _46117_/Q -> _46091_/D : -1.222301
[setup reg-reg] _43805_/Q -> _43814_/D : -1.220832
[setup reg-reg] _46117_/Q -> _44571_/D : -1.216922
[setup reg-reg] _46117_/Q -> _44567_/D : -1.215411
[setup reg-reg] _46117_/Q -> _44577_/D : -1.210309
[setup reg-reg] _46117_/Q -> _44573_/D : -1.208721
[setup reg-reg] _46117_/Q -> _44576_/D : -1.201823
[setup reg-reg] _46117_/Q -> _44566_/D : -1.196325
[setup reg-reg] _46117_/Q -> _46088_/D : -1.192437
[setup reg-reg] _43913_/Q -> _44018_/D : -1.175791
[setup reg-reg] _46120_/Q -> _44376_/D : -1.166819
[setup reg-reg] _46120_/Q -> _44375_/D : -1.165649
[setup reg-reg] _46120_/Q -> _44380_/D : -1.158242
[setup reg-reg] _43495_/Q -> _43508_/D : -1.131134
[setup reg-reg] _46120_/Q -> _44945_/D : -1.129253
[setup reg-reg] _46120_/Q -> _45320_/D : -1.127533
[setup reg-reg] _46120_/Q -> _45461_/D : -1.126730
[setup reg-reg] _46117_/Q -> _44538_/D : -1.124783
[setup reg-reg] _46117_/Q -> _45240_/D : -1.122766
[setup reg-reg] _46120_/Q -> _45471_/D : -1.121930
[setup reg-reg] _46120_/Q -> _45317_/D : -1.119204
[setup reg-reg] _46120_/Q -> _45465_/D : -1.115170
[setup reg-reg] _46117_/Q -> _44539_/D : -1.113631
[setup reg-reg] _46120_/Q -> _45325_/D : -1.111278
[setup reg-reg] _46120_/Q -> _45327_/D : -1.106324
[setup reg-reg] _46117_/Q -> _44533_/D : -1.105013
[setup reg-reg] _46120_/Q -> _45318_/D : -1.104731
[setup reg-reg] _46120_/Q -> _45326_/D : -1.099633
[setup reg-reg] _46117_/Q -> _44548_/D : -1.098723
[setup reg-reg] _46120_/Q -> _45475_/D : -1.095085
[setup reg-reg] _46117_/Q -> _45252_/D : -1.094518
[setup reg-reg] _46117_/Q -> _44545_/D : -1.092473
[setup reg-reg] _46120_/Q -> _45322_/D : -1.091094
[setup reg-reg] _46120_/Q -> _45319_/D : -1.091029
[setup reg-reg] _46117_/Q -> _45243_/D : -1.089866
[setup reg-reg] _46120_/Q -> _45476_/D : -1.088462
[setup reg-reg] _46120_/Q -> _44379_/D : -1.087395
[setup reg-reg] _46120_/Q -> _45300_/D : -1.087317
[setup reg-reg] _46120_/Q -> _44948_/D : -1.086121
[setup reg-reg] _46120_/Q -> _44402_/D : -1.085968
[setup reg-reg] _46120_/Q -> _45473_/D : -1.085301
[setup reg-reg] _46120_/Q -> _44384_/D : -1.083798
[setup reg-reg] _46120_/Q -> _44329_/D : -1.082182
[setup reg-reg] _46120_/Q -> _45474_/D : -1.081509
[setup reg-reg] _46120_/Q -> _44399_/D : -1.078396
[setup reg-reg] _46120_/Q -> _44396_/D : -1.078094
[setup reg-reg] _46120_/Q -> _45297_/D : -1.075756
[setup reg-reg] _46117_/Q -> _44547_/D : -1.075359
[setup reg-reg] _46120_/Q -> _46059_/D : -1.070259
[setup reg-reg] _46120_/Q -> _44389_/D : -1.068393
[setup reg-reg] _46120_/Q -> _44404_/D : -1.066648
[setup reg-reg] _46120_/Q -> _44398_/D : -1.066479
[setup reg-reg] _46120_/Q -> _46056_/D : -1.063542
[setup reg-reg] _46120_/Q -> _46066_/D : -1.058125
[setup reg-reg] _46120_/Q -> _44327_/D : -1.058038
[setup reg-reg] _46120_/Q -> _45472_/D : -1.056859
[setup reg-reg] _46120_/Q -> _44401_/D : -1.056075
[setup reg-reg] _46120_/Q -> _44381_/D : -1.054835
[setup reg-reg] _46120_/Q -> _44374_/D : -1.054588
[setup reg-reg] _46120_/Q -> _46067_/D : -1.052767
[setup reg-reg] _43725_/Q -> _43705_/D : -1.051767
[setup reg-reg] _46120_/Q -> _44403_/D : -1.050293
[setup reg-reg] _46120_/Q -> _46061_/D : -1.048144
[setup reg-reg] _46120_/Q -> _46054_/D : -1.047785
[setup reg-reg] _46120_/Q -> _46057_/D : -1.042583
[setup reg-reg] _46120_/Q -> _46055_/D : -1.038881
[setup reg-reg] _46120_/Q -> _46053_/D : -1.038224
[setup reg-reg] _46120_/Q -> _46064_/D : -1.037739
[setup reg-reg] _46120_/Q -> _46062_/D : -1.037222
[setup reg-reg] _46120_/Q -> _44382_/D : -1.036983
[setup reg-reg] _46120_/Q -> _44525_/D : -1.035633
[setup reg-reg] _46120_/Q -> _44521_/D : -1.033002
[setup reg-reg] _46120_/Q -> _46063_/D : -1.031841
[setup reg-reg] _46120_/Q -> _44373_/D : -1.025714
[setup reg-reg] _46120_/Q -> _46060_/D : -1.025543
[setup reg-reg] _46120_/Q -> _44522_/D : -1.020875
[setup reg-reg] _46120_/Q -> _46068_/D : -1.014525
[setup reg-reg] _46120_/Q -> _44383_/D : -1.010027
[setup reg-reg] _46120_/Q -> _44519_/D : -1.005394
[setup reg-reg] _46120_/Q -> _44520_/D : -1.004159
[setup reg-reg] _43562_/Q -> _43551_/D : -1.002815
[setup reg-reg] _46120_/Q -> _46058_/D : -0.977557
[setup reg-reg] _46120_/Q -> _45945_/D : -0.960335
[setup reg-reg] _46120_/Q -> _44517_/D : -0.951844
[setup reg-reg] _46120_/Q -> _44524_/D : -0.935623
[setup reg-reg] _46344_/Q -> _43535_/D : -0.934434
[setup reg-reg] _46120_/Q -> _45674_/D : -0.931869
[setup reg-reg] _46120_/Q -> _45950_/D : -0.926591
[setup reg-reg] _46120_/Q -> _45944_/D : -0.924716
[setup reg-reg] _46120_/Q -> _45952_/D : -0.919620
[setup reg-reg] _46120_/Q -> _44530_/D : -0.918127
[setup reg-reg] _46120_/Q -> _44532_/D : -0.914613
[setup reg-reg] _46120_/Q -> _46065_/D : -0.914371
[setup reg-reg] _46120_/Q -> _44526_/D : -0.908933
[setup reg-reg] _46120_/Q -> _45949_/D : -0.907073
[setup reg-reg] _44114_/Q -> _44170_/D : -0.906237
[setup reg-reg] _43803_/Q -> _43960_/D : -0.904900
[setup reg-reg] _46117_/Q -> _45820_/D : -0.904674
[setup reg-reg] _46120_/Q -> _44531_/D : -0.902829
[setup reg-reg] _44114_/Q -> _44174_/D : -0.900157
[setup reg-reg] _44114_/Q -> _44171_/D : -0.896073
[setup reg-reg] _46120_/Q -> _44527_/D : -0.895842
[setup reg-reg] _44114_/Q -> _44169_/D : -0.895584
[setup reg-reg] _43803_/Q -> _43945_/D : -0.887546
[setup reg-reg] _44114_/Q -> _44164_/D : -0.886355
[setup reg-reg] _46117_/Q -> _45817_/D : -0.885303
[setup reg-reg] _44010_/Q -> _43980_/D : -0.883675
[setup reg-reg] _44114_/Q -> _44163_/D : -0.883407
[setup reg-reg] _46117_/Q -> _44286_/D : -0.878333
[setup reg-reg] _46117_/Q -> _45814_/D : -0.875775
[setup reg-reg] _46120_/Q -> _45946_/D : -0.875607
[setup reg-reg] _46120_/Q -> _45941_/D : -0.871497
[setup reg-reg] _44091_/Q -> _44099_/D : -0.871460
[setup reg-reg] _46117_/Q -> _45821_/D : -0.870243
[setup reg-reg] _46120_/Q -> _45943_/D : -0.869910
[setup reg-reg] _44179_/Q -> _44186_/D : -0.867731
[setup reg-reg] _44114_/Q -> _44165_/D : -0.867367
[setup reg-reg] _44114_/Q -> _44168_/D : -0.864757
[setup reg-reg] _44114_/Q -> _44162_/D : -0.862299
[setup reg-reg] _46117_/Q -> _45822_/D : -0.861476
[setup reg-reg] _44114_/Q -> _44176_/D : -0.861074
[setup reg-reg] _43803_/Q -> _44221_/D : -0.860826
[setup reg-reg] _44114_/Q -> _44172_/D : -0.859907
[setup reg-reg] _44114_/Q -> _44166_/D : -0.858097
[setup reg-reg] _44114_/Q -> _44167_/D : -0.856878
[setup reg-reg] _46120_/Q -> _45947_/D : -0.855477
[setup reg-reg] _44114_/Q -> _44173_/D : -0.851435
[setup reg-reg] _44114_/Q -> _44175_/D : -0.851410
[setup reg-reg] _46117_/Q -> _45816_/D : -0.845369
[setup reg-reg] _43803_/Q -> _44161_/D : -0.843746
[setup reg-reg] _46117_/Q -> _45815_/D : -0.843095
[setup reg-out] _44223_/Q -> module_status_flags_out[1] : -0.829394
[setup reg-reg] _46117_/Q -> _45818_/D : -0.827619
[setup reg-reg] _43803_/Q -> _43894_/D : -0.826203
[setup reg-reg] _43803_/Q -> _44040_/D : -0.825865
[setup reg-reg] _43776_/Q -> _43813_/D : -0.810404
[setup reg-reg] _46117_/Q -> _45819_/D : -0.803567
[setup reg-reg] _44179_/Q -> _43732_/D : -0.794467
[setup reg-reg] _43913_/Q -> _44017_/D : -0.773834
[setup reg-reg] _43725_/Q -> _43704_/D : -0.763373
[setup in-reg] rst_n -> _44013_/D : -0.756249
[setup reg-reg] _43803_/Q -> _43879_/D : -0.754483
[setup reg-reg] _43803_/Q -> _44076_/D : -0.747495
[setup reg-reg] _46117_/Q -> _44863_/D : -0.738484
[setup reg-reg] _46120_/Q -> _45975_/D : -0.735866
[setup reg-reg] _43562_/Q -> _43550_/D : -0.731248
[setup reg-reg] _46120_/Q -> _45974_/D : -0.729046
[setup reg-reg] _46117_/Q -> _45730_/D : -0.726431
[setup reg-reg] _46120_/Q -> _45976_/D : -0.717809
[setup reg-reg] _46117_/Q -> _45687_/D : -0.711955
[setup reg-reg] _46117_/Q -> _44855_/D : -0.709341
[setup reg-reg] _44223_/Q -> _45097_/D : -0.704286
[setup reg-reg] _46117_/Q -> _44856_/D : -0.701080
[setup reg-reg] _46117_/Q -> _44859_/D : -0.700462
[setup reg-reg] _46117_/Q -> _45699_/D : -0.699110
[setup reg-reg] _46117_/Q -> _44861_/D : -0.695772
[setup reg-reg] _46120_/Q -> _44939_/D : -0.695320
[setup reg-reg] _46117_/Q -> _44857_/D : -0.695204
[setup reg-reg] _46159_/Q -> _46161_/D : -0.692934
[setup reg-reg] _44223_/Q -> _45093_/D : -0.690146
[setup reg-reg] _46120_/Q -> _44784_/D : -0.689366
[setup reg-reg] _46117_/Q -> _46087_/D : -0.683726
[setup reg-reg] _44223_/Q -> _45585_/D : -0.682532
[setup reg-reg] _46117_/Q -> _45723_/D : -0.682089
[setup reg-reg] _46117_/Q -> _45726_/D : -0.681631
[setup reg-reg] _44223_/Q -> _45100_/D : -0.680453
[setup reg-reg] _46120_/Q -> _45979_/D : -0.679781
[setup reg-reg] _46117_/Q -> _45728_/D : -0.679376
[setup reg-reg] _46117_/Q -> _46096_/D : -0.678201
[setup reg-reg] _46117_/Q -> _45724_/D : -0.677554
[setup reg-reg] _46117_/Q -> _44867_/D : -0.677357
[setup reg-reg] _46117_/Q -> _44866_/D : -0.676497
[setup reg-reg] _46120_/Q -> _44786_/D : -0.675048
[setup reg-reg] _46120_/Q -> _46125_/D : -0.674947
[setup reg-reg] _46117_/Q -> _44862_/D : -0.674706
[setup reg-reg] _44223_/Q -> _45105_/D : -0.674105
[setup reg-reg] _46120_/Q -> _44780_/D : -0.673930
[setup reg-reg] _46117_/Q -> _46213_/D : -0.672397
[setup reg-reg] _46120_/Q -> _44936_/D : -0.671659
[setup reg-reg] _46117_/Q -> _45731_/D : -0.670827
[setup reg-reg] _46117_/Q -> _46218_/D : -0.670826
[setup reg-reg] _44223_/Q -> _45560_/D : -0.670743
[setup reg-reg] _46117_/Q -> _45725_/D : -0.670725
[setup reg-reg] _46117_/Q -> _46094_/D : -0.670692
[setup reg-reg] _46117_/Q -> _45729_/D : -0.670320
[setup reg-reg] _46117_/Q -> _45720_/D : -0.668541
[setup reg-reg] _46117_/Q -> _44853_/D : -0.666518
[setup reg-reg] _46117_/Q -> _46089_/D : -0.666336
[setup reg-reg] _46120_/Q -> _44774_/D : -0.666204
[setup reg-reg] _46117_/Q -> _46217_/D : -0.665806
[setup reg-reg] _44223_/Q -> _45563_/D : -0.665328
[setup reg-reg] _46120_/Q -> _44775_/D : -0.664666
[setup reg-reg] _46120_/Q -> _44783_/D : -0.662000
[setup reg-reg] _44223_/Q -> _45588_/D : -0.661051
[setup reg-reg] _46117_/Q -> _44854_/D : -0.660503
[setup reg-reg] _46117_/Q -> _44860_/D : -0.659871
[setup reg-reg] _46117_/Q -> _46085_/D : -0.659155
[setup reg-reg] _46117_/Q -> _45692_/D : -0.657800
[setup reg-reg] _44223_/Q -> _45103_/D : -0.657270
[setup reg-reg] _46117_/Q -> _46219_/D : -0.656577
[setup reg-reg] _46117_/Q -> _46097_/D : -0.656134
[setup reg-reg] _46120_/Q -> _44773_/D : -0.655816
[setup reg-reg] _46117_/Q -> _45717_/D : -0.655577
[setup reg-reg] _46117_/Q -> _44569_/D : -0.655378
[setup reg-reg] _46117_/Q -> _46210_/D : -0.655281
[setup reg-reg] _46117_/Q -> _46092_/D : -0.652498
[setup reg-reg] _46120_/Q -> _44785_/D : -0.652451
[setup reg-reg] _46117_/Q -> _46222_/D : -0.652398
[setup reg-reg] _44223_/Q -> _45107_/D : -0.651868
[setup reg-reg] _46117_/Q -> _45722_/D : -0.651852
[setup reg-reg] _46120_/Q -> _44782_/D : -0.651525
[setup reg-reg] _46120_/Q -> _45323_/D : -0.651238
[setup reg-reg] _46117_/Q -> _46215_/D : -0.650329
[setup reg-reg] _46117_/Q -> _46099_/D : -0.650087
[setup reg-reg] _44223_/Q -> _45106_/D : -0.649576
[setup reg-reg] _46117_/Q -> _46093_/D : -0.649255
[setup reg-reg] _44223_/Q -> _45433_/D : -0.648187
[setup reg-reg] _46117_/Q -> _45727_/D : -0.647678
[setup reg-reg] _44223_/Q -> _45108_/D : -0.646676
[setup reg-reg] _46117_/Q -> _46086_/D : -0.645758
[setup reg-reg] _44223_/Q -> _45566_/D : -0.645533
[setup reg-reg] _46120_/Q -> _46137_/D : -0.644136
[setup reg-reg] _46117_/Q -> _45718_/D : -0.643805
[setup reg-reg] _46117_/Q -> _44864_/D : -0.643022
[setup reg-reg] _46117_/Q -> _45700_/D : -0.642991
[setup reg-reg] _46117_/Q -> _45721_/D : -0.642336
[setup reg-reg] _46117_/Q -> _46216_/D : -0.640491
[setup reg-reg] _44223_/Q -> _45557_/D : -0.639953
[setup reg-reg] _46120_/Q -> _44940_/D : -0.639473
[setup reg-reg] _46120_/Q -> _45715_/D : -0.639365
[setup reg-reg] _46117_/Q -> _44579_/D : -0.639357
[setup reg-reg] _46120_/Q -> _45982_/D : -0.638674
[setup reg-reg] _46120_/Q -> _44942_/D : -0.638077
[setup reg-reg] _46120_/Q -> _44778_/D : -0.638069
[setup reg-reg] _44223_/Q -> _45558_/D : -0.637761
[setup reg-reg] _46120_/Q -> _44934_/D : -0.637499
[setup reg-reg] _46120_/Q -> _45714_/D : -0.637381
[setup reg-reg] _44223_/Q -> _45567_/D : -0.637344
[setup reg-reg] _46120_/Q -> _44787_/D : -0.636424
[setup reg-reg] _46120_/Q -> _44781_/D : -0.636315
[setup reg-reg] _46120_/Q -> _46135_/D : -0.636181
[setup reg-reg] _46120_/Q -> _45467_/D : -0.635953
[setup reg-reg] _46120_/Q -> _44935_/D : -0.635723
[setup reg-reg] _46117_/Q -> _46214_/D : -0.634625
[setup reg-reg] _46117_/Q -> _46095_/D : -0.634185
[setup reg-reg] _46120_/Q -> _45328_/D : -0.632454
[setup reg-reg] _46117_/Q -> _46098_/D : -0.631456
[setup reg-reg] _46120_/Q -> _44777_/D : -0.630533
[setup reg-reg] _46117_/Q -> _46212_/D : -0.629047
[setup reg-reg] _46120_/Q -> _45464_/D : -0.627173
[setup reg-reg] _44223_/Q -> _45153_/D : -0.626495
[setup reg-reg] _46120_/Q -> _44943_/D : -0.626270
[setup reg-reg] _44223_/Q -> _45430_/D : -0.625824
[setup reg-reg] _46117_/Q -> _46100_/D : -0.625612
[setup reg-reg] _46117_/Q -> _46211_/D : -0.625371
[setup reg-reg] _46120_/Q -> _44385_/D : -0.624818
[setup reg-reg] _46120_/Q -> _44946_/D : -0.624209
[setup reg-reg] _46120_/Q -> _44944_/D : -0.623980
[setup reg-reg] _46117_/Q -> _45685_/D : -0.622796
[setup reg-reg] _44223_/Q -> _44302_/D : -0.622303
[setup reg-reg] _46117_/Q -> _45719_/D : -0.621825
[setup reg-reg] _46120_/Q -> _45977_/D : -0.621077
[setup reg-reg] _46117_/Q -> _45698_/D : -0.620485
[setup reg-reg] _46120_/Q -> _45324_/D : -0.619934
[setup reg-reg] _46117_/Q -> _46221_/D : -0.619122
[setup reg-reg] _46117_/Q -> _44536_/D : -0.619074
[setup reg-reg] _44223_/Q -> _44901_/D : -0.618798
[setup reg-reg] _46117_/Q -> _46011_/D : -0.617751
[setup reg-reg] _46117_/Q -> _46223_/D : -0.616234
[setup reg-reg] _44223_/Q -> _45436_/D : -0.615523
[setup reg-reg] _44223_/Q -> _45437_/D : -0.613975
[setup reg-reg] _44223_/Q -> _45559_/D : -0.612922
[setup reg-reg] _46120_/Q -> _44937_/D : -0.612371
[setup reg-reg] _46120_/Q -> _45708_/D : -0.612352
[setup reg-reg] _44223_/Q -> _45439_/D : -0.611995
[setup reg-reg] _46120_/Q -> _45466_/D : -0.611808
[setup reg-reg] _46120_/Q -> _45329_/D : -0.611335
[setup reg-reg] _43580_/Q -> _43776_/D : -0.611099
[setup reg-reg] _46120_/Q -> _46123_/D : -0.610950
[setup reg-reg] _46120_/Q -> _44779_/D : -0.610286
[setup reg-reg] _43580_/Q -> _43779_/D : -0.608400
[setup reg-reg] _44223_/Q -> _44908_/D : -0.607559
[setup reg-reg] _46120_/Q -> _45330_/D : -0.606283
[setup reg-reg] _46120_/Q -> _45981_/D : -0.606129
[setup reg-reg] _44223_/Q -> _45429_/D : -0.605172
[setup reg-reg] _46120_/Q -> _46134_/D : -0.604757
[setup reg-reg] _46117_/Q -> _44574_/D : -0.603974
[setup reg-reg] _46120_/Q -> _46133_/D : -0.603947
[setup reg-reg] _46120_/Q -> _45922_/D : -0.601304
[setup reg-reg] _44223_/Q -> _44873_/D : -0.601035
[setup reg-reg] _46120_/Q -> _46132_/D : -0.600902
[setup reg-reg] _46120_/Q -> _45985_/D : -0.600072
[setup reg-reg] _46120_/Q -> _44776_/D : -0.599652
[setup reg-reg] _44223_/Q -> _44916_/D : -0.597524
[setup reg-reg] _46120_/Q -> _45716_/D : -0.597169
[setup reg-reg] _46117_/Q -> _44578_/D : -0.597074
[setup reg-reg] _44223_/Q -> _44297_/D : -0.597041
[setup reg-reg] _44223_/Q -> _44905_/D : -0.597004
[setup reg-reg] _46120_/Q -> _46130_/D : -0.596968
[setup reg-reg] _44223_/Q -> _44913_/D : -0.596962
[setup reg-reg] _44223_/Q -> _45438_/D : -0.596570
[setup reg-reg] _44223_/Q -> _44911_/D : -0.596543
[setup reg-reg] _46120_/Q -> _44938_/D : -0.595912
[setup reg-reg] _46117_/Q -> _44570_/D : -0.595873
[setup reg-reg] _46117_/Q -> _44580_/D : -0.595597
[setup reg-reg] _44223_/Q -> _44878_/D : -0.595349
[setup reg-reg] _46120_/Q -> _46128_/D : -0.595033
[setup reg-reg] _46120_/Q -> _44947_/D : -0.593160
[setup reg-reg] _46117_/Q -> _46005_/D : -0.593118
[setup reg-reg] _46120_/Q -> _45462_/D : -0.591605
[setup reg-reg] _43913_/Q -> _44016_/D : -0.591109
[setup reg-reg] _46117_/Q -> _44565_/D : -0.590688
[setup reg-reg] _46120_/Q -> _44325_/D : -0.590613
[setup reg-reg] _46117_/Q -> _46090_/D : -0.589502
[setup reg-reg] _46120_/Q -> _46126_/D : -0.589327
[setup reg-reg] _46120_/Q -> _45712_/D : -0.588967
[setup reg-reg] _46120_/Q -> _44933_/D : -0.587673
[setup reg-reg] _44223_/Q -> _44914_/D : -0.587122
[setup reg-reg] _44223_/Q -> _45562_/D : -0.586875
[setup reg-reg] _46120_/Q -> _45973_/D : -0.586625
[setup reg-reg] _46120_/Q -> _45331_/D : -0.586427
[setup reg-reg] _46120_/Q -> _45296_/D : -0.586264
[setup reg-reg] _46117_/Q -> _45695_/D : -0.585257
[setup reg-reg] _46120_/Q -> _45986_/D : -0.584830
[setup reg-reg] _46120_/Q -> _46138_/D : -0.584499
[setup reg-reg] _46117_/Q -> _45251_/D : -0.584396
[setup reg-reg] _44223_/Q -> _44915_/D : -0.583581
[setup reg-reg] _46120_/Q -> _45321_/D : -0.582960
[setup reg-reg] _46120_/Q -> _44941_/D : -0.582134
[setup reg-reg] _46120_/Q -> _45978_/D : -0.578845
[setup reg-reg] _46120_/Q -> _45920_/D : -0.578013
[setup reg-reg] _43495_/Q -> _43507_/D : -0.577896
[setup reg-reg] _46120_/Q -> _45984_/D : -0.576736
[setup reg-reg] _46120_/Q -> _46127_/D : -0.576526
[setup reg-reg] _46120_/Q -> _45988_/D : -0.576314
[setup reg-reg] _44223_/Q -> _45156_/D : -0.575871
[setup reg-reg] _46120_/Q -> _44330_/D : -0.575022
[setup reg-reg] _46120_/Q -> _44333_/D : -0.574613
[setup reg-reg] _46120_/Q -> _45299_/D : -0.574335
[setup reg-reg] _46120_/Q -> _45980_/D : -0.571966
[setup reg-reg] _46120_/Q -> _46129_/D : -0.571731
[setup reg-reg] _46117_/Q -> _45247_/D : -0.571699
[setup reg-reg] _46120_/Q -> _45704_/D : -0.571697
[setup reg-reg] _46117_/Q -> _46014_/D : -0.571040
[setup reg-reg] _46120_/Q -> _44332_/D : -0.570450
[setup reg-reg] _46117_/Q -> _46013_/D : -0.569973
[setup reg-reg] _46117_/Q -> _45696_/D : -0.569688
[setup reg-reg] _46117_/Q -> _45693_/D : -0.568644
[setup reg-reg] _46120_/Q -> _45292_/D : -0.568637
[setup reg-reg] _46120_/Q -> _46124_/D : -0.568474
[setup reg-reg] _46120_/Q -> _44788_/D : -0.567894
[setup reg-reg] _46120_/Q -> _45911_/D : -0.567606
[setup reg-reg] _46117_/Q -> _46015_/D : -0.566553
[setup reg-reg] _46117_/Q -> _46018_/D : -0.566130
[setup reg-reg] _46117_/Q -> _46008_/D : -0.565672
[setup reg-reg] _46117_/Q -> _45697_/D : -0.565484
[setup reg-reg] _46117_/Q -> _46006_/D : -0.565376
[setup reg-reg] _46117_/Q -> _46007_/D : -0.564334
[setup reg-reg] _46120_/Q -> _45713_/D : -0.564126
[setup reg-reg] _46120_/Q -> _45291_/D : -0.564033
[setup reg-reg] _46120_/Q -> _44336_/D : -0.564000
[setup reg-reg] _46117_/Q -> _46019_/D : -0.559426
[setup reg-reg] _46120_/Q -> _45707_/D : -0.558971
[setup reg-reg] _46117_/Q -> _45688_/D : -0.558510
[setup reg-reg] _46120_/Q -> _45917_/D : -0.557294
[setup reg-reg] _46120_/Q -> _44335_/D : -0.557054
[setup reg-reg] _46120_/Q -> _45918_/D : -0.557036
[setup reg-reg] _44223_/Q -> _44303_/D : -0.556740
[setup reg-reg] _46120_/Q -> _44393_/D : -0.556544
[setup reg-reg] _46120_/Q -> _45912_/D : -0.555841
[setup reg-reg] _46117_/Q -> _44575_/D : -0.555595
[setup reg-reg] _46120_/Q -> _45987_/D : -0.555504
[setup reg-reg] _46120_/Q -> _45710_/D : -0.555216
[setup reg-reg] _46120_/Q -> _45298_/D : -0.553835
[setup reg-reg] _46120_/Q -> _44397_/D : -0.553621
[setup reg-reg] _46117_/Q -> _44493_/D : -0.552214
[setup reg-reg] _46120_/Q -> _45295_/D : -0.551708
[setup reg-reg] _46117_/Q -> _45248_/D : -0.550745
[setup reg-reg] _46120_/Q -> _46136_/D : -0.550262
[setup reg-reg] _46120_/Q -> _45470_/D : -0.550004
[setup reg-reg] _46117_/Q -> _45250_/D : -0.549988
[setup reg-reg] _46120_/Q -> _45701_/D : -0.549890
[setup reg-reg] _46120_/Q -> _44340_/D : -0.548923
[setup reg-reg] _46120_/Q -> _44334_/D : -0.548162
[setup reg-reg] _46120_/Q -> _45909_/D : -0.547891
[setup reg-reg] _46117_/Q -> _44490_/D : -0.547710
[setup reg-reg] _46117_/Q -> _45690_/D : -0.546570
[setup reg-reg] _46120_/Q -> _45921_/D : -0.544758
[setup reg-reg] _46120_/Q -> _45910_/D : -0.544445
[setup reg-reg] _46117_/Q -> _45249_/D : -0.543296
[setup reg-reg] _46117_/Q -> _44496_/D : -0.542360
[setup reg-reg] _46117_/Q -> _44487_/D : -0.540040
[setup reg-reg] _46120_/Q -> _45706_/D : -0.537777
[setup reg-reg] _46117_/Q -> _45694_/D : -0.537232
[setup reg-reg] _46117_/Q -> _45246_/D : -0.536914
[setup reg-reg] _46117_/Q -> _46016_/D : -0.536668
[setup reg-reg] _46117_/Q -> _46009_/D : -0.536556
[setup reg-reg] _43580_/Q -> _43778_/D : -0.536282
[setup reg-reg] _46117_/Q -> _46017_/D : -0.534160
[setup reg-reg] _46120_/Q -> _45288_/D : -0.533833
[setup reg-reg] _46120_/Q -> _45913_/D : -0.533512
[setup reg-reg] _46117_/Q -> _44489_/D : -0.533379
[setup reg-reg] _43495_/Q -> _43506_/D : -0.533226
[setup reg-reg] _46120_/Q -> _45294_/D : -0.533086
[setup reg-reg] _46120_/Q -> _45923_/D : -0.532808
[setup reg-reg] _46117_/Q -> _45363_/D : -0.531825
[setup reg-reg] _46120_/Q -> _44378_/D : -0.531388
[setup reg-reg] _46117_/Q -> _44535_/D : -0.529908
[setup reg-reg] _46120_/Q -> _44331_/D : -0.529504
[setup reg-reg] _43803_/Q -> _43866_/D : -0.528348
[setup reg-reg] _46117_/Q -> _45355_/D : -0.528296
[setup reg-reg] _46120_/Q -> _45285_/D : -0.528143
[setup reg-reg] _46120_/Q -> _45983_/D : -0.527995
[setup reg-reg] _46120_/Q -> _44326_/D : -0.527657
[setup reg-reg] _46117_/Q -> _44485_/D : -0.527157
[setup reg-reg] _46117_/Q -> _45362_/D : -0.526401
[setup reg-reg] _46117_/Q -> _45244_/D : -0.526248
[setup reg-reg] _46117_/Q -> _45241_/D : -0.525933
[setup reg-reg] _46117_/Q -> _44491_/D : -0.525723
[setup reg-reg] _46117_/Q -> _44495_/D : -0.525134
[setup reg-reg] _46120_/Q -> _44328_/D : -0.524277
[setup reg-reg] _46120_/Q -> _45709_/D : -0.522979
[setup reg-reg] _46120_/Q -> _44388_/D : -0.522034
[setup reg-reg] _46120_/Q -> _45703_/D : -0.522020
[setup reg-reg] _46120_/Q -> _45293_/D : -0.521972
[setup reg-reg] _46117_/Q -> _44492_/D : -0.521879
[setup reg-reg] _46117_/Q -> _44541_/D : -0.521059
[setup reg-reg] _46117_/Q -> _45691_/D : -0.519662
[setup reg-reg] _46117_/Q -> _45686_/D : -0.518944
[setup reg-reg] _46117_/Q -> _45352_/D : -0.517624
[setup reg-reg] _46120_/Q -> _44387_/D : -0.517284
[setup in-reg] rst_n -> _44012_/D : -0.517116
[setup reg-reg] _46120_/Q -> _45290_/D : -0.517088
[setup reg-reg] _46120_/Q -> _45286_/D : -0.515370
[setup reg-reg] _46120_/Q -> _44386_/D : -0.514433
[setup reg-reg] _46120_/Q -> _45711_/D : -0.514413
[setup reg-reg] _44223_/Q -> _46336_/D : -0.514253
[setup reg-reg] _46117_/Q -> _44497_/D : -0.514059
[setup reg-reg] _46117_/Q -> _46012_/D : -0.514014
[setup reg-reg] _46120_/Q -> _45915_/D : -0.513390
[setup reg-reg] _46117_/Q -> _44540_/D : -0.513197
[setup reg-reg] _46117_/Q -> _45400_/D : -0.512778
[setup reg-reg] _46117_/Q -> _44488_/D : -0.510853
[setup reg-reg] _46117_/Q -> _44858_/D : -0.510652
[setup reg-reg] _46117_/Q -> _44343_/D : -0.509842
[setup reg-reg] _46117_/Q -> _45359_/D : -0.509737
[setup reg-reg] _46120_/Q -> _46131_/D : -0.508938
[setup reg-reg] _46117_/Q -> _45360_/D : -0.508485
[setup reg-reg] _46117_/Q -> _46010_/D : -0.508261
[setup reg-reg] _46117_/Q -> _45350_/D : -0.508213
[setup reg-reg] _46117_/Q -> _44344_/D : -0.508168
[setup reg-reg] _46120_/Q -> _45924_/D : -0.508065
[setup reg-reg] _46117_/Q -> _45358_/D : -0.507687
[setup reg-reg] _46117_/Q -> _44544_/D : -0.507093
[setup reg-reg] _44179_/Q -> _44185_/D : -0.506710
[setup reg-reg] _46120_/Q -> _45705_/D : -0.506549
[setup reg-reg] _46117_/Q -> _45239_/D : -0.506157
[setup reg-reg] _46120_/Q -> _44400_/D : -0.505851
[setup reg-reg] _46120_/Q -> _45702_/D : -0.504420
[setup reg-reg] _46117_/Q -> _44486_/D : -0.504150
[setup reg-reg] _46120_/Q -> _45289_/D : -0.503639
[setup reg-reg] _46117_/Q -> _45361_/D : -0.503553
[setup reg-reg] _44091_/Q -> _44098_/D : -0.503021
[setup reg-reg] _46117_/Q -> _44494_/D : -0.501280
[setup reg-reg] _46120_/Q -> _45287_/D : -0.501049
[setup reg-reg] _46117_/Q -> _45245_/D : -0.501019
[setup in-reg] rst_n -> _44015_/D : -0.500515
[setup reg-reg] _46117_/Q -> _44245_/D : -0.500285
[setup reg-reg] _46117_/Q -> _45351_/D : -0.500031
[setup reg-reg] _46117_/Q -> _45353_/D : -0.498342
[setup reg-reg] _46117_/Q -> _44249_/D : -0.496924
[setup reg-reg] _46117_/Q -> _44546_/D : -0.493782
[setup reg-reg] _44223_/Q -> _46112_/D : -0.492725
[setup reg-reg] _46120_/Q -> _44391_/D : -0.490583
[setup in-reg] rst_n -> _44014_/D : -0.489451
[setup reg-reg] _43803_/Q -> _43918_/D : -0.487593
[setup reg-reg] _43803_/Q -> _43838_/D : -0.485754
[setup reg-reg] _46117_/Q -> _44542_/D : -0.485674
[setup reg-reg] _46117_/Q -> _44543_/D : -0.483116
[setup reg-reg] _46117_/Q -> _44250_/D : -0.479708
[setup reg-reg] _44223_/Q -> _46110_/D : -0.477874
[setup reg-reg] _44223_/Q -> _44714_/D : -0.475044
[setup reg-reg] _44223_/Q -> _46109_/D : -0.474145
[setup reg-reg] _46117_/Q -> _45356_/D : -0.474036
[setup reg-reg] _46117_/Q -> _45357_/D : -0.473351
[setup reg-reg] _44223_/Q -> _46113_/D : -0.470769
[setup reg-reg] _43803_/Q -> _44218_/D : -0.470267
[setup reg-reg] _46117_/Q -> _44258_/D : -0.469459
[setup reg-reg] _43803_/Q -> _43930_/D : -0.466507
[setup reg-reg] _46117_/Q -> _44253_/D : -0.466130
[setup reg-reg] _46117_/Q -> _45349_/D : -0.465958
[setup reg-reg] _46117_/Q -> _45364_/D : -0.465238
[setup reg-reg] _46117_/Q -> _44248_/D : -0.464723
[setup reg-reg] _44223_/Q -> _46104_/D : -0.462450
[setup reg-reg] _44223_/Q -> _46106_/D : -0.461635
[setup reg-reg] _44223_/Q -> _46108_/D : -0.459229
[setup reg-reg] _46117_/Q -> _44247_/D : -0.456343
[setup reg-reg] _46117_/Q -> _44259_/D : -0.456113
[setup reg-reg] _46117_/Q -> _45995_/D : -0.455724
[setup reg-reg] _43803_/Q -> _44082_/D : -0.454778
[setup reg-reg] _43803_/Q -> _44208_/D : -0.453358
[setup reg-reg] _43803_/Q -> _43876_/D : -0.451433
[setup reg-reg] _44223_/Q -> _46103_/D : -0.451148
[setup reg-reg] _43803_/Q -> _43901_/D : -0.450249
[setup reg-reg] _44223_/Q -> _46107_/D : -0.449476
[setup reg-reg] _46117_/Q -> _44257_/D : -0.447290
[setup reg-reg] _46117_/Q -> _44254_/D : -0.446158
[setup reg-reg] _46344_/Q -> _43534_/D : -0.444562
[setup reg-reg] _46117_/Q -> _44260_/D : -0.444032
[setup reg-out] _44226_/Q -> module_status_flags_out[9] : -0.443341
[setup reg-reg] _43803_/Q -> _43967_/D : -0.442995
[setup reg-reg] _46120_/Q -> _44648_/D : -0.441776
[setup reg-reg] _46117_/Q -> _44256_/D : -0.441667
[setup reg-reg] _46117_/Q -> _44972_/D : -0.440017
[setup reg-reg] _46117_/Q -> _45990_/D : -0.437816
[setup reg-reg] _43803_/Q -> _43961_/D : -0.436813
[setup reg-reg] _43803_/Q -> _43934_/D : -0.434518
[setup reg-reg] _46117_/Q -> _44978_/D : -0.433853
[setup reg-reg] _44223_/Q -> _46195_/D : -0.433813
[setup reg-reg] _44179_/Q -> _43731_/D : -0.433738
[setup reg-reg] _46117_/Q -> _44255_/D : -0.432856
[setup reg-reg] _46117_/Q -> _45994_/D : -0.432208
[setup reg-reg] _43803_/Q -> _43933_/D : -0.431771
[setup reg-reg] _43803_/Q -> _44050_/D : -0.431636
[setup reg-reg] _46120_/Q -> _45680_/D : -0.431291
[setup reg-reg] _44223_/Q -> _46200_/D : -0.428241
[setup reg-reg] _43803_/Q -> _43962_/D : -0.425743
[setup reg-reg] _43803_/Q -> _43950_/D : -0.425590
[setup reg-reg] _46120_/Q -> _45681_/D : -0.425288
[setup reg-reg] _46117_/Q -> _45989_/D : -0.423415
[setup reg-reg] _44223_/Q -> _46332_/D : -0.422324
[setup reg-reg] _46117_/Q -> _45354_/D : -0.422191
[setup reg-reg] _46120_/Q -> _44647_/D : -0.421386
[setup reg-reg] _46120_/Q -> _45682_/D : -0.421153
[setup reg-reg] _46117_/Q -> _44252_/D : -0.420203
[setup reg-reg] _46117_/Q -> _44976_/D : -0.420187
[setup reg-reg] _46117_/Q -> _44968_/D : -0.419802
[setup reg-reg] _43803_/Q -> _43868_/D : -0.418304
[setup reg-reg] _44223_/Q -> _46325_/D : -0.417785
[setup reg-reg] _43803_/Q -> _43965_/D : -0.417622
[setup reg-reg] _46120_/Q -> _45678_/D : -0.416434
[setup reg-reg] _46120_/Q -> _45525_/D : -0.415759
[setup reg-reg] _43803_/Q -> _43900_/D : -0.414238
[setup reg-reg] _46117_/Q -> _44974_/D : -0.413881
[setup reg-reg] _46120_/Q -> _44652_/D : -0.413595
[setup reg-reg] _46120_/Q -> _44528_/D : -0.413200
[setup reg-out] _44225_/Q -> module_status_flags_out[8] : -0.412108
[setup reg-reg] _46117_/Q -> _44251_/D : -0.411836
[setup reg-reg] _46117_/Q -> _44246_/D : -0.411539
[setup reg-reg] _46120_/Q -> _45677_/D : -0.411244
[setup reg-reg] _46117_/Q -> _45991_/D : -0.410734
[setup reg-reg] _46120_/Q -> _44649_/D : -0.409609
[setup reg-reg] _44223_/Q -> _46335_/D : -0.409218
[setup reg-reg] _46117_/Q -> _45997_/D : -0.408471
[setup reg-reg] _43803_/Q -> _43854_/D : -0.405311
[setup reg-reg] _46117_/Q -> _44349_/D : -0.404408
[setup reg-reg] _46117_/Q -> _44345_/D : -0.402907
[setup reg-reg] _44223_/Q -> _46330_/D : -0.401964
[setup reg-reg] _43803_/Q -> _44077_/D : -0.401426
[setup reg-reg] _46117_/Q -> _44977_/D : -0.401351
[setup reg-reg] _43803_/Q -> _43947_/D : -0.401171
[setup reg-reg] _46117_/Q -> _44352_/D : -0.400425
[setup reg-reg] _46120_/Q -> _45683_/D : -0.399887
[setup reg-reg] _43803_/Q -> _43899_/D : -0.399761
[setup reg-reg] _46117_/Q -> _44341_/D : -0.398688
[setup reg-reg] _46117_/Q -> _44979_/D : -0.397935
[setup reg-reg] _46117_/Q -> _45993_/D : -0.396890
[setup reg-reg] _46117_/Q -> _44342_/D : -0.396261
[setup reg-reg] _46117_/Q -> _44965_/D : -0.395137
[setup reg-reg] _46117_/Q -> _45999_/D : -0.394817
[setup reg-reg] _46117_/Q -> _44973_/D : -0.394134
[setup reg-reg] _46117_/Q -> _44967_/D : -0.392568
[setup reg-reg] _46120_/Q -> _45526_/D : -0.392498
[setup reg-reg] _46117_/Q -> _45874_/D : -0.391153
[setup reg-reg] _46120_/Q -> _45951_/D : -0.391065
[setup reg-reg] _46117_/Q -> _45405_/D : -0.390896
[setup reg-reg] _44223_/Q -> _44586_/D : -0.390803
[setup reg-reg] _46120_/Q -> _45670_/D : -0.390121
[setup reg-reg] _46120_/Q -> _44529_/D : -0.389841
[setup reg-reg] _46120_/Q -> _45676_/D : -0.389489
[setup reg-reg] _46117_/Q -> _44971_/D : -0.388723
[setup reg-reg] _46117_/Q -> _45875_/D : -0.388285
[setup reg-reg] _43803_/Q -> _43931_/D : -0.387082
[setup reg-reg] _46117_/Q -> _44980_/D : -0.386708
[setup reg-reg] _46117_/Q -> _45996_/D : -0.386437
[setup reg-reg] _46120_/Q -> _44654_/D : -0.384702
[setup reg-reg] _46117_/Q -> _45397_/D : -0.384573
[setup reg-reg] _46117_/Q -> _45401_/D : -0.381926
[setup reg-reg] _43803_/Q -> _44045_/D : -0.381568
[setup reg-reg] _46117_/Q -> _45408_/D : -0.381454
[setup reg-reg] _46117_/Q -> _45403_/D : -0.381289
[setup reg-reg] _43776_/Q -> _43812_/D : -0.380332
[setup reg-reg] _46117_/Q -> _45866_/D : -0.379332
[setup reg-reg] _46120_/Q -> _45528_/D : -0.378680
[setup reg-reg] _46117_/Q -> _45398_/D : -0.378554
[setup reg-reg] _46120_/Q -> _44518_/D : -0.377387
[setup reg-reg] _46120_/Q -> _45673_/D : -0.377266
[setup reg-reg] _44223_/Q -> _46326_/D : -0.375194
[setup reg-reg] _44223_/Q -> _46333_/D : -0.374860
[setup reg-reg] _46117_/Q -> _45409_/D : -0.374305
[setup reg-reg] _43803_/Q -> _43946_/D : -0.373176
[setup reg-reg] _44223_/Q -> _45752_/D : -0.372522
[setup reg-reg] _44223_/Q -> _45761_/D : -0.370869
[setup reg-reg] _44223_/Q -> _44446_/D : -0.368403
[setup reg-reg] _46120_/Q -> _45953_/D : -0.368219
[setup reg-reg] _46117_/Q -> _44348_/D : -0.368212
[setup reg-reg] _44223_/Q -> _45498_/D : -0.366101
[setup reg-reg] _46120_/Q -> _45669_/D : -0.365782
[setup reg-reg] _44223_/Q -> _46329_/D : -0.365541
[setup reg-reg] _46120_/Q -> _45671_/D : -0.364898
[setup reg-reg] _46117_/Q -> _45406_/D : -0.363443
[setup reg-reg] _46120_/Q -> _45530_/D : -0.363276
[setup reg-reg] _46117_/Q -> _45869_/D : -0.362884
[setup reg-reg] _46117_/Q -> _45412_/D : -0.362048
[setup reg-reg] _44223_/Q -> _44444_/D : -0.362011
[setup reg-reg] _46120_/Q -> _45531_/D : -0.361523
[setup reg-reg] _46120_/Q -> _45679_/D : -0.361434
[setup reg-reg] _46117_/Q -> _45862_/D : -0.361323
[setup reg-reg] _46120_/Q -> _44523_/D : -0.359268
[setup reg-reg] _46120_/Q -> _45956_/D : -0.357283
[setup reg-reg] _44223_/Q -> _46270_/D : -0.353949
[setup reg-reg] _46120_/Q -> _44651_/D : -0.352670
[setup reg-reg] _46120_/Q -> _45672_/D : -0.352117
[setup reg-reg] _46117_/Q -> _45861_/D : -0.351106
[setup reg-reg] _44223_/Q -> _44445_/D : -0.350997
[setup reg-reg] _44223_/Q -> _46209_/D : -0.347985
[setup reg-reg] _46117_/Q -> _45411_/D : -0.347785
[setup reg-reg] _46120_/Q -> _45948_/D : -0.346400
[setup reg-reg] _46120_/Q -> _45538_/D : -0.344691
[setup reg-reg] _46117_/Q -> _44455_/D : -0.344412
[setup reg-reg] _46117_/Q -> _45863_/D : -0.343909
[setup reg-reg] _46117_/Q -> _45864_/D : -0.343814
[setup reg-reg] _46120_/Q -> _44650_/D : -0.343587
[setup reg-reg] _46117_/Q -> _45872_/D : -0.343317
[setup reg-reg] _46120_/Q -> _45534_/D : -0.343035
[setup reg-reg] _44223_/Q -> _44438_/D : -0.342911
[setup reg-reg] _46117_/Q -> _44966_/D : -0.341704
[setup reg-reg] _46120_/Q -> _44656_/D : -0.341442
[setup reg-reg] _46117_/Q -> _45865_/D : -0.341235
[setup reg-reg] _44223_/Q -> _46265_/D : -0.340656
[setup reg-reg] _44223_/Q -> _44442_/D : -0.339400
[setup reg-reg] _46120_/Q -> _45535_/D : -0.338927
[setup reg-reg] _46117_/Q -> _45407_/D : -0.338584
[setup reg-reg] _46120_/Q -> _45532_/D : -0.338396
[setup reg-reg] _46117_/Q -> _44969_/D : -0.338240
[setup reg-reg] _46117_/Q -> _45867_/D : -0.335324
[setup reg-reg] _46117_/Q -> _45873_/D : -0.334889
[setup reg-reg] _46117_/Q -> _44353_/D : -0.334602
[setup reg-reg] _46120_/Q -> _45536_/D : -0.334390
[setup reg-reg] _44223_/Q -> _44635_/D : -0.333193
[setup reg-reg] _46117_/Q -> _44975_/D : -0.333060
[setup reg-reg] _46117_/Q -> _45410_/D : -0.332556
[setup reg-reg] _46120_/Q -> _45163_/D : -0.332545
[setup reg-reg] _46120_/Q -> _44655_/D : -0.332078
[setup reg-reg] _44223_/Q -> _44440_/D : -0.331706
[setup reg-reg] _46120_/Q -> _45537_/D : -0.331091
[setup reg-reg] _46120_/Q -> _45539_/D : -0.331080
[setup reg-reg] _44223_/Q -> _44632_/D : -0.329689
[setup reg-reg] _46120_/Q -> _45540_/D : -0.328982
[setup reg-reg] _43803_/Q -> _44075_/D : -0.328670
[setup reg-reg] _46120_/Q -> _44658_/D : -0.328430
[setup reg-reg] _43803_/Q -> _43845_/D : -0.328287
[setup reg-reg] _43803_/Q -> _44087_/D : -0.326696
[setup reg-reg] _46120_/Q -> _44660_/D : -0.326654
[setup reg-reg] _46117_/Q -> _45399_/D : -0.324553
[setup reg-reg] _46120_/Q -> _45527_/D : -0.324472
[setup reg-reg] _46120_/Q -> _44645_/D : -0.324389
[setup reg-reg] _44223_/Q -> _44443_/D : -0.323884
[setup reg-reg] _43803_/Q -> _44026_/D : -0.323493
[setup reg-reg] _46120_/Q -> _45533_/D : -0.323084
[setup reg-reg] _44223_/Q -> _44439_/D : -0.322824
[setup reg-reg] _44223_/Q -> _45755_/D : -0.320885
[setup reg-reg] _46117_/Q -> _45823_/D : -0.320791
[setup reg-reg] _43803_/Q -> _44057_/D : -0.320458
[setup reg-reg] _46117_/Q -> _44346_/D : -0.319662
[setup reg-reg] _46120_/Q -> _44657_/D : -0.318986
[setup reg-reg] _46120_/Q -> _45529_/D : -0.318510
[setup reg-reg] _46117_/Q -> _45402_/D : -0.317860
[setup reg-reg] _43803_/Q -> _43895_/D : -0.317750
[setup reg-reg] _46120_/Q -> _44823_/D : -0.317594
[setup reg-reg] _44223_/Q -> _46208_/D : -0.317102
[setup reg-reg] _46117_/Q -> _44355_/D : -0.316059
[setup reg-reg] _44223_/Q -> _46273_/D : -0.315004
[setup reg-reg] _44223_/Q -> _46275_/D : -0.314388
[setup reg-reg] _44223_/Q -> _45764_/D : -0.313204
[setup reg-reg] _43774_/Q -> _43625_/D : -0.313152
[setup reg-reg] _43774_/Q -> _43624_/D : -0.312542
[setup reg-reg] _44223_/Q -> _44448_/D : -0.312526
[setup reg-reg] _46117_/Q -> _44347_/D : -0.311927
[setup reg-reg] _46117_/Q -> _45404_/D : -0.311677
[setup reg-reg] _46117_/Q -> _44282_/D : -0.311483
[setup reg-reg] _44223_/Q -> _46274_/D : -0.308856
[setup reg-reg] _46120_/Q -> _44659_/D : -0.307907
[setup reg-reg] _44223_/Q -> _44474_/D : -0.307317
[setup reg-reg] _46120_/Q -> _45675_/D : -0.307152
[setup reg-reg] _46117_/Q -> _44285_/D : -0.306948
[setup reg-reg] _46120_/Q -> _44653_/D : -0.306883
[setup reg-reg] _44223_/Q -> _46199_/D : -0.306440
[setup reg-reg] _46120_/Q -> _44821_/D : -0.305462
[setup reg-reg] _44223_/Q -> _46201_/D : -0.305437
[setup reg-reg] _43803_/Q -> _43832_/D : -0.305380
[setup reg-reg] _44223_/Q -> _44617_/D : -0.305325
[setup reg-reg] _46159_/Q -> _46242_/D : -0.303679
[setup reg-reg] _46120_/Q -> _45552_/D : -0.303267
[setup reg-reg] _43774_/Q -> _43626_/D : -0.303058
[setup reg-reg] _44223_/Q -> _46271_/D : -0.302949
[setup reg-reg] _44223_/Q -> _45803_/D : -0.300231
[setup reg-reg] _44223_/Q -> _44644_/D : -0.298918
[setup reg-reg] _46120_/Q -> _44830_/D : -0.298736
[setup reg-reg] _46120_/Q -> _45942_/D : -0.298023
[setup reg-reg] _46117_/Q -> _44284_/D : -0.297639
[setup reg-reg] _44223_/Q -> _44615_/D : -0.296507
[setup reg-reg] _44223_/Q -> _44621_/D : -0.296340
[setup reg-reg] _46117_/Q -> _44351_/D : -0.295960
[setup reg-reg] _43562_/Q -> _43549_/D : -0.294333
[setup reg-reg] _46120_/Q -> _45157_/D : -0.294004
[setup reg-reg] _46117_/Q -> _45876_/D : -0.293902
[setup reg-reg] _46120_/Q -> _45158_/D : -0.293167
[setup reg-reg] _46120_/Q -> _45542_/D : -0.292869
[setup reg-reg] _46120_/Q -> _45549_/D : -0.290171
[setup reg-reg] _44223_/Q -> _44472_/D : -0.288345
[setup reg-reg] _44223_/Q -> _46204_/D : -0.288143
[setup reg-reg] _46117_/Q -> _45826_/D : -0.287739
[setup reg-reg] _44223_/Q -> _44481_/D : -0.286544
[setup reg-reg] _46120_/Q -> _45165_/D : -0.284081
[setup reg-reg] _46117_/Q -> _44283_/D : -0.283296
[setup reg-reg] _44223_/Q -> _44477_/D : -0.283200
[setup reg-reg] _46117_/Q -> _44354_/D : -0.281160
[setup reg-reg] _44223_/Q -> _44614_/D : -0.280782
[setup reg-reg] _43774_/Q -> _43627_/D : -0.280781
[setup reg-reg] _46120_/Q -> _45547_/D : -0.279836
[setup reg-reg] _44223_/Q -> _44480_/D : -0.279164
[setup reg-reg] _46120_/Q -> _45543_/D : -0.278495
[setup reg-reg] _46120_/Q -> _44930_/D : -0.277650
[setup reg-reg] _46120_/Q -> _44646_/D : -0.277540
[setup reg-reg] _46117_/Q -> _45517_/D : -0.276239
[setup reg-reg] _44223_/Q -> _45584_/D : -0.275855
[setup reg-reg] _46117_/Q -> _44970_/D : -0.275612
[setup reg-reg] _46117_/Q -> _44281_/D : -0.275609
[setup reg-reg] _46117_/Q -> _45825_/D : -0.275207
[setup reg-reg] _46117_/Q -> _45643_/D : -0.275181
[setup reg-reg] _46120_/Q -> _45544_/D : -0.273020
[setup reg-reg] _46117_/Q -> _45638_/D : -0.272579
[setup reg-reg] _46117_/Q -> _44356_/D : -0.272113
[setup reg-reg] _46120_/Q -> _46076_/D : -0.271482
[setup reg-reg] _46117_/Q -> _45827_/D : -0.268864
[setup reg-reg] _46117_/Q -> _44278_/D : -0.268432
[setup reg-reg] _44223_/Q -> _45570_/D : -0.268285
[setup reg-reg] _44223_/Q -> _44618_/D : -0.266436
[setup reg-reg] _46117_/Q -> _45518_/D : -0.265235
[setup reg-reg] _44223_/Q -> _45274_/D : -0.265034
[setup reg-reg] _44223_/Q -> _44478_/D : -0.264427
[setup reg-reg] _44223_/Q -> _44623_/D : -0.263759
[setup reg-reg] _46120_/Q -> _44924_/D : -0.263625
[setup reg-reg] _44223_/Q -> _45577_/D : -0.262349
[setup reg-reg] _44223_/Q -> _45800_/D : -0.261886
[setup reg-reg] _44223_/Q -> _46235_/D : -0.261458
[setup reg-reg] _44223_/Q -> _44613_/D : -0.260875
[setup reg-reg] _44223_/Q -> _45587_/D : -0.259640
[setup reg-reg] _44223_/Q -> _45797_/D : -0.259594
[setup reg-reg] _46120_/Q -> _45159_/D : -0.258463
[setup reg-reg] _44223_/Q -> _45801_/D : -0.257685
[setup reg-reg] _44223_/Q -> _45806_/D : -0.256140
[setup reg-reg] _46117_/Q -> _45637_/D : -0.256046
[setup reg-reg] _44223_/Q -> _45805_/D : -0.255120
[setup reg-reg] _44223_/Q -> _45586_/D : -0.254733
[setup reg-reg] _46120_/Q -> _46075_/D : -0.254543
[setup reg-reg] _46117_/Q -> _44280_/D : -0.254123
[setup reg-reg] _46120_/Q -> _46082_/D : -0.253723
[setup reg-reg] _46120_/Q -> _46080_/D : -0.253419
[setup reg-reg] _46117_/Q -> _44277_/D : -0.251672
[setup reg-reg] _46120_/Q -> _44931_/D : -0.251644
[setup reg-reg] _46117_/Q -> _45824_/D : -0.251355
[setup reg-reg] _44223_/Q -> _45804_/D : -0.250576
[setup reg-reg] _44223_/Q -> _44616_/D : -0.250170
[setup reg-reg] _46120_/Q -> _44424_/D : -0.249770
[setup reg-reg] _46117_/Q -> _44279_/D : -0.249460
[setup reg-reg] _44223_/Q -> _44299_/D : -0.248307
[setup reg-reg] _46117_/Q -> _45644_/D : -0.248038
[setup reg-reg] _46120_/Q -> _44826_/D : -0.247856
[setup reg-reg] _46117_/Q -> _45650_/D : -0.247304
[setup reg-reg] _46120_/Q -> _45548_/D : -0.247033
[setup reg-reg] _46120_/Q -> _45160_/D : -0.246878
[setup reg-reg] _46120_/Q -> _45166_/D : -0.246812
[setup reg-reg] _46120_/Q -> _44929_/D : -0.246277
[setup reg-reg] _46117_/Q -> _45646_/D : -0.245983
[setup reg-reg] _46120_/Q -> _45545_/D : -0.245726
[setup reg-reg] _46120_/Q -> _45555_/D : -0.245293
[setup reg-reg] _46120_/Q -> _45541_/D : -0.244711
[setup reg-reg] _46117_/Q -> _45645_/D : -0.244349
[setup reg-reg] _44223_/Q -> _44473_/D : -0.244082
[setup reg-reg] _44223_/Q -> _44294_/D : -0.244047
[setup reg-reg] _44223_/Q -> _44475_/D : -0.243900
[setup reg-reg] _46120_/Q -> _46081_/D : -0.242447
[setup reg-reg] _44223_/Q -> _45798_/D : -0.241306
[setup reg-reg] _44223_/Q -> _44295_/D : -0.239794
[setup reg-reg] _46120_/Q -> _44425_/D : -0.238773
[setup reg-reg] _46120_/Q -> _46069_/D : -0.238391
[setup reg-reg] _44223_/Q -> _45580_/D : -0.238125
[setup reg-reg] _44223_/Q -> _44470_/D : -0.236996
[setup reg-reg] _44223_/Q -> _44890_/D : -0.236177
[setup reg-reg] _46120_/Q -> _44921_/D : -0.235982
[setup reg-reg] _46117_/Q -> _45647_/D : -0.235627
[setup reg-reg] _46117_/Q -> _45641_/D : -0.235444
[setup reg-reg] _46120_/Q -> _44560_/D : -0.235325
[setup reg-reg] _46120_/Q -> _45167_/D : -0.235051
[setup reg-reg] _46117_/Q -> _45649_/D : -0.234966
[setup reg-reg] _46120_/Q -> _45170_/D : -0.234737
[setup reg-reg] _46117_/Q -> _44291_/D : -0.234004
[setup reg-reg] _46117_/Q -> _45648_/D : -0.233952
[setup reg-reg] _46117_/Q -> _45651_/D : -0.233838
[setup reg-reg] _46120_/Q -> _44551_/D : -0.233532
[setup reg-reg] _44223_/Q -> _45581_/D : -0.231392
[setup reg-reg] _46120_/Q -> _45967_/D : -0.230699
[setup in-reg] rst_n -> _44009_/D : -0.229854
[setup reg-reg] _46120_/Q -> _45164_/D : -0.229332
[setup reg-reg] _46120_/Q -> _46072_/D : -0.228740
[setup reg-reg] _46117_/Q -> _45640_/D : -0.228682
[setup reg-reg] _46117_/Q -> _45813_/D : -0.228551
[setup reg-reg] _44223_/Q -> _45629_/D : -0.228150
[setup reg-reg] _46120_/Q -> _46078_/D : -0.227603
[setup reg-out] _44227_/Q -> module_status_flags_out[13] : -0.227256
[setup reg-reg] _46117_/Q -> _45639_/D : -0.227085
[setup reg-reg] _46117_/Q -> _44288_/D : -0.226980
[setup reg-reg] _46120_/Q -> _45969_/D : -0.226053
[setup reg-reg] _46120_/Q -> _44923_/D : -0.225512
[setup reg-reg] _46120_/Q -> _45970_/D : -0.225315
[setup reg-reg] _44223_/Q -> _45569_/D : -0.224788
[setup reg-reg] _44223_/Q -> _45582_/D : -0.224367
[setup reg-reg] _46120_/Q -> _44925_/D : -0.223415
[setup reg-out] _44228_/Q -> module_status_flags_out[20] : -0.223079
[setup reg-reg] _46120_/Q -> _45553_/D : -0.222308
[setup reg-reg] _46120_/Q -> _45971_/D : -0.221319
[setup reg-reg] _46120_/Q -> _44926_/D : -0.221279
[setup reg-reg] _46117_/Q -> _44292_/D : -0.220894
[setup reg-reg] _46120_/Q -> _46073_/D : -0.220350
[setup reg-reg] _46120_/Q -> _44928_/D : -0.220048
[setup reg-reg] _46120_/Q -> _45959_/D : -0.219112
[setup reg-reg] _46120_/Q -> _46077_/D : -0.218877
[setup reg-reg] _46120_/Q -> _44556_/D : -0.218713
[setup reg-reg] _46120_/Q -> _44918_/D : -0.218010
[setup reg-reg] _46120_/Q -> _46070_/D : -0.216624
[setup reg-reg] _46120_/Q -> _44430_/D : -0.216541
[setup reg-reg] _46120_/Q -> _45964_/D : -0.214277
[setup reg-reg] _46120_/Q -> _44834_/D : -0.214182
[setup reg-reg] _44223_/Q -> _44619_/D : -0.213365
[setup reg-reg] _46120_/Q -> _44836_/D : -0.212433
[setup reg-reg] _46120_/Q -> _45966_/D : -0.212387
[setup in-reg] rst_n -> _44010_/D : -0.211923
[setup reg-out] _43558_/Q -> chip_ready_out : -0.210517
[setup reg-reg] _44223_/Q -> _45633_/D : -0.210488
[setup reg-reg] _46120_/Q -> _44563_/D : -0.209734
[setup reg-reg] _44223_/Q -> _45579_/D : -0.209616
[setup reg-reg] _46120_/Q -> _45554_/D : -0.208673
[setup reg-reg] _46120_/Q -> _44552_/D : -0.208643
[setup reg-out] _43529_/Q -> rf_dac_i_out[3] : -0.207775
[setup reg-reg] _46120_/Q -> _45968_/D : -0.207725
[setup reg-reg] _44223_/Q -> _45799_/D : -0.207413
[setup reg-out] _43533_/Q -> rf_dac_i_out[7] : -0.207089
[setup reg-out] _43530_/Q -> rf_dac_i_out[4] : -0.206883
[setup reg-out] _43532_/Q -> rf_dac_i_out[6] : -0.206787
[setup reg-reg] _44223_/Q -> _45630_/D : -0.206677
[setup reg-reg] _44223_/Q -> _45627_/D : -0.206426
[setup reg-out] _43531_/Q -> rf_dac_i_out[5] : -0.206329
[setup reg-reg] _46120_/Q -> _45168_/D : -0.205890
[setup reg-reg] _43495_/Q -> _43505_/D : -0.205581
[setup reg-reg] _46120_/Q -> _44558_/D : -0.205502
[setup reg-reg] _44223_/Q -> _45628_/D : -0.205459
[setup reg-reg] _44223_/Q -> _45802_/D : -0.204753
[setup reg-reg] _46120_/Q -> _44553_/D : -0.204334
[setup reg-reg] _46117_/Q -> _45514_/D : -0.203231
[setup reg-reg] _46120_/Q -> _44825_/D : -0.202081
[setup reg-reg] _44223_/Q -> _45623_/D : -0.201757
[setup reg-reg] _44223_/Q -> _45624_/D : -0.201745
[setup reg-reg] _46120_/Q -> _46083_/D : -0.201701
[setup reg-reg] _46120_/Q -> _44832_/D : -0.201214
[setup reg-reg] _46120_/Q -> _46079_/D : -0.200995
[setup reg-reg] _46120_/Q -> _44920_/D : -0.200564
[setup reg-reg] _46120_/Q -> _45172_/D : -0.200054
[setup reg-reg] _46120_/Q -> _45161_/D : -0.199013
[setup reg-reg] _44223_/Q -> _45576_/D : -0.198287
[setup reg-reg] _46120_/Q -> _46071_/D : -0.195454
[setup reg-reg] _46120_/Q -> _45171_/D : -0.195263
[setup reg-reg] _46120_/Q -> _44549_/D : -0.194677
[setup reg-reg] _46120_/Q -> _45546_/D : -0.194075
[setup reg-reg] _44223_/Q -> _45095_/D : -0.193821
[setup reg-reg] _46120_/Q -> _44932_/D : -0.193316
[setup reg-reg] _46120_/Q -> _44562_/D : -0.193176
[setup reg-reg] _46120_/Q -> _44835_/D : -0.193003
[setup reg-reg] _46120_/Q -> _45551_/D : -0.192910
[setup reg-reg] _46117_/Q -> _44287_/D : -0.192770
[setup reg-reg] _46120_/Q -> _46074_/D : -0.191116
[setup reg-reg] _44223_/Q -> _44874_/D : -0.191016
[setup reg-reg] _46120_/Q -> _44919_/D : -0.189772
[setup reg-reg] _46120_/Q -> _45556_/D : -0.188878
[setup reg-reg] _46117_/Q -> _45524_/D : -0.188671
[setup reg-reg] _46120_/Q -> _44917_/D : -0.187380
[setup reg-reg] _46120_/Q -> _44831_/D : -0.186154
[setup reg-reg] _44223_/Q -> _45574_/D : -0.185264
[setup reg-reg] _46120_/Q -> _44927_/D : -0.184484
[setup reg-reg] _44223_/Q -> _45565_/D : -0.184365
[setup reg-reg] _44223_/Q -> _45626_/D : -0.184363
[setup reg-out] _43540_/Q -> rf_dac_i_out[14] : -0.184188
[setup reg-out] _43541_/Q -> rf_dac_i_out[15] : -0.183748
[setup reg-reg] _46117_/Q -> _45511_/D : -0.183447
[setup reg-out] _43539_/Q -> rf_dac_i_out[13] : -0.183351
[setup reg-out] _43526_/Q -> rf_dac_i_out[0] : -0.182797
[setup reg-reg] _44223_/Q -> _45568_/D : -0.182354
[setup reg-reg] _46117_/Q -> _45509_/D : -0.181557
[setup reg-reg] _46120_/Q -> _44561_/D : -0.180364
[setup reg-reg] _46120_/Q -> _46084_/D : -0.180083
[setup reg-reg] _46120_/Q -> _44557_/D : -0.179701
[setup reg-reg] _46120_/Q -> _44833_/D : -0.179516
[setup reg-reg] _46120_/Q -> _44564_/D : -0.178967
[setup reg-reg] _44223_/Q -> _45564_/D : -0.178892
[setup reg-reg] _44223_/Q -> _44876_/D : -0.177731
[setup reg-reg] _44223_/Q -> _44883_/D : -0.177618
[setup reg-reg] _44223_/Q -> _45561_/D : -0.177608
[setup reg-reg] _44223_/Q -> _45480_/D : -0.177546
[setup reg-reg] _44223_/Q -> _45102_/D : -0.176596
[setup reg-reg] _44223_/Q -> _45483_/D : -0.176310
[setup reg-reg] _46120_/Q -> _44559_/D : -0.174915
[setup reg-reg] _44223_/Q -> _45575_/D : -0.174574
[setup reg-reg] _44223_/Q -> _44879_/D : -0.173722
[setup reg-reg] _44223_/Q -> _45442_/D : -0.173121
[setup reg-reg] _44223_/Q -> _45571_/D : -0.172176
[setup reg-reg] _44223_/Q -> _44307_/D : -0.172124
[setup reg-reg] _44223_/Q -> _45622_/D : -0.172056
[setup reg-reg] _44223_/Q -> _44881_/D : -0.171643
[setup reg-reg] _46120_/Q -> _44555_/D : -0.169988
[setup reg-out] _43534_/Q -> rf_dac_i_out[8] : -0.169909
[setup reg-out] _43528_/Q -> rf_dac_i_out[2] : -0.169734
[setup reg-out] _43527_/Q -> rf_dac_i_out[1] : -0.169155
[setup reg-reg] _46120_/Q -> _44554_/D : -0.168798
[setup reg-reg] _44223_/Q -> _45490_/D : -0.168007
[setup reg-out] _43535_/Q -> rf_dac_i_out[9] : -0.167896
[setup reg-reg] _46120_/Q -> _44421_/D : -0.167152
[setup reg-reg] _44223_/Q -> _46315_/D : -0.166888
[setup reg-reg] _46120_/Q -> _44828_/D : -0.165556
[setup reg-reg] _44223_/Q -> _45431_/D : -0.165030
[setup reg-reg] _46120_/Q -> _45550_/D : -0.164900
[setup reg-reg] _44223_/Q -> _45478_/D : -0.163727
[setup reg-reg] _46120_/Q -> _44829_/D : -0.163534
[setup reg-reg] _46120_/Q -> _45169_/D : -0.162836
[setup reg-reg] _44223_/Q -> _44877_/D : -0.161586
[setup reg-reg] _44223_/Q -> _45441_/D : -0.160800
[setup reg-out] _43537_/Q -> rf_dac_i_out[11] : -0.159614
[setup reg-reg] _44223_/Q -> _45098_/D : -0.158484
[setup reg-reg] _46120_/Q -> _44922_/D : -0.157997
[setup reg-reg] _44223_/Q -> _45481_/D : -0.157493
[setup reg-reg] _44223_/Q -> _46319_/D : -0.157415
[setup reg-out] _43536_/Q -> rf_dac_i_out[10] : -0.156543
[setup reg-out] _43538_/Q -> rf_dac_i_out[12] : -0.155623
[setup reg-reg] _44223_/Q -> _44305_/D : -0.154537
[setup reg-reg] _44223_/Q -> _45573_/D : -0.152530
[setup reg-reg] _46120_/Q -> _45960_/D : -0.152523
[setup reg-reg] _44223_/Q -> _45477_/D : -0.152505
[setup reg-reg] _44223_/Q -> _44882_/D : -0.152472
[setup reg-reg] _44223_/Q -> _45583_/D : -0.152301
[setup reg-reg] _44223_/Q -> _45104_/D : -0.149809
[setup reg-reg] _44223_/Q -> _45486_/D : -0.147281
[setup reg-reg] _44223_/Q -> _45485_/D : -0.146125
[setup reg-reg] _44223_/Q -> _45488_/D : -0.145867
[setup reg-reg] _46120_/Q -> _44427_/D : -0.145257
[setup reg-reg] _44223_/Q -> _46312_/D : -0.144454
[setup reg-reg] _44223_/Q -> _45440_/D : -0.144390
[setup reg-reg] _44223_/Q -> _45434_/D : -0.143263
[setup reg-reg] _46120_/Q -> _44550_/D : -0.143069
[setup reg-reg] _46120_/Q -> _44433_/D : -0.142511
[setup reg-reg] _44223_/Q -> _45443_/D : -0.142105
[setup reg-reg] _44223_/Q -> _44723_/D : -0.141917
[setup reg-reg] _46120_/Q -> _44432_/D : -0.141707
[setup reg-reg] _46120_/Q -> _44429_/D : -0.141454
[setup reg-reg] _44223_/Q -> _44306_/D : -0.141211
[setup reg-reg] _46120_/Q -> _45469_/D : -0.140734
[setup reg-reg] _44223_/Q -> _44871_/D : -0.140397
[setup reg-reg] _44223_/Q -> _44875_/D : -0.139468
[setup reg-reg] _44223_/Q -> _45096_/D : -0.139412
[setup reg-reg] _46120_/Q -> _44423_/D : -0.138131
[setup reg-reg] _44179_/Q -> _44184_/D : -0.137578
[setup reg-reg] _46117_/Q -> _45523_/D : -0.137397
[setup reg-reg] _46117_/Q -> _45642_/D : -0.135886
[setup reg-reg] _46120_/Q -> _44428_/D : -0.134833
[setup reg-reg] _44223_/Q -> _45067_/D : -0.133163
[setup reg-reg] _44223_/Q -> _45061_/D : -0.132762
[setup reg-reg] _46117_/Q -> _45513_/D : -0.132445
[setup reg-reg] _44223_/Q -> _46316_/D : -0.132371
[setup reg-reg] _44223_/Q -> _44298_/D : -0.131551
[setup reg-reg] _46120_/Q -> _44824_/D : -0.131131
[setup reg-reg] _44223_/Q -> _46310_/D : -0.130731
[setup reg-reg] _44223_/Q -> _45432_/D : -0.130489
[setup reg-reg] _44223_/Q -> _45487_/D : -0.129979
[setup reg-reg] _44223_/Q -> _45484_/D : -0.129460
[setup reg-reg] _43580_/Q -> _43777_/D : -0.129154
[setup reg-reg] _44223_/Q -> _46323_/D : -0.126589
[setup reg-reg] _44223_/Q -> _45492_/D : -0.126575
[setup reg-reg] _46120_/Q -> _44822_/D : -0.126474
[setup reg-reg] _44223_/Q -> _46317_/D : -0.126151
[setup reg-reg] _44223_/Q -> _46313_/D : -0.125711
[setup reg-reg] _44223_/Q -> _46311_/D : -0.125514
[setup reg-reg] _44223_/Q -> _45479_/D : -0.125462
[setup reg-reg] _44223_/Q -> _45444_/D : -0.124384
[setup reg-reg] _46120_/Q -> _44422_/D : -0.124050
[setup reg-reg] _44223_/Q -> _45491_/D : -0.123824
[setup reg-reg] _44223_/Q -> _44722_/D : -0.123560
[setup reg-reg] _44223_/Q -> _45062_/D : -0.123016
[setup reg-reg] _46120_/Q -> _44426_/D : -0.122976
[setup reg-reg] _44223_/Q -> _45435_/D : -0.122233
[setup reg-reg] _46117_/Q -> _45652_/D : -0.121309
[setup reg-reg] _44223_/Q -> _46314_/D : -0.120596
[setup reg-reg] _44223_/Q -> _46309_/D : -0.119443
[setup reg-reg] _44223_/Q -> _45064_/D : -0.119411
[setup reg-reg] _44223_/Q -> _45069_/D : -0.118202
[setup reg-reg] _46120_/Q -> _44827_/D : -0.118043
[setup reg-reg] _46120_/Q -> _44434_/D : -0.118023
[setup reg-reg] _44223_/Q -> _45489_/D : -0.116814
[setup reg-reg] _46120_/Q -> _45162_/D : -0.116258
[setup reg-reg] _46120_/Q -> _44436_/D : -0.115307
[setup reg-reg] _44223_/Q -> _44870_/D : -0.114330
[setup reg-reg] _44223_/Q -> _44308_/D : -0.113555
[setup reg-reg] _44223_/Q -> _44293_/D : -0.113489
[setup reg-reg] _46117_/Q -> _45522_/D : -0.113176
[setup reg-reg] _44223_/Q -> _44717_/D : -0.109698
[setup reg-reg] _46117_/Q -> _45519_/D : -0.109265
[setup reg-reg] _46120_/Q -> _44435_/D : -0.108908
[setup reg-reg] _44223_/Q -> _44872_/D : -0.108838
[setup reg-reg] _44223_/Q -> _44716_/D : -0.107786
[setup reg-reg] _44223_/Q -> _45065_/D : -0.107576
[setup reg-reg] _46120_/Q -> _45963_/D : -0.105886
[setup reg-reg] _46120_/Q -> _45972_/D : -0.104590
[setup reg-reg] _44223_/Q -> _45071_/D : -0.104250
[setup reg-reg] _43803_/Q -> _46304_/D : -0.102905
[setup reg-reg] _46117_/Q -> _45520_/D : -0.102582
[setup reg-reg] _44223_/Q -> _45066_/D : -0.102526
[setup in-reg] rst_n -> _44011_/D : -0.102454
[setup reg-reg] _44179_/Q -> _43730_/D : -0.102357
[setup reg-out] _43545_/Q -> rf_dac_q_out[3] : -0.100742
[setup reg-out] _43542_/Q -> rf_dac_q_out[0] : -0.100629
[setup reg-reg] _44223_/Q -> _45155_/D : -0.100215
[setup reg-reg] _44223_/Q -> _46318_/D : -0.100125
[setup reg-reg] _44091_/Q -> _44097_/D : -0.097132
[setup reg-reg] _43803_/Q -> _44215_/D : -0.096640
[setup reg-out] _43546_/Q -> rf_dac_q_out[4] : -0.096505
[setup reg-reg] _46117_/Q -> _45521_/D : -0.096186
[setup reg-out] _43557_/Q -> rf_dac_q_out[15] : -0.095976
[setup reg-reg] _46117_/Q -> _45516_/D : -0.095828
[setup reg-reg] _44223_/Q -> _45063_/D : -0.095337
[setup reg-reg] _44223_/Q -> _45147_/D : -0.095234
[setup reg-reg] _44223_/Q -> _44720_/D : -0.094482
[setup reg-reg] _43757_/Q -> _43754_/D : -0.094404
[setup reg-reg] _46117_/Q -> _45689_/D : -0.094289
[setup reg-reg] _44223_/Q -> _44721_/D : -0.094231
[setup reg-reg] _43803_/Q -> _44086_/D : -0.093953
[setup reg-reg] _46117_/Q -> _45515_/D : -0.093607
[setup reg-reg] _46120_/Q -> _44431_/D : -0.092363
[setup reg-reg] _43725_/Q -> _43703_/D : -0.091642
[setup reg-out] _43556_/Q -> rf_dac_q_out[14] : -0.091362
[setup reg-reg] _44223_/Q -> _45482_/D : -0.091136
[setup reg-out] _43543_/Q -> rf_dac_q_out[1] : -0.090679
[setup reg-out] _43553_/Q -> rf_dac_q_out[11] : -0.090617
[setup reg-out] _43552_/Q -> rf_dac_q_out[10] : -0.090500
[setup reg-reg] _46117_/Q -> _46224_/D : -0.089977
[setup reg-reg] _46117_/Q -> _45512_/D : -0.089722
[setup reg-reg] _44223_/Q -> _45134_/D : -0.089197
[setup reg-out] _43547_/Q -> rf_dac_q_out[5] : -0.088877
[setup reg-reg] _46120_/Q -> _45962_/D : -0.086573
[setup reg-out] _43548_/Q -> rf_dac_q_out[6] : -0.086362
[setup reg-out] _43544_/Q -> rf_dac_q_out[2] : -0.086178
[setup reg-reg] _44223_/Q -> _44715_/D : -0.085156
[setup reg-reg] _44223_/Q -> _44713_/D : -0.084625
[setup reg-reg] _46117_/Q -> _44865_/D : -0.084441
[setup reg-out] _43549_/Q -> rf_dac_q_out[7] : -0.084281
[setup reg-out] _43554_/Q -> rf_dac_q_out[12] : -0.084021
[setup reg-reg] _44223_/Q -> _44368_/D : -0.082654
[setup reg-reg] _44223_/Q -> _45144_/D : -0.081969
[setup reg-reg] _44223_/Q -> _45890_/D : -0.077583
[setup reg-out] _43551_/Q -> rf_dac_q_out[9] : -0.077057
[setup reg-out] _43555_/Q -> rf_dac_q_out[13] : -0.077044
[setup reg-reg] _46117_/Q -> _45510_/D : -0.076135
[setup reg-reg] _43803_/Q -> _44217_/D : -0.076073
[setup reg-reg] _44223_/Q -> _45150_/D : -0.075759
[setup reg-reg] _44223_/Q -> _45887_/D : -0.075517
[setup reg-reg] _44223_/Q -> _45884_/D : -0.075492
[setup reg-reg] _44223_/Q -> _44362_/D : -0.075461
[setup reg-reg] _43803_/Q -> _46298_/D : -0.074238
[setup reg-reg] _44223_/Q -> _45143_/D : -0.073197
[setup reg-reg] _46119_/Q -> _44503_/D : -0.071661
[setup reg-reg] _43803_/Q -> _44083_/D : -0.070980
[setup reg-reg] _44223_/Q -> _46114_/D : -0.070843
[setup reg-reg] _44223_/Q -> _44710_/D : -0.070536
[setup reg-reg] _44223_/Q -> _46105_/D : -0.070199
[setup reg-reg] _44223_/Q -> _45146_/D : -0.069520
[setup reg-reg] _43495_/Q -> _43504_/D : -0.069450
[setup reg-reg] _44223_/Q -> _45891_/D : -0.069167
[setup reg-reg] _44223_/Q -> _45149_/D : -0.068565
[setup reg-reg] _44223_/Q -> _44712_/D : -0.068318
[setup reg-reg] _46120_/Q -> _44339_/D : -0.067955
[setup reg-reg] _44223_/Q -> _45857_/D : -0.067848
[setup reg-out] _43550_/Q -> rf_dac_q_out[8] : -0.067556
[setup in-reg] rst_n -> _43976_/D : -0.067336
[setup reg-reg] _43803_/Q -> _44085_/D : -0.066686
[setup reg-reg] _43803_/Q -> _44038_/D : -0.066502
[setup reg-reg] _44223_/Q -> _44369_/D : -0.066098
[setup reg-reg] _44223_/Q -> _45888_/D : -0.064073
[setup reg-reg] _44223_/Q -> _45141_/D : -0.063537
[setup reg-reg] _44223_/Q -> _44709_/D : -0.063362
[setup reg-reg] _46117_/Q -> _45732_/D : -0.063191
[setup reg-reg] _43803_/Q -> _43843_/D : -0.063149
[setup in-reg] rst_n -> _43978_/D : -0.062668
[setup reg-reg] _43803_/Q -> _43841_/D : -0.062019
[setup reg-reg] _44223_/Q -> _44366_/D : -0.061612
[setup reg-reg] _44223_/Q -> _45877_/D : -0.060692
[setup reg-reg] _44223_/Q -> _46101_/D : -0.058680
[setup reg-reg] _44223_/Q -> _45151_/D : -0.057198
[setup reg-reg] _44223_/Q -> _44365_/D : -0.056828
[setup reg-reg] _43803_/Q -> _43836_/D : -0.056207
[setup in-reg] rst_n -> _43977_/D : -0.054558
[setup reg-reg] _44223_/Q -> _46116_/D : -0.053797
[setup reg-reg] _43803_/Q -> _43888_/D : -0.053052
[setup reg-reg] _43803_/Q -> _43922_/D : -0.052218
[setup reg-reg] _44223_/Q -> _45878_/D : -0.051949
[setup reg-reg] _44223_/Q -> _45142_/D : -0.051870
[setup reg-reg] _44223_/Q -> _44904_/D : -0.050679
[setup reg-reg] _44223_/Q -> _44719_/D : -0.050403
[setup reg-reg] _43803_/Q -> _43939_/D : -0.048766
[setup reg-reg] _44223_/Q -> _44903_/D : -0.047312
[setup reg-reg] _44223_/Q -> _45148_/D : -0.047288
[setup reg-reg] _46117_/Q -> _44868_/D : -0.047237
[setup reg-reg] _43803_/Q -> _44158_/D : -0.046652
[setup reg-reg] _43803_/Q -> _44139_/D : -0.046251
[setup reg-reg] _44223_/Q -> _44912_/D : -0.045076
[setup reg-reg] _43803_/Q -> _44070_/D : -0.044369
[setup reg-reg] _43803_/Q -> _43957_/D : -0.043878
[setup reg-reg] _44223_/Q -> _46102_/D : -0.039108
[setup reg-reg] _46117_/Q -> _46220_/D : -0.038974
[setup reg-reg] _46117_/Q -> _46225_/D : -0.037990
[setup reg-reg] _43803_/Q -> _43954_/D : -0.037750
[setup reg-reg] _44223_/Q -> _45152_/D : -0.037726
[setup reg-reg] _44223_/Q -> _44711_/D : -0.036347
[setup reg-reg] _44223_/Q -> _45881_/D : -0.035946
[setup reg-reg] _44223_/Q -> _45145_/D : -0.035760
[setup reg-reg] _44223_/Q -> _45154_/D : -0.035547
[setup reg-reg] _44223_/Q -> _45845_/D : -0.033373
[setup reg-reg] _44223_/Q -> _44363_/D : -0.032445
[setup reg-reg] _46119_/Q -> _44502_/D : -0.031885
[setup reg-reg] _43803_/Q -> _44052_/D : -0.031212
[setup reg-reg] _44223_/Q -> _44906_/D : -0.031153
[setup reg-reg] _43803_/Q -> _43842_/D : -0.030869
[setup reg-reg] _46119_/Q -> _44509_/D : -0.030543
[setup reg-reg] _43803_/Q -> _43878_/D : -0.029594
[setup reg-reg] _44223_/Q -> _44718_/D : -0.028304
[setup reg-reg] _44223_/Q -> _44309_/D : -0.027875
[setup reg-reg] _44223_/Q -> _44910_/D : -0.027555
[setup reg-reg] _43803_/Q -> _44035_/D : -0.025867
[setup reg-reg] _46120_/Q -> _44338_/D : -0.024449
[setup reg-reg] _44223_/Q -> _44360_/D : -0.024392
[setup reg-reg] _43776_/Q -> _43811_/D : -0.022533
[setup reg-reg] _46120_/Q -> _45468_/D : -0.022079
[setup reg-reg] _44223_/Q -> _44951_/D : -0.021587
[setup reg-reg] _44223_/Q -> _46197_/D : -0.021387
[setup reg-reg] _44223_/Q -> _45856_/D : -0.021378
[setup reg-reg] _46119_/Q -> _44504_/D : -0.021055
[setup reg-reg] _44223_/Q -> _45853_/D : -0.020170
[setup reg-reg] _43803_/Q -> _44068_/D : -0.019662
[setup reg-reg] _44223_/Q -> _45854_/D : -0.019265
[setup reg-reg] _44223_/Q -> _46338_/D : -0.019159
[setup reg-reg] _43803_/Q -> _44037_/D : -0.019043
[setup reg-reg] _44223_/Q -> _44364_/D : -0.018137
[setup reg-reg] _44223_/Q -> _46324_/D : -0.016195
[setup reg-reg] _43803_/Q -> _44211_/D : -0.016165
[setup reg-reg] _44223_/Q -> _45882_/D : -0.015421
[setup reg-reg] _43803_/Q -> _43856_/D : -0.015297
[setup reg-reg] _43803_/Q -> _44155_/D : -0.013528
[setup reg-reg] _46120_/Q -> _45332_/D : -0.013014
[setup reg-reg] _44223_/Q -> _45859_/D : -0.012363
[setup reg-reg] _44223_/Q -> _44700_/D : -0.011882
[setup reg-reg] _44223_/Q -> _45889_/D : -0.011282
[setup reg-reg] _44223_/Q -> _45879_/D : -0.010302
[setup reg-reg] _43803_/Q -> _44160_/D : -0.007754
[setup reg-reg] _44223_/Q -> _44701_/D : -0.007490
[setup reg-reg] _46120_/Q -> _44337_/D : -0.007065
[setup reg-reg] _46119_/Q -> _44507_/D : -0.006976
[setup reg-reg] _43803_/Q -> _43905_/D : -0.005476
[setup reg-reg] _44223_/Q -> _44955_/D : -0.005322
[setup reg-reg] _43803_/Q -> _43864_/D : -0.005021
[setup reg-reg] _44223_/Q -> _44358_/D : -0.001314
