Clock: clk_dsp
Sources: clk_dsp 
Generated: no
Virtual: yes
Propagated: no
Period: 5.000000

===========================================================================
report_clock_properties
============================================================================
Clock                   Period          Waveform
----------------------------------------------------
clk_dsp               5.000000    0.000000  2.500000

===========================================================================
report_clock_latency
============================================================================
Clock clk_dsp
rise -> rise
    min     max
0.000000 0.000000 source latency
2.769994         network latency _46248_/CLK
        3.254741 network latency _44646_/CLK
---------------
2.769994 3.254741 latency
        0.484747 skew

fall -> fall
    min     max
0.000000 0.000000 source latency
2.282865         network latency _46248_/CLK
        2.714589 network latency _44646_/CLK
---------------
2.282865 2.714589 latency
        0.431724 skew



===========================================================================
report_clock_min_period
============================================================================
clk_dsp period_min = 28.14 fmax = 35.53
