
===========================================================================
 report_power
============================================================================
======================= max_ss_100C_1v60 Corner ===================================

Group                    Internal    Switching      Leakage        Total
                            Power        Power        Power        Power (Watts)
------------------------------------------------------------------------
Sequential           1.761880e-02 1.410325e-06 5.196684e-05 1.767217e-02  52.2%
Combinational        1.802422e-04 5.224248e-04 1.369298e-04 8.395968e-04   2.5%
Clock                6.997614e-03 8.354523e-03 5.674402e-06 1.535781e-02  45.3%
Macro                0.000000e+00 0.000000e+00 0.000000e+00 0.000000e+00   0.0%
Pad                  0.000000e+00 0.000000e+00 0.000000e+00 0.000000e+00   0.0%
------------------------------------------------------------------------
Total                2.479666e-02 8.878359e-03 1.945644e-04 3.386958e-02 100.0%
                            73.2%        26.2%         0.6%

