Clock: clk_dsp
Sources: clk_dsp 
Generated: no
Virtual: yes
Propagated: no
Period: 5.000000

===========================================================================
report_clock_properties
============================================================================
Clock                   Period          Waveform
----------------------------------------------------
clk_dsp               5.000000    0.000000  2.500000

===========================================================================
report_clock_latency
============================================================================
Clock clk_dsp
rise -> rise
    min     max
0.000000 0.000000 source latency
1.580025         network latency _46248_/CLK
        1.871920 network latency _44646_/CLK
---------------
1.580025 1.871920 latency
        0.291895 skew

fall -> fall
    min     max
0.000000 0.000000 source latency
1.289598         network latency _46248_/CLK
        1.549150 network latency _44646_/CLK
---------------
1.289598 1.549150 latency
        0.259552 skew



===========================================================================
report_clock_min_period
============================================================================
clk_dsp period_min = 14.89 fmax = 67.17
