
===========================================================================
Violator List
============================================================================
[hold in-reg] rf_adc_i_in[12] -> _43788_/D : -0.153052
[hold in-reg] rf_adc_i_in[11] -> _43787_/D : -0.146131
[hold in-reg] rf_adc_i_in[6] -> _43781_/D : -0.144234
[hold in-reg] rf_adc_i_in[8] -> _43783_/D : -0.117253
[hold in-reg] rf_adc_i_in[7] -> _43782_/D : -0.115000
[hold in-reg] rf_adc_i_in[1] -> _43777_/D : -0.106610
[hold in-reg] rf_adc_i_in[3] -> _43778_/D : -0.104575
[hold in-reg] rf_adc_i_in[4] -> _43779_/D : -0.085892
[hold in-reg] rf_adc_i_in[1] -> _43776_/D : -0.084744
[hold in-reg] rf_adc_i_in[5] -> _43780_/D : -0.078108
[hold in-reg] rf_adc_i_in[8] -> _43784_/D : -0.054202
[hold in-reg] rf_adc_i_in[11] -> _43786_/D : -0.003587
[hold in-reg] rf_adc_i_in[9] -> _43785_/D : -0.001795
[setup reg-reg] _46159_/Q -> _46276_/D : -9.887849
[setup reg-reg] _46159_/Q -> _46279_/D : -9.884317
[setup reg-reg] _46159_/Q -> _46277_/D : -9.872697
[setup reg-reg] _46159_/Q -> _46278_/D : -9.867496
[setup reg-reg] _46159_/Q -> _46283_/D : -9.865554
[setup reg-reg] _46159_/Q -> _46282_/D : -9.863408
[setup reg-reg] _46159_/Q -> _46290_/D : -9.846694
[setup reg-reg] _46159_/Q -> _46280_/D : -9.836981
[setup reg-reg] _46159_/Q -> _46281_/D : -9.835443
[setup reg-reg] _46159_/Q -> _46285_/D : -9.834800
[setup reg-reg] _46159_/Q -> _46286_/D : -9.834414
[setup reg-reg] _46159_/Q -> _46288_/D : -9.832919
[setup reg-reg] _46159_/Q -> _46284_/D : -9.831379
[setup reg-reg] _46159_/Q -> _46287_/D : -9.819017
[setup reg-reg] _46159_/Q -> _46289_/D : -9.753204
[setup reg-reg] _46159_/Q -> _46248_/D : -9.623333
[setup reg-reg] _46159_/Q -> _46243_/D : -9.608627
[setup reg-reg] _46159_/Q -> _46249_/D : -9.608023
[setup reg-reg] _46159_/Q -> _46247_/D : -9.603636
[setup reg-reg] _46159_/Q -> _46244_/D : -9.600819
[setup reg-reg] _46159_/Q -> _46245_/D : -9.597996
[setup reg-reg] _46159_/Q -> _46256_/D : -9.568529
[setup reg-reg] _46159_/Q -> _46246_/D : -9.563992
[setup reg-reg] _43517_/Q -> _43578_/D : -9.525072
[setup reg-reg] _46159_/Q -> _46254_/D : -9.512714
[setup reg-reg] _46159_/Q -> _46255_/D : -9.497941
[setup reg-reg] _46159_/Q -> _46251_/D : -9.489427
[setup reg-reg] _46159_/Q -> _46253_/D : -9.488374
[setup reg-reg] _43517_/Q -> _43577_/D : -9.485609
[setup reg-reg] _46159_/Q -> _46257_/D : -9.483248
[setup reg-reg] _46159_/Q -> _46252_/D : -9.482253
[setup reg-reg] _43517_/Q -> _43576_/D : -9.475547
[setup reg-reg] _46159_/Q -> _46250_/D : -9.470904
[setup reg-reg] _43517_/Q -> _43595_/D : -9.466448
[setup reg-reg] _43517_/Q -> _43594_/D : -9.396081
[setup reg-reg] _46159_/Q -> _46258_/D : -9.371345
[setup reg-reg] _43517_/Q -> _43575_/D : -9.335801
[setup reg-reg] _46159_/Q -> _46291_/D : -9.333255
[setup reg-reg] _43517_/Q -> _43591_/D : -9.235978
[setup reg-reg] _43517_/Q -> _43593_/D : -9.181548
[setup reg-reg] _43517_/Q -> _43574_/D : -9.167298
[setup reg-reg] _43517_/Q -> _43572_/D : -9.166849
[setup reg-reg] _43517_/Q -> _43592_/D : -9.094761
[setup reg-reg] _43517_/Q -> _43573_/D : -9.009410
[setup reg-reg] _43517_/Q -> _43588_/D : -9.007856
[setup reg-reg] _43517_/Q -> _43590_/D : -8.983132
[setup reg-reg] _43517_/Q -> _43589_/D : -8.944073
[setup reg-reg] _43517_/Q -> _43587_/D : -8.885640
[setup reg-reg] _43517_/Q -> _43571_/D : -8.817724
[setup reg-reg] _43517_/Q -> _43586_/D : -8.786750
[setup reg-reg] _43517_/Q -> _43569_/D : -8.591596
[setup reg-reg] _43517_/Q -> _43570_/D : -8.584466
[setup reg-reg] _43517_/Q -> _43568_/D : -8.547508
[setup reg-reg] _43517_/Q -> _43585_/D : -8.515153
[setup reg-reg] _43517_/Q -> _43567_/D : -8.385631
[setup reg-reg] _43517_/Q -> _43584_/D : -8.177937
[setup reg-reg] _43517_/Q -> _43566_/D : -8.140690
[setup reg-reg] _43517_/Q -> _43565_/D : -8.015528
[setup reg-reg] _43517_/Q -> _43583_/D : -7.993194
[setup reg-reg] _43517_/Q -> _43581_/D : -7.848090
[setup reg-reg] _43517_/Q -> _43582_/D : -7.847379
[setup reg-reg] _43517_/Q -> _43564_/D : -7.677353
[setup reg-reg] _43517_/Q -> _43563_/D : -7.235557
[setup reg-reg] _43517_/Q -> _43580_/D : -7.166952
[setup reg-reg] _44012_/Q -> _44006_/D : -3.519814
[setup reg-reg] _44010_/Q -> _44005_/D : -3.358037
[setup reg-reg] _44012_/Q -> _44004_/D : -3.199108
[setup reg-reg] _43580_/Q -> _43802_/D : -3.047327
[setup reg-reg] _44012_/Q -> _44003_/D : -3.037237
[setup reg-reg] _44091_/Q -> _44128_/D : -3.032089
[setup reg-reg] _44091_/Q -> _44129_/D : -3.009636
[setup reg-reg] _44091_/Q -> _44126_/D : -2.875666
[setup reg-reg] _44091_/Q -> _44127_/D : -2.873890
[setup reg-reg] _44012_/Q -> _44002_/D : -2.854244
[setup reg-reg] _43580_/Q -> _43801_/D : -2.797837
[setup reg-reg] _44091_/Q -> _44125_/D : -2.758378
[setup reg-reg] _44012_/Q -> _44001_/D : -2.680117
[setup reg-reg] _43580_/Q -> _43800_/D : -2.620851
[setup reg-reg] _44091_/Q -> _44124_/D : -2.604367
[setup reg-reg] _44012_/Q -> _44000_/D : -2.471783
[setup reg-reg] _44091_/Q -> _44123_/D : -2.324628
[setup reg-reg] _44012_/Q -> _43999_/D : -2.280274
[setup reg-reg] _43580_/Q -> _43798_/D : -2.262364
[setup reg-reg] _43580_/Q -> _43799_/D : -2.197636
[setup reg-reg] _44012_/Q -> _43998_/D : -2.119896
[setup reg-reg] _44091_/Q -> _44122_/D : -2.072922
[setup reg-reg] _43580_/Q -> _43797_/D : -2.052844
[setup reg-reg] _44091_/Q -> _44121_/D : -1.978453
[setup reg-reg] _44012_/Q -> _43997_/D : -1.971910
[setup reg-reg] _44012_/Q -> _43996_/D : -1.837052
[setup reg-reg] _44179_/Q -> _43751_/D : -1.827179
[setup reg-reg] _44091_/Q -> _44120_/D : -1.825353
[setup reg-reg] _43580_/Q -> _43796_/D : -1.814032
[setup reg-reg] _44091_/Q -> _44119_/D : -1.702808
[setup reg-reg] _43725_/Q -> _43723_/D : -1.693557
[setup reg-reg] _44179_/Q -> _43750_/D : -1.644324
[setup reg-reg] _44012_/Q -> _43994_/D : -1.622308
[setup reg-reg] _43580_/Q -> _43795_/D : -1.618403
[setup reg-reg] _44012_/Q -> _43995_/D : -1.595827
[setup reg-reg] _43725_/Q -> _43722_/D : -1.565063
[setup reg-reg] _44091_/Q -> _44118_/D : -1.527158
[setup reg-reg] _44179_/Q -> _43749_/D : -1.446201
[setup reg-reg] _43580_/Q -> _43794_/D : -1.397045
[setup reg-reg] _44091_/Q -> _44117_/D : -1.393712
[setup reg-reg] _43725_/Q -> _43721_/D : -1.364206
[setup reg-reg] _44179_/Q -> _44205_/D : -1.343609
[setup reg-reg] _44091_/Q -> _44116_/D : -1.270520
[setup reg-reg] _43805_/Q -> _43831_/D : -1.268254
[setup reg-reg] _44179_/Q -> _43748_/D : -1.204261
[setup reg-reg] _43580_/Q -> _43793_/D : -1.202076
[setup reg-reg] _44010_/Q -> _43993_/D : -1.199828
[setup reg-reg] _44179_/Q -> _44204_/D : -1.195520
[setup reg-reg] _43805_/Q -> _43830_/D : -1.170904
[setup reg-reg] _43697_/Q -> _43695_/D : -1.169184
[setup reg-reg] _44010_/Q -> _43992_/D : -1.139624
[setup reg-reg] _43725_/Q -> _43720_/D : -1.129038
[setup reg-reg] _44179_/Q -> _44203_/D : -1.071838
[setup reg-reg] _44091_/Q -> _44114_/D : -1.060709
[setup reg-reg] _44179_/Q -> _43747_/D : -1.059129
[setup reg-reg] _44091_/Q -> _44115_/D : -1.031751
[setup reg-reg] _43697_/Q -> _43694_/D : -1.027720
[setup reg-reg] _43805_/Q -> _43829_/D : -0.999769
[setup reg-reg] _43580_/Q -> _43792_/D : -0.992080
[setup reg-reg] _44012_/Q -> _43991_/D : -0.977359
[setup reg-reg] _43725_/Q -> _43719_/D : -0.961386
[setup reg-reg] _44179_/Q -> _44202_/D : -0.900140
[setup reg-reg] _44179_/Q -> _43746_/D : -0.855192
[setup reg-reg] _43805_/Q -> _43828_/D : -0.847606
[setup reg-reg] _44091_/Q -> _44113_/D : -0.844360
[setup reg-reg] _43697_/Q -> _43693_/D : -0.798639
[setup reg-reg] _43725_/Q -> _43718_/D : -0.779619
[setup reg-reg] _43580_/Q -> _43790_/D : -0.751619
[setup reg-reg] _44179_/Q -> _43745_/D : -0.732212
[setup reg-reg] _43580_/Q -> _43791_/D : -0.731219
[setup reg-reg] _44179_/Q -> _44201_/D : -0.721471
[setup reg-reg] _43725_/Q -> _43717_/D : -0.669873
[setup reg-reg] _43580_/Q -> _43789_/D : -0.657962
[setup reg-reg] _43697_/Q -> _43692_/D : -0.655867
[setup reg-reg] _43805_/Q -> _43827_/D : -0.619225
[setup reg-reg] _44091_/Q -> _44112_/D : -0.598052
[setup reg-reg] _44179_/Q -> _44200_/D : -0.593252
[setup reg-reg] _44010_/Q -> _43990_/D : -0.571149
[setup reg-reg] _43697_/Q -> _43691_/D : -0.559690
[setup reg-reg] _43805_/Q -> _43826_/D : -0.536483
[setup reg-reg] _44179_/Q -> _43744_/D : -0.534078
[setup reg-reg] _44179_/Q -> _44199_/D : -0.470573
[setup reg-reg] _43725_/Q -> _43716_/D : -0.446399
[setup reg-reg] _44091_/Q -> _44111_/D : -0.438547
[setup reg-reg] _43805_/Q -> _43825_/D : -0.392207
[setup reg-reg] _43697_/Q -> _43690_/D : -0.374199
[setup reg-reg] _44179_/Q -> _43743_/D : -0.368739
[setup reg-reg] _44010_/Q -> _43989_/D : -0.337940
[setup reg-reg] _44012_/Q -> _43988_/D : -0.325485
[setup reg-reg] _44179_/Q -> _44198_/D : -0.295875
[setup reg-reg] _43725_/Q -> _43715_/D : -0.277992
[setup reg-reg] _43580_/Q -> _43788_/D : -0.251079
[setup reg-reg] _43805_/Q -> _43824_/D : -0.215596
[setup reg-reg] _44091_/Q -> _44110_/D : -0.176249
[setup reg-reg] _44179_/Q -> _44197_/D : -0.156495
[setup reg-reg] _44179_/Q -> _43742_/D : -0.130993
[setup reg-reg] _43697_/Q -> _43689_/D : -0.122818
[setup reg-reg] _44012_/Q -> _43987_/D : -0.100019
[setup reg-reg] _43805_/Q -> _43823_/D : -0.079059
[setup reg-reg] _43495_/Q -> _43525_/D : -0.075292
[setup reg-reg] _43725_/Q -> _43714_/D : -0.068765
[setup reg-reg] _43495_/Q -> _43522_/D : -0.057478
[setup reg-reg] _43580_/Q -> _43787_/D : -0.026368
[setup reg-reg] _44179_/Q -> _44196_/D : -0.014662
[setup reg-reg] _43495_/Q -> _43524_/D : -0.012216
