
===========================================================================
 report_power
============================================================================
======================= Fastest Corner ===================================

Group                  Internal  Switching    Leakage      Total
                          Power      Power      Power      Power (Watts)
----------------------------------------------------------------
Sequential             8.19e-03   4.02e-04   1.33e-05   8.61e-03   3.1%
Combinational          1.44e-01   1.21e-01   3.37e-07   2.65e-01  96.9%
Macro                  0.00e+00   0.00e+00   0.00e+00   0.00e+00   0.0%
Pad                    0.00e+00   0.00e+00   0.00e+00   0.00e+00   0.0%
----------------------------------------------------------------
Total                  1.52e-01   1.22e-01   1.36e-05   2.74e-01 100.0%
                          55.6%      44.4%       0.0%

======================= Slowest Corner ===================================

Group                  Internal  Switching    Leakage      Total
                          Power      Power      Power      Power (Watts)
----------------------------------------------------------------
Sequential             5.40e-03   2.53e-04   5.36e-05   5.71e-03   3.0%
Combinational          1.07e-01   7.94e-02   1.32e-04   1.86e-01  97.0%
Macro                  0.00e+00   0.00e+00   0.00e+00   0.00e+00   0.0%
Pad                    0.00e+00   0.00e+00   0.00e+00   0.00e+00   0.0%
----------------------------------------------------------------
Total                  1.12e-01   7.96e-02   1.86e-04   1.92e-01 100.0%
                          58.4%      41.5%       0.1%

======================= Typical Corner ===================================

Group                  Internal  Switching    Leakage      Total
                          Power      Power      Power      Power (Watts)
----------------------------------------------------------------
Sequential             7.08e-03   3.31e-04   1.32e-05   7.42e-03   3.1%
Combinational          1.31e-01   1.02e-01   1.90e-07   2.33e-01  96.9%
Macro                  0.00e+00   0.00e+00   0.00e+00   0.00e+00   0.0%
Pad                    0.00e+00   0.00e+00   0.00e+00   0.00e+00   0.0%
----------------------------------------------------------------
Total                  1.38e-01   1.02e-01   1.34e-05   2.40e-01 100.0%
                          57.4%      42.6%       0.0%

