
===========================================================================
report_checks -unconstrained
===========================================================================
======================= min_tt_025C_1v80 Corner ===================================

Startpoint: rst_n (input port clocked by clk_dsp)
Endpoint: _44061_ (recovery check against rising-edge clock clk_dsp)
Path Group: asynchronous
Path Type: max

Fanout         Cap        Slew       Delay        Time   Description
---------------------------------------------------------------------------------------------
                                  0.000000    0.000000   clock clk_dsp (rise edge)
                                  0.000000    0.000000   clock network delay (propagated)
                                  1.000000    1.000000 ^ input external delay
     1    0.002509    0.018495    0.009286    1.009286 ^ rst_n (in)
                                                         rst_n (net)
                      0.018495    0.000000    1.009286 ^ hold102/A (sky130_fd_sc_hd__dlygate4sd3_1)
     1    0.002584    0.053210    0.524060    1.533346 ^ hold102/X (sky130_fd_sc_hd__dlygate4sd3_1)
                                                         net3075 (net)
                      0.053210    0.000009    1.533356 ^ input17/A (sky130_fd_sc_hd__buf_4)
     1    0.062383    0.176250    0.205616    1.738971 ^ input17/X (sky130_fd_sc_hd__buf_4)
                                                         net17 (net)
                      0.178184    0.014755    1.753726 ^ fanout2882/A (sky130_fd_sc_hd__buf_12)
     1    0.033607    0.053723    0.144491    1.898217 ^ fanout2882/X (sky130_fd_sc_hd__buf_12)
                                                         net2882 (net)
                      0.054118    0.003596    1.901813 ^ hold92/A (sky130_fd_sc_hd__buf_12)
     2    0.033257    0.051832    0.111060    2.012873 ^ hold92/X (sky130_fd_sc_hd__buf_12)
                                                         net3065 (net)
                      0.052014    0.002394    2.015267 ^ hold94/A (sky130_fd_sc_hd__buf_12)
     1    0.024712    0.042979    0.103237    2.118504 ^ hold94/X (sky130_fd_sc_hd__buf_12)
                                                         net3067 (net)
                      0.043177    0.002223    2.120727 ^ hold96/A (sky130_fd_sc_hd__buf_12)
     1    0.046814    0.066800    0.116678    2.237405 ^ hold96/X (sky130_fd_sc_hd__buf_12)
                                                         net3069 (net)
                      0.068319    0.007934    2.245339 ^ hold98/A (sky130_fd_sc_hd__buf_12)
     5    0.116011    0.138472    0.181436    2.426775 ^ hold98/X (sky130_fd_sc_hd__buf_12)
                                                         net3071 (net)
                      0.138570    0.003018    2.429793 ^ fanout2830/A (sky130_fd_sc_hd__buf_6)
     6    0.122877    0.244025    0.269918    2.699711 ^ fanout2830/X (sky130_fd_sc_hd__buf_6)
                                                         net2830 (net)
                      0.244327    0.007084    2.706795 ^ hold99/A (sky130_fd_sc_hd__dlygate4sd3_1)
     2    0.031999    0.319894    0.786685    3.493481 ^ hold99/X (sky130_fd_sc_hd__dlygate4sd3_1)
                                                         net3072 (net)
                      0.319899    0.001825    3.495306 ^ fanout2790/A (sky130_fd_sc_hd__buf_2)
     5    0.046076    0.226305    0.314402    3.809708 ^ fanout2790/X (sky130_fd_sc_hd__buf_2)
                                                         net2790 (net)
                      0.226305    0.000675    3.810383 ^ fanout2789/A (sky130_fd_sc_hd__buf_2)
     7    0.043844    0.215612    0.285290    4.095672 ^ fanout2789/X (sky130_fd_sc_hd__buf_2)
                                                         net2789 (net)
                      0.215612    0.000560    4.096232 ^ fanout2780/A (sky130_fd_sc_hd__clkbuf_4)
    10    0.049555    0.155768    0.276306    4.372538 ^ fanout2780/X (sky130_fd_sc_hd__clkbuf_4)
                                                         net2780 (net)
                      0.155768    0.000361    4.372899 ^ fanout2779/A (sky130_fd_sc_hd__clkbuf_4)
    10    0.046227    0.146036    0.249940    4.622838 ^ fanout2779/X (sky130_fd_sc_hd__clkbuf_4)
                                                         net2779 (net)
                      0.146036    0.000532    4.623371 ^ _44061_/RESET_B (sky130_fd_sc_hd__dfrtp_1)
                                              4.623371   data arrival time

                                  5.000000    5.000000   clock clk_dsp (rise edge)
                                  0.000000    5.000000   clock source latency
     2    0.140503    0.636328    0.464922    5.464922 ^ clk_dsp (in)
                                                         clk_dsp (net)
                      0.647950    0.000000    5.464922 ^ clkbuf_0_clk_dsp/A (sky130_fd_sc_hd__clkbuf_16)
     4    0.117987    0.136735    0.343617    5.808539 ^ clkbuf_0_clk_dsp/X (sky130_fd_sc_hd__clkbuf_16)
                                                         clknet_0_clk_dsp (net)
                      0.136775    0.002527    5.811066 ^ clkbuf_2_2_0_clk_dsp/A (sky130_fd_sc_hd__clkbuf_8)
     4    0.069633    0.129855    0.222869    6.033935 ^ clkbuf_2_2_0_clk_dsp/X (sky130_fd_sc_hd__clkbuf_8)
                                                         clknet_2_2_0_clk_dsp (net)
                      0.129973    0.003241    6.037175 ^ clkbuf_4_9_0_clk_dsp/A (sky130_fd_sc_hd__clkbuf_8)
     2    0.035212    0.074507    0.181506    6.218681 ^ clkbuf_4_9_0_clk_dsp/X (sky130_fd_sc_hd__clkbuf_8)
                                                         clknet_4_9_0_clk_dsp (net)
                      0.074510    0.000680    6.219362 ^ clkbuf_5_18__f_clk_dsp/A (sky130_fd_sc_hd__clkbuf_16)
     7    0.059705    0.077708    0.166833    6.386194 ^ clkbuf_5_18__f_clk_dsp/X (sky130_fd_sc_hd__clkbuf_16)
                                                         clknet_5_18__leaf_clk_dsp (net)
                      0.077710    0.000636    6.386831 ^ clkbuf_leaf_57_clk_dsp/A (sky130_fd_sc_hd__clkbuf_8)
    18    0.050961    0.099243    0.182191    6.569022 ^ clkbuf_leaf_57_clk_dsp/X (sky130_fd_sc_hd__clkbuf_8)
                                                         clknet_leaf_57_clk_dsp (net)
                      0.099244    0.000511    6.569533 ^ _44061_/CLK (sky130_fd_sc_hd__dfrtp_1)
                                 -0.250000    6.319532   clock uncertainty
                                  0.000000    6.319532   clock reconvergence pessimism
                                  0.221028    6.540561   library recovery time
                                              6.540561   data required time
---------------------------------------------------------------------------------------------
                                              6.540561   data required time
                                             -4.623371   data arrival time
---------------------------------------------------------------------------------------------
                                              1.917190   slack (MET)


Startpoint: _46159_ (rising edge-triggered flip-flop clocked by clk_dsp)
Endpoint: _46279_ (rising edge-triggered flip-flop clocked by clk_dsp)
Path Group: clk_dsp
Path Type: max

Fanout         Cap        Slew       Delay        Time   Description
---------------------------------------------------------------------------------------------
                                  0.000000    0.000000   clock clk_dsp (rise edge)
                                  0.000000    0.000000   clock source latency
     2    0.140503    0.636328    0.464922    0.464922 ^ clk_dsp (in)
                                                         clk_dsp (net)
                      0.647950    0.000000    0.464922 ^ clkbuf_0_clk_dsp/A (sky130_fd_sc_hd__clkbuf_16)
     4    0.117987    0.136735    0.343617    0.808538 ^ clkbuf_0_clk_dsp/X (sky130_fd_sc_hd__clkbuf_16)
                                                         clknet_0_clk_dsp (net)
                      0.136756    0.002049    0.810587 ^ clkbuf_2_3_0_clk_dsp/A (sky130_fd_sc_hd__clkbuf_8)
     4    0.068872    0.128613    0.221935    1.032522 ^ clkbuf_2_3_0_clk_dsp/X (sky130_fd_sc_hd__clkbuf_8)
                                                         clknet_2_3_0_clk_dsp (net)
                      0.129122    0.006163    1.038686 ^ clkbuf_4_15_0_clk_dsp/A (sky130_fd_sc_hd__clkbuf_8)
     2    0.051295    0.099788    0.200735    1.239421 ^ clkbuf_4_15_0_clk_dsp/X (sky130_fd_sc_hd__clkbuf_8)
                                                         clknet_4_15_0_clk_dsp (net)
                      0.099805    0.001318    1.240739 ^ clkbuf_5_30__f_clk_dsp/A (sky130_fd_sc_hd__clkbuf_16)
     9    0.105642    0.119480    0.209505    1.450243 ^ clkbuf_5_30__f_clk_dsp/X (sky130_fd_sc_hd__clkbuf_16)
                                                         clknet_5_30__leaf_clk_dsp (net)
                      0.119541    0.002183    1.452426 ^ clkbuf_leaf_144_clk_dsp/A (sky130_fd_sc_hd__clkbuf_8)
    11    0.040474    0.082761    0.184788    1.637214 ^ clkbuf_leaf_144_clk_dsp/X (sky130_fd_sc_hd__clkbuf_8)
                                                         clknet_leaf_144_clk_dsp (net)
                      0.082761    0.000175    1.637389 ^ _46159_/CLK (sky130_fd_sc_hd__dfrtp_1)
     4    0.019221    0.111286    0.442668    2.080057 v _46159_/Q (sky130_fd_sc_hd__dfrtp_1)
                                                         u_phase_009_fft.out_cnt[3] (net)
                      0.111286    0.000175    2.080232 v fanout1762/A (sky130_fd_sc_hd__buf_4)
     5    0.021517    0.045138    0.183748    2.263980 v fanout1762/X (sky130_fd_sc_hd__buf_4)
                                                         net1762 (net)
                      0.045139    0.000303    2.264283 v fanout1761/A (sky130_fd_sc_hd__buf_4)
    10    0.040340    0.065827    0.174698    2.438981 v fanout1761/X (sky130_fd_sc_hd__buf_4)
                                                         net1761 (net)
                      0.065832    0.000613    2.439594 v _34555_/A_N (sky130_fd_sc_hd__and4bb_1)
     1    0.016188    0.174399    0.347617    2.787210 ^ _34555_/X (sky130_fd_sc_hd__and4bb_1)
                                                         _08581_ (net)
                      0.174400    0.000852    2.788063 ^ fanout1258/A (sky130_fd_sc_hd__clkbuf_8)
     6    0.116719    0.205180    0.284548    3.072610 ^ fanout1258/X (sky130_fd_sc_hd__clkbuf_8)
                                                         net1258 (net)
                      0.206671    0.014164    3.086775 ^ fanout1254/A (sky130_fd_sc_hd__clkbuf_4)
    10    0.068524    0.207876    0.310071    3.396846 ^ fanout1254/X (sky130_fd_sc_hd__clkbuf_4)
                                                         net1254 (net)
                      0.208041    0.003568    3.400414 ^ _34557_/B (sky130_fd_sc_hd__and2_4)
     4    0.062404    0.185127    0.294417    3.694831 ^ _34557_/X (sky130_fd_sc_hd__and2_4)
                                                         _08583_ (net)
                      0.185455    0.006338    3.701169 ^ clone91/A (sky130_fd_sc_hd__clkbuf_1)
    10    0.157823    1.802192    1.328375    5.029544 ^ clone91/X (sky130_fd_sc_hd__clkbuf_1)
                                                         net3064 (net)
                      1.802192    0.001633    5.031178 ^ fanout921/A (sky130_fd_sc_hd__clkbuf_8)
    10    0.105383    0.204523    0.497081    5.528259 ^ fanout921/X (sky130_fd_sc_hd__clkbuf_8)
                                                         net921 (net)
                      0.205208    0.009436    5.537695 ^ _35023_/A2 (sky130_fd_sc_hd__a22o_1)
     1    0.003010    0.048749    0.171643    5.709338 ^ _35023_/X (sky130_fd_sc_hd__a22o_1)
                                                         _09049_ (net)
                      0.048749    0.000029    5.709366 ^ _35024_/C1 (sky130_fd_sc_hd__a211o_1)
     1    0.007311    0.076036    0.113780    5.823146 ^ _35024_/X (sky130_fd_sc_hd__a211o_1)
                                                         _09050_ (net)
                      0.076036    0.000196    5.823342 ^ _35025_/C1 (sky130_fd_sc_hd__a211o_1)
     1    0.005510    0.062259    0.111690    5.935033 ^ _35025_/X (sky130_fd_sc_hd__a211o_1)
                                                         _09051_ (net)
                      0.062259    0.000126    5.935158 ^ _35034_/C (sky130_fd_sc_hd__or4_1)
     1    0.015476    0.148647    0.181679    6.116837 ^ _35034_/X (sky130_fd_sc_hd__or4_1)
                                                         _09060_ (net)
                      0.148648    0.000646    6.117483 ^ _35035_/A3 (sky130_fd_sc_hd__o32a_4)
     2    0.092281    0.261465    0.338392    6.455874 ^ _35035_/X (sky130_fd_sc_hd__o32a_4)
                                                         _09061_ (net)
                      0.261811    0.006704    6.462578 ^ fanout248/A (sky130_fd_sc_hd__buf_6)
     7    0.147225    0.290675    0.325026    6.787603 ^ fanout248/X (sky130_fd_sc_hd__buf_6)
                                                         net248 (net)
                      0.290680    0.001068    6.788672 ^ fanout246/A (sky130_fd_sc_hd__buf_4)
    11    0.096999    0.268136    0.341982    7.130653 ^ fanout246/X (sky130_fd_sc_hd__buf_4)
                                                         net246 (net)
                      0.268169    0.002540    7.133193 ^ _35036_/A (sky130_fd_sc_hd__inv_2)
     2    0.065516    0.170053    0.204889    7.338083 v _35036_/Y (sky130_fd_sc_hd__inv_2)
                                                         _09062_ (net)
                      0.170053    0.000114    7.338196 v fanout229/A (sky130_fd_sc_hd__clkbuf_8)
    12    0.118282    0.131495    0.270693    7.608890 v fanout229/X (sky130_fd_sc_hd__clkbuf_8)
                                                         net229 (net)
                      0.137870    0.022664    7.631553 v _41275_/B (sky130_fd_sc_hd__nor3_1)
     3    0.010694    0.359040    0.351945    7.983499 ^ _41275_/Y (sky130_fd_sc_hd__nor3_1)
                                                         _15269_ (net)
                      0.359040    0.000114    7.983612 ^ _41277_/A (sky130_fd_sc_hd__nor2_1)
     2    0.005787    0.088911    0.115865    8.099477 v _41277_/Y (sky130_fd_sc_hd__nor2_1)
                                                         _15271_ (net)
                      0.088911    0.000034    8.099510 v _41278_/C (sky130_fd_sc_hd__and3_1)
     3    0.008144    0.059956    0.220253    8.319764 v _41278_/X (sky130_fd_sc_hd__and3_1)
                                                         _15272_ (net)
                      0.059956    0.000069    8.319833 v _41429_/A (sky130_fd_sc_hd__or2_1)
     2    0.007247    0.068814    0.252458    8.572290 v _41429_/X (sky130_fd_sc_hd__or2_1)
                                                         _15423_ (net)
                      0.068814    0.000083    8.572374 v _41436_/B (sky130_fd_sc_hd__xnor2_1)
     2    0.006557    0.194720    0.192584    8.764957 ^ _41436_/Y (sky130_fd_sc_hd__xnor2_1)
                                                         _15430_ (net)
                      0.194720    0.000057    8.765015 ^ _41588_/B (sky130_fd_sc_hd__or2_1)
     1    0.003691    0.048605    0.133857    8.898872 ^ _41588_/X (sky130_fd_sc_hd__or2_1)
                                                         _15582_ (net)
                      0.048605    0.000048    8.898920 ^ _41589_/B (sky130_fd_sc_hd__nand2_1)
     2    0.007884    0.078503    0.075391    8.974311 v _41589_/Y (sky130_fd_sc_hd__nand2_1)
                                                         _15583_ (net)
                      0.078503    0.000089    8.974401 v _41590_/B1 (sky130_fd_sc_hd__a21o_1)
     4    0.020054    0.103504    0.231163    9.205563 v _41590_/X (sky130_fd_sc_hd__a21o_1)
                                                         _15584_ (net)
                      0.103504    0.000178    9.205740 v _41736_/A1 (sky130_fd_sc_hd__a211o_1)
     2    0.011818    0.087444    0.321528    9.527268 v _41736_/X (sky130_fd_sc_hd__a211o_1)
                                                         _15730_ (net)
                      0.087444    0.000058    9.527326 v _41769_/A2 (sky130_fd_sc_hd__a211o_1)
     2    0.012900    0.091969    0.355495    9.882821 v _41769_/X (sky130_fd_sc_hd__a211o_1)
                                                         _15763_ (net)
                      0.091969    0.000297    9.883118 v _41882_/A2 (sky130_fd_sc_hd__a21o_1)
     2    0.007687    0.054163    0.213315   10.096433 v _41882_/X (sky130_fd_sc_hd__a21o_1)
                                                         _15876_ (net)
                      0.054163    0.000069   10.096501 v _41884_/A2 (sky130_fd_sc_hd__a21o_1)
     3    0.008311    0.057021    0.201354   10.297855 v _41884_/X (sky130_fd_sc_hd__a21o_1)
                                                         _15878_ (net)
                      0.057021    0.000073   10.297928 v _41946_/A2 (sky130_fd_sc_hd__a211oi_1)
     2    0.006447    0.289673    0.305966   10.603894 ^ _41946_/Y (sky130_fd_sc_hd__a211oi_1)
                                                         _15940_ (net)
                      0.289673    0.000093   10.603988 ^ _41948_/B (sky130_fd_sc_hd__nor3_1)
     3    0.008528    0.093551    0.128129   10.732116 v _41948_/Y (sky130_fd_sc_hd__nor3_1)
                                                         _15942_ (net)
                      0.093551    0.000053   10.732169 v max_cap71/A (sky130_fd_sc_hd__clkbuf_1)
     2    0.006660    0.047192    0.127021   10.859190 v max_cap71/X (sky130_fd_sc_hd__clkbuf_1)
                                                         net71 (net)
                      0.047192    0.000099   10.859290 v _42104_/A1 (sky130_fd_sc_hd__o21a_1)
     2    0.004249    0.041661    0.187509   11.046799 v _42104_/X (sky130_fd_sc_hd__o21a_1)
                                                         _16098_ (net)
                      0.041661    0.000033   11.046831 v _42105_/C (sky130_fd_sc_hd__or3_1)
     3    0.007555    0.091924    0.338480   11.385312 v _42105_/X (sky130_fd_sc_hd__or3_1)
                                                         _16099_ (net)
                      0.091924    0.000060   11.385372 v _42114_/A (sky130_fd_sc_hd__nand2_1)
     1    0.005489    0.067568    0.091022   11.476395 ^ _42114_/Y (sky130_fd_sc_hd__nand2_1)
                                                         _16108_ (net)
                      0.067568    0.000064   11.476459 ^ _42253_/A (sky130_fd_sc_hd__xnor2_1)
     2    0.007347    0.075510    0.095835   11.572293 v _42253_/Y (sky130_fd_sc_hd__xnor2_1)
                                                         _16247_ (net)
                      0.075510    0.000049   11.572343 v _42257_/B (sky130_fd_sc_hd__xnor2_1)
     2    0.011987    0.296151    0.276871   11.849214 ^ _42257_/Y (sky130_fd_sc_hd__xnor2_1)
                                                         _16251_ (net)
                      0.296151    0.000185   11.849399 ^ _43311_/B (sky130_fd_sc_hd__xnor2_2)
     2    0.007766    0.153145    0.162011   12.011409 ^ _43311_/Y (sky130_fd_sc_hd__xnor2_2)
                                                         _17305_ (net)
                      0.153145    0.000091   12.011499 ^ _43312_/B1 (sky130_fd_sc_hd__o21ai_2)
     3    0.009996    0.067343    0.095650   12.107149 v _43312_/Y (sky130_fd_sc_hd__o21ai_2)
                                                         _17306_ (net)
                      0.067343    0.000108   12.107258 v _43313_/A1 (sky130_fd_sc_hd__a21o_1)
     3    0.013791    0.077644    0.205583   12.312840 v _43313_/X (sky130_fd_sc_hd__a21o_1)
                                                         _17307_ (net)
                      0.077644    0.000177   12.313018 v _43315_/A1 (sky130_fd_sc_hd__a21oi_4)
     3    0.017121    0.166127    0.183489   12.496507 ^ _43315_/Y (sky130_fd_sc_hd__a21oi_4)
                                                         _17309_ (net)
                      0.166127    0.000369   12.496875 ^ _43317_/A1 (sky130_fd_sc_hd__o21bai_4)
     3    0.011573    0.061177    0.098990   12.595865 v _43317_/Y (sky130_fd_sc_hd__o21bai_4)
                                                         _17311_ (net)
                      0.061178    0.000211   12.596077 v _43320_/A2 (sky130_fd_sc_hd__a21o_1)
     4    0.014152    0.079153    0.226486   12.822563 v _43320_/X (sky130_fd_sc_hd__a21o_1)
                                                         _17314_ (net)
                      0.079153    0.000357   12.822920 v _43321_/C (sky130_fd_sc_hd__and3b_1)
     3    0.008031    0.059508    0.214051   13.036971 v _43321_/X (sky130_fd_sc_hd__and3b_1)
                                                         _17315_ (net)
                      0.059508    0.000116   13.037087 v _43323_/A1 (sky130_fd_sc_hd__o31a_1)
     4    0.016665    0.106517    0.362076   13.399163 v _43323_/X (sky130_fd_sc_hd__o31a_1)
                                                         _17317_ (net)
                      0.106517    0.000338   13.399502 v _43335_/A1 (sky130_fd_sc_hd__a211oi_4)
     4    0.018502    0.286107    0.318782   13.718284 ^ _43335_/Y (sky130_fd_sc_hd__a211oi_4)
                                                         _17329_ (net)
                      0.286107    0.000285   13.718569 ^ _43344_/A3 (sky130_fd_sc_hd__o311ai_4)
     3    0.009215    0.103179    0.123310   13.841879 v _43344_/Y (sky130_fd_sc_hd__o311ai_4)
                                                         _17338_ (net)
                      0.103179    0.000141   13.842020 v _43345_/A1 (sky130_fd_sc_hd__a21o_1)
     4    0.011565    0.068653    0.212408   14.054428 v _43345_/X (sky130_fd_sc_hd__a21o_1)
                                                         _17339_ (net)
                      0.068653    0.000139   14.054566 v _43347_/A2 (sky130_fd_sc_hd__a21o_1)
     2    0.012167    0.071050    0.222286   14.276853 v _43347_/X (sky130_fd_sc_hd__a21o_1)
                                                         _17341_ (net)
                      0.071050    0.000102   14.276956 v _43382_/B (sky130_fd_sc_hd__and3_4)
     3    0.020923    0.052496    0.202546   14.479502 v _43382_/X (sky130_fd_sc_hd__and3_4)
                                                         _17376_ (net)
                      0.052496    0.000195   14.479696 v _43384_/A2 (sky130_fd_sc_hd__o31ai_4)
     3    0.031558    0.407940    0.402029   14.881724 ^ _43384_/Y (sky130_fd_sc_hd__o31ai_4)
                                                         _17378_ (net)
                      0.408096    0.002181   14.883906 ^ clone14/A (sky130_fd_sc_hd__buf_4)
     5    0.028417    0.091687    0.235934   15.119840 ^ clone14/X (sky130_fd_sc_hd__buf_4)
                                                         net2987 (net)
                      0.091691    0.000696   15.120537 ^ _43398_/B1 (sky130_fd_sc_hd__a31oi_1)
     1    0.002517    0.065912    0.046720   15.167256 v _43398_/Y (sky130_fd_sc_hd__a31oi_1)
                                                         _17389_ (net)
                      0.065912    0.000021   15.167277 v _43399_/B1 (sky130_fd_sc_hd__a21oi_1)
     1    0.002830    0.104775    0.117243   15.284521 ^ _43399_/Y (sky130_fd_sc_hd__a21oi_1)
                                                         _02774_ (net)
                      0.104775    0.000028   15.284549 ^ _46279_/D (sky130_fd_sc_hd__dfrtp_1)
                                             15.284549   data arrival time

                                  5.000000    5.000000   clock clk_dsp (rise edge)
                                  0.000000    5.000000   clock source latency
     2    0.140503    0.636328    0.464922    5.464922 ^ clk_dsp (in)
                                                         clk_dsp (net)
                      0.647950    0.000000    5.464922 ^ clkbuf_0_clk_dsp/A (sky130_fd_sc_hd__clkbuf_16)
     4    0.117987    0.136735    0.343617    5.808539 ^ clkbuf_0_clk_dsp/X (sky130_fd_sc_hd__clkbuf_16)
                                                         clknet_0_clk_dsp (net)
                      0.136756    0.002049    5.810587 ^ clkbuf_2_3_0_clk_dsp/A (sky130_fd_sc_hd__clkbuf_8)
     4    0.068872    0.128613    0.221935    6.032523 ^ clkbuf_2_3_0_clk_dsp/X (sky130_fd_sc_hd__clkbuf_8)
                                                         clknet_2_3_0_clk_dsp (net)
                      0.129122    0.006163    6.038686 ^ clkbuf_4_15_0_clk_dsp/A (sky130_fd_sc_hd__clkbuf_8)
     2    0.051295    0.099788    0.200735    6.239421 ^ clkbuf_4_15_0_clk_dsp/X (sky130_fd_sc_hd__clkbuf_8)
                                                         clknet_4_15_0_clk_dsp (net)
                      0.099817    0.001644    6.241065 ^ clkbuf_5_31__f_clk_dsp/A (sky130_fd_sc_hd__clkbuf_16)
     8    0.109443    0.123107    0.209212    6.450277 ^ clkbuf_5_31__f_clk_dsp/X (sky130_fd_sc_hd__clkbuf_16)
                                                         clknet_5_31__leaf_clk_dsp (net)
                      0.124696    0.010963    6.461240 ^ clkbuf_leaf_137_clk_dsp/A (sky130_fd_sc_hd__clkbuf_8)
     6    0.024037    0.057300    0.166689    6.627929 ^ clkbuf_leaf_137_clk_dsp/X (sky130_fd_sc_hd__clkbuf_8)
                                                         clknet_leaf_137_clk_dsp (net)
                      0.057300    0.000150    6.628078 ^ _46279_/CLK (sky130_fd_sc_hd__dfrtp_1)
                                 -0.250000    6.378078   clock uncertainty
                                  0.000000    6.378078   clock reconvergence pessimism
                                 -0.071745    6.306334   library setup time
                                              6.306334   data required time
---------------------------------------------------------------------------------------------
                                              6.306334   data required time
                                            -15.284549   data arrival time
---------------------------------------------------------------------------------------------
                                             -8.978216   slack (VIOLATED)




===========================================================================
report_checks --slack_max -0.01
============================================================================
======================= min_tt_025C_1v80 Corner ===================================

Startpoint: _46159_ (rising edge-triggered flip-flop clocked by clk_dsp)
Endpoint: _46279_ (rising edge-triggered flip-flop clocked by clk_dsp)
Path Group: clk_dsp
Path Type: max

Fanout         Cap        Slew       Delay        Time   Description
---------------------------------------------------------------------------------------------
                                  0.000000    0.000000   clock clk_dsp (rise edge)
                                  0.000000    0.000000   clock source latency
     2    0.140503    0.636328    0.464922    0.464922 ^ clk_dsp (in)
                                                         clk_dsp (net)
                      0.647950    0.000000    0.464922 ^ clkbuf_0_clk_dsp/A (sky130_fd_sc_hd__clkbuf_16)
     4    0.117987    0.136735    0.343617    0.808538 ^ clkbuf_0_clk_dsp/X (sky130_fd_sc_hd__clkbuf_16)
                                                         clknet_0_clk_dsp (net)
                      0.136756    0.002049    0.810587 ^ clkbuf_2_3_0_clk_dsp/A (sky130_fd_sc_hd__clkbuf_8)
     4    0.068872    0.128613    0.221935    1.032522 ^ clkbuf_2_3_0_clk_dsp/X (sky130_fd_sc_hd__clkbuf_8)
                                                         clknet_2_3_0_clk_dsp (net)
                      0.129122    0.006163    1.038686 ^ clkbuf_4_15_0_clk_dsp/A (sky130_fd_sc_hd__clkbuf_8)
     2    0.051295    0.099788    0.200735    1.239421 ^ clkbuf_4_15_0_clk_dsp/X (sky130_fd_sc_hd__clkbuf_8)
                                                         clknet_4_15_0_clk_dsp (net)
                      0.099805    0.001318    1.240739 ^ clkbuf_5_30__f_clk_dsp/A (sky130_fd_sc_hd__clkbuf_16)
     9    0.105642    0.119480    0.209505    1.450243 ^ clkbuf_5_30__f_clk_dsp/X (sky130_fd_sc_hd__clkbuf_16)
                                                         clknet_5_30__leaf_clk_dsp (net)
                      0.119541    0.002183    1.452426 ^ clkbuf_leaf_144_clk_dsp/A (sky130_fd_sc_hd__clkbuf_8)
    11    0.040474    0.082761    0.184788    1.637214 ^ clkbuf_leaf_144_clk_dsp/X (sky130_fd_sc_hd__clkbuf_8)
                                                         clknet_leaf_144_clk_dsp (net)
                      0.082761    0.000175    1.637389 ^ _46159_/CLK (sky130_fd_sc_hd__dfrtp_1)
     4    0.019221    0.111286    0.442668    2.080057 v _46159_/Q (sky130_fd_sc_hd__dfrtp_1)
                                                         u_phase_009_fft.out_cnt[3] (net)
                      0.111286    0.000175    2.080232 v fanout1762/A (sky130_fd_sc_hd__buf_4)
     5    0.021517    0.045138    0.183748    2.263980 v fanout1762/X (sky130_fd_sc_hd__buf_4)
                                                         net1762 (net)
                      0.045139    0.000303    2.264283 v fanout1761/A (sky130_fd_sc_hd__buf_4)
    10    0.040340    0.065827    0.174698    2.438981 v fanout1761/X (sky130_fd_sc_hd__buf_4)
                                                         net1761 (net)
                      0.065832    0.000613    2.439594 v _34555_/A_N (sky130_fd_sc_hd__and4bb_1)
     1    0.016188    0.174399    0.347617    2.787210 ^ _34555_/X (sky130_fd_sc_hd__and4bb_1)
                                                         _08581_ (net)
                      0.174400    0.000852    2.788063 ^ fanout1258/A (sky130_fd_sc_hd__clkbuf_8)
     6    0.116719    0.205180    0.284548    3.072610 ^ fanout1258/X (sky130_fd_sc_hd__clkbuf_8)
                                                         net1258 (net)
                      0.206671    0.014164    3.086775 ^ fanout1254/A (sky130_fd_sc_hd__clkbuf_4)
    10    0.068524    0.207876    0.310071    3.396846 ^ fanout1254/X (sky130_fd_sc_hd__clkbuf_4)
                                                         net1254 (net)
                      0.208041    0.003568    3.400414 ^ _34557_/B (sky130_fd_sc_hd__and2_4)
     4    0.062404    0.185127    0.294417    3.694831 ^ _34557_/X (sky130_fd_sc_hd__and2_4)
                                                         _08583_ (net)
                      0.185455    0.006338    3.701169 ^ clone91/A (sky130_fd_sc_hd__clkbuf_1)
    10    0.157823    1.802192    1.328375    5.029544 ^ clone91/X (sky130_fd_sc_hd__clkbuf_1)
                                                         net3064 (net)
                      1.802192    0.001633    5.031178 ^ fanout921/A (sky130_fd_sc_hd__clkbuf_8)
    10    0.105383    0.204523    0.497081    5.528259 ^ fanout921/X (sky130_fd_sc_hd__clkbuf_8)
                                                         net921 (net)
                      0.205208    0.009436    5.537695 ^ _35023_/A2 (sky130_fd_sc_hd__a22o_1)
     1    0.003010    0.048749    0.171643    5.709338 ^ _35023_/X (sky130_fd_sc_hd__a22o_1)
                                                         _09049_ (net)
                      0.048749    0.000029    5.709366 ^ _35024_/C1 (sky130_fd_sc_hd__a211o_1)
     1    0.007311    0.076036    0.113780    5.823146 ^ _35024_/X (sky130_fd_sc_hd__a211o_1)
                                                         _09050_ (net)
                      0.076036    0.000196    5.823342 ^ _35025_/C1 (sky130_fd_sc_hd__a211o_1)
     1    0.005510    0.062259    0.111690    5.935033 ^ _35025_/X (sky130_fd_sc_hd__a211o_1)
                                                         _09051_ (net)
                      0.062259    0.000126    5.935158 ^ _35034_/C (sky130_fd_sc_hd__or4_1)
     1    0.015476    0.148647    0.181679    6.116837 ^ _35034_/X (sky130_fd_sc_hd__or4_1)
                                                         _09060_ (net)
                      0.148648    0.000646    6.117483 ^ _35035_/A3 (sky130_fd_sc_hd__o32a_4)
     2    0.092281    0.261465    0.338392    6.455874 ^ _35035_/X (sky130_fd_sc_hd__o32a_4)
                                                         _09061_ (net)
                      0.261811    0.006704    6.462578 ^ fanout248/A (sky130_fd_sc_hd__buf_6)
     7    0.147225    0.290675    0.325026    6.787603 ^ fanout248/X (sky130_fd_sc_hd__buf_6)
                                                         net248 (net)
                      0.290680    0.001068    6.788672 ^ fanout246/A (sky130_fd_sc_hd__buf_4)
    11    0.096999    0.268136    0.341982    7.130653 ^ fanout246/X (sky130_fd_sc_hd__buf_4)
                                                         net246 (net)
                      0.268169    0.002540    7.133193 ^ _35036_/A (sky130_fd_sc_hd__inv_2)
     2    0.065516    0.170053    0.204889    7.338083 v _35036_/Y (sky130_fd_sc_hd__inv_2)
                                                         _09062_ (net)
                      0.170053    0.000114    7.338196 v fanout229/A (sky130_fd_sc_hd__clkbuf_8)
    12    0.118282    0.131495    0.270693    7.608890 v fanout229/X (sky130_fd_sc_hd__clkbuf_8)
                                                         net229 (net)
                      0.137870    0.022664    7.631553 v _41275_/B (sky130_fd_sc_hd__nor3_1)
     3    0.010694    0.359040    0.351945    7.983499 ^ _41275_/Y (sky130_fd_sc_hd__nor3_1)
                                                         _15269_ (net)
                      0.359040    0.000114    7.983612 ^ _41277_/A (sky130_fd_sc_hd__nor2_1)
     2    0.005787    0.088911    0.115865    8.099477 v _41277_/Y (sky130_fd_sc_hd__nor2_1)
                                                         _15271_ (net)
                      0.088911    0.000034    8.099510 v _41278_/C (sky130_fd_sc_hd__and3_1)
     3    0.008144    0.059956    0.220253    8.319764 v _41278_/X (sky130_fd_sc_hd__and3_1)
                                                         _15272_ (net)
                      0.059956    0.000069    8.319833 v _41429_/A (sky130_fd_sc_hd__or2_1)
     2    0.007247    0.068814    0.252458    8.572290 v _41429_/X (sky130_fd_sc_hd__or2_1)
                                                         _15423_ (net)
                      0.068814    0.000083    8.572374 v _41436_/B (sky130_fd_sc_hd__xnor2_1)
     2    0.006557    0.194720    0.192584    8.764957 ^ _41436_/Y (sky130_fd_sc_hd__xnor2_1)
                                                         _15430_ (net)
                      0.194720    0.000057    8.765015 ^ _41588_/B (sky130_fd_sc_hd__or2_1)
     1    0.003691    0.048605    0.133857    8.898872 ^ _41588_/X (sky130_fd_sc_hd__or2_1)
                                                         _15582_ (net)
                      0.048605    0.000048    8.898920 ^ _41589_/B (sky130_fd_sc_hd__nand2_1)
     2    0.007884    0.078503    0.075391    8.974311 v _41589_/Y (sky130_fd_sc_hd__nand2_1)
                                                         _15583_ (net)
                      0.078503    0.000089    8.974401 v _41590_/B1 (sky130_fd_sc_hd__a21o_1)
     4    0.020054    0.103504    0.231163    9.205563 v _41590_/X (sky130_fd_sc_hd__a21o_1)
                                                         _15584_ (net)
                      0.103504    0.000178    9.205740 v _41736_/A1 (sky130_fd_sc_hd__a211o_1)
     2    0.011818    0.087444    0.321528    9.527268 v _41736_/X (sky130_fd_sc_hd__a211o_1)
                                                         _15730_ (net)
                      0.087444    0.000058    9.527326 v _41769_/A2 (sky130_fd_sc_hd__a211o_1)
     2    0.012900    0.091969    0.355495    9.882821 v _41769_/X (sky130_fd_sc_hd__a211o_1)
                                                         _15763_ (net)
                      0.091969    0.000297    9.883118 v _41882_/A2 (sky130_fd_sc_hd__a21o_1)
     2    0.007687    0.054163    0.213315   10.096433 v _41882_/X (sky130_fd_sc_hd__a21o_1)
                                                         _15876_ (net)
                      0.054163    0.000069   10.096501 v _41884_/A2 (sky130_fd_sc_hd__a21o_1)
     3    0.008311    0.057021    0.201354   10.297855 v _41884_/X (sky130_fd_sc_hd__a21o_1)
                                                         _15878_ (net)
                      0.057021    0.000073   10.297928 v _41946_/A2 (sky130_fd_sc_hd__a211oi_1)
     2    0.006447    0.289673    0.305966   10.603894 ^ _41946_/Y (sky130_fd_sc_hd__a211oi_1)
                                                         _15940_ (net)
                      0.289673    0.000093   10.603988 ^ _41948_/B (sky130_fd_sc_hd__nor3_1)
     3    0.008528    0.093551    0.128129   10.732116 v _41948_/Y (sky130_fd_sc_hd__nor3_1)
                                                         _15942_ (net)
                      0.093551    0.000053   10.732169 v max_cap71/A (sky130_fd_sc_hd__clkbuf_1)
     2    0.006660    0.047192    0.127021   10.859190 v max_cap71/X (sky130_fd_sc_hd__clkbuf_1)
                                                         net71 (net)
                      0.047192    0.000099   10.859290 v _42104_/A1 (sky130_fd_sc_hd__o21a_1)
     2    0.004249    0.041661    0.187509   11.046799 v _42104_/X (sky130_fd_sc_hd__o21a_1)
                                                         _16098_ (net)
                      0.041661    0.000033   11.046831 v _42105_/C (sky130_fd_sc_hd__or3_1)
     3    0.007555    0.091924    0.338480   11.385312 v _42105_/X (sky130_fd_sc_hd__or3_1)
                                                         _16099_ (net)
                      0.091924    0.000060   11.385372 v _42114_/A (sky130_fd_sc_hd__nand2_1)
     1    0.005489    0.067568    0.091022   11.476395 ^ _42114_/Y (sky130_fd_sc_hd__nand2_1)
                                                         _16108_ (net)
                      0.067568    0.000064   11.476459 ^ _42253_/A (sky130_fd_sc_hd__xnor2_1)
     2    0.007347    0.075510    0.095835   11.572293 v _42253_/Y (sky130_fd_sc_hd__xnor2_1)
                                                         _16247_ (net)
                      0.075510    0.000049   11.572343 v _42257_/B (sky130_fd_sc_hd__xnor2_1)
     2    0.011987    0.296151    0.276871   11.849214 ^ _42257_/Y (sky130_fd_sc_hd__xnor2_1)
                                                         _16251_ (net)
                      0.296151    0.000185   11.849399 ^ _43311_/B (sky130_fd_sc_hd__xnor2_2)
     2    0.007766    0.153145    0.162011   12.011409 ^ _43311_/Y (sky130_fd_sc_hd__xnor2_2)
                                                         _17305_ (net)
                      0.153145    0.000091   12.011499 ^ _43312_/B1 (sky130_fd_sc_hd__o21ai_2)
     3    0.009996    0.067343    0.095650   12.107149 v _43312_/Y (sky130_fd_sc_hd__o21ai_2)
                                                         _17306_ (net)
                      0.067343    0.000108   12.107258 v _43313_/A1 (sky130_fd_sc_hd__a21o_1)
     3    0.013791    0.077644    0.205583   12.312840 v _43313_/X (sky130_fd_sc_hd__a21o_1)
                                                         _17307_ (net)
                      0.077644    0.000177   12.313018 v _43315_/A1 (sky130_fd_sc_hd__a21oi_4)
     3    0.017121    0.166127    0.183489   12.496507 ^ _43315_/Y (sky130_fd_sc_hd__a21oi_4)
                                                         _17309_ (net)
                      0.166127    0.000369   12.496875 ^ _43317_/A1 (sky130_fd_sc_hd__o21bai_4)
     3    0.011573    0.061177    0.098990   12.595865 v _43317_/Y (sky130_fd_sc_hd__o21bai_4)
                                                         _17311_ (net)
                      0.061178    0.000211   12.596077 v _43320_/A2 (sky130_fd_sc_hd__a21o_1)
     4    0.014152    0.079153    0.226486   12.822563 v _43320_/X (sky130_fd_sc_hd__a21o_1)
                                                         _17314_ (net)
                      0.079153    0.000357   12.822920 v _43321_/C (sky130_fd_sc_hd__and3b_1)
     3    0.008031    0.059508    0.214051   13.036971 v _43321_/X (sky130_fd_sc_hd__and3b_1)
                                                         _17315_ (net)
                      0.059508    0.000116   13.037087 v _43323_/A1 (sky130_fd_sc_hd__o31a_1)
     4    0.016665    0.106517    0.362076   13.399163 v _43323_/X (sky130_fd_sc_hd__o31a_1)
                                                         _17317_ (net)
                      0.106517    0.000338   13.399502 v _43335_/A1 (sky130_fd_sc_hd__a211oi_4)
     4    0.018502    0.286107    0.318782   13.718284 ^ _43335_/Y (sky130_fd_sc_hd__a211oi_4)
                                                         _17329_ (net)
                      0.286107    0.000285   13.718569 ^ _43344_/A3 (sky130_fd_sc_hd__o311ai_4)
     3    0.009215    0.103179    0.123310   13.841879 v _43344_/Y (sky130_fd_sc_hd__o311ai_4)
                                                         _17338_ (net)
                      0.103179    0.000141   13.842020 v _43345_/A1 (sky130_fd_sc_hd__a21o_1)
     4    0.011565    0.068653    0.212408   14.054428 v _43345_/X (sky130_fd_sc_hd__a21o_1)
                                                         _17339_ (net)
                      0.068653    0.000139   14.054566 v _43347_/A2 (sky130_fd_sc_hd__a21o_1)
     2    0.012167    0.071050    0.222286   14.276853 v _43347_/X (sky130_fd_sc_hd__a21o_1)
                                                         _17341_ (net)
                      0.071050    0.000102   14.276956 v _43382_/B (sky130_fd_sc_hd__and3_4)
     3    0.020923    0.052496    0.202546   14.479502 v _43382_/X (sky130_fd_sc_hd__and3_4)
                                                         _17376_ (net)
                      0.052496    0.000195   14.479696 v _43384_/A2 (sky130_fd_sc_hd__o31ai_4)
     3    0.031558    0.407940    0.402029   14.881724 ^ _43384_/Y (sky130_fd_sc_hd__o31ai_4)
                                                         _17378_ (net)
                      0.408096    0.002181   14.883906 ^ clone14/A (sky130_fd_sc_hd__buf_4)
     5    0.028417    0.091687    0.235934   15.119840 ^ clone14/X (sky130_fd_sc_hd__buf_4)
                                                         net2987 (net)
                      0.091691    0.000696   15.120537 ^ _43398_/B1 (sky130_fd_sc_hd__a31oi_1)
     1    0.002517    0.065912    0.046720   15.167256 v _43398_/Y (sky130_fd_sc_hd__a31oi_1)
                                                         _17389_ (net)
                      0.065912    0.000021   15.167277 v _43399_/B1 (sky130_fd_sc_hd__a21oi_1)
     1    0.002830    0.104775    0.117243   15.284521 ^ _43399_/Y (sky130_fd_sc_hd__a21oi_1)
                                                         _02774_ (net)
                      0.104775    0.000028   15.284549 ^ _46279_/D (sky130_fd_sc_hd__dfrtp_1)
                                             15.284549   data arrival time

                                  5.000000    5.000000   clock clk_dsp (rise edge)
                                  0.000000    5.000000   clock source latency
     2    0.140503    0.636328    0.464922    5.464922 ^ clk_dsp (in)
                                                         clk_dsp (net)
                      0.647950    0.000000    5.464922 ^ clkbuf_0_clk_dsp/A (sky130_fd_sc_hd__clkbuf_16)
     4    0.117987    0.136735    0.343617    5.808539 ^ clkbuf_0_clk_dsp/X (sky130_fd_sc_hd__clkbuf_16)
                                                         clknet_0_clk_dsp (net)
                      0.136756    0.002049    5.810587 ^ clkbuf_2_3_0_clk_dsp/A (sky130_fd_sc_hd__clkbuf_8)
     4    0.068872    0.128613    0.221935    6.032523 ^ clkbuf_2_3_0_clk_dsp/X (sky130_fd_sc_hd__clkbuf_8)
                                                         clknet_2_3_0_clk_dsp (net)
                      0.129122    0.006163    6.038686 ^ clkbuf_4_15_0_clk_dsp/A (sky130_fd_sc_hd__clkbuf_8)
     2    0.051295    0.099788    0.200735    6.239421 ^ clkbuf_4_15_0_clk_dsp/X (sky130_fd_sc_hd__clkbuf_8)
                                                         clknet_4_15_0_clk_dsp (net)
                      0.099817    0.001644    6.241065 ^ clkbuf_5_31__f_clk_dsp/A (sky130_fd_sc_hd__clkbuf_16)
     8    0.109443    0.123107    0.209212    6.450277 ^ clkbuf_5_31__f_clk_dsp/X (sky130_fd_sc_hd__clkbuf_16)
                                                         clknet_5_31__leaf_clk_dsp (net)
                      0.124696    0.010963    6.461240 ^ clkbuf_leaf_137_clk_dsp/A (sky130_fd_sc_hd__clkbuf_8)
     6    0.024037    0.057300    0.166689    6.627929 ^ clkbuf_leaf_137_clk_dsp/X (sky130_fd_sc_hd__clkbuf_8)
                                                         clknet_leaf_137_clk_dsp (net)
                      0.057300    0.000150    6.628078 ^ _46279_/CLK (sky130_fd_sc_hd__dfrtp_1)
                                 -0.250000    6.378078   clock uncertainty
                                  0.000000    6.378078   clock reconvergence pessimism
                                 -0.071745    6.306334   library setup time
                                              6.306334   data required time
---------------------------------------------------------------------------------------------
                                              6.306334   data required time
                                            -15.284549   data arrival time
---------------------------------------------------------------------------------------------
                                             -8.978216   slack (VIOLATED)




===========================================================================
 report_check_types -max_slew -max_cap -max_fanout -violators
============================================================================
======================= min_tt_025C_1v80 Corner ===================================

max slew

Pin                                        Limit        Slew       Slack
------------------------------------------------------------------------
ANTENNA_601/DIODE                       0.750000    1.802299   -1.052299 (VIOLATED)
_34869_/A2                              0.750000    1.802299   -1.052299 (VIOLATED)
ANTENNA_602/DIODE                       0.750000    1.802239   -1.052239 (VIOLATED)
_35709_/A2                              0.750000    1.802239   -1.052239 (VIOLATED)
ANTENNA_604/DIODE                       0.750000    1.802221   -1.052221 (VIOLATED)
_36725_/A2                              0.750000    1.802221   -1.052221 (VIOLATED)
ANTENNA_603/DIODE                       0.750000    1.802219   -1.052220 (VIOLATED)
_36368_/A2                              0.750000    1.802220   -1.052220 (VIOLATED)
ANTENNA_605/DIODE                       0.750000    1.802192   -1.052192 (VIOLATED)
clone91/X                               0.750000    1.802192   -1.052192 (VIOLATED)
fanout921/A                             0.750000    1.802192   -1.052192 (VIOLATED)
_35193_/A2                              0.750000    1.052991   -0.302991 (VIOLATED)
_37891_/A2                              0.750000    1.052991   -0.302991 (VIOLATED)
_35769_/A2                              0.750000    1.052988   -0.302988 (VIOLATED)
_38052_/A2                              0.750000    1.052982   -0.302982 (VIOLATED)
_35900_/A2                              0.750000    1.052973   -0.302973 (VIOLATED)
clone85/X                               0.750000    1.052973   -0.302973 (VIOLATED)
_22815_/A                               0.750000    1.012402   -0.262402 (VIOLATED)
_22405_/B                               0.750000    1.012397   -0.262397 (VIOLATED)
_29546_/B1                              0.750000    1.012384   -0.262384 (VIOLATED)
_29547_/A                               0.750000    1.012384   -0.262384 (VIOLATED)
clone52/X                               0.750000    1.012384   -0.262384 (VIOLATED)
ANTENNA_164/DIODE                       0.750000    0.858936   -0.108936 (VIOLATED)
_24811_/C1                              0.750000    0.858936   -0.108936 (VIOLATED)
_23753_/Y                               0.750000    0.858743   -0.108743 (VIOLATED)
_23763_/B1_N                            0.750000    0.858743   -0.108743 (VIOLATED)
_21904_/B                               0.750000    0.834737   -0.084737 (VIOLATED)
_24675_/A1                              0.750000    0.834530   -0.084530 (VIOLATED)
_24676_/A1                              0.750000    0.834529   -0.084529 (VIOLATED)
_25857_/A1                              0.750000    0.834528   -0.084528 (VIOLATED)
_24281_/A                               0.750000    0.834525   -0.084525 (VIOLATED)
clone3/X                                0.750000    0.834426   -0.084426 (VIOLATED)
_25836_/B1                              0.750000    0.766023   -0.016023 (VIOLATED)
ANTENNA_89/DIODE                        0.750000    0.766022   -0.016022 (VIOLATED)
fanout1155/A                            0.750000    0.765817   -0.015818 (VIOLATED)
fanout1158/A                            0.750000    0.765773   -0.015773 (VIOLATED)
_21984_/Y                               0.750000    0.765767   -0.015767 (VIOLATED)
wire1265/A                              0.750000    0.753806   -0.003806 (VIOLATED)
_34549_/Y                               0.750000    0.753805   -0.003805 (VIOLATED)
fanout1264/A                            0.750000    0.753805   -0.003805 (VIOLATED)

max fanout

Pin                                   Limit Fanout  Slack
---------------------------------------------------------
clkbuf_leaf_236_clk_dsp/X                10     23    -13 (VIOLATED)
clkbuf_leaf_37_clk_dsp/X                 10     23    -13 (VIOLATED)
clkbuf_leaf_11_clk_dsp/X                 10     22    -12 (VIOLATED)
clkbuf_leaf_24_clk_dsp/X                 10     22    -12 (VIOLATED)
clkbuf_leaf_255_clk_dsp/X                10     22    -12 (VIOLATED)
clkbuf_leaf_60_clk_dsp/X                 10     22    -12 (VIOLATED)
clkbuf_leaf_157_clk_dsp/X                10     21    -11 (VIOLATED)
clkbuf_leaf_160_clk_dsp/X                10     21    -11 (VIOLATED)
clkbuf_leaf_38_clk_dsp/X                 10     21    -11 (VIOLATED)
clkbuf_leaf_158_clk_dsp/X                10     20    -10 (VIOLATED)
clkbuf_leaf_167_clk_dsp/X                10     20    -10 (VIOLATED)
clkbuf_leaf_168_clk_dsp/X                10     20    -10 (VIOLATED)
clkbuf_leaf_197_clk_dsp/X                10     20    -10 (VIOLATED)
fanout1216/X                             10     20    -10 (VIOLATED)
clkbuf_leaf_152_clk_dsp/X                10     19     -9 (VIOLATED)
clkbuf_leaf_196_clk_dsp/X                10     19     -9 (VIOLATED)
clkbuf_leaf_20_clk_dsp/X                 10     19     -9 (VIOLATED)
clkbuf_leaf_237_clk_dsp/X                10     19     -9 (VIOLATED)
clkbuf_leaf_201_clk_dsp/X                10     18     -8 (VIOLATED)
clkbuf_leaf_21_clk_dsp/X                 10     18     -8 (VIOLATED)
clkbuf_leaf_220_clk_dsp/X                10     18     -8 (VIOLATED)
clkbuf_leaf_224_clk_dsp/X                10     18     -8 (VIOLATED)
clkbuf_leaf_57_clk_dsp/X                 10     18     -8 (VIOLATED)
clkbuf_leaf_129_clk_dsp/X                10     17     -7 (VIOLATED)
clkbuf_leaf_130_clk_dsp/X                10     17     -7 (VIOLATED)
clkbuf_leaf_153_clk_dsp/X                10     17     -7 (VIOLATED)
clkbuf_leaf_195_clk_dsp/X                10     17     -7 (VIOLATED)
clkbuf_leaf_219_clk_dsp/X                10     17     -7 (VIOLATED)
clkbuf_leaf_223_clk_dsp/X                10     17     -7 (VIOLATED)
clkbuf_leaf_242_clk_dsp/X                10     17     -7 (VIOLATED)
clkbuf_leaf_27_clk_dsp/X                 10     17     -7 (VIOLATED)
clkbuf_leaf_31_clk_dsp/X                 10     17     -7 (VIOLATED)
clkbuf_leaf_33_clk_dsp/X                 10     17     -7 (VIOLATED)
clkbuf_leaf_53_clk_dsp/X                 10     17     -7 (VIOLATED)
clkbuf_leaf_54_clk_dsp/X                 10     17     -7 (VIOLATED)
clkbuf_leaf_69_clk_dsp/X                 10     17     -7 (VIOLATED)
clkbuf_leaf_74_clk_dsp/X                 10     17     -7 (VIOLATED)
clkbuf_leaf_78_clk_dsp/X                 10     17     -7 (VIOLATED)
fanout1052/X                             10     17     -7 (VIOLATED)
_44165_/Q                                10     16     -6 (VIOLATED)
clkbuf_leaf_125_clk_dsp/X                10     16     -6 (VIOLATED)
clkbuf_leaf_155_clk_dsp/X                10     16     -6 (VIOLATED)
clkbuf_leaf_156_clk_dsp/X                10     16     -6 (VIOLATED)
clkbuf_leaf_163_clk_dsp/X                10     16     -6 (VIOLATED)
clkbuf_leaf_186_clk_dsp/X                10     16     -6 (VIOLATED)
clkbuf_leaf_188_clk_dsp/X                10     16     -6 (VIOLATED)
clkbuf_leaf_193_clk_dsp/X                10     16     -6 (VIOLATED)
clkbuf_leaf_202_clk_dsp/X                10     16     -6 (VIOLATED)
clkbuf_leaf_204_clk_dsp/X                10     16     -6 (VIOLATED)
clkbuf_leaf_210_clk_dsp/X                10     16     -6 (VIOLATED)
clkbuf_leaf_213_clk_dsp/X                10     16     -6 (VIOLATED)
clkbuf_leaf_232_clk_dsp/X                10     16     -6 (VIOLATED)
clkbuf_leaf_234_clk_dsp/X                10     16     -6 (VIOLATED)
clkbuf_leaf_26_clk_dsp/X                 10     16     -6 (VIOLATED)
clkbuf_leaf_39_clk_dsp/X                 10     16     -6 (VIOLATED)
clkbuf_leaf_40_clk_dsp/X                 10     16     -6 (VIOLATED)
clkbuf_leaf_48_clk_dsp/X                 10     16     -6 (VIOLATED)
clkbuf_leaf_49_clk_dsp/X                 10     16     -6 (VIOLATED)
clkbuf_leaf_70_clk_dsp/X                 10     16     -6 (VIOLATED)
clkbuf_leaf_73_clk_dsp/X                 10     16     -6 (VIOLATED)
clkbuf_leaf_79_clk_dsp/X                 10     16     -6 (VIOLATED)
fanout1240/X                             10     16     -6 (VIOLATED)
fanout980/X                              10     16     -6 (VIOLATED)
_22194_/Y                                10     15     -5 (VIOLATED)
clkbuf_leaf_120_clk_dsp/X                10     15     -5 (VIOLATED)
clkbuf_leaf_124_clk_dsp/X                10     15     -5 (VIOLATED)
clkbuf_leaf_127_clk_dsp/X                10     15     -5 (VIOLATED)
clkbuf_leaf_128_clk_dsp/X                10     15     -5 (VIOLATED)
clkbuf_leaf_159_clk_dsp/X                10     15     -5 (VIOLATED)
clkbuf_leaf_165_clk_dsp/X                10     15     -5 (VIOLATED)
clkbuf_leaf_174_clk_dsp/X                10     15     -5 (VIOLATED)
clkbuf_leaf_191_clk_dsp/X                10     15     -5 (VIOLATED)
clkbuf_leaf_203_clk_dsp/X                10     15     -5 (VIOLATED)
clkbuf_leaf_226_clk_dsp/X                10     15     -5 (VIOLATED)
clkbuf_leaf_229_clk_dsp/X                10     15     -5 (VIOLATED)
clkbuf_leaf_230_clk_dsp/X                10     15     -5 (VIOLATED)
clkbuf_leaf_238_clk_dsp/X                10     15     -5 (VIOLATED)
clkbuf_leaf_243_clk_dsp/X                10     15     -5 (VIOLATED)
clkbuf_leaf_25_clk_dsp/X                 10     15     -5 (VIOLATED)
clkbuf_leaf_36_clk_dsp/X                 10     15     -5 (VIOLATED)
clkbuf_leaf_47_clk_dsp/X                 10     15     -5 (VIOLATED)
clkbuf_leaf_58_clk_dsp/X                 10     15     -5 (VIOLATED)
clkbuf_leaf_61_clk_dsp/X                 10     15     -5 (VIOLATED)
clkbuf_leaf_9_clk_dsp/X                  10     15     -5 (VIOLATED)
fanout1041/X                             10     15     -5 (VIOLATED)
fanout1043/X                             10     15     -5 (VIOLATED)
fanout1046/X                             10     15     -5 (VIOLATED)
fanout1074/X                             10     15     -5 (VIOLATED)
fanout1197/X                             10     15     -5 (VIOLATED)
fanout1560/X                             10     15     -5 (VIOLATED)
fanout818/X                              10     15     -5 (VIOLATED)
clkbuf_leaf_171_clk_dsp/X                10     14     -4 (VIOLATED)
clkbuf_leaf_172_clk_dsp/X                10     14     -4 (VIOLATED)
clkbuf_leaf_17_clk_dsp/X                 10     14     -4 (VIOLATED)
clkbuf_leaf_184_clk_dsp/X                10     14     -4 (VIOLATED)
clkbuf_leaf_199_clk_dsp/X                10     14     -4 (VIOLATED)
clkbuf_leaf_19_clk_dsp/X                 10     14     -4 (VIOLATED)
clkbuf_leaf_209_clk_dsp/X                10     14     -4 (VIOLATED)
clkbuf_leaf_214_clk_dsp/X                10     14     -4 (VIOLATED)
clkbuf_leaf_221_clk_dsp/X                10     14     -4 (VIOLATED)
clkbuf_leaf_239_clk_dsp/X                10     14     -4 (VIOLATED)
clkbuf_leaf_248_clk_dsp/X                10     14     -4 (VIOLATED)
clkbuf_leaf_250_clk_dsp/X                10     14     -4 (VIOLATED)
clkbuf_leaf_45_clk_dsp/X                 10     14     -4 (VIOLATED)
clkbuf_leaf_46_clk_dsp/X                 10     14     -4 (VIOLATED)
clkbuf_leaf_56_clk_dsp/X                 10     14     -4 (VIOLATED)
clkbuf_leaf_62_clk_dsp/X                 10     14     -4 (VIOLATED)
fanout1026/X                             10     14     -4 (VIOLATED)
fanout1087/X                             10     14     -4 (VIOLATED)
fanout1227/X                             10     14     -4 (VIOLATED)
fanout1504/X                             10     14     -4 (VIOLATED)
fanout1723/X                             10     14     -4 (VIOLATED)
fanout732/X                              10     14     -4 (VIOLATED)
_21749_/Y                                10     13     -3 (VIOLATED)
_21934_/X                                10     13     -3 (VIOLATED)
_34599_/X                                10     13     -3 (VIOLATED)
clkbuf_5_25__f_clk_dsp/X                 10     13     -3 (VIOLATED)
clkbuf_leaf_10_clk_dsp/X                 10     13     -3 (VIOLATED)
clkbuf_leaf_111_clk_dsp/X                10     13     -3 (VIOLATED)
clkbuf_leaf_123_clk_dsp/X                10     13     -3 (VIOLATED)
clkbuf_leaf_13_clk_dsp/X                 10     13     -3 (VIOLATED)
clkbuf_leaf_150_clk_dsp/X                10     13     -3 (VIOLATED)
clkbuf_leaf_154_clk_dsp/X                10     13     -3 (VIOLATED)
clkbuf_leaf_177_clk_dsp/X                10     13     -3 (VIOLATED)
clkbuf_leaf_189_clk_dsp/X                10     13     -3 (VIOLATED)
clkbuf_leaf_18_clk_dsp/X                 10     13     -3 (VIOLATED)
clkbuf_leaf_198_clk_dsp/X                10     13     -3 (VIOLATED)
clkbuf_leaf_205_clk_dsp/X                10     13     -3 (VIOLATED)
clkbuf_leaf_206_clk_dsp/X                10     13     -3 (VIOLATED)
clkbuf_leaf_217_clk_dsp/X                10     13     -3 (VIOLATED)
clkbuf_leaf_222_clk_dsp/X                10     13     -3 (VIOLATED)
clkbuf_leaf_225_clk_dsp/X                10     13     -3 (VIOLATED)
clkbuf_leaf_22_clk_dsp/X                 10     13     -3 (VIOLATED)
clkbuf_leaf_240_clk_dsp/X                10     13     -3 (VIOLATED)
clkbuf_leaf_241_clk_dsp/X                10     13     -3 (VIOLATED)
clkbuf_leaf_247_clk_dsp/X                10     13     -3 (VIOLATED)
clkbuf_leaf_249_clk_dsp/X                10     13     -3 (VIOLATED)
clkbuf_leaf_253_clk_dsp/X                10     13     -3 (VIOLATED)
clkbuf_leaf_32_clk_dsp/X                 10     13     -3 (VIOLATED)
clkbuf_leaf_35_clk_dsp/X                 10     13     -3 (VIOLATED)
clkbuf_leaf_41_clk_dsp/X                 10     13     -3 (VIOLATED)
clkbuf_leaf_42_clk_dsp/X                 10     13     -3 (VIOLATED)
clkbuf_leaf_51_clk_dsp/X                 10     13     -3 (VIOLATED)
clkbuf_leaf_55_clk_dsp/X                 10     13     -3 (VIOLATED)
clkbuf_leaf_68_clk_dsp/X                 10     13     -3 (VIOLATED)
clkbuf_leaf_72_clk_dsp/X                 10     13     -3 (VIOLATED)
clkbuf_leaf_77_clk_dsp/X                 10     13     -3 (VIOLATED)
clkbuf_leaf_95_clk_dsp/X                 10     13     -3 (VIOLATED)
fanout1028/X                             10     13     -3 (VIOLATED)
fanout1045/X                             10     13     -3 (VIOLATED)
fanout1147/X                             10     13     -3 (VIOLATED)
fanout1155/X                             10     13     -3 (VIOLATED)
fanout1251/X                             10     13     -3 (VIOLATED)
fanout1276/X                             10     13     -3 (VIOLATED)
fanout1403/X                             10     13     -3 (VIOLATED)
fanout1413/X                             10     13     -3 (VIOLATED)
fanout2875/X                             10     13     -3 (VIOLATED)
fanout742/X                              10     13     -3 (VIOLATED)
fanout839/X                              10     13     -3 (VIOLATED)
fanout937/X                              10     13     -3 (VIOLATED)
clkbuf_leaf_119_clk_dsp/X                10     12     -2 (VIOLATED)
clkbuf_leaf_121_clk_dsp/X                10     12     -2 (VIOLATED)
clkbuf_leaf_12_clk_dsp/X                 10     12     -2 (VIOLATED)
clkbuf_leaf_145_clk_dsp/X                10     12     -2 (VIOLATED)
clkbuf_leaf_149_clk_dsp/X                10     12     -2 (VIOLATED)
clkbuf_leaf_162_clk_dsp/X                10     12     -2 (VIOLATED)
clkbuf_leaf_164_clk_dsp/X                10     12     -2 (VIOLATED)
clkbuf_leaf_170_clk_dsp/X                10     12     -2 (VIOLATED)
clkbuf_leaf_173_clk_dsp/X                10     12     -2 (VIOLATED)
clkbuf_leaf_212_clk_dsp/X                10     12     -2 (VIOLATED)
clkbuf_leaf_215_clk_dsp/X                10     12     -2 (VIOLATED)
clkbuf_leaf_218_clk_dsp/X                10     12     -2 (VIOLATED)
clkbuf_leaf_233_clk_dsp/X                10     12     -2 (VIOLATED)
clkbuf_leaf_235_clk_dsp/X                10     12     -2 (VIOLATED)
clkbuf_leaf_254_clk_dsp/X                10     12     -2 (VIOLATED)
clkbuf_leaf_30_clk_dsp/X                 10     12     -2 (VIOLATED)
clkbuf_leaf_4_clk_dsp/X                  10     12     -2 (VIOLATED)
clkbuf_leaf_52_clk_dsp/X                 10     12     -2 (VIOLATED)
clkbuf_leaf_59_clk_dsp/X                 10     12     -2 (VIOLATED)
clkbuf_leaf_71_clk_dsp/X                 10     12     -2 (VIOLATED)
clkbuf_leaf_76_clk_dsp/X                 10     12     -2 (VIOLATED)
clkbuf_leaf_7_clk_dsp/X                  10     12     -2 (VIOLATED)
clkbuf_leaf_91_clk_dsp/X                 10     12     -2 (VIOLATED)
clkbuf_leaf_94_clk_dsp/X                 10     12     -2 (VIOLATED)
clkbuf_leaf_98_clk_dsp/X                 10     12     -2 (VIOLATED)
fanout1048/X                             10     12     -2 (VIOLATED)
fanout1050/X                             10     12     -2 (VIOLATED)
fanout1161/X                             10     12     -2 (VIOLATED)
fanout1177/X                             10     12     -2 (VIOLATED)
fanout1192/X                             10     12     -2 (VIOLATED)
fanout1237/X                             10     12     -2 (VIOLATED)
fanout1248/X                             10     12     -2 (VIOLATED)
fanout1261/X                             10     12     -2 (VIOLATED)
fanout1267/X                             10     12     -2 (VIOLATED)
fanout1424/X                             10     12     -2 (VIOLATED)
fanout1459/X                             10     12     -2 (VIOLATED)
fanout1511/X                             10     12     -2 (VIOLATED)
fanout1558/X                             10     12     -2 (VIOLATED)
fanout1730/X                             10     12     -2 (VIOLATED)
fanout1739/X                             10     12     -2 (VIOLATED)
fanout1846/X                             10     12     -2 (VIOLATED)
fanout229/X                              10     12     -2 (VIOLATED)
fanout632/X                              10     12     -2 (VIOLATED)
fanout664/X                              10     12     -2 (VIOLATED)
fanout688/X                              10     12     -2 (VIOLATED)
fanout706/X                              10     12     -2 (VIOLATED)
fanout708/X                              10     12     -2 (VIOLATED)
fanout770/X                              10     12     -2 (VIOLATED)
fanout815/X                              10     12     -2 (VIOLATED)
fanout845/X                              10     12     -2 (VIOLATED)
fanout849/X                              10     12     -2 (VIOLATED)
fanout857/X                              10     12     -2 (VIOLATED)
fanout877/X                              10     12     -2 (VIOLATED)
fanout881/X                              10     12     -2 (VIOLATED)
fanout915/X                              10     12     -2 (VIOLATED)
fanout956/X                              10     12     -2 (VIOLATED)
fanout974/X                              10     12     -2 (VIOLATED)
_21772_/Y                                10     11        (VIOLATED)
_21926_/X                                10     11        (VIOLATED)
_22063_/Y                                10     11        (VIOLATED)
_22096_/Y                                10     11        (VIOLATED)
_22467_/X                                10     11        (VIOLATED)
_22758_/X                                10     11        (VIOLATED)
clkbuf_5_14__f_clk_dsp/X                 10     11        (VIOLATED)
clkbuf_5_24__f_clk_dsp/X                 10     11        (VIOLATED)
clkbuf_5_26__f_clk_dsp/X                 10     11        (VIOLATED)
clkbuf_5_8__f_clk_dsp/X                  10     11        (VIOLATED)
clkbuf_5_9__f_clk_dsp/X                  10     11        (VIOLATED)
clkbuf_leaf_0_clk_dsp/X                  10     11        (VIOLATED)
clkbuf_leaf_109_clk_dsp/X                10     11        (VIOLATED)
clkbuf_leaf_115_clk_dsp/X                10     11        (VIOLATED)
clkbuf_leaf_116_clk_dsp/X                10     11        (VIOLATED)
clkbuf_leaf_132_clk_dsp/X                10     11        (VIOLATED)
clkbuf_leaf_134_clk_dsp/X                10     11        (VIOLATED)
clkbuf_leaf_144_clk_dsp/X                10     11        (VIOLATED)
clkbuf_leaf_179_clk_dsp/X                10     11        (VIOLATED)
clkbuf_leaf_190_clk_dsp/X                10     11        (VIOLATED)
clkbuf_leaf_194_clk_dsp/X                10     11        (VIOLATED)
clkbuf_leaf_208_clk_dsp/X                10     11        (VIOLATED)
clkbuf_leaf_228_clk_dsp/X                10     11        (VIOLATED)
clkbuf_leaf_231_clk_dsp/X                10     11        (VIOLATED)
clkbuf_leaf_246_clk_dsp/X                10     11        (VIOLATED)
clkbuf_leaf_67_clk_dsp/X                 10     11        (VIOLATED)
clkbuf_leaf_75_clk_dsp/X                 10     11        (VIOLATED)
fanout1004/X                             10     11        (VIOLATED)
fanout1010/X                             10     11        (VIOLATED)
fanout1013/X                             10     11        (VIOLATED)
fanout1016/X                             10     11        (VIOLATED)
fanout1027/X                             10     11        (VIOLATED)
fanout1032/X                             10     11        (VIOLATED)
fanout1037/X                             10     11        (VIOLATED)
fanout1058/X                             10     11        (VIOLATED)
fanout1075/X                             10     11        (VIOLATED)
fanout1138/X                             10     11        (VIOLATED)
fanout1148/X                             10     11        (VIOLATED)
fanout1156/X                             10     11        (VIOLATED)
fanout1169/X                             10     11        (VIOLATED)
fanout1181/X                             10     11        (VIOLATED)
fanout1186/X                             10     11        (VIOLATED)
fanout1191/X                             10     11        (VIOLATED)
fanout1196/X                             10     11        (VIOLATED)
fanout1200/X                             10     11        (VIOLATED)
fanout1202/X                             10     11        (VIOLATED)
fanout1208/X                             10     11        (VIOLATED)
fanout1217/X                             10     11        (VIOLATED)
fanout1224/X                             10     11        (VIOLATED)
fanout1234/X                             10     11        (VIOLATED)
fanout1242/X                             10     11        (VIOLATED)
fanout1244/X                             10     11        (VIOLATED)
fanout1245/X                             10     11        (VIOLATED)
fanout1263/X                             10     11        (VIOLATED)
fanout1264/X                             10     11        (VIOLATED)
fanout1269/X                             10     11        (VIOLATED)
fanout1279/X                             10     11        (VIOLATED)
fanout1282/X                             10     11        (VIOLATED)
fanout1285/X                             10     11        (VIOLATED)
fanout1289/X                             10     11        (VIOLATED)
fanout1293/X                             10     11        (VIOLATED)
fanout1295/X                             10     11        (VIOLATED)
fanout1297/X                             10     11        (VIOLATED)
fanout1299/X                             10     11        (VIOLATED)
fanout1300/X                             10     11        (VIOLATED)
fanout1360/X                             10     11        (VIOLATED)
fanout1366/X                             10     11        (VIOLATED)
fanout1390/X                             10     11        (VIOLATED)
fanout1418/X                             10     11        (VIOLATED)
fanout1423/X                             10     11        (VIOLATED)
fanout1426/X                             10     11        (VIOLATED)
fanout1503/X                             10     11        (VIOLATED)
fanout1544/X                             10     11        (VIOLATED)
fanout1553/X                             10     11        (VIOLATED)
fanout1565/X                             10     11        (VIOLATED)
fanout1600/X                             10     11        (VIOLATED)
fanout1601/X                             10     11        (VIOLATED)
fanout1608/X                             10     11        (VIOLATED)
fanout1614/X                             10     11        (VIOLATED)
fanout1643/X                             10     11        (VIOLATED)
fanout1705/X                             10     11        (VIOLATED)
fanout1735/X                             10     11        (VIOLATED)
fanout1740/X                             10     11        (VIOLATED)
fanout220/X                              10     11        (VIOLATED)
fanout246/X                              10     11        (VIOLATED)
fanout401/X                              10     11        (VIOLATED)
fanout414/X                              10     11        (VIOLATED)
fanout488/X                              10     11        (VIOLATED)
fanout500/X                              10     11        (VIOLATED)
fanout536/X                              10     11        (VIOLATED)
fanout538/X                              10     11        (VIOLATED)
fanout581/X                              10     11        (VIOLATED)
fanout598/X                              10     11        (VIOLATED)
fanout606/X                              10     11        (VIOLATED)
fanout613/X                              10     11        (VIOLATED)
fanout620/X                              10     11        (VIOLATED)
fanout628/X                              10     11        (VIOLATED)
fanout644/X                              10     11        (VIOLATED)
fanout668/X                              10     11        (VIOLATED)
fanout689/X                              10     11        (VIOLATED)
fanout690/X                              10     11        (VIOLATED)
fanout700/X                              10     11        (VIOLATED)
fanout710/X                              10     11        (VIOLATED)
fanout714/X                              10     11        (VIOLATED)
fanout720/X                              10     11        (VIOLATED)
fanout746/X                              10     11        (VIOLATED)
fanout762/X                              10     11        (VIOLATED)
fanout778/X                              10     11        (VIOLATED)
fanout788/X                              10     11        (VIOLATED)
fanout790/X                              10     11        (VIOLATED)
fanout796/X                              10     11        (VIOLATED)
fanout808/X                              10     11        (VIOLATED)
fanout809/X                              10     11        (VIOLATED)
fanout811/X                              10     11        (VIOLATED)
fanout828/X                              10     11        (VIOLATED)
fanout832/X                              10     11        (VIOLATED)
fanout834/X                              10     11        (VIOLATED)
fanout836/X                              10     11        (VIOLATED)
fanout846/X                              10     11        (VIOLATED)
fanout854/X                              10     11        (VIOLATED)
fanout874/X                              10     11        (VIOLATED)
fanout876/X                              10     11        (VIOLATED)
fanout878/X                              10     11        (VIOLATED)
fanout884/X                              10     11        (VIOLATED)
fanout904/X                              10     11        (VIOLATED)
fanout920/X                              10     11        (VIOLATED)
fanout923/X                              10     11        (VIOLATED)
fanout939/X                              10     11        (VIOLATED)
fanout944/X                              10     11        (VIOLATED)
fanout948/X                              10     11        (VIOLATED)
fanout964/X                              10     11        (VIOLATED)
fanout988/X                              10     11        (VIOLATED)

max capacitance

Pin                                        Limit         Cap       Slack
------------------------------------------------------------------------
fanout995/X                             0.200000    0.273935   -0.073935 (VIOLATED)
fanout1074/X                            0.200000    0.272175   -0.072175 (VIOLATED)
fanout1403/X                            0.200000    0.270415   -0.070415 (VIOLATED)
fanout1041/X                            0.200000    0.264657   -0.064657 (VIOLATED)
fanout1037/X                            0.200000    0.249778   -0.049778 (VIOLATED)
_22420_/Y                               0.200000    0.241450   -0.041450 (VIOLATED)
fanout1052/X                            0.200000    0.239339   -0.039339 (VIOLATED)
fanout1614/X                            0.200000    0.235554   -0.035554 (VIOLATED)
_21934_/X                               0.200000    0.230826   -0.030826 (VIOLATED)
clone91/X                               0.130015    0.157823   -0.027808 (VIOLATED)
fanout1504/X                            0.200000    0.225359   -0.025359 (VIOLATED)
fanout811/X                             0.200000    0.222809   -0.022809 (VIOLATED)
fanout808/X                             0.200000    0.219920   -0.019920 (VIOLATED)
fanout1031/X                            0.200000    0.214092   -0.014092 (VIOLATED)
fanout778/X                             0.200000    0.210531   -0.010531 (VIOLATED)
hold100/X                               0.200000    0.207085   -0.007085 (VIOLATED)
_34599_/X                               0.200000    0.206787   -0.006787 (VIOLATED)
fanout821/X                             0.200000    0.205373   -0.005373 (VIOLATED)
fanout980/X                             0.200000    0.205177   -0.005177 (VIOLATED)
fanout1045/X                            0.200000    0.203247   -0.003247 (VIOLATED)
fanout815/X                             0.200000    0.201872   -0.001872 (VIOLATED)



===========================================================================
report_parasitic_annotation -report_unannotated
============================================================================
Found 340 unannotated drivers.
 clk_2p4g
 rf_adc_q_in[0]
 rf_adc_q_in[10]
 rf_adc_q_in[11]
 rf_adc_q_in[12]
 rf_adc_q_in[13]
 rf_adc_q_in[14]
 rf_adc_q_in[15]
 rf_adc_q_in[1]
 rf_adc_q_in[2]
 rf_adc_q_in[3]
 rf_adc_q_in[4]
 rf_adc_q_in[5]
 rf_adc_q_in[6]
 rf_adc_q_in[7]
 rf_adc_q_in[8]
 rf_adc_q_in[9]
 _43579__2974/LO
 clkload0/Y
 clkload1/Y
 clkload10/Y
 clkload100/Y
 clkload101/Y
 clkload102/Y
 clkload103/Y
 clkload104/X
 clkload105/Y
 clkload106/Y
 clkload107/Y
 clkload108/Y
 clkload109/X
 clkload11/Y
 clkload110/Y
 clkload111/Y
 clkload112/Y
 clkload113/Y
 clkload114/Y
 clkload115/Y
 clkload116/Y
 clkload117/Y
 clkload118/Y
 clkload119/Y
 clkload12/Y
 clkload120/Y
 clkload121/Y
 clkload122/Y
 clkload123/Y
 clkload124/Y
 clkload125/Y
 clkload126/Y
 clkload127/Y
 clkload128/Y
 clkload129/Y
 clkload13/Y
 clkload130/Y
 clkload131/Y
 clkload132/X
 clkload133/Y
 clkload134/Y
 clkload135/X
 clkload136/Y
 clkload137/Y
 clkload138/Y
 clkload139/Y
 clkload14/X
 clkload140/Y
 clkload141/Y
 clkload142/X
 clkload143/Y
 clkload144/Y
 clkload145/Y
 clkload146/Y
 clkload147/Y
 clkload148/Y
 clkload149/X
 clkload15/Y
 clkload150/Y
 clkload151/X
 clkload152/Y
 clkload153/X
 clkload154/Y
 clkload155/Y
 clkload156/Y
 clkload157/Y
 clkload158/Y
 clkload159/Y
 clkload16/Y
 clkload160/Y
 clkload161/Y
 clkload162/Y
 clkload163/Y
 clkload164/Y
 clkload165/Y
 clkload166/Y
 clkload167/X
 clkload168/Y
 clkload169/Y
 clkload17/Y
 clkload170/Y
 clkload171/Y
 clkload172/Y
 clkload173/Y
 clkload174/Y
 clkload175/Y
 clkload176/Y
 clkload177/Y
 clkload178/Y
 clkload179/Y
 clkload18/Y
 clkload180/Y
 clkload181/Y
 clkload182/Y
 clkload183/Y
 clkload184/Y
 clkload185/X
 clkload186/X
 clkload187/Y
 clkload188/Y
 clkload189/Y
 clkload19/Y
 clkload190/Y
 clkload191/X
 clkload192/X
 clkload193/Y
 clkload194/Y
 clkload195/Y
 clkload196/Y
 clkload197/Y
 clkload198/Y
 clkload199/Y
 clkload2/Y
 clkload20/Y
 clkload200/X
 clkload201/Y
 clkload202/Y
 clkload203/Y
 clkload204/Y
 clkload205/Y
 clkload206/Y
 clkload207/Y
 clkload208/Y
 clkload209/Y
 clkload21/Y
 clkload210/X
 clkload211/Y
 clkload212/Y
 clkload213/Y
 clkload214/Y
 clkload215/Y
 clkload216/Y
 clkload217/Y
 clkload218/X
 clkload219/Y
 clkload22/Y
 clkload220/Y
 clkload221/Y
 clkload222/X
 clkload223/Y
 clkload224/Y
 clkload225/X
 clkload226/Y
 clkload227/Y
 clkload228/X
 clkload229/Y
 clkload23/Y
 clkload230/X
 clkload24/Y
 clkload25/Y
 clkload26/Y
 clkload27/Y
 clkload28/X
 clkload29/X
 clkload3/Y
 clkload30/Y
 clkload31/Y
 clkload32/Y
 clkload33/Y
 clkload34/Y
 clkload35/Y
 clkload36/Y
 clkload37/Y
 clkload38/Y
 clkload39/Y
 clkload4/X
 clkload40/Y
 clkload41/Y
 clkload42/Y
 clkload43/Y
 clkload44/Y
 clkload45/Y
 clkload46/Y
 clkload47/Y
 clkload48/Y
 clkload49/Y
 clkload5/Y
 clkload50/Y
 clkload51/Y
 clkload52/Y
 clkload53/X
 clkload54/Y
 clkload55/Y
 clkload56/Y
 clkload57/X
 clkload58/Y
 clkload59/Y
 clkload6/Y
 clkload60/X
 clkload61/X
 clkload62/X
 clkload63/Y
 clkload64/Y
 clkload65/Y
 clkload66/Y
 clkload67/Y
 clkload68/Y
 clkload69/Y
 clkload7/Y
 clkload70/Y
 clkload71/Y
 clkload72/Y
 clkload73/Y
 clkload74/Y
 clkload75/Y
 clkload76/Y
 clkload77/Y
 clkload78/Y
 clkload79/Y
 clkload8/X
 clkload80/X
 clkload81/Y
 clkload82/Y
 clkload83/X
 clkload84/X
 clkload85/Y
 clkload86/X
 clkload87/Y
 clkload88/Y
 clkload89/Y
 clkload9/X
 clkload90/Y
 clkload91/Y
 clkload92/Y
 clkload93/Y
 clkload94/Y
 clkload95/Y
 clkload96/Y
 clkload97/Y
 clkload98/Y
 clkload99/Y
 phase_099_top_integration_2883/HI
 phase_099_top_integration_2884/HI
 phase_099_top_integration_2885/HI
 phase_099_top_integration_2886/HI
 phase_099_top_integration_2887/HI
 phase_099_top_integration_2888/HI
 phase_099_top_integration_2889/HI
 phase_099_top_integration_2890/HI
 phase_099_top_integration_2891/HI
 phase_099_top_integration_2892/HI
 phase_099_top_integration_2893/HI
 phase_099_top_integration_2894/HI
 phase_099_top_integration_2895/HI
 phase_099_top_integration_2896/HI
 phase_099_top_integration_2897/HI
 phase_099_top_integration_2898/HI
 phase_099_top_integration_2899/HI
 phase_099_top_integration_2900/HI
 phase_099_top_integration_2901/HI
 phase_099_top_integration_2902/HI
 phase_099_top_integration_2903/HI
 phase_099_top_integration_2904/HI
 phase_099_top_integration_2905/HI
 phase_099_top_integration_2906/HI
 phase_099_top_integration_2907/HI
 phase_099_top_integration_2908/HI
 phase_099_top_integration_2909/HI
 phase_099_top_integration_2910/HI
 phase_099_top_integration_2911/HI
 phase_099_top_integration_2912/HI
 phase_099_top_integration_2913/HI
 phase_099_top_integration_2914/HI
 phase_099_top_integration_2915/HI
 phase_099_top_integration_2916/HI
 phase_099_top_integration_2917/HI
 phase_099_top_integration_2918/HI
 phase_099_top_integration_2919/HI
 phase_099_top_integration_2920/HI
 phase_099_top_integration_2921/HI
 phase_099_top_integration_2922/HI
 phase_099_top_integration_2923/HI
 phase_099_top_integration_2924/HI
 phase_099_top_integration_2925/HI
 phase_099_top_integration_2926/HI
 phase_099_top_integration_2927/HI
 phase_099_top_integration_2928/HI
 phase_099_top_integration_2929/HI
 phase_099_top_integration_2930/HI
 phase_099_top_integration_2931/HI
 phase_099_top_integration_2932/HI
 phase_099_top_integration_2933/HI
 phase_099_top_integration_2934/HI
 phase_099_top_integration_2935/HI
 phase_099_top_integration_2936/HI
 phase_099_top_integration_2937/HI
 phase_099_top_integration_2938/HI
 phase_099_top_integration_2939/HI
 phase_099_top_integration_2940/HI
 phase_099_top_integration_2941/HI
 phase_099_top_integration_2942/HI
 phase_099_top_integration_2943/HI
 phase_099_top_integration_2944/HI
 phase_099_top_integration_2945/HI
 phase_099_top_integration_2946/HI
 phase_099_top_integration_2947/HI
 phase_099_top_integration_2948/HI
 phase_099_top_integration_2949/HI
 phase_099_top_integration_2950/HI
 phase_099_top_integration_2951/HI
 phase_099_top_integration_2952/HI
 phase_099_top_integration_2953/HI
 phase_099_top_integration_2954/HI
 phase_099_top_integration_2955/HI
 phase_099_top_integration_2956/HI
 phase_099_top_integration_2957/HI
 phase_099_top_integration_2958/HI
 phase_099_top_integration_2959/HI
 phase_099_top_integration_2960/HI
 phase_099_top_integration_2961/HI
 phase_099_top_integration_2962/HI
 phase_099_top_integration_2963/HI
 phase_099_top_integration_2964/HI
 phase_099_top_integration_2965/HI
 phase_099_top_integration_2966/HI
 phase_099_top_integration_2967/HI
 phase_099_top_integration_2968/HI
 phase_099_top_integration_2969/HI
 phase_099_top_integration_2970/HI
 phase_099_top_integration_2971/HI
 phase_099_top_integration_2972/HI
 phase_099_top_integration_2973/HI
Found 0 partially unannotated drivers.

===========================================================================
max slew violation count 40
max fanout violation count 349
max cap violation count 21
============================================================================

===========================================================================
check_setup -verbose -unconstrained_endpoints -multiple_clock -no_clock -no_input_delay -loops -generated_clocks
===========================================================================
Warning: There are 92 unconstrained endpoints.
  module_status_flags_out[10]
  module_status_flags_out[11]
  module_status_flags_out[12]
  module_status_flags_out[14]
  module_status_flags_out[15]
  module_status_flags_out[16]
  module_status_flags_out[17]
  module_status_flags_out[18]
  module_status_flags_out[19]
  module_status_flags_out[21]
  module_status_flags_out[22]
  module_status_flags_out[23]
  module_status_flags_out[24]
  module_status_flags_out[25]
  module_status_flags_out[26]
  module_status_flags_out[27]
  module_status_flags_out[28]
  module_status_flags_out[29]
  module_status_flags_out[30]
  module_status_flags_out[31]
  module_status_flags_out[32]
  module_status_flags_out[33]
  module_status_flags_out[34]
  module_status_flags_out[35]
  module_status_flags_out[36]
  module_status_flags_out[37]
  module_status_flags_out[38]
  module_status_flags_out[39]
  module_status_flags_out[3]
  module_status_flags_out[40]
  module_status_flags_out[41]
  module_status_flags_out[42]
  module_status_flags_out[43]
  module_status_flags_out[44]
  module_status_flags_out[45]
  module_status_flags_out[46]
  module_status_flags_out[47]
  module_status_flags_out[48]
  module_status_flags_out[49]
  module_status_flags_out[4]
  module_status_flags_out[50]
  module_status_flags_out[51]
  module_status_flags_out[52]
  module_status_flags_out[53]
  module_status_flags_out[54]
  module_status_flags_out[55]
  module_status_flags_out[56]
  module_status_flags_out[57]
  module_status_flags_out[58]
  module_status_flags_out[59]
  module_status_flags_out[5]
  module_status_flags_out[60]
  module_status_flags_out[61]
  module_status_flags_out[62]
  module_status_flags_out[63]
  module_status_flags_out[64]
  module_status_flags_out[65]
  module_status_flags_out[66]
  module_status_flags_out[67]
  module_status_flags_out[68]
  module_status_flags_out[69]
  module_status_flags_out[6]
  module_status_flags_out[70]
  module_status_flags_out[71]
  module_status_flags_out[72]
  module_status_flags_out[73]
  module_status_flags_out[74]
  module_status_flags_out[75]
  module_status_flags_out[76]
  module_status_flags_out[77]
  module_status_flags_out[78]
  module_status_flags_out[79]
  module_status_flags_out[7]
  module_status_flags_out[80]
  module_status_flags_out[81]
  module_status_flags_out[82]
  module_status_flags_out[83]
  module_status_flags_out[84]
  module_status_flags_out[85]
  module_status_flags_out[86]
  module_status_flags_out[87]
  module_status_flags_out[88]
  module_status_flags_out[89]
  module_status_flags_out[90]
  module_status_flags_out[91]
  module_status_flags_out[92]
  module_status_flags_out[93]
  module_status_flags_out[94]
  module_status_flags_out[95]
  module_status_flags_out[96]
  module_status_flags_out[97]
  _43579_/D
