Clock: clk_dsp
Sources: clk_dsp 
Generated: no
Virtual: yes
Propagated: no
Period: 5.000000

===========================================================================
report_clock_properties
============================================================================
Clock                   Period          Waveform
----------------------------------------------------
clk_dsp               5.000000    0.000000  2.500000

===========================================================================
report_clock_latency
============================================================================
Clock clk_dsp
rise -> rise
    min     max
0.000000 0.000000 source latency
1.407241         network latency _46248_/CLK
        1.665403 network latency _45510_/CLK
---------------
1.407241 1.665403 latency
        0.258162 skew

fall -> fall
    min     max
0.000000 0.000000 source latency
1.149424         network latency _46248_/CLK
        1.381041 network latency _45510_/CLK
---------------
1.149424 1.381041 latency
        0.231617 skew



===========================================================================
report_clock_min_period
============================================================================
clk_dsp period_min = 13.98 fmax = 71.54
