
===========================================================================
 report_power
============================================================================
======================= min_tt_025C_1v80 Corner ===================================

Group                    Internal    Switching      Leakage        Total
                            Power        Power        Power        Power (Watts)
------------------------------------------------------------------------
Sequential           2.304374e-02 1.704889e-06 3.931958e-08 2.304549e-02  54.4%
Combinational        2.206246e-04 6.402728e-04 1.150404e-07 8.610124e-04   2.0%
Clock                8.550164e-03 9.882583e-03 9.353653e-08 1.843284e-02  43.5%
Macro                0.000000e+00 0.000000e+00 0.000000e+00 0.000000e+00   0.0%
Pad                  0.000000e+00 0.000000e+00 0.000000e+00 0.000000e+00   0.0%
------------------------------------------------------------------------
Total                3.181458e-02 1.052456e-02 2.479265e-07 4.233938e-02 100.0%
                            75.1%        24.9%         0.0%

