
===========================================================================
Violator List
============================================================================
[hold in-reg] rf_adc_i_in[12] -> _43788_/D : -0.008102
[hold in-reg] rf_adc_i_in[11] -> _43787_/D : -0.002080
[setup reg-reg] _46159_/Q -> _46279_/D : -8.978216
[setup reg-reg] _46159_/Q -> _46276_/D : -8.973349
[setup reg-reg] _46159_/Q -> _46277_/D : -8.969679
[setup reg-reg] _46159_/Q -> _46283_/D : -8.964964
[setup reg-reg] _46159_/Q -> _46282_/D : -8.962152
[setup reg-reg] _46159_/Q -> _46278_/D : -8.955875
[setup reg-reg] _46159_/Q -> _46290_/D : -8.950438
[setup reg-reg] _46159_/Q -> _46288_/D : -8.940500
[setup reg-reg] _46159_/Q -> _46286_/D : -8.940309
[setup reg-reg] _46159_/Q -> _46280_/D : -8.933668
[setup reg-reg] _46159_/Q -> _46285_/D : -8.933213
[setup reg-reg] _46159_/Q -> _46281_/D : -8.932502
[setup reg-reg] _46159_/Q -> _46284_/D : -8.929671
[setup reg-reg] _46159_/Q -> _46287_/D : -8.925392
[setup reg-reg] _46159_/Q -> _46248_/D : -8.873628
[setup reg-reg] _46159_/Q -> _46289_/D : -8.861475
[setup reg-reg] _46159_/Q -> _46243_/D : -8.843286
[setup reg-reg] _46159_/Q -> _46249_/D : -8.843200
[setup reg-reg] _46159_/Q -> _46247_/D : -8.838881
[setup reg-reg] _46159_/Q -> _46244_/D : -8.836278
[setup reg-reg] _46159_/Q -> _46245_/D : -8.834167
[setup reg-reg] _46159_/Q -> _46256_/D : -8.824678
[setup reg-reg] _46159_/Q -> _46246_/D : -8.812441
[setup reg-reg] _46159_/Q -> _46254_/D : -8.768305
[setup reg-reg] _46159_/Q -> _46255_/D : -8.756418
[setup reg-reg] _43517_/Q -> _43595_/D : -8.753645
[setup reg-reg] _43517_/Q -> _43578_/D : -8.745563
[setup reg-reg] _46159_/Q -> _46257_/D : -8.744280
[setup reg-reg] _46159_/Q -> _46251_/D : -8.738632
[setup reg-reg] _46159_/Q -> _46253_/D : -8.737388
[setup reg-reg] _46159_/Q -> _46252_/D : -8.733109
[setup reg-reg] _46159_/Q -> _46250_/D : -8.724944
[setup reg-reg] _43517_/Q -> _43577_/D : -8.694801
[setup reg-reg] _43517_/Q -> _43594_/D : -8.684282
[setup reg-reg] _43517_/Q -> _43576_/D : -8.669773
[setup reg-reg] _46159_/Q -> _46258_/D : -8.635903
[setup reg-reg] _43517_/Q -> _43591_/D : -8.523229
[setup reg-reg] _43517_/Q -> _43575_/D : -8.512382
[setup reg-reg] _46159_/Q -> _46291_/D : -8.477984
[setup reg-reg] _43517_/Q -> _43593_/D : -8.468141
[setup reg-reg] _43517_/Q -> _43592_/D : -8.382646
[setup reg-reg] _43517_/Q -> _43574_/D : -8.359876
[setup reg-reg] _43517_/Q -> _43572_/D : -8.341933
[setup reg-reg] _43517_/Q -> _43590_/D : -8.277516
[setup reg-reg] _43517_/Q -> _43588_/D : -8.251904
[setup reg-reg] _43517_/Q -> _43589_/D : -8.216203
[setup reg-reg] _43517_/Q -> _43573_/D : -8.188094
[setup reg-reg] _43517_/Q -> _43587_/D : -8.169347
[setup reg-reg] _43517_/Q -> _43586_/D : -8.038580
[setup reg-reg] _43517_/Q -> _43571_/D : -8.025620
[setup reg-reg] _43517_/Q -> _43570_/D : -7.803925
[setup reg-reg] _43517_/Q -> _43569_/D : -7.776439
[setup reg-reg] _43517_/Q -> _43585_/D : -7.758726
[setup reg-reg] _43517_/Q -> _43568_/D : -7.738079
[setup reg-reg] _43517_/Q -> _43567_/D : -7.609856
[setup reg-reg] _43517_/Q -> _43584_/D : -7.493350
[setup reg-reg] _43517_/Q -> _43566_/D : -7.340756
[setup reg-reg] _43517_/Q -> _43583_/D : -7.313114
[setup reg-reg] _43517_/Q -> _43565_/D : -7.216519
[setup reg-reg] _43517_/Q -> _43581_/D : -7.158094
[setup reg-reg] _43517_/Q -> _43582_/D : -7.144494
[setup reg-reg] _43517_/Q -> _43564_/D : -6.911191
[setup reg-reg] _43517_/Q -> _43563_/D : -6.493503
[setup reg-reg] _43517_/Q -> _43580_/D : -6.472996
[setup reg-reg] _44012_/Q -> _44006_/D : -3.333397
[setup reg-reg] _44012_/Q -> _44005_/D : -3.175310
[setup reg-reg] _44012_/Q -> _44004_/D : -3.020543
[setup reg-reg] _43580_/Q -> _43802_/D : -2.909082
[setup reg-reg] _44012_/Q -> _44003_/D : -2.862418
[setup reg-reg] _44091_/Q -> _44128_/D : -2.860655
[setup reg-reg] _44091_/Q -> _44129_/D : -2.837204
[setup reg-reg] _44091_/Q -> _44126_/D : -2.709221
[setup reg-reg] _44091_/Q -> _44127_/D : -2.708466
[setup reg-reg] _44012_/Q -> _44002_/D : -2.686409
[setup reg-reg] _43580_/Q -> _43801_/D : -2.662580
[setup reg-reg] _44091_/Q -> _44125_/D : -2.602691
[setup reg-reg] _44012_/Q -> _44001_/D : -2.515567
[setup reg-reg] _43580_/Q -> _43800_/D : -2.491464
[setup reg-reg] _44091_/Q -> _44124_/D : -2.451980
[setup reg-reg] _44012_/Q -> _44000_/D : -2.304355
[setup reg-reg] _44091_/Q -> _44123_/D : -2.176433
[setup reg-reg] _43580_/Q -> _43798_/D : -2.143757
[setup reg-reg] _44012_/Q -> _43999_/D : -2.117136
[setup reg-reg] _43580_/Q -> _43799_/D : -2.074161
[setup reg-reg] _44012_/Q -> _43998_/D : -1.958998
[setup reg-reg] _43580_/Q -> _43797_/D : -1.936188
[setup reg-reg] _44091_/Q -> _44122_/D : -1.928408
[setup reg-reg] _44091_/Q -> _44121_/D : -1.843207
[setup reg-reg] _44012_/Q -> _43997_/D : -1.812238
[setup reg-reg] _43580_/Q -> _43796_/D : -1.706134
[setup reg-reg] _44091_/Q -> _44120_/D : -1.691676
[setup reg-reg] _44012_/Q -> _43996_/D : -1.680816
[setup reg-reg] _44179_/Q -> _43751_/D : -1.644457
[setup reg-reg] _44091_/Q -> _44119_/D : -1.575267
[setup reg-reg] _43725_/Q -> _43723_/D : -1.515027
[setup reg-reg] _43580_/Q -> _43795_/D : -1.510795
[setup reg-reg] _44179_/Q -> _43750_/D : -1.468947
[setup reg-reg] _44012_/Q -> _43994_/D : -1.467528
[setup reg-reg] _44012_/Q -> _43995_/D : -1.439447
[setup reg-reg] _44091_/Q -> _44118_/D : -1.401459
[setup reg-reg] _43725_/Q -> _43722_/D : -1.380904
[setup reg-reg] _43580_/Q -> _43794_/D : -1.294049
[setup reg-reg] _44179_/Q -> _43749_/D : -1.271060
[setup reg-reg] _44091_/Q -> _44117_/D : -1.270886
[setup reg-reg] _43805_/Q -> _44205_/D : -1.194558
[setup reg-reg] _43725_/Q -> _43721_/D : -1.185765
[setup reg-reg] _44091_/Q -> _44116_/D : -1.148901
[setup reg-reg] _43805_/Q -> _43831_/D : -1.127149
[setup reg-reg] _43580_/Q -> _43793_/D : -1.098411
[setup reg-reg] _43805_/Q -> _44204_/D : -1.058536
[setup reg-reg] _44179_/Q -> _43748_/D : -1.044397
[setup reg-reg] _43805_/Q -> _43830_/D : -1.033278
[setup reg-reg] _44010_/Q -> _43993_/D : -1.019320
[setup reg-reg] _43697_/Q -> _43695_/D : -1.013058
[setup reg-reg] _44012_/Q -> _43992_/D : -0.968970
[setup reg-reg] _43725_/Q -> _43720_/D : -0.959149
[setup reg-reg] _44091_/Q -> _44114_/D : -0.941812
[setup reg-reg] _43805_/Q -> _44203_/D : -0.935883
[setup reg-reg] _44091_/Q -> _44115_/D : -0.913186
[setup reg-reg] _44179_/Q -> _43747_/D : -0.901287
[setup reg-reg] _43580_/Q -> _43792_/D : -0.889252
[setup reg-reg] _43697_/Q -> _43694_/D : -0.875271
[setup reg-reg] _43805_/Q -> _43829_/D : -0.866402
[setup reg-reg] _44012_/Q -> _43991_/D : -0.835759
[setup reg-reg] _43725_/Q -> _43719_/D : -0.794711
[setup reg-reg] _43805_/Q -> _44202_/D : -0.768218
[setup reg-reg] _44091_/Q -> _44113_/D : -0.726807
[setup reg-reg] _43805_/Q -> _43828_/D : -0.719287
[setup reg-reg] _44179_/Q -> _43746_/D : -0.706864
[setup reg-reg] _43580_/Q -> _43790_/D : -0.655418
[setup reg-reg] _43697_/Q -> _43693_/D : -0.652622
[setup reg-reg] _43580_/Q -> _43791_/D : -0.632017
[setup reg-reg] _43725_/Q -> _43718_/D : -0.617911
[setup reg-reg] _43805_/Q -> _44201_/D : -0.590805
[setup reg-reg] _44179_/Q -> _43745_/D : -0.577333
[setup reg-reg] _43580_/Q -> _43789_/D : -0.573350
[setup reg-reg] _43725_/Q -> _43717_/D : -0.514831
[setup reg-reg] _43697_/Q -> _43692_/D : -0.505115
[setup reg-reg] _43805_/Q -> _43827_/D : -0.494093
[setup reg-reg] _44091_/Q -> _44112_/D : -0.481517
[setup reg-reg] _43805_/Q -> _44200_/D : -0.470437
[setup reg-reg] _43805_/Q -> _43826_/D : -0.417051
[setup reg-reg] _44010_/Q -> _43990_/D : -0.406526
[setup reg-reg] _43697_/Q -> _43691_/D : -0.405330
[setup reg-reg] _44179_/Q -> _43744_/D : -0.387740
[setup reg-reg] _43805_/Q -> _44199_/D : -0.347248
[setup reg-reg] _44091_/Q -> _44111_/D : -0.322412
[setup reg-reg] _43725_/Q -> _43716_/D : -0.293436
[setup reg-reg] _43805_/Q -> _43825_/D : -0.276691
[setup reg-reg] _44179_/Q -> _43743_/D : -0.230117
[setup reg-reg] _43697_/Q -> _43690_/D : -0.228829
[setup reg-reg] _44012_/Q -> _43988_/D : -0.193751
[setup reg-reg] _44010_/Q -> _43989_/D : -0.188135
[setup reg-reg] _43805_/Q -> _44198_/D : -0.179808
[setup reg-reg] _43580_/Q -> _43788_/D : -0.175169
[setup reg-reg] _43725_/Q -> _43715_/D : -0.138183
[setup reg-reg] _43805_/Q -> _43824_/D : -0.107987
[setup reg-reg] _44091_/Q -> _44110_/D : -0.066569
[setup reg-reg] _43805_/Q -> _44197_/D : -0.043363
[setup reg-reg] _44179_/Q -> _43742_/D : -0.000564
